Modules list:
-------------
main.o:
    CODE              Offs=000000  Size=000401  Align=00001  Fill=0000
    RODATA            Offs=000000  Size=000008  Align=00001  Fill=0000
    BSS               Offs=000000  Size=000005  Align=00001  Fill=0000
    DATA              Offs=000000  Size=000000  Align=00001  Fill=0000
    ZEROPAGE          Offs=000000  Size=000002  Align=00001  Fill=0000
    NULL              Offs=000000  Size=000000  Align=00001  Fill=0000
    BANK1             Offs=000000  Size=005840  Align=00001  Fill=0000
level.o:
    CODE              Offs=000401  Size=000263  Align=00001  Fill=0000
    RODATA            Offs=000008  Size=000082  Align=00001  Fill=0000
    BSS               Offs=000005  Size=000009  Align=00001  Fill=0000
    DATA              Offs=000000  Size=000000  Align=00001  Fill=0000
    ZEROPAGE          Offs=000002  Size=000000  Align=00001  Fill=0000
    NULL              Offs=000000  Size=000000  Align=00001  Fill=0000
    BANK4             Offs=000000  Size=0054A0  Align=00001  Fill=0000
score.o:
    CODE              Offs=000664  Size=000312  Align=00001  Fill=0000
    RODATA            Offs=00008A  Size=000000  Align=00001  Fill=0000
    BSS               Offs=00000E  Size=0000D3  Align=00001  Fill=0000
    DATA              Offs=000000  Size=000000  Align=00001  Fill=0000
    ZEROPAGE          Offs=000002  Size=000000  Align=00001  Fill=0000
    NULL              Offs=000000  Size=000000  Align=00001  Fill=0000
    BANK4             Offs=0054A0  Size=001600  Align=00001  Fill=0000
hero.o:
    CODE              Offs=000976  Size=000520  Align=00001  Fill=0000
    RODATA            Offs=00008A  Size=000000  Align=00001  Fill=0000
    BSS               Offs=0000E1  Size=000007  Align=00001  Fill=0000
    DATA              Offs=000000  Size=000000  Align=00001  Fill=0000
    ZEROPAGE          Offs=000002  Size=00000B  Align=00001  Fill=0000
    NULL              Offs=000000  Size=000000  Align=00001  Fill=0000
    BANK2             Offs=000000  Size=0070A4  Align=00001  Fill=0000
enemy.o:
    CODE              Offs=000E96  Size=000693  Align=00001  Fill=0000
    RODATA            Offs=00008A  Size=000004  Align=00001  Fill=0000
    BSS               Offs=0000E8  Size=00009B  Align=00001  Fill=0000
    DATA              Offs=000000  Size=000000  Align=00001  Fill=0000
    ZEROPAGE          Offs=00000D  Size=000008  Align=00001  Fill=0000
    NULL              Offs=000000  Size=000000  Align=00001  Fill=0000
    BANK1             Offs=005840  Size=00222F  Align=00001  Fill=0000
    BANK3             Offs=000000  Size=008000  Align=00001  Fill=0000
enemyStrategy.o:
    CODE              Offs=001529  Size=000038  Align=00001  Fill=0000
    RODATA            Offs=00008E  Size=000000  Align=00001  Fill=0000
    BSS               Offs=000183  Size=000002  Align=00001  Fill=0000
    DATA              Offs=000000  Size=000000  Align=00001  Fill=0000
    ZEROPAGE          Offs=000015  Size=000000  Align=00001  Fill=0000
    NULL              Offs=000000  Size=000000  Align=00001  Fill=0000
hit.o:
    CODE              Offs=001561  Size=0000E4  Align=00001  Fill=0000
    RODATA            Offs=00008E  Size=000018  Align=00001  Fill=0000
    BSS               Offs=000185  Size=00004B  Align=00001  Fill=0000
    DATA              Offs=000000  Size=000000  Align=00001  Fill=0000
    ZEROPAGE          Offs=000015  Size=000000  Align=00001  Fill=0000
    NULL              Offs=000000  Size=000000  Align=00001  Fill=0000
state.o:
    CODE              Offs=001645  Size=000000  Align=00001  Fill=0000
    RODATA            Offs=0000A6  Size=000000  Align=00001  Fill=0000
    BSS               Offs=0001D0  Size=000000  Align=00001  Fill=0000
    DATA              Offs=000000  Size=000000  Align=00001  Fill=0000
    ZEROPAGE          Offs=000015  Size=000000  Align=00001  Fill=0000
    NULL              Offs=000000  Size=000000  Align=00001  Fill=0000
../../Tools/cc65-sfclib/bin/sfc.lib(crt0.o):
    CODE              Offs=001645  Size=000000  Align=00001  Fill=0000
    RODATA            Offs=0000A6  Size=000000  Align=00001  Fill=0000
    BSS               Offs=0001D0  Size=000000  Align=00001  Fill=0000
    DATA              Offs=000000  Size=000000  Align=00001  Fill=0000
    ZEROPAGE          Offs=000015  Size=000000  Align=00001  Fill=0000
    NULL              Offs=000000  Size=000000  Align=00001  Fill=0000
    STARTUP           Offs=000000  Size=00003B  Align=00001  Fill=0000
    ROMINFO           Offs=000000  Size=000030  Align=00001  Fill=0000
    VECTORS           Offs=000000  Size=00001C  Align=00001  Fill=0000
../../Tools/cc65-sfclib/bin/sfc.lib(init.o):
    CODE              Offs=001645  Size=0000F3  Align=00001  Fill=0000
    RODATA            Offs=0000A6  Size=000000  Align=00001  Fill=0000
    BSS               Offs=0001D0  Size=000000  Align=00001  Fill=0000
    DATA              Offs=000000  Size=000000  Align=00001  Fill=0000
    ZEROPAGE          Offs=000015  Size=000000  Align=00001  Fill=0000
    NULL              Offs=000000  Size=000000  Align=00001  Fill=0000
../../Tools/cc65-sfclib/bin/sfc.lib(event.o):
    CODE              Offs=001738  Size=0000CE  Align=00001  Fill=0000
    RODATA            Offs=0000A6  Size=000000  Align=00001  Fill=0000
    BSS               Offs=0001D0  Size=000083  Align=00001  Fill=0000
    DATA              Offs=000000  Size=000000  Align=00001  Fill=0000
    ZEROPAGE          Offs=000015  Size=000000  Align=00001  Fill=0000
    NULL              Offs=000000  Size=000000  Align=00001  Fill=0000
../../Tools/cc65-sfclib/bin/sfc.lib(pad.o):
    CODE              Offs=001806  Size=00015D  Align=00001  Fill=0000
    RODATA            Offs=0000A6  Size=000000  Align=00001  Fill=0000
    BSS               Offs=000253  Size=000012  Align=00001  Fill=0000
    DATA              Offs=000000  Size=000000  Align=00001  Fill=0000
    ZEROPAGE          Offs=000015  Size=000000  Align=00001  Fill=0000
    NULL              Offs=000000  Size=000000  Align=00001  Fill=0000
../../Tools/cc65-sfclib/bin/sfc.lib(sprite.o):
    CODE              Offs=001963  Size=000074  Align=00001  Fill=0000
    RODATA            Offs=0000A6  Size=000000  Align=00001  Fill=0000
    BSS               Offs=000265  Size=000221  Align=00001  Fill=0000
    DATA              Offs=000000  Size=000000  Align=00001  Fill=0000
    ZEROPAGE          Offs=000015  Size=000000  Align=00001  Fill=0000
    NULL              Offs=000000  Size=000000  Align=00001  Fill=0000


Segment list:
-------------
Name                   Start     End    Size  Align
----------------------------------------------------
DATA                  000000  000000  000000  00001
NULL                  000000  000000  000000  00001
ZEROPAGE              000000  000014  000015  00001
BSS                   000200  000685  000486  00001
STARTUP               008000  00803A  00003B  00001
CODE                  00803B  009A11  0019D7  00001
RODATA                009A12  009AB7  0000A6  00001
ROMINFO               00FFB0  00FFDF  000030  00001
VECTORS               00FFE4  00FFFF  00001C  00001
BANK1                 018000  01FA6E  007A6F  00001
BANK2                 028000  02F0A3  0070A4  00001
BANK3                 038000  03FFFF  008000  00001
BANK4                 048000  04EA9F  006AA0  00001


Exports list by name:
---------------------
EnemyArrayAnimAddress     0002E9  LA    EnemyArrayAnimFrameCounter 000313  LA    
EnemyArrayAnimFrameIndex  000305  LA    EnemyArrayFlag            000375  LA    
EnemyArrayOAMSlotOffset   000359  LA    EnemyArrayOffsetFramecounter 000321  LA    
EnemyArrayXOffset         00033D RLA    EnemyArrayYOffset         00032F RLA    
EnemyCurrentArrayIndexByte 00000F  LZ    EnemyCurrentArrayIndexWord 000011  LZ    
EnemyCurrentXOffset       000014  LZ    EnemyCurrentYOffset       000013  LZ    
EnemyTempXOffsetHigh      0002E8  LA    OAMDataUpdated            009A04 RLA    
_IRQHandler               008391 RLA    _NMIHandler               0083B8 RLA    
__ROMINFO_FILEOFFS__      007FB0  EA    __ROMINFO_LAST__          00FFE0  LA    
__ROMINFO_SIZE__          000034  EA    __ROMINFO_START__         00FFB0  LA    
__STARTUP__               000001 REA    __VECTORS_FILEOFFS__      007FE4  EA    
__VECTORS_LAST__          010000  LA    __VECTORS_SIZE__          00001C  EA    
__VECTORS_START__         00FFE4  LA    _main                     00803B RLA    
_preInit                  0083BF RLA    addEnemy                  009055 RLA    
addEvent                  00979F RLA    animEnemy                 009277  LA    
animHero                  008AE9  LA    animInProgress            000002  LZ    
clearEnemy                0090D7  LA    clearFirstPushPad1        009882  LA    
clearFirstPushPad2        00988B  LA    clearFirstPushPad3        009894  LA    
clearFirstPushPad4        00989D  LA    clearHeroSprite           008A20  LA    
clearOAM                  00999E RLA    copyOAM                   0099CD RLA    
doUpdateScore             0002CE  LA    enemyFallAnimAddress      01F8EC  LA    
enemyFallYOffset          01F8B0  LA    enemyGrabFall             0094D1  LA    
enemyStrategyGrab         00956F RLA    enemyStrategyInit         009564 RLA    
energyPlayer              0002D9 RLA    eventsTable               0003D0  LA    
fallHero                  008E32  LA    findEmptySlotEnemy        0090BD RLA    
getEventCounter           009835 RLA    grabbingFall1             01F9ED  LA    
grabbingGrab              01FA43  LA    grabbingHitHighFall       01FA51  LA    
grabbingHitLowFall        01FA65  LA    grabbingHitMidFall        01FA5B  LA    
grabbingShakeFall         01FA47  LA    grabbingWalk              01FA29  LA    
grabbingWalk1             01F8F4  LA    grabbingWalk2             01F909  LA    
heroAnimInterruptCounter  000005  LZ    heroDownKick2             02ED2C  LA    
heroDownPunch1            02ED4D  LA    heroDownPunch3            02ED86  LA    
heroFlag                  00000C RLZ    heroHitOffset             000009 RLZ    
heroHitType               00000B RLZ    heroHitZone               00000A RLZ    
heroStandKick2            02EDC7  LA    heroXOffset               000007 RLZ    
highByte                  01F880  LA    hitAdd                    0095B1 RLA    
hitInit                   00959C RLA    hitProcess                00964E RLA    
hitRemove                 009635  LA    initEnemySprite           008ED1 RLA    
initEvents                009773 RLA    initHeroSprite            0089B1 RLA    
initLevel                 00843C RLA    initPad                   009841 RLA    
initScore                 00869F RLA    initSnes                  009680 RLA    
livesCounter              0002DD RLA    oamData                   000465 RLA    
padFirstPushData1         000455  LA    padFirstPushDataHigh1     000456  LA    
padFirstPushDataLow1      000455 RLA    padPushData1              000453 RLA    
padPushData2              000459  LA    padPushData3              00045D  LA    
padPushData4              000461  LA    padPushDataHigh1          000454  LA    
padPushDataHigh2          00045A  LA    padPushDataHigh3          00045D  LA    
padPushDataHigh4          000461  LA    padPushDataLow1           000453 RLA    
padPushDataLow2           000459  LA    padPushDataLow3           00045E  LA    
padPushDataLow4           000462  LA    padReleaseData1           000457  LA    
padReleaseData2           00045B  LA    padReleaseData3           00045F  LA    
padReleaseData4           000463  LA    padReleaseDataHigh1       000458  LA    
padReleaseDataHigh2       00045C  LA    padReleaseDataHigh3       00045F  LA    
padReleaseDataHigh4       000463  LA    padReleaseDataLow1        000457 RLA    
padReleaseDataLow2        00045B  LA    padReleaseDataLow3        000460  LA    
padReleaseDataLow4        000464  LA    processEvents             0097CE RLA    
reactEnemy                0092EC RLA    reactEnemyGrab            009337  LA    
reactHero                 008C33 RLA    readPad1                  0098A6 RLA    
readPad2                  0098E4  LA    readPad3                  009922  LA    
readPad4                  009960  LA    removeEvent               00981E  LA    
scoreEvent                008920  LA    scoreMapData              00020E  LA    
scorePlayer1              0002D0  LA    scrollDirection           00020B RLA    
scrollLevel               008533 RLA    scrollValue               000209  LA    
setEnemyOAM               0090FD  LA    setEnergyPlayer           00882F RLA    
setHeroOAM                008A41  LA    setLiveCounter            0088FB RLA    
setMirrorSpriteMode       008C21  LA    setNormalSpriteMode       008C2A  LA    
setShakingFlag            008EAC  LA    splashScreen              0083D6  LA    
spriteCounter             0002E1 RLA    timeCounter               0002DB  LA    
transferHeroSpriteDataEvent 008BCE RLA    updateEnergyPlayer        008822 RLA    
updateScorePlayer1        0087A5 RLA    updateScorePlayer2        0087D4  LA    
updateScoreTop            008803  LA    updateTime                0088C6 RLA    
writeNumberToScoreMap     008968  LA    


Exports list by value:
----------------------
__STARTUP__               000001 REA    animInProgress            000002  LZ    
heroAnimInterruptCounter  000005  LZ    heroXOffset               000007 RLZ    
heroHitOffset             000009 RLZ    heroHitZone               00000A RLZ    
heroHitType               00000B RLZ    heroFlag                  00000C RLZ    
EnemyCurrentArrayIndexByte 00000F  LZ    EnemyCurrentArrayIndexWord 000011  LZ    
EnemyCurrentYOffset       000013  LZ    EnemyCurrentXOffset       000014  LZ    
__VECTORS_SIZE__          00001C  EA    __ROMINFO_SIZE__          000034  EA    
scrollValue               000209  LA    scrollDirection           00020B RLA    
scoreMapData              00020E  LA    doUpdateScore             0002CE  LA    
scorePlayer1              0002D0  LA    energyPlayer              0002D9 RLA    
timeCounter               0002DB  LA    livesCounter              0002DD RLA    
spriteCounter             0002E1 RLA    EnemyTempXOffsetHigh      0002E8  LA    
EnemyArrayAnimAddress     0002E9  LA    EnemyArrayAnimFrameIndex  000305  LA    
EnemyArrayAnimFrameCounter 000313  LA    EnemyArrayOffsetFramecounter 000321  LA    
EnemyArrayYOffset         00032F RLA    EnemyArrayXOffset         00033D RLA    
EnemyArrayOAMSlotOffset   000359  LA    EnemyArrayFlag            000375  LA    
eventsTable               0003D0  LA    padPushData1              000453 RLA    
padPushDataLow1           000453 RLA    padPushDataHigh1          000454  LA    
padFirstPushData1         000455  LA    padFirstPushDataLow1      000455 RLA    
padFirstPushDataHigh1     000456  LA    padReleaseDataLow1        000457 RLA    
padReleaseData1           000457  LA    padReleaseDataHigh1       000458  LA    
padPushData2              000459  LA    padPushDataLow2           000459  LA    
padPushDataHigh2          00045A  LA    padReleaseDataLow2        00045B  LA    
padReleaseData2           00045B  LA    padReleaseDataHigh2       00045C  LA    
padPushData3              00045D  LA    padPushDataHigh3          00045D  LA    
padPushDataLow3           00045E  LA    padReleaseDataHigh3       00045F  LA    
padReleaseData3           00045F  LA    padReleaseDataLow3        000460  LA    
padPushDataHigh4          000461  LA    padPushData4              000461  LA    
padPushDataLow4           000462  LA    padReleaseData4           000463  LA    
padReleaseDataHigh4       000463  LA    padReleaseDataLow4        000464  LA    
oamData                   000465 RLA    __ROMINFO_FILEOFFS__      007FB0  EA    
__VECTORS_FILEOFFS__      007FE4  EA    _main                     00803B RLA    
_IRQHandler               008391 RLA    _NMIHandler               0083B8 RLA    
_preInit                  0083BF RLA    splashScreen              0083D6  LA    
initLevel                 00843C RLA    scrollLevel               008533 RLA    
initScore                 00869F RLA    updateScorePlayer1        0087A5 RLA    
updateScorePlayer2        0087D4  LA    updateScoreTop            008803  LA    
updateEnergyPlayer        008822 RLA    setEnergyPlayer           00882F RLA    
updateTime                0088C6 RLA    setLiveCounter            0088FB RLA    
scoreEvent                008920  LA    writeNumberToScoreMap     008968  LA    
initHeroSprite            0089B1 RLA    clearHeroSprite           008A20  LA    
setHeroOAM                008A41  LA    animHero                  008AE9  LA    
transferHeroSpriteDataEvent 008BCE RLA    setMirrorSpriteMode       008C21  LA    
setNormalSpriteMode       008C2A  LA    reactHero                 008C33 RLA    
fallHero                  008E32  LA    setShakingFlag            008EAC  LA    
initEnemySprite           008ED1 RLA    addEnemy                  009055 RLA    
findEmptySlotEnemy        0090BD RLA    clearEnemy                0090D7  LA    
setEnemyOAM               0090FD  LA    animEnemy                 009277  LA    
reactEnemy                0092EC RLA    reactEnemyGrab            009337  LA    
enemyGrabFall             0094D1  LA    enemyStrategyInit         009564 RLA    
enemyStrategyGrab         00956F RLA    hitInit                   00959C RLA    
hitAdd                    0095B1 RLA    hitRemove                 009635  LA    
hitProcess                00964E RLA    initSnes                  009680 RLA    
initEvents                009773 RLA    addEvent                  00979F RLA    
processEvents             0097CE RLA    removeEvent               00981E  LA    
getEventCounter           009835 RLA    initPad                   009841 RLA    
clearFirstPushPad1        009882  LA    clearFirstPushPad2        00988B  LA    
clearFirstPushPad3        009894  LA    clearFirstPushPad4        00989D  LA    
readPad1                  0098A6 RLA    readPad2                  0098E4  LA    
readPad3                  009922  LA    readPad4                  009960  LA    
clearOAM                  00999E RLA    copyOAM                   0099CD RLA    
OAMDataUpdated            009A04 RLA    __ROMINFO_START__         00FFB0  LA    
__ROMINFO_LAST__          00FFE0  LA    __VECTORS_START__         00FFE4  LA    
__VECTORS_LAST__          010000  LA    highByte                  01F880  LA    
enemyFallYOffset          01F8B0  LA    enemyFallAnimAddress      01F8EC  LA    
grabbingWalk1             01F8F4  LA    grabbingWalk2             01F909  LA    
grabbingFall1             01F9ED  LA    grabbingWalk              01FA29  LA    
grabbingGrab              01FA43  LA    grabbingShakeFall         01FA47  LA    
grabbingHitHighFall       01FA51  LA    grabbingHitMidFall        01FA5B  LA    
grabbingHitLowFall        01FA65  LA    heroDownKick2             02ED2C  LA    
heroDownPunch1            02ED4D  LA    heroDownPunch3            02ED86  LA    
heroStandKick2            02EDC7  LA    


Imports list:
-------------
EnemyArrayAnimAddress (enemy.o):
EnemyArrayAnimFrameCounter (enemy.o):
EnemyArrayAnimFrameIndex (enemy.o):
EnemyArrayFlag (enemy.o):
EnemyArrayOAMSlotOffset (enemy.o):
EnemyArrayOffsetFramecounter (enemy.o):
EnemyArrayXOffset (enemy.o):
    hit.o                     includes/enemy.inc(9)
EnemyArrayYOffset (enemy.o):
    hit.o                     includes/enemy.inc(10)
EnemyCurrentArrayIndexByte (enemy.o):
EnemyCurrentArrayIndexWord (enemy.o):
EnemyCurrentXOffset (enemy.o):
EnemyCurrentYOffset (enemy.o):
EnemyTempXOffsetHigh (enemy.o):
OAMDataUpdated (sprite.o):
    hit.o                     ../../Tools/cc65-sfclib/include/snes-sprite.inc(3)
    enemy.o                   ../../Tools/cc65-sfclib/include/snes-sprite.inc(3)
    hero.o                    ../../Tools/cc65-sfclib/include/snes-sprite.inc(3)
_IRQHandler (main.o):
    crt0.o                    src/crt0.asm(13)
_NMIHandler (main.o):
    crt0.o                    src/crt0.asm(13)
__ROMINFO_FILEOFFS__ ([linker generated]):
__ROMINFO_LAST__ ([linker generated]):
__ROMINFO_SIZE__ ([linker generated]):
__ROMINFO_START__ ([linker generated]):
__STARTUP__ (crt0.o):
    main.o                    main.asm(23)
__VECTORS_FILEOFFS__ ([linker generated]):
__VECTORS_LAST__ ([linker generated]):
__VECTORS_SIZE__ ([linker generated]):
__VECTORS_START__ ([linker generated]):
_main (main.o):
    crt0.o                    src/crt0.asm(11)
_preInit (main.o):
    crt0.o                    src/crt0.asm(12)
addEnemy (enemy.o):
    enemyStrategy.o           includes/enemy.inc(7)
addEvent (event.o):
    score.o                   ../../Tools/cc65-sfclib/include/snes-event.inc(2)
    level.o                   ../../Tools/cc65-sfclib/include/snes-event.inc(2)
    main.o                    ../../Tools/cc65-sfclib/include/snes-event.inc(2)
animEnemy (enemy.o):
animHero (hero.o):
animInProgress (hero.o):
clearEnemy (enemy.o):
clearFirstPushPad1 (pad.o):
clearFirstPushPad2 (pad.o):
clearFirstPushPad3 (pad.o):
clearFirstPushPad4 (pad.o):
clearHeroSprite (hero.o):
clearOAM (sprite.o):
    hero.o                    ../../Tools/cc65-sfclib/include/snes-sprite.inc(1)
copyOAM (sprite.o):
    main.o                    ../../Tools/cc65-sfclib/include/snes-sprite.inc(2)
doUpdateScore (score.o):
enemyFallAnimAddress (enemy.o):
enemyFallYOffset (enemy.o):
enemyGrabFall (enemy.o):
enemyStrategyGrab (enemyStrategy.o):
    main.o                    includes/enemyStrategy.inc(6)
enemyStrategyInit (enemyStrategy.o):
    main.o                    includes/enemyStrategy.inc(5)
energyPlayer (score.o):
    hero.o                    includes/score.inc(4)
eventsTable (event.o):
fallHero (hero.o):
findEmptySlotEnemy (enemy.o):
    enemyStrategy.o           includes/enemy.inc(8)
getEventCounter (event.o):
    score.o                   ../../Tools/cc65-sfclib/include/snes-event.inc(5)
grabbingFall1 (enemy.o):
grabbingGrab (enemy.o):
grabbingHitHighFall (enemy.o):
grabbingHitLowFall (enemy.o):
grabbingHitMidFall (enemy.o):
grabbingShakeFall (enemy.o):
grabbingWalk (enemy.o):
grabbingWalk1 (enemy.o):
grabbingWalk2 (enemy.o):
heroAnimInterruptCounter (hero.o):
heroDownKick2 (hero.o):
heroDownPunch1 (hero.o):
heroDownPunch3 (hero.o):
heroFlag (hero.o):
    enemy.o                   includes/hero.inc(7)
heroHitOffset (hero.o):
    enemy.o                   includes/hero.inc(8)
heroHitType (hero.o):
    hit.o                     includes/hero.inc(10)
heroHitZone (hero.o):
    enemy.o                   includes/hero.inc(9)
heroStandKick2 (hero.o):
heroXOffset (hero.o):
    enemy.o                   includes/hero.inc(6)
highByte (enemy.o):
hitAdd (hit.o):
    enemy.o                   includes/hit.inc(2)
hitInit (hit.o):
    main.o                    includes/hit.inc(1)
hitProcess (hit.o):
    main.o                    includes/hit.inc(3)
hitRemove (hit.o):
initEnemySprite (enemy.o):
    main.o                    includes/enemy.inc(5)
initEvents (event.o):
    main.o                    ../../Tools/cc65-sfclib/include/snes-event.inc(1)
initHeroSprite (hero.o):
    main.o                    includes/hero.inc(3)
initLevel (level.o):
    main.o                    includes/level.inc(1)
initPad (pad.o):
    main.o                    ../../Tools/cc65-sfclib/include/snes-pad.inc(1)
initScore (score.o):
    main.o                    includes/score.inc(1)
initSnes (init.o):
    crt0.o                    src/crt0.asm(15)
livesCounter (score.o):
    hero.o                    includes/score.inc(7)
oamData (sprite.o):
    hit.o                     ../../Tools/cc65-sfclib/include/snes-sprite.inc(5)
    enemy.o                   ../../Tools/cc65-sfclib/include/snes-sprite.inc(5)
    hero.o                    ../../Tools/cc65-sfclib/include/snes-sprite.inc(5)
padFirstPushData1 (pad.o):
padFirstPushDataHigh1 (pad.o):
padFirstPushDataLow1 (pad.o):
    hero.o                    ../../Tools/cc65-sfclib/include/snes-pad.inc(9)
padPushData1 (pad.o):
    main.o                    ../../Tools/cc65-sfclib/include/snes-pad.inc(4)
padPushData2 (pad.o):
padPushData3 (pad.o):
padPushData4 (pad.o):
padPushDataHigh1 (pad.o):
padPushDataHigh2 (pad.o):
padPushDataHigh3 (pad.o):
padPushDataHigh4 (pad.o):
padPushDataLow1 (pad.o):
    hero.o                    ../../Tools/cc65-sfclib/include/snes-pad.inc(9)
padPushDataLow2 (pad.o):
padPushDataLow3 (pad.o):
padPushDataLow4 (pad.o):
padReleaseData1 (pad.o):
padReleaseData2 (pad.o):
padReleaseData3 (pad.o):
padReleaseData4 (pad.o):
padReleaseDataHigh1 (pad.o):
padReleaseDataHigh2 (pad.o):
padReleaseDataHigh3 (pad.o):
padReleaseDataHigh4 (pad.o):
padReleaseDataLow1 (pad.o):
    hero.o                    ../../Tools/cc65-sfclib/include/snes-pad.inc(9)
padReleaseDataLow2 (pad.o):
padReleaseDataLow3 (pad.o):
padReleaseDataLow4 (pad.o):
processEvents (event.o):
    main.o                    ../../Tools/cc65-sfclib/include/snes-event.inc(4)
reactEnemy (enemy.o):
    main.o                    includes/enemy.inc(6)
reactEnemyGrab (enemy.o):
reactHero (hero.o):
    main.o                    includes/hero.inc(5)
readPad1 (pad.o):
    main.o                    ../../Tools/cc65-sfclib/include/snes-pad.inc(2)
readPad2 (pad.o):
readPad3 (pad.o):
readPad4 (pad.o):
removeEvent (event.o):
scoreEvent (score.o):
scoreMapData (score.o):
scorePlayer1 (score.o):
scrollDirection (level.o):
    enemy.o                   includes/level.inc(5)
    hero.o                    includes/level.inc(5)
scrollLevel (level.o):
    hero.o                    includes/level.inc(2)
scrollValue (level.o):
setEnemyOAM (enemy.o):
setEnergyPlayer (score.o):
    enemy.o                   includes/score.inc(5)
setHeroOAM (hero.o):
setLiveCounter (score.o):
    hero.o                    includes/score.inc(6)
setMirrorSpriteMode (hero.o):
setNormalSpriteMode (hero.o):
setShakingFlag (hero.o):
splashScreen (main.o):
spriteCounter (hero.o):
    enemy.o                   enemy.asm(26)
timeCounter (score.o):
transferHeroSpriteDataEvent (hero.o):
    main.o                    includes/hero.inc(4)
updateEnergyPlayer (score.o):
    enemy.o                   includes/score.inc(3)
updateScorePlayer1 (score.o):
    hit.o                     includes/score.inc(8)
updateScorePlayer2 (score.o):
updateScoreTop (score.o):
updateTime (score.o):
    main.o                    includes/score.inc(2)
writeNumberToScoreMap (score.o):

