Modules list:
-------------
main.o:
    CODE              Offs=000000  Size=000401  Align=00001  Fill=0000
    RODATA            Offs=000000  Size=000008  Align=00001  Fill=0000
    BSS               Offs=000000  Size=000005  Align=00001  Fill=0000
    DATA              Offs=000000  Size=000000  Align=00001  Fill=0000
    ZEROPAGE          Offs=000000  Size=000002  Align=00001  Fill=0000
    NULL              Offs=000000  Size=000000  Align=00001  Fill=0000
    BANK1             Offs=000000  Size=0041A0  Align=00001  Fill=0000
level.o:
    CODE              Offs=000401  Size=000263  Align=00001  Fill=0000
    RODATA            Offs=000008  Size=000082  Align=00001  Fill=0000
    BSS               Offs=000005  Size=000009  Align=00001  Fill=0000
    DATA              Offs=000000  Size=000000  Align=00001  Fill=0000
    ZEROPAGE          Offs=000002  Size=000000  Align=00001  Fill=0000
    NULL              Offs=000000  Size=000000  Align=00001  Fill=0000
    BANK4             Offs=000000  Size=0054A0  Align=00001  Fill=0000
score.o:
    CODE              Offs=000664  Size=000312  Align=00001  Fill=0000
    RODATA            Offs=00008A  Size=000000  Align=00001  Fill=0000
    BSS               Offs=00000E  Size=0000D3  Align=00001  Fill=0000
    DATA              Offs=000000  Size=000000  Align=00001  Fill=0000
    ZEROPAGE          Offs=000002  Size=000000  Align=00001  Fill=0000
    NULL              Offs=000000  Size=000000  Align=00001  Fill=0000
    BANK4             Offs=0054A0  Size=001600  Align=00001  Fill=0000
hero.o:
    CODE              Offs=000976  Size=0004CE  Align=00001  Fill=0000
    RODATA            Offs=00008A  Size=000000  Align=00001  Fill=0000
    BSS               Offs=0000E1  Size=000007  Align=00001  Fill=0000
    DATA              Offs=000000  Size=000000  Align=00001  Fill=0000
    ZEROPAGE          Offs=000002  Size=00000A  Align=00001  Fill=0000
    NULL              Offs=000000  Size=000000  Align=00001  Fill=0000
    BANK2             Offs=000000  Size=007069  Align=00001  Fill=0000
enemy.o:
    CODE              Offs=000E44  Size=000693  Align=00001  Fill=0000
    RODATA            Offs=00008A  Size=000004  Align=00001  Fill=0000
    BSS               Offs=0000E8  Size=00009B  Align=00001  Fill=0000
    DATA              Offs=000000  Size=000000  Align=00001  Fill=0000
    ZEROPAGE          Offs=00000C  Size=000008  Align=00001  Fill=0000
    NULL              Offs=000000  Size=000000  Align=00001  Fill=0000
    BANK1             Offs=0041A0  Size=00222F  Align=00001  Fill=0000
    BANK3             Offs=000000  Size=008000  Align=00001  Fill=0000
enemyStrategy.o:
    CODE              Offs=0014D7  Size=000038  Align=00001  Fill=0000
    RODATA            Offs=00008E  Size=000000  Align=00001  Fill=0000
    BSS               Offs=000183  Size=000002  Align=00001  Fill=0000
    DATA              Offs=000000  Size=000000  Align=00001  Fill=0000
    ZEROPAGE          Offs=000014  Size=000000  Align=00001  Fill=0000
    NULL              Offs=000000  Size=000000  Align=00001  Fill=0000
hit.o:
    CODE              Offs=00150F  Size=0000E4  Align=00001  Fill=0000
    RODATA            Offs=00008E  Size=000018  Align=00001  Fill=0000
    BSS               Offs=000185  Size=00004B  Align=00001  Fill=0000
    DATA              Offs=000000  Size=000000  Align=00001  Fill=0000
    ZEROPAGE          Offs=000014  Size=000000  Align=00001  Fill=0000
    NULL              Offs=000000  Size=000000  Align=00001  Fill=0000
state.o:
    CODE              Offs=0015F3  Size=000000  Align=00001  Fill=0000
    RODATA            Offs=0000A6  Size=000000  Align=00001  Fill=0000
    BSS               Offs=0001D0  Size=000000  Align=00001  Fill=0000
    DATA              Offs=000000  Size=000000  Align=00001  Fill=0000
    ZEROPAGE          Offs=000014  Size=000000  Align=00001  Fill=0000
    NULL              Offs=000000  Size=000000  Align=00001  Fill=0000
../../Tools/cc65-sfclib/bin/sfc.lib(crt0.o):
    CODE              Offs=0015F3  Size=000000  Align=00001  Fill=0000
    RODATA            Offs=0000A6  Size=000000  Align=00001  Fill=0000
    BSS               Offs=0001D0  Size=000000  Align=00001  Fill=0000
    DATA              Offs=000000  Size=000000  Align=00001  Fill=0000
    ZEROPAGE          Offs=000014  Size=000000  Align=00001  Fill=0000
    NULL              Offs=000000  Size=000000  Align=00001  Fill=0000
    STARTUP           Offs=000000  Size=00003B  Align=00001  Fill=0000
    ROMINFO           Offs=000000  Size=000030  Align=00001  Fill=0000
    VECTORS           Offs=000000  Size=00001C  Align=00001  Fill=0000
../../Tools/cc65-sfclib/bin/sfc.lib(init.o):
    CODE              Offs=0015F3  Size=0000F3  Align=00001  Fill=0000
    RODATA            Offs=0000A6  Size=000000  Align=00001  Fill=0000
    BSS               Offs=0001D0  Size=000000  Align=00001  Fill=0000
    DATA              Offs=000000  Size=000000  Align=00001  Fill=0000
    ZEROPAGE          Offs=000014  Size=000000  Align=00001  Fill=0000
    NULL              Offs=000000  Size=000000  Align=00001  Fill=0000
../../Tools/cc65-sfclib/bin/sfc.lib(event.o):
    CODE              Offs=0016E6  Size=0000CE  Align=00001  Fill=0000
    RODATA            Offs=0000A6  Size=000000  Align=00001  Fill=0000
    BSS               Offs=0001D0  Size=000083  Align=00001  Fill=0000
    DATA              Offs=000000  Size=000000  Align=00001  Fill=0000
    ZEROPAGE          Offs=000014  Size=000000  Align=00001  Fill=0000
    NULL              Offs=000000  Size=000000  Align=00001  Fill=0000
../../Tools/cc65-sfclib/bin/sfc.lib(pad.o):
    CODE              Offs=0017B4  Size=000139  Align=00001  Fill=0000
    RODATA            Offs=0000A6  Size=000000  Align=00001  Fill=0000
    BSS               Offs=000253  Size=000012  Align=00001  Fill=0000
    DATA              Offs=000000  Size=000000  Align=00001  Fill=0000
    ZEROPAGE          Offs=000014  Size=000000  Align=00001  Fill=0000
    NULL              Offs=000000  Size=000000  Align=00001  Fill=0000
../../Tools/cc65-sfclib/bin/sfc.lib(sprite.o):
    CODE              Offs=0018ED  Size=000074  Align=00001  Fill=0000
    RODATA            Offs=0000A6  Size=000000  Align=00001  Fill=0000
    BSS               Offs=000265  Size=000221  Align=00001  Fill=0000
    DATA              Offs=000000  Size=000000  Align=00001  Fill=0000
    ZEROPAGE          Offs=000014  Size=000000  Align=00001  Fill=0000
    NULL              Offs=000000  Size=000000  Align=00001  Fill=0000


Segment list:
-------------
Name                   Start     End    Size  Align
----------------------------------------------------
DATA                  000000  000000  000000  00001
NULL                  000000  000000  000000  00001
ZEROPAGE              000000  000013  000014  00001
BSS                   000200  000685  000486  00001
STARTUP               008000  00803A  00003B  00001
CODE                  00803B  00999B  001961  00001
RODATA                00999C  009A41  0000A6  00001
ROMINFO               00FFB0  00FFDF  000030  00001
VECTORS               00FFE4  00FFFF  00001C  00001
BANK1                 018000  01E3CE  0063CF  00001
BANK2                 028000  02F068  007069  00001
BANK3                 038000  03FFFF  008000  00001
BANK4                 048000  04EA9F  006AA0  00001


Exports list by name:
---------------------
EnemyArrayAnimAddress     0002E9  LA    EnemyArrayAnimFrameCounter 000313  LA    
EnemyArrayAnimFrameIndex  000305  LA    EnemyArrayFlag            000375  LA    
EnemyArrayOAMSlotOffset   000359  LA    EnemyArrayOffsetFramecounter 000321  LA    
EnemyArrayXOffset         00033D RLA    EnemyArrayYOffset         00032F RLA    
EnemyCurrentArrayIndexByte 00000E  LZ    EnemyCurrentArrayIndexWord 000010  LZ    
EnemyCurrentXOffset       000013  LZ    EnemyCurrentYOffset       000012  LZ    
EnemyTempXOffsetHigh      0002E8  LA    OAMDataUpdated            00998E RLA    
_IRQHandler               008391 RLA    _NMIHandler               0083B8 RLA    
__ROMINFO_FILEOFFS__      007FB0  EA    __ROMINFO_LAST__          00FFE0  LA    
__ROMINFO_SIZE__          000034  EA    __ROMINFO_START__         00FFB0  LA    
__STARTUP__               000001 REA    __VECTORS_FILEOFFS__      007FE4  EA    
__VECTORS_LAST__          010000  LA    __VECTORS_SIZE__          00001C  EA    
__VECTORS_START__         00FFE4  LA    _main                     00803B RLA    
_preInit                  0083BF RLA    addEnemy                  009003 RLA    
addEvent                  00974D RLA    animEnemy                 009225  LA    
animHero                  008AE9  LA    clearEnemy                009085  LA    
clearHeroSprite           008A20  LA    clearOAM                  009928 RLA    
copyOAM                   009957 RLA    doUpdateScore             0002CE  LA    
enemyFallAnimAddress      01E24C  LA    enemyFallYOffset          01E210  LA    
enemyGrabFall             00947F  LA    enemyStrategyGrab         00951D RLA    
enemyStrategyInit         009512 RLA    energyPlayer              0002D9 RLA    
eventsTable               0003D0  LA    fallHero                  008DE0  LA    
findEmptySlotEnemy        00906B RLA    getEventCounter           0097E3 RLA    
grabbingFall1             01E34D  LA    grabbingGrab              01E3A3  LA    
grabbingHitHighFall       01E3B1  LA    grabbingHitLowFall        01E3C5  LA    
grabbingHitMidFall        01E3BB  LA    grabbingShakeFall         01E3A7  LA    
grabbingWalk              01E389  LA    grabbingWalk1             01E254  LA    
grabbingWalk2             01E269  LA    heroDownKick2             02ED2C  LA    
heroDownPunch1            02ED4D  LA    heroDownPunch3            02ED86  LA    
heroFlag                  00000B RLZ    heroHitOffset             000008 RLZ    
heroHitType               00000A RLZ    heroHitZone               000009 RLZ    
heroStandKick2            02EDC7  LA    heroXOffset               000006 RLZ    
highByte                  01E1E0  LA    hitAdd                    00955F RLA    
hitInit                   00954A RLA    hitProcess                0095FC RLA    
hitRemove                 0095E3  LA    initEnemySprite           008E7F RLA    
initEvents                009721 RLA    initHeroSprite            0089B1 RLA    
initLevel                 00843C RLA    initPad                   0097EF RLA    
initScore                 00869F RLA    initSnes                  00962E RLA    
livesCounter              0002DD RLA    oamData                   000465 RLA    
padFirstPushData1         000455  LA    padFirstPushDataHigh1     000456  LA    
padFirstPushDataLow1      000455 RLA    padPushData1              000453 RLA    
padPushData2              000459  LA    padPushData3              00045D  LA    
padPushData4              000461  LA    padPushDataHigh1          000454  LA    
padPushDataHigh2          00045A  LA    padPushDataHigh3          00045D  LA    
padPushDataHigh4          000461  LA    padPushDataLow1           000453 RLA    
padPushDataLow2           000459  LA    padPushDataLow3           00045E  LA    
padPushDataLow4           000462  LA    padReleaseData1           000457  LA    
padReleaseData2           00045B  LA    padReleaseData3           00045F  LA    
padReleaseData4           000463  LA    padReleaseDataHigh1       000458  LA    
padReleaseDataHigh2       00045C  LA    padReleaseDataHigh3       00045F  LA    
padReleaseDataHigh4       000463  LA    padReleaseDataLow1        000457 RLA    
padReleaseDataLow2        00045B  LA    padReleaseDataLow3        000460  LA    
padReleaseDataLow4        000464  LA    processEvents             00977C RLA    
reactEnemy                00929A RLA    reactEnemyGrab            0092E5  LA    
reactHero                 008C1D RLA    readPad1                  009830 RLA    
readPad2                  00986E  LA    readPad3                  0098AC  LA    
readPad4                  0098EA  LA    removeEvent               0097CC  LA    
scoreEvent                008920  LA    scoreMapData              00020E  LA    
scorePlayer1              0002D0  LA    scrollDirection           00020B RLA    
scrollLevel               008533 RLA    scrollValue               000209  LA    
setEnemyOAM               0090AB  LA    setEnergyPlayer           00882F RLA    
setHeroOAM                008A41  LA    setLiveCounter            0088FB RLA    
setMirrorSpriteMode       008C0B  LA    setNormalSpriteMode       008C14  LA    
setShakingFlag            008E5A  LA    splashScreen              0083D6  LA    
spriteCounter             0002E1 RLA    timeCounter               0002DB  LA    
transferHeroSpriteDataEvent 008BB8 RLA    updateEnergyPlayer        008822 RLA    
updateScorePlayer1        0087A5 RLA    updateScorePlayer2        0087D4  LA    
updateScoreTop            008803  LA    updateTime                0088C6 RLA    
writeNumberToScoreMap     008968  LA    


Exports list by value:
----------------------
__STARTUP__               000001 REA    heroXOffset               000006 RLZ    
heroHitOffset             000008 RLZ    heroHitZone               000009 RLZ    
heroHitType               00000A RLZ    heroFlag                  00000B RLZ    
EnemyCurrentArrayIndexByte 00000E  LZ    EnemyCurrentArrayIndexWord 000010  LZ    
EnemyCurrentYOffset       000012  LZ    EnemyCurrentXOffset       000013  LZ    
__VECTORS_SIZE__          00001C  EA    __ROMINFO_SIZE__          000034  EA    
scrollValue               000209  LA    scrollDirection           00020B RLA    
scoreMapData              00020E  LA    doUpdateScore             0002CE  LA    
scorePlayer1              0002D0  LA    energyPlayer              0002D9 RLA    
timeCounter               0002DB  LA    livesCounter              0002DD RLA    
spriteCounter             0002E1 RLA    EnemyTempXOffsetHigh      0002E8  LA    
EnemyArrayAnimAddress     0002E9  LA    EnemyArrayAnimFrameIndex  000305  LA    
EnemyArrayAnimFrameCounter 000313  LA    EnemyArrayOffsetFramecounter 000321  LA    
EnemyArrayYOffset         00032F RLA    EnemyArrayXOffset         00033D RLA    
EnemyArrayOAMSlotOffset   000359  LA    EnemyArrayFlag            000375  LA    
eventsTable               0003D0  LA    padPushData1              000453 RLA    
padPushDataLow1           000453 RLA    padPushDataHigh1          000454  LA    
padFirstPushData1         000455  LA    padFirstPushDataLow1      000455 RLA    
padFirstPushDataHigh1     000456  LA    padReleaseDataLow1        000457 RLA    
padReleaseData1           000457  LA    padReleaseDataHigh1       000458  LA    
padPushDataLow2           000459  LA    padPushData2              000459  LA    
padPushDataHigh2          00045A  LA    padReleaseData2           00045B  LA    
padReleaseDataLow2        00045B  LA    padReleaseDataHigh2       00045C  LA    
padPushDataHigh3          00045D  LA    padPushData3              00045D  LA    
padPushDataLow3           00045E  LA    padReleaseDataHigh3       00045F  LA    
padReleaseData3           00045F  LA    padReleaseDataLow3        000460  LA    
padPushDataHigh4          000461  LA    padPushData4              000461  LA    
padPushDataLow4           000462  LA    padReleaseDataHigh4       000463  LA    
padReleaseData4           000463  LA    padReleaseDataLow4        000464  LA    
oamData                   000465 RLA    __ROMINFO_FILEOFFS__      007FB0  EA    
__VECTORS_FILEOFFS__      007FE4  EA    _main                     00803B RLA    
_IRQHandler               008391 RLA    _NMIHandler               0083B8 RLA    
_preInit                  0083BF RLA    splashScreen              0083D6  LA    
initLevel                 00843C RLA    scrollLevel               008533 RLA    
initScore                 00869F RLA    updateScorePlayer1        0087A5 RLA    
updateScorePlayer2        0087D4  LA    updateScoreTop            008803  LA    
updateEnergyPlayer        008822 RLA    setEnergyPlayer           00882F RLA    
updateTime                0088C6 RLA    setLiveCounter            0088FB RLA    
scoreEvent                008920  LA    writeNumberToScoreMap     008968  LA    
initHeroSprite            0089B1 RLA    clearHeroSprite           008A20  LA    
setHeroOAM                008A41  LA    animHero                  008AE9  LA    
transferHeroSpriteDataEvent 008BB8 RLA    setMirrorSpriteMode       008C0B  LA    
setNormalSpriteMode       008C14  LA    reactHero                 008C1D RLA    
fallHero                  008DE0  LA    setShakingFlag            008E5A  LA    
initEnemySprite           008E7F RLA    addEnemy                  009003 RLA    
findEmptySlotEnemy        00906B RLA    clearEnemy                009085  LA    
setEnemyOAM               0090AB  LA    animEnemy                 009225  LA    
reactEnemy                00929A RLA    reactEnemyGrab            0092E5  LA    
enemyGrabFall             00947F  LA    enemyStrategyInit         009512 RLA    
enemyStrategyGrab         00951D RLA    hitInit                   00954A RLA    
hitAdd                    00955F RLA    hitRemove                 0095E3  LA    
hitProcess                0095FC RLA    initSnes                  00962E RLA    
initEvents                009721 RLA    addEvent                  00974D RLA    
processEvents             00977C RLA    removeEvent               0097CC  LA    
getEventCounter           0097E3 RLA    initPad                   0097EF RLA    
readPad1                  009830 RLA    readPad2                  00986E  LA    
readPad3                  0098AC  LA    readPad4                  0098EA  LA    
clearOAM                  009928 RLA    copyOAM                   009957 RLA    
OAMDataUpdated            00998E RLA    __ROMINFO_START__         00FFB0  LA    
__ROMINFO_LAST__          00FFE0  LA    __VECTORS_START__         00FFE4  LA    
__VECTORS_LAST__          010000  LA    highByte                  01E1E0  LA    
enemyFallYOffset          01E210  LA    enemyFallAnimAddress      01E24C  LA    
grabbingWalk1             01E254  LA    grabbingWalk2             01E269  LA    
grabbingFall1             01E34D  LA    grabbingWalk              01E389  LA    
grabbingGrab              01E3A3  LA    grabbingShakeFall         01E3A7  LA    
grabbingHitHighFall       01E3B1  LA    grabbingHitMidFall        01E3BB  LA    
grabbingHitLowFall        01E3C5  LA    heroDownKick2             02ED2C  LA    
heroDownPunch1            02ED4D  LA    heroDownPunch3            02ED86  LA    
heroStandKick2            02EDC7  LA    


Imports list:
-------------
EnemyArrayAnimAddress (enemy.o):
EnemyArrayAnimFrameCounter (enemy.o):
EnemyArrayAnimFrameIndex (enemy.o):
EnemyArrayFlag (enemy.o):
EnemyArrayOAMSlotOffset (enemy.o):
EnemyArrayOffsetFramecounter (enemy.o):
EnemyArrayXOffset (enemy.o):
    hit.o                     includes/enemy.inc(9)
EnemyArrayYOffset (enemy.o):
    hit.o                     includes/enemy.inc(10)
EnemyCurrentArrayIndexByte (enemy.o):
EnemyCurrentArrayIndexWord (enemy.o):
EnemyCurrentXOffset (enemy.o):
EnemyCurrentYOffset (enemy.o):
EnemyTempXOffsetHigh (enemy.o):
OAMDataUpdated (sprite.o):
    hit.o                     ../../Tools/cc65-sfclib/include/snes-sprite.inc(3)
    enemy.o                   ../../Tools/cc65-sfclib/include/snes-sprite.inc(3)
    hero.o                    ../../Tools/cc65-sfclib/include/snes-sprite.inc(3)
_IRQHandler (main.o):
    crt0.o                    src/crt0.asm(13)
_NMIHandler (main.o):
    crt0.o                    src/crt0.asm(13)
__ROMINFO_FILEOFFS__ ([linker generated]):
__ROMINFO_LAST__ ([linker generated]):
__ROMINFO_SIZE__ ([linker generated]):
__ROMINFO_START__ ([linker generated]):
__STARTUP__ (crt0.o):
    main.o                    main.asm(23)
__VECTORS_FILEOFFS__ ([linker generated]):
__VECTORS_LAST__ ([linker generated]):
__VECTORS_SIZE__ ([linker generated]):
__VECTORS_START__ ([linker generated]):
_main (main.o):
    crt0.o                    src/crt0.asm(11)
_preInit (main.o):
    crt0.o                    src/crt0.asm(12)
addEnemy (enemy.o):
    enemyStrategy.o           includes/enemy.inc(7)
addEvent (event.o):
    score.o                   ../../Tools/cc65-sfclib/include/snes-event.inc(2)
    level.o                   ../../Tools/cc65-sfclib/include/snes-event.inc(2)
    main.o                    ../../Tools/cc65-sfclib/include/snes-event.inc(2)
animEnemy (enemy.o):
animHero (hero.o):
clearEnemy (enemy.o):
clearHeroSprite (hero.o):
clearOAM (sprite.o):
    hero.o                    ../../Tools/cc65-sfclib/include/snes-sprite.inc(1)
copyOAM (sprite.o):
    main.o                    ../../Tools/cc65-sfclib/include/snes-sprite.inc(2)
doUpdateScore (score.o):
enemyFallAnimAddress (enemy.o):
enemyFallYOffset (enemy.o):
enemyGrabFall (enemy.o):
enemyStrategyGrab (enemyStrategy.o):
    main.o                    includes/enemyStrategy.inc(6)
enemyStrategyInit (enemyStrategy.o):
    main.o                    includes/enemyStrategy.inc(5)
energyPlayer (score.o):
    hero.o                    includes/score.inc(4)
eventsTable (event.o):
fallHero (hero.o):
findEmptySlotEnemy (enemy.o):
    enemyStrategy.o           includes/enemy.inc(8)
getEventCounter (event.o):
    score.o                   ../../Tools/cc65-sfclib/include/snes-event.inc(5)
grabbingFall1 (enemy.o):
grabbingGrab (enemy.o):
grabbingHitHighFall (enemy.o):
grabbingHitLowFall (enemy.o):
grabbingHitMidFall (enemy.o):
grabbingShakeFall (enemy.o):
grabbingWalk (enemy.o):
grabbingWalk1 (enemy.o):
grabbingWalk2 (enemy.o):
heroDownKick2 (hero.o):
heroDownPunch1 (hero.o):
heroDownPunch3 (hero.o):
heroFlag (hero.o):
    enemy.o                   includes/hero.inc(7)
heroHitOffset (hero.o):
    enemy.o                   includes/hero.inc(8)
heroHitType (hero.o):
    hit.o                     includes/hero.inc(10)
heroHitZone (hero.o):
    enemy.o                   includes/hero.inc(9)
heroStandKick2 (hero.o):
heroXOffset (hero.o):
    enemy.o                   includes/hero.inc(6)
highByte (enemy.o):
hitAdd (hit.o):
    enemy.o                   includes/hit.inc(2)
hitInit (hit.o):
    main.o                    includes/hit.inc(1)
hitProcess (hit.o):
    main.o                    includes/hit.inc(3)
hitRemove (hit.o):
initEnemySprite (enemy.o):
    main.o                    includes/enemy.inc(5)
initEvents (event.o):
    main.o                    ../../Tools/cc65-sfclib/include/snes-event.inc(1)
initHeroSprite (hero.o):
    main.o                    includes/hero.inc(3)
initLevel (level.o):
    main.o                    includes/level.inc(1)
initPad (pad.o):
    main.o                    ../../Tools/cc65-sfclib/include/snes-pad.inc(1)
initScore (score.o):
    main.o                    includes/score.inc(1)
initSnes (init.o):
    crt0.o                    src/crt0.asm(15)
livesCounter (score.o):
    hero.o                    includes/score.inc(7)
oamData (sprite.o):
    hit.o                     ../../Tools/cc65-sfclib/include/snes-sprite.inc(5)
    enemy.o                   ../../Tools/cc65-sfclib/include/snes-sprite.inc(5)
    hero.o                    ../../Tools/cc65-sfclib/include/snes-sprite.inc(5)
padFirstPushData1 (pad.o):
padFirstPushDataHigh1 (pad.o):
padFirstPushDataLow1 (pad.o):
    hero.o                    ../../Tools/cc65-sfclib/include/snes-pad.inc(9)
padPushData1 (pad.o):
    main.o                    ../../Tools/cc65-sfclib/include/snes-pad.inc(4)
padPushData2 (pad.o):
padPushData3 (pad.o):
padPushData4 (pad.o):
padPushDataHigh1 (pad.o):
padPushDataHigh2 (pad.o):
padPushDataHigh3 (pad.o):
padPushDataHigh4 (pad.o):
padPushDataLow1 (pad.o):
    hero.o                    ../../Tools/cc65-sfclib/include/snes-pad.inc(9)
padPushDataLow2 (pad.o):
padPushDataLow3 (pad.o):
padPushDataLow4 (pad.o):
padReleaseData1 (pad.o):
padReleaseData2 (pad.o):
padReleaseData3 (pad.o):
padReleaseData4 (pad.o):
padReleaseDataHigh1 (pad.o):
padReleaseDataHigh2 (pad.o):
padReleaseDataHigh3 (pad.o):
padReleaseDataHigh4 (pad.o):
padReleaseDataLow1 (pad.o):
    hero.o                    ../../Tools/cc65-sfclib/include/snes-pad.inc(9)
padReleaseDataLow2 (pad.o):
padReleaseDataLow3 (pad.o):
padReleaseDataLow4 (pad.o):
processEvents (event.o):
    main.o                    ../../Tools/cc65-sfclib/include/snes-event.inc(4)
reactEnemy (enemy.o):
    main.o                    includes/enemy.inc(6)
reactEnemyGrab (enemy.o):
reactHero (hero.o):
    main.o                    includes/hero.inc(5)
readPad1 (pad.o):
    main.o                    ../../Tools/cc65-sfclib/include/snes-pad.inc(2)
readPad2 (pad.o):
readPad3 (pad.o):
readPad4 (pad.o):
removeEvent (event.o):
scoreEvent (score.o):
scoreMapData (score.o):
scorePlayer1 (score.o):
scrollDirection (level.o):
    enemy.o                   includes/level.inc(5)
    hero.o                    includes/level.inc(5)
scrollLevel (level.o):
    hero.o                    includes/level.inc(2)
scrollValue (level.o):
setEnemyOAM (enemy.o):
setEnergyPlayer (score.o):
    enemy.o                   includes/score.inc(5)
setHeroOAM (hero.o):
setLiveCounter (score.o):
    hero.o                    includes/score.inc(6)
setMirrorSpriteMode (hero.o):
setNormalSpriteMode (hero.o):
setShakingFlag (hero.o):
splashScreen (main.o):
spriteCounter (hero.o):
    enemy.o                   enemy.asm(26)
timeCounter (score.o):
transferHeroSpriteDataEvent (hero.o):
    main.o                    includes/hero.inc(4)
updateEnergyPlayer (score.o):
    enemy.o                   includes/score.inc(3)
updateScorePlayer1 (score.o):
    hit.o                     includes/score.inc(8)
updateScorePlayer2 (score.o):
updateScoreTop (score.o):
updateTime (score.o):
    main.o                    includes/score.inc(2)
writeNumberToScoreMap (score.o):

