Modules list:
-------------
main.o:
    CODE              Offs=000000  Size=000606  Align=00001  Fill=0000
    RODATA            Offs=000000  Size=000008  Align=00001  Fill=0000
    BSS               Offs=000000  Size=000005  Align=00001  Fill=0000
    DATA              Offs=000000  Size=000000  Align=00001  Fill=0000
    ZEROPAGE          Offs=000000  Size=000002  Align=00001  Fill=0000
    NULL              Offs=000000  Size=000000  Align=00001  Fill=0000
    BANK1             Offs=000000  Size=0053E0  Align=00001  Fill=0000
level.o:
    CODE              Offs=000606  Size=000263  Align=00001  Fill=0000
    RODATA            Offs=000008  Size=000082  Align=00001  Fill=0000
    BSS               Offs=000005  Size=000009  Align=00001  Fill=0000
    DATA              Offs=000000  Size=000000  Align=00001  Fill=0000
    ZEROPAGE          Offs=000002  Size=000000  Align=00001  Fill=0000
    NULL              Offs=000000  Size=000000  Align=00001  Fill=0000
    BANK4             Offs=000000  Size=0054A0  Align=00001  Fill=0000
score.o:
    CODE              Offs=000869  Size=000312  Align=00001  Fill=0000
    RODATA            Offs=00008A  Size=000000  Align=00001  Fill=0000
    BSS               Offs=00000E  Size=0000D3  Align=00001  Fill=0000
    DATA              Offs=000000  Size=000000  Align=00001  Fill=0000
    ZEROPAGE          Offs=000002  Size=000000  Align=00001  Fill=0000
    NULL              Offs=000000  Size=000000  Align=00001  Fill=0000
    BANK4             Offs=0054A0  Size=001600  Align=00001  Fill=0000
hero.o:
    CODE              Offs=000B7B  Size=00051B  Align=00001  Fill=0000
    RODATA            Offs=00008A  Size=000000  Align=00001  Fill=0000
    BSS               Offs=0000E1  Size=000007  Align=00001  Fill=0000
    DATA              Offs=000000  Size=000000  Align=00001  Fill=0000
    ZEROPAGE          Offs=000002  Size=00000B  Align=00001  Fill=0000
    NULL              Offs=000000  Size=000000  Align=00001  Fill=0000
    BANK2             Offs=000000  Size=0070A4  Align=00001  Fill=0000
enemy.o:
    CODE              Offs=001096  Size=00067F  Align=00001  Fill=0000
    RODATA            Offs=00008A  Size=000004  Align=00001  Fill=0000
    BSS               Offs=0000E8  Size=0000AC  Align=00001  Fill=0000
    DATA              Offs=000000  Size=000000  Align=00001  Fill=0000
    ZEROPAGE          Offs=00000D  Size=000008  Align=00001  Fill=0000
    NULL              Offs=000000  Size=000000  Align=00001  Fill=0000
    BANK1             Offs=0053E0  Size=00222F  Align=00001  Fill=0000
    BANK3             Offs=000000  Size=008000  Align=00001  Fill=0000
enemyStrategy.o:
    CODE              Offs=001715  Size=000038  Align=00001  Fill=0000
    RODATA            Offs=00008E  Size=000000  Align=00001  Fill=0000
    BSS               Offs=000194  Size=000002  Align=00001  Fill=0000
    DATA              Offs=000000  Size=000000  Align=00001  Fill=0000
    ZEROPAGE          Offs=000015  Size=000000  Align=00001  Fill=0000
    NULL              Offs=000000  Size=000000  Align=00001  Fill=0000
hit.o:
    CODE              Offs=00174D  Size=0000DD  Align=00001  Fill=0000
    RODATA            Offs=00008E  Size=000018  Align=00001  Fill=0000
    BSS               Offs=000196  Size=00005D  Align=00001  Fill=0000
    DATA              Offs=000000  Size=000000  Align=00001  Fill=0000
    ZEROPAGE          Offs=000015  Size=000000  Align=00001  Fill=0000
    NULL              Offs=000000  Size=000000  Align=00001  Fill=0000
snesgss.o:
    CODE              Offs=00182A  Size=0001F3  Align=00001  Fill=0000
    RODATA            Offs=0000A6  Size=00000A  Align=00001  Fill=0000
    BSS               Offs=0001F3  Size=000000  Align=00001  Fill=0000
    DATA              Offs=000000  Size=000000  Align=00001  Fill=0000
    ZEROPAGE          Offs=000015  Size=000019  Align=00001  Fill=0000
    NULL              Offs=000000  Size=000000  Align=00001  Fill=0000
    BANK7             Offs=000000  Size=003379  Align=00001  Fill=0000
font.o:
    CODE              Offs=001A1D  Size=000177  Align=00001  Fill=0000
    RODATA            Offs=0000B0  Size=000000  Align=00001  Fill=0000
    BSS               Offs=0001F3  Size=000008  Align=00001  Fill=0000
    DATA              Offs=000000  Size=000000  Align=00001  Fill=0000
    ZEROPAGE          Offs=00002E  Size=000000  Align=00001  Fill=0000
    NULL              Offs=000000  Size=000000  Align=00001  Fill=0000
    BANK4             Offs=006AA0  Size=000860  Align=00001  Fill=0000
state.o:
    CODE              Offs=001B94  Size=000000  Align=00001  Fill=0000
    RODATA            Offs=0000B0  Size=000000  Align=00001  Fill=0000
    BSS               Offs=0001FB  Size=000000  Align=00001  Fill=0000
    DATA              Offs=000000  Size=000000  Align=00001  Fill=0000
    ZEROPAGE          Offs=00002E  Size=000000  Align=00001  Fill=0000
    NULL              Offs=000000  Size=000000  Align=00001  Fill=0000
../../Tools/cc65-sfclib/bin/sfc.lib(crt0.o):
    CODE              Offs=001B94  Size=000000  Align=00001  Fill=0000
    RODATA            Offs=0000B0  Size=000000  Align=00001  Fill=0000
    BSS               Offs=0001FB  Size=000000  Align=00001  Fill=0000
    DATA              Offs=000000  Size=000000  Align=00001  Fill=0000
    ZEROPAGE          Offs=00002E  Size=000000  Align=00001  Fill=0000
    NULL              Offs=000000  Size=000000  Align=00001  Fill=0000
    STARTUP           Offs=000000  Size=000047  Align=00001  Fill=0000
    ROMINFO           Offs=000000  Size=000030  Align=00001  Fill=0000
    VECTORS           Offs=000000  Size=00001C  Align=00001  Fill=0000
../../Tools/cc65-sfclib/bin/sfc.lib(init.o):
    CODE              Offs=001B94  Size=0000F3  Align=00001  Fill=0000
    RODATA            Offs=0000B0  Size=000000  Align=00001  Fill=0000
    BSS               Offs=0001FB  Size=000000  Align=00001  Fill=0000
    DATA              Offs=000000  Size=000000  Align=00001  Fill=0000
    ZEROPAGE          Offs=00002E  Size=000000  Align=00001  Fill=0000
    NULL              Offs=000000  Size=000000  Align=00001  Fill=0000
../../Tools/cc65-sfclib/bin/sfc.lib(event.o):
    CODE              Offs=001C87  Size=0000D1  Align=00001  Fill=0000
    RODATA            Offs=0000B0  Size=000000  Align=00001  Fill=0000
    BSS               Offs=0001FB  Size=000083  Align=00001  Fill=0000
    DATA              Offs=000000  Size=000000  Align=00001  Fill=0000
    ZEROPAGE          Offs=00002E  Size=000000  Align=00001  Fill=0000
    NULL              Offs=000000  Size=000000  Align=00001  Fill=0000
../../Tools/cc65-sfclib/bin/sfc.lib(pad.o):
    CODE              Offs=001D58  Size=000139  Align=00001  Fill=0000
    RODATA            Offs=0000B0  Size=000000  Align=00001  Fill=0000
    BSS               Offs=00027E  Size=000012  Align=00001  Fill=0000
    DATA              Offs=000000  Size=000000  Align=00001  Fill=0000
    ZEROPAGE          Offs=00002E  Size=000000  Align=00001  Fill=0000
    NULL              Offs=000000  Size=000000  Align=00001  Fill=0000
../../Tools/cc65-sfclib/bin/sfc.lib(sprite.o):
    CODE              Offs=001E91  Size=000074  Align=00001  Fill=0000
    RODATA            Offs=0000B0  Size=000000  Align=00001  Fill=0000
    BSS               Offs=000290  Size=000221  Align=00001  Fill=0000
    DATA              Offs=000000  Size=000000  Align=00001  Fill=0000
    ZEROPAGE          Offs=00002E  Size=000000  Align=00001  Fill=0000
    NULL              Offs=000000  Size=000000  Align=00001  Fill=0000


Segment list:
-------------
Name                   Start     End    Size  Align
----------------------------------------------------
DATA                  000000  000000  000000  00001
NULL                  000000  000000  000000  00001
ZEROPAGE              000000  00002D  00002E  00001
BSS                   000200  0006B0  0004B1  00001
ROMINFO               00FFB0  00FFDF  000030  00001
VECTORS               00FFE4  00FFFF  00001C  00001
STARTUP               808000  808046  000047  00001
CODE                  808047  809F4B  001F05  00001
RODATA                809F4C  809FFB  0000B0  00001
BANK1                 818000  81F60E  00760F  00001
BANK2                 828000  82F0A3  0070A4  00001
BANK3                 838000  83FFFF  008000  00001
BANK4                 848000  84F2FF  007300  00001
BANK7                 878000  87B378  003379  00001


Exports list by name:
---------------------
EnemyArrayAnimAddress     0002E9  LA    EnemyArrayAnimFrameCounter 00035A  LA    
EnemyArrayAnimFrameIndex  00033E  LA    EnemyArrayFlag            000377  LA    
EnemyArrayOAMSlotOffset   000305  LA    EnemyArrayOffsetFramecounter 00035B  LA    
EnemyArrayXOffset         000321 RLA    EnemyArrayYOffset         00033D RLA    
EnemyCurrentArrayIndexByte 00000F  LZ    EnemyCurrentArrayIndexWord 000011  LZ    
EnemyCurrentXOffset       000014  LZ    EnemyCurrentYOffset       000013  LZ    
EnemyTempXOffsetHigh      0002E8  LA    OAMDataUpdated            809F3E RLA    
SPC700_Driver             878000  LA    SPC700_Driver_Size        809FF2  LA    
Song_Bank_Table           809FF6  LA    Song_Dst_Pointer          809FF4  LA    
Song_Offset_Table         809FF8  LA    Song_Size_Table           809FFA  LA    
_IRQHandler               808542 RLA    _NMIHandler               80856F RLA    
__ROMINFO_FILEOFFS__      007FB0  EA    __ROMINFO_LAST__          00FFE0  LA    
__ROMINFO_SIZE__          000034  EA    __ROMINFO_START__         00FFB0  LA    
__STARTUP__               000001 REA    __VECTORS_FILEOFFS__      007FE4  EA    
__VECTORS_LAST__          010000  LA    __VECTORS_SIZE__          00001C  EA    
__VECTORS_START__         00FFE4  LA    _main                     808047 RLA    
_preInit                  808576 RLA    addEnemy                  80926E RLA    
addEvent                  809CFA RLA    animEnemy                 809493  LA    
animHero                  808CFA  LA    animInProgress            000002  LZ    
clearEnemy                8092F3  LA    clearHeroSprite           808C31  LA    
clearOAM                  809ED8 RLA    copyOAM                   809F07 RLA    
doUpdateScore             0002CE  LA    enemyFallAnimAddress      81F48C  LA    
enemyFallYOffset          81F450  LA    enemyGrabFall             8096CC  LA    
enemyStrategyGrab         809767 RLA    enemyStrategyInit         80975C RLA    
energyPlayer              0002D9 RLA    eventsTable               0003FB  LA    
fallHero                  809043  LA    findEmptySlotEnemy        8092D1 RLA    
fontTiles                 84EAA0 RLA    getEventCounter           809D93 RLA    
grabbingFall1             81F58D  LA    grabbingGrab              81F5E3  LA    
grabbingHitHighFall       81F5F1  LA    grabbingHitLowFall        81F605  LA    
grabbingHitMidFall        81F5FB  LA    grabbingShakeFall         81F5E7  LA    
grabbingWalk              81F5C9  LA    grabbingWalk1             81F494  LA    
grabbingWalk2             81F4A9  LA    gss_channels              000028  LZ    
gss_channelsVolume        000029  LZ    gss_init                  809871 RLA    
gss_pauseTrack            80993D  LA    gss_playSfx               8098EE  LA    
gss_playTrack             80989D RLA    gss_resumeTrack           809950  LA    
gss_setChannelsVolume     8099B8  LA    gss_setGlobalVolume       809999  LA    
gss_setMono               809986  LA    gss_setStereo             809973 RLA    
gss_sfxChannel            00002A  LZ    gss_sfxNumber             00002B  LZ    
gss_sfxPan                00002D  LZ    gss_sfxVolume             00002C  LZ    
gss_stopAll               809963  LA    gss_stopTrack             80992D  LA    
gss_trackNumber           000025  LZ    gss_volume                000026  LZ    
gss_volumeSpeed           000027  LZ    heroAnimInterruptCounter  000005  LZ    
heroDownKick2             82ED2C  LA    heroDownPunch1            82ED4D  LA    
heroDownPunch3            82ED86  LA    heroFlag                  00000C RLZ    
heroHitOffset             000009 RLZ    heroHitType               00000B RLZ    
heroHitZone               00000A RLZ    heroStandKick2            82EDC7  LA    
heroTransferAddr          0002E6  LA    heroXOffset               000007 RLZ    
highByte                  81F420  LA    hitAdd                    8097A9 RLA    
hitInit                   809794 RLA    hitProcess                80983E RLA    
hitRemove                 809825  LA    initEnemySprite           8090DD RLA    
initEvents                809CCE RLA    initFont                  809B16 RLA    
initHeroSprite            808BC2 RLA    initLevel                 80864D RLA    
initPad                   809D9F RLA    initScore                 8088B0 RLA    
initSnes                  809BDB RLA    letterGreyPal             84F2C0 RLA    
letterIntroString         809A64 RLA    letterRedPal              84F2E0 RLA    
livesCounter              0002DD RLA    oamData                   000490 RLA    
padFirstPushData1         000480  LA    padFirstPushDataHigh1     000481  LA    
padFirstPushDataLow1      000480 RLA    padPushData1              00047E RLA    
padPushData2              000484  LA    padPushData3              000488  LA    
padPushData4              00048C  LA    padPushDataHigh1          00047F  LA    
padPushDataHigh2          000485  LA    padPushDataHigh3          000488  LA    
padPushDataHigh4          00048C  LA    padPushDataLow1           00047E RLA    
padPushDataLow2           000484  LA    padPushDataLow3           000489  LA    
padPushDataLow4           00048D  LA    padReleaseData1           000482  LA    
padReleaseData2           000486  LA    padReleaseData3           00048A  LA    
padReleaseData4           00048E  LA    padReleaseDataHigh1       000483  LA    
padReleaseDataHigh2       000487  LA    padReleaseDataHigh3       00048A  LA    
padReleaseDataHigh4       00048E  LA    padReleaseDataLow1        000482 RLA    
padReleaseDataLow2        000486  LA    padReleaseDataLow3        00048B  LA    
padReleaseDataLow4        00048F  LA    processEvents             809D29 RLA    
reactEnemy                8094F7 RLA    reactEnemyGrab            80953A  LA    
reactHero                 808E44 RLA    readPad1                  809DE0 RLA    
readPad2                  809E1E  LA    readPad3                  809E5C  LA    
readPad4                  809E9A  LA    removeEvent               809D7C RLA    
scoreEvent                808B31  LA    scoreMapData              00020E  LA    
scorePlayer1              0002D0  LA    scrollDirection           00020B RLA    
scrollLevel               808744 RLA    scrollValue               000209  LA    
setEnemyOAM               80931D  LA    setEnergyPlayer           808A40 RLA    
setFontCursorPosition     809B32 RLA    setHeroOAM                808C52  LA    
setLiveCounter            808B0C RLA    setMirrorSpriteMode       808E32  LA    
setNormalSpriteMode       808E3B  LA    setShakingFlag            8090B8  LA    
spc_command               809A3E  LA    spc_load_data             8099D7  LA    
splashScreen              80858D  LA    spriteCounter             0002E1 RLA    
timeCounter               0002DB  LA    transferHeroSpriteDataEvent 808DDF RLA    
updateEnergyPlayer        808A33 RLA    updateScorePlayer1        8089B6 RLA    
updateScorePlayer2        8089E5  LA    updateScoreTop            808A14  LA    
updateTime                808AD7 RLA    writeFontString           809B63 RLA    
writeNumberToScoreMap     808B79  LA    


Exports list by value:
----------------------
__STARTUP__               000001 REA    animInProgress            000002  LZ    
heroAnimInterruptCounter  000005  LZ    heroXOffset               000007 RLZ    
heroHitOffset             000009 RLZ    heroHitZone               00000A RLZ    
heroHitType               00000B RLZ    heroFlag                  00000C RLZ    
EnemyCurrentArrayIndexByte 00000F  LZ    EnemyCurrentArrayIndexWord 000011  LZ    
EnemyCurrentYOffset       000013  LZ    EnemyCurrentXOffset       000014  LZ    
__VECTORS_SIZE__          00001C  EA    gss_trackNumber           000025  LZ    
gss_volume                000026  LZ    gss_volumeSpeed           000027  LZ    
gss_channels              000028  LZ    gss_channelsVolume        000029  LZ    
gss_sfxChannel            00002A  LZ    gss_sfxNumber             00002B  LZ    
gss_sfxVolume             00002C  LZ    gss_sfxPan                00002D  LZ    
__ROMINFO_SIZE__          000034  EA    scrollValue               000209  LA    
scrollDirection           00020B RLA    scoreMapData              00020E  LA    
doUpdateScore             0002CE  LA    scorePlayer1              0002D0  LA    
energyPlayer              0002D9 RLA    timeCounter               0002DB  LA    
livesCounter              0002DD RLA    spriteCounter             0002E1 RLA    
heroTransferAddr          0002E6  LA    EnemyTempXOffsetHigh      0002E8  LA    
EnemyArrayAnimAddress     0002E9  LA    EnemyArrayOAMSlotOffset   000305  LA    
EnemyArrayXOffset         000321 RLA    EnemyArrayYOffset         00033D RLA    
EnemyArrayAnimFrameIndex  00033E  LA    EnemyArrayAnimFrameCounter 00035A  LA    
EnemyArrayOffsetFramecounter 00035B  LA    EnemyArrayFlag            000377  LA    
eventsTable               0003FB  LA    padPushData1              00047E RLA    
padPushDataLow1           00047E RLA    padPushDataHigh1          00047F  LA    
padFirstPushData1         000480  LA    padFirstPushDataLow1      000480 RLA    
padFirstPushDataHigh1     000481  LA    padReleaseDataLow1        000482 RLA    
padReleaseData1           000482  LA    padReleaseDataHigh1       000483  LA    
padPushData2              000484  LA    padPushDataLow2           000484  LA    
padPushDataHigh2          000485  LA    padReleaseDataLow2        000486  LA    
padReleaseData2           000486  LA    padReleaseDataHigh2       000487  LA    
padPushData3              000488  LA    padPushDataHigh3          000488  LA    
padPushDataLow3           000489  LA    padReleaseDataHigh3       00048A  LA    
padReleaseData3           00048A  LA    padReleaseDataLow3        00048B  LA    
padPushDataHigh4          00048C  LA    padPushData4              00048C  LA    
padPushDataLow4           00048D  LA    padReleaseData4           00048E  LA    
padReleaseDataHigh4       00048E  LA    padReleaseDataLow4        00048F  LA    
oamData                   000490 RLA    __ROMINFO_FILEOFFS__      007FB0  EA    
__VECTORS_FILEOFFS__      007FE4  EA    __ROMINFO_START__         00FFB0  LA    
__ROMINFO_LAST__          00FFE0  LA    __VECTORS_START__         00FFE4  LA    
__VECTORS_LAST__          010000  LA    _main                     808047 RLA    
_IRQHandler               808542 RLA    _NMIHandler               80856F RLA    
_preInit                  808576 RLA    splashScreen              80858D  LA    
initLevel                 80864D RLA    scrollLevel               808744 RLA    
initScore                 8088B0 RLA    updateScorePlayer1        8089B6 RLA    
updateScorePlayer2        8089E5  LA    updateScoreTop            808A14  LA    
updateEnergyPlayer        808A33 RLA    setEnergyPlayer           808A40 RLA    
updateTime                808AD7 RLA    setLiveCounter            808B0C RLA    
scoreEvent                808B31  LA    writeNumberToScoreMap     808B79  LA    
initHeroSprite            808BC2 RLA    clearHeroSprite           808C31  LA    
setHeroOAM                808C52  LA    animHero                  808CFA  LA    
transferHeroSpriteDataEvent 808DDF RLA    setMirrorSpriteMode       808E32  LA    
setNormalSpriteMode       808E3B  LA    reactHero                 808E44 RLA    
fallHero                  809043  LA    setShakingFlag            8090B8  LA    
initEnemySprite           8090DD RLA    addEnemy                  80926E RLA    
findEmptySlotEnemy        8092D1 RLA    clearEnemy                8092F3  LA    
setEnemyOAM               80931D  LA    animEnemy                 809493  LA    
reactEnemy                8094F7 RLA    reactEnemyGrab            80953A  LA    
enemyGrabFall             8096CC  LA    enemyStrategyInit         80975C RLA    
enemyStrategyGrab         809767 RLA    hitInit                   809794 RLA    
hitAdd                    8097A9 RLA    hitRemove                 809825  LA    
hitProcess                80983E RLA    gss_init                  809871 RLA    
gss_playTrack             80989D RLA    gss_playSfx               8098EE  LA    
gss_stopTrack             80992D  LA    gss_pauseTrack            80993D  LA    
gss_resumeTrack           809950  LA    gss_stopAll               809963  LA    
gss_setStereo             809973 RLA    gss_setMono               809986  LA    
gss_setGlobalVolume       809999  LA    gss_setChannelsVolume     8099B8  LA    
spc_load_data             8099D7  LA    spc_command               809A3E  LA    
letterIntroString         809A64 RLA    initFont                  809B16 RLA    
setFontCursorPosition     809B32 RLA    writeFontString           809B63 RLA    
initSnes                  809BDB RLA    initEvents                809CCE RLA    
addEvent                  809CFA RLA    processEvents             809D29 RLA    
removeEvent               809D7C RLA    getEventCounter           809D93 RLA    
initPad                   809D9F RLA    readPad1                  809DE0 RLA    
readPad2                  809E1E  LA    readPad3                  809E5C  LA    
readPad4                  809E9A  LA    clearOAM                  809ED8 RLA    
copyOAM                   809F07 RLA    OAMDataUpdated            809F3E RLA    
SPC700_Driver_Size        809FF2  LA    Song_Dst_Pointer          809FF4  LA    
Song_Bank_Table           809FF6  LA    Song_Offset_Table         809FF8  LA    
Song_Size_Table           809FFA  LA    highByte                  81F420  LA    
enemyFallYOffset          81F450  LA    enemyFallAnimAddress      81F48C  LA    
grabbingWalk1             81F494  LA    grabbingWalk2             81F4A9  LA    
grabbingFall1             81F58D  LA    grabbingWalk              81F5C9  LA    
grabbingGrab              81F5E3  LA    grabbingShakeFall         81F5E7  LA    
grabbingHitHighFall       81F5F1  LA    grabbingHitMidFall        81F5FB  LA    
grabbingHitLowFall        81F605  LA    heroDownKick2             82ED2C  LA    
heroDownPunch1            82ED4D  LA    heroDownPunch3            82ED86  LA    
heroStandKick2            82EDC7  LA    fontTiles                 84EAA0 RLA    
letterGreyPal             84F2C0 RLA    letterRedPal              84F2E0 RLA    
SPC700_Driver             878000  LA    


Imports list:
-------------
EnemyArrayAnimAddress (enemy.o):
EnemyArrayAnimFrameCounter (enemy.o):
EnemyArrayAnimFrameIndex (enemy.o):
EnemyArrayFlag (enemy.o):
EnemyArrayOAMSlotOffset (enemy.o):
EnemyArrayOffsetFramecounter (enemy.o):
EnemyArrayXOffset (enemy.o):
    hit.o                     includes/enemy.inc(9)
EnemyArrayYOffset (enemy.o):
    hit.o                     includes/enemy.inc(10)
EnemyCurrentArrayIndexByte (enemy.o):
EnemyCurrentArrayIndexWord (enemy.o):
EnemyCurrentXOffset (enemy.o):
EnemyCurrentYOffset (enemy.o):
EnemyTempXOffsetHigh (enemy.o):
OAMDataUpdated (sprite.o):
    hit.o                     ../../Tools/cc65-sfclib/include/snes-sprite.inc(3)
    enemy.o                   ../../Tools/cc65-sfclib/include/snes-sprite.inc(3)
    hero.o                    ../../Tools/cc65-sfclib/include/snes-sprite.inc(3)
SPC700_Driver (snesgss.o):
SPC700_Driver_Size (snesgss.o):
Song_Bank_Table (snesgss.o):
Song_Dst_Pointer (snesgss.o):
Song_Offset_Table (snesgss.o):
Song_Size_Table (snesgss.o):
_IRQHandler (main.o):
    crt0.o                    src/crt0.asm(13)
_NMIHandler (main.o):
    crt0.o                    src/crt0.asm(13)
__ROMINFO_FILEOFFS__ ([linker generated]):
__ROMINFO_LAST__ ([linker generated]):
__ROMINFO_SIZE__ ([linker generated]):
__ROMINFO_START__ ([linker generated]):
__STARTUP__ (crt0.o):
    main.o                    main.asm(25)
__VECTORS_FILEOFFS__ ([linker generated]):
__VECTORS_LAST__ ([linker generated]):
__VECTORS_SIZE__ ([linker generated]):
__VECTORS_START__ ([linker generated]):
_main (main.o):
    crt0.o                    src/crt0.asm(11)
_preInit (main.o):
    crt0.o                    src/crt0.asm(12)
addEnemy (enemy.o):
    enemyStrategy.o           includes/enemy.inc(7)
addEvent (event.o):
    score.o                   ../../Tools/cc65-sfclib/include/snes-event.inc(2)
    level.o                   ../../Tools/cc65-sfclib/include/snes-event.inc(2)
    main.o                    ../../Tools/cc65-sfclib/include/snes-event.inc(2)
animEnemy (enemy.o):
animHero (hero.o):
animInProgress (hero.o):
clearEnemy (enemy.o):
clearHeroSprite (hero.o):
clearOAM (sprite.o):
    hero.o                    ../../Tools/cc65-sfclib/include/snes-sprite.inc(1)
copyOAM (sprite.o):
    main.o                    ../../Tools/cc65-sfclib/include/snes-sprite.inc(2)
doUpdateScore (score.o):
enemyFallAnimAddress (enemy.o):
enemyFallYOffset (enemy.o):
enemyGrabFall (enemy.o):
enemyStrategyGrab (enemyStrategy.o):
    main.o                    includes/enemyStrategy.inc(6)
enemyStrategyInit (enemyStrategy.o):
    main.o                    includes/enemyStrategy.inc(5)
energyPlayer (score.o):
    hero.o                    includes/score.inc(4)
eventsTable (event.o):
fallHero (hero.o):
findEmptySlotEnemy (enemy.o):
    enemyStrategy.o           includes/enemy.inc(8)
fontTiles (font.o):
    main.o                    includes/font.inc(6)
getEventCounter (event.o):
    score.o                   ../../Tools/cc65-sfclib/include/snes-event.inc(5)
grabbingFall1 (enemy.o):
grabbingGrab (enemy.o):
grabbingHitHighFall (enemy.o):
grabbingHitLowFall (enemy.o):
grabbingHitMidFall (enemy.o):
grabbingShakeFall (enemy.o):
grabbingWalk (enemy.o):
grabbingWalk1 (enemy.o):
grabbingWalk2 (enemy.o):
gss_channels (snesgss.o):
gss_channelsVolume (snesgss.o):
gss_init (snesgss.o):
    main.o                    includes/snesgss.inc(1)
gss_pauseTrack (snesgss.o):
gss_playSfx (snesgss.o):
gss_playTrack (snesgss.o):
    main.o                    includes/snesgss.inc(3)
gss_resumeTrack (snesgss.o):
gss_setChannelsVolume (snesgss.o):
gss_setGlobalVolume (snesgss.o):
gss_setMono (snesgss.o):
gss_setStereo (snesgss.o):
    main.o                    includes/snesgss.inc(8)
gss_sfxChannel (snesgss.o):
gss_sfxNumber (snesgss.o):
gss_sfxPan (snesgss.o):
gss_sfxVolume (snesgss.o):
gss_stopAll (snesgss.o):
gss_stopTrack (snesgss.o):
gss_trackNumber (snesgss.o):
gss_volume (snesgss.o):
gss_volumeSpeed (snesgss.o):
heroAnimInterruptCounter (hero.o):
heroDownKick2 (hero.o):
heroDownPunch1 (hero.o):
heroDownPunch3 (hero.o):
heroFlag (hero.o):
    enemy.o                   includes/hero.inc(7)
heroHitOffset (hero.o):
    enemy.o                   includes/hero.inc(8)
heroHitType (hero.o):
    hit.o                     includes/hero.inc(10)
heroHitZone (hero.o):
    enemy.o                   includes/hero.inc(9)
heroStandKick2 (hero.o):
heroTransferAddr (hero.o):
heroXOffset (hero.o):
    enemy.o                   includes/hero.inc(6)
highByte (enemy.o):
hitAdd (hit.o):
    enemy.o                   includes/hit.inc(2)
hitInit (hit.o):
    main.o                    includes/hit.inc(1)
hitProcess (hit.o):
    main.o                    includes/hit.inc(3)
hitRemove (hit.o):
initEnemySprite (enemy.o):
    main.o                    includes/enemy.inc(5)
initEvents (event.o):
    main.o                    ../../Tools/cc65-sfclib/include/snes-event.inc(1)
initFont (font.o):
    main.o                    includes/font.inc(1)
initHeroSprite (hero.o):
    main.o                    includes/hero.inc(3)
initLevel (level.o):
    main.o                    includes/level.inc(1)
initPad (pad.o):
    main.o                    ../../Tools/cc65-sfclib/include/snes-pad.inc(1)
initScore (score.o):
    main.o                    includes/score.inc(1)
initSnes (init.o):
    crt0.o                    src/crt0.asm(15)
letterGreyPal (font.o):
    main.o                    includes/font.inc(7)
letterIntroString (font.o):
    main.o                    includes/font.inc(5)
letterRedPal (font.o):
    main.o                    includes/font.inc(8)
livesCounter (score.o):
    hero.o                    includes/score.inc(7)
oamData (sprite.o):
    hit.o                     ../../Tools/cc65-sfclib/include/snes-sprite.inc(5)
    enemy.o                   ../../Tools/cc65-sfclib/include/snes-sprite.inc(5)
    hero.o                    ../../Tools/cc65-sfclib/include/snes-sprite.inc(5)
padFirstPushData1 (pad.o):
padFirstPushDataHigh1 (pad.o):
padFirstPushDataLow1 (pad.o):
    hero.o                    ../../Tools/cc65-sfclib/include/snes-pad.inc(9)
padPushData1 (pad.o):
    main.o                    ../../Tools/cc65-sfclib/include/snes-pad.inc(4)
padPushData2 (pad.o):
padPushData3 (pad.o):
padPushData4 (pad.o):
padPushDataHigh1 (pad.o):
padPushDataHigh2 (pad.o):
padPushDataHigh3 (pad.o):
padPushDataHigh4 (pad.o):
padPushDataLow1 (pad.o):
    hero.o                    ../../Tools/cc65-sfclib/include/snes-pad.inc(9)
padPushDataLow2 (pad.o):
padPushDataLow3 (pad.o):
padPushDataLow4 (pad.o):
padReleaseData1 (pad.o):
padReleaseData2 (pad.o):
padReleaseData3 (pad.o):
padReleaseData4 (pad.o):
padReleaseDataHigh1 (pad.o):
padReleaseDataHigh2 (pad.o):
padReleaseDataHigh3 (pad.o):
padReleaseDataHigh4 (pad.o):
padReleaseDataLow1 (pad.o):
    hero.o                    ../../Tools/cc65-sfclib/include/snes-pad.inc(9)
padReleaseDataLow2 (pad.o):
padReleaseDataLow3 (pad.o):
padReleaseDataLow4 (pad.o):
processEvents (event.o):
    main.o                    ../../Tools/cc65-sfclib/include/snes-event.inc(4)
reactEnemy (enemy.o):
    main.o                    includes/enemy.inc(6)
reactEnemyGrab (enemy.o):
reactHero (hero.o):
    main.o                    includes/hero.inc(5)
readPad1 (pad.o):
    main.o                    ../../Tools/cc65-sfclib/include/snes-pad.inc(2)
readPad2 (pad.o):
readPad3 (pad.o):
readPad4 (pad.o):
removeEvent (event.o):
    main.o                    ../../Tools/cc65-sfclib/include/snes-event.inc(3)
scoreEvent (score.o):
scoreMapData (score.o):
scorePlayer1 (score.o):
scrollDirection (level.o):
    enemy.o                   includes/level.inc(5)
    hero.o                    includes/level.inc(5)
scrollLevel (level.o):
    hero.o                    includes/level.inc(2)
scrollValue (level.o):
setEnemyOAM (enemy.o):
setEnergyPlayer (score.o):
    enemy.o                   includes/score.inc(5)
setFontCursorPosition (font.o):
    main.o                    includes/font.inc(2)
setHeroOAM (hero.o):
setLiveCounter (score.o):
    hero.o                    includes/score.inc(6)
setMirrorSpriteMode (hero.o):
setNormalSpriteMode (hero.o):
setShakingFlag (hero.o):
spc_command (snesgss.o):
spc_load_data (snesgss.o):
splashScreen (main.o):
spriteCounter (hero.o):
    enemy.o                   enemy.asm(26)
timeCounter (score.o):
transferHeroSpriteDataEvent (hero.o):
    main.o                    includes/hero.inc(4)
updateEnergyPlayer (score.o):
    enemy.o                   includes/score.inc(3)
updateScorePlayer1 (score.o):
    hit.o                     includes/score.inc(8)
updateScorePlayer2 (score.o):
updateScoreTop (score.o):
updateTime (score.o):
    main.o                    includes/score.inc(2)
writeFontString (font.o):
    main.o                    includes/font.inc(3)
writeNumberToScoreMap (score.o):

