Modules list:
-------------
main.o:
    CODE              Offs=000000  Size=0003A9  Align=00001  Fill=0000
    RODATA            Offs=000000  Size=000000  Align=00001  Fill=0000
    BSS               Offs=000000  Size=000005  Align=00001  Fill=0000
    DATA              Offs=000000  Size=000000  Align=00001  Fill=0000
    ZEROPAGE          Offs=000000  Size=000000  Align=00001  Fill=0000
    NULL              Offs=000000  Size=000000  Align=00001  Fill=0000
    BANK1             Offs=000000  Size=003FC0  Align=00001  Fill=0000
level.o:
    CODE              Offs=0003A9  Size=0002CC  Align=00001  Fill=0000
    RODATA            Offs=000000  Size=000082  Align=00001  Fill=0000
    BSS               Offs=000005  Size=000009  Align=00001  Fill=0000
    DATA              Offs=000000  Size=000000  Align=00001  Fill=0000
    ZEROPAGE          Offs=000000  Size=000000  Align=00001  Fill=0000
    NULL              Offs=000000  Size=000000  Align=00001  Fill=0000
    BANK4             Offs=000000  Size=006180  Align=00001  Fill=0000
hero.o:
    CODE              Offs=000675  Size=00036C  Align=00001  Fill=0000
    RODATA            Offs=000082  Size=000000  Align=00001  Fill=0000
    BSS               Offs=00000E  Size=000009  Align=00001  Fill=0000
    DATA              Offs=000000  Size=000000  Align=00001  Fill=0000
    ZEROPAGE          Offs=000000  Size=000006  Align=00001  Fill=0000
    NULL              Offs=000000  Size=000000  Align=00001  Fill=0000
    BANK2             Offs=000000  Size=006FB4  Align=00001  Fill=0000
ennemy.o:
    CODE              Offs=0009E1  Size=000208  Align=00001  Fill=0000
    RODATA            Offs=000082  Size=000067  Align=00001  Fill=0000
    BSS               Offs=000017  Size=00005A  Align=00001  Fill=0000
    DATA              Offs=000000  Size=000000  Align=00001  Fill=0000
    ZEROPAGE          Offs=000006  Size=000000  Align=00001  Fill=0000
    NULL              Offs=000000  Size=000000  Align=00001  Fill=0000
    BANK1             Offs=003FC0  Size=000020  Align=00001  Fill=0000
    BANK3             Offs=000000  Size=008000  Align=00001  Fill=0000
/Users/lint/Dropbox/Snes/projects/Snes_Tools/cc65-sfclib/bin/sfc.lib(crt0.o):
    CODE              Offs=000BE9  Size=000000  Align=00001  Fill=0000
    RODATA            Offs=0000E9  Size=000000  Align=00001  Fill=0000
    BSS               Offs=000071  Size=000000  Align=00001  Fill=0000
    DATA              Offs=000000  Size=000000  Align=00001  Fill=0000
    ZEROPAGE          Offs=000006  Size=000000  Align=00001  Fill=0000
    NULL              Offs=000000  Size=000000  Align=00001  Fill=0000
    STARTUP           Offs=000000  Size=000039  Align=00001  Fill=0000
    ROMINFO           Offs=000000  Size=000030  Align=00001  Fill=0000
    VECTORS           Offs=000000  Size=00001C  Align=00001  Fill=0000
/Users/lint/Dropbox/Snes/projects/Snes_Tools/cc65-sfclib/bin/sfc.lib(init.o):
    CODE              Offs=000BE9  Size=0000F3  Align=00001  Fill=0000
    RODATA            Offs=0000E9  Size=000000  Align=00001  Fill=0000
    BSS               Offs=000071  Size=000000  Align=00001  Fill=0000
    DATA              Offs=000000  Size=000000  Align=00001  Fill=0000
    ZEROPAGE          Offs=000006  Size=000000  Align=00001  Fill=0000
    NULL              Offs=000000  Size=000000  Align=00001  Fill=0000
/Users/lint/Dropbox/Snes/projects/Snes_Tools/cc65-sfclib/bin/sfc.lib(event.o):
    CODE              Offs=000CDC  Size=0000C2  Align=00001  Fill=0000
    RODATA            Offs=0000E9  Size=000000  Align=00001  Fill=0000
    BSS               Offs=000071  Size=000083  Align=00001  Fill=0000
    DATA              Offs=000000  Size=000000  Align=00001  Fill=0000
    ZEROPAGE          Offs=000006  Size=000000  Align=00001  Fill=0000
    NULL              Offs=000000  Size=000000  Align=00001  Fill=0000
/Users/lint/Dropbox/Snes/projects/Snes_Tools/cc65-sfclib/bin/sfc.lib(pad.o):
    CODE              Offs=000D9E  Size=000136  Align=00001  Fill=0000
    RODATA            Offs=0000E9  Size=000000  Align=00001  Fill=0000
    BSS               Offs=0000F4  Size=000012  Align=00001  Fill=0000
    DATA              Offs=000000  Size=000000  Align=00001  Fill=0000
    ZEROPAGE          Offs=000006  Size=000000  Align=00001  Fill=0000
    NULL              Offs=000000  Size=000000  Align=00001  Fill=0000
/Users/lint/Dropbox/Snes/projects/Snes_Tools/cc65-sfclib/bin/sfc.lib(sprite.o):
    CODE              Offs=000ED4  Size=000074  Align=00001  Fill=0000
    RODATA            Offs=0000E9  Size=000000  Align=00001  Fill=0000
    BSS               Offs=000106  Size=000221  Align=00001  Fill=0000
    DATA              Offs=000000  Size=000000  Align=00001  Fill=0000
    ZEROPAGE          Offs=000006  Size=000000  Align=00001  Fill=0000
    NULL              Offs=000000  Size=000000  Align=00001  Fill=0000


Segment list:
-------------
Name                   Start     End    Size  Align
----------------------------------------------------
DATA                  000000  000000  000000  00001
NULL                  000000  000000  000000  00001
ZEROPAGE              000000  000005  000006  00001
BSS                   000200  000526  000327  00001
STARTUP               008000  008038  000039  00001
CODE                  008039  008F80  000F48  00001
RODATA                008F81  009069  0000E9  00001
ROMINFO               00FFB0  00FFDF  000030  00001
VECTORS               00FFE4  00FFFF  00001C  00001
BANK1                 018000  01BFDF  003FE0  00001
BANK2                 028000  02EFB3  006FB4  00001
BANK3                 038000  03FFFF  008000  00001
BANK4                 048000  04E17F  006180  00001


Exports list by name:
---------------------
OAMDataUpdated            008F73 RLA    _IRQHandler               00835D RLA    
_NMIHandler               00835E RLA    __ROMINFO_FILEOFFS__      007FB0  EA    
__ROMINFO_LAST__          00FFE0  LA    __ROMINFO_SIZE__          000034  EA    
__ROMINFO_START__         00FFB0  LA    __STARTUP__               000001 REA    
__VECTORS_FILEOFFS__      007FE4  EA    __VECTORS_LAST__          010000  LA    
__VECTORS_SIZE__          00001C  EA    __VECTORS_START__         00FFE4  LA    
_main                     008039 RLA    _preInit                  008365 RLA    
addEvent                  008D41 RLA    animationJumpFrameCounter 000211  LA    
clearOAM                  008F0D  LA    copyOAM                   008F3C RLA    
displayLevelLine          008670  LA    eventsTable               000271  LA    
heroYOffset               000003  LZ    initEnnemySprite          008A1A RLA    
initEvents                008D15 RLA    initHeroSprite            0086AE RLA    
initLevel                 0083E2 RLA    initPad                   008DD7 RLA    
initSnes                  008C22 RLA    oamData                   000306 RLA    
padFirstPushData1         0002F6  LA    padFirstPushDataHigh1     0002F7  LA    
padFirstPushDataLow1      0002F6 RLA    padPushData1              0002F4 RLA    
padPushData2              0002FA  LA    padPushData3              0002FE  LA    
padPushData4              000302  LA    padPushDataHigh1          0002F5  LA    
padPushDataHigh2          0002FB  LA    padPushDataHigh3          0002FE  LA    
padPushDataHigh4          000302  LA    padPushDataLow1           0002F4 RLA    
padPushDataLow2           0002FA  LA    padPushDataLow3           0002FF  LA    
padPushDataLow4           000303  LA    padReleaseData1           0002F8  LA    
padReleaseData2           0002FC  LA    padReleaseData3           000300  LA    
padReleaseData4           000304  LA    padReleaseDataHigh1       0002F9  LA    
padReleaseDataHigh2       0002FD  LA    padReleaseDataHigh3       000300  LA    
padReleaseDataHigh4       000304  LA    padReleaseDataLow1        0002F8 RLA    
padReleaseDataLow2        0002FC  LA    padReleaseDataLow3        000301  LA    
padReleaseDataLow4        000305  LA    processEvents             008D70 RLA    
reactHero                 0088BC RLA    readPad1                  008E15 RLA    
readPad2                  008E53  LA    readPad3                  008E91  LA    
readPad4                  008ECF  LA    removeEvent               008DC0  LA    
scrollDirection           00020B RLA    scrollLevel               008574 RLA    
scrollValue               000209  LA    setEnemyOAM               008B6D  LA    
splashScreen              00837C  LA    spriteCounter             00020E RLA    
transferHeroSpriteDataEvent 008857 RLA    


Exports list by value:
----------------------
__STARTUP__               000001 REA    heroYOffset               000003  LZ    
__VECTORS_SIZE__          00001C  EA    __ROMINFO_SIZE__          000034  EA    
scrollValue               000209  LA    scrollDirection           00020B RLA    
spriteCounter             00020E RLA    animationJumpFrameCounter 000211  LA    
eventsTable               000271  LA    padPushDataLow1           0002F4 RLA    
padPushData1              0002F4 RLA    padPushDataHigh1          0002F5  LA    
padFirstPushData1         0002F6  LA    padFirstPushDataLow1      0002F6 RLA    
padFirstPushDataHigh1     0002F7  LA    padReleaseData1           0002F8  LA    
padReleaseDataLow1        0002F8 RLA    padReleaseDataHigh1       0002F9  LA    
padPushData2              0002FA  LA    padPushDataLow2           0002FA  LA    
padPushDataHigh2          0002FB  LA    padReleaseDataLow2        0002FC  LA    
padReleaseData2           0002FC  LA    padReleaseDataHigh2       0002FD  LA    
padPushDataHigh3          0002FE  LA    padPushData3              0002FE  LA    
padPushDataLow3           0002FF  LA    padReleaseDataHigh3       000300  LA    
padReleaseData3           000300  LA    padReleaseDataLow3        000301  LA    
padPushData4              000302  LA    padPushDataHigh4          000302  LA    
padPushDataLow4           000303  LA    padReleaseDataHigh4       000304  LA    
padReleaseData4           000304  LA    padReleaseDataLow4        000305  LA    
oamData                   000306 RLA    __ROMINFO_FILEOFFS__      007FB0  EA    
__VECTORS_FILEOFFS__      007FE4  EA    _main                     008039 RLA    
_IRQHandler               00835D RLA    _NMIHandler               00835E RLA    
_preInit                  008365 RLA    splashScreen              00837C  LA    
initLevel                 0083E2 RLA    scrollLevel               008574 RLA    
displayLevelLine          008670  LA    initHeroSprite            0086AE RLA    
transferHeroSpriteDataEvent 008857 RLA    reactHero                 0088BC RLA    
initEnnemySprite          008A1A RLA    setEnemyOAM               008B6D  LA    
initSnes                  008C22 RLA    initEvents                008D15 RLA    
addEvent                  008D41 RLA    processEvents             008D70 RLA    
removeEvent               008DC0  LA    initPad                   008DD7 RLA    
readPad1                  008E15 RLA    readPad2                  008E53  LA    
readPad3                  008E91  LA    readPad4                  008ECF  LA    
clearOAM                  008F0D  LA    copyOAM                   008F3C RLA    
OAMDataUpdated            008F73 RLA    __ROMINFO_START__         00FFB0  LA    
__ROMINFO_LAST__          00FFE0  LA    __VECTORS_START__         00FFE4  LA    
__VECTORS_LAST__          010000  LA    


Imports list:
-------------
OAMDataUpdated (sprite.o):
    hero.o                    /Users/lint/Dropbox/Snes/projects/Snes_Tools/cc65-sfclib/include/snes-sprite.inc(3)
_IRQHandler (main.o):
    crt0.o                    src/crt0.asm(13)
_NMIHandler (main.o):
    crt0.o                    src/crt0.asm(13)
__ROMINFO_FILEOFFS__ ([linker generated]):
__ROMINFO_LAST__ ([linker generated]):
__ROMINFO_SIZE__ ([linker generated]):
__ROMINFO_START__ ([linker generated]):
__STARTUP__ (crt0.o):
    main.o                    main.asm(19)
__VECTORS_FILEOFFS__ ([linker generated]):
__VECTORS_LAST__ ([linker generated]):
__VECTORS_SIZE__ ([linker generated]):
__VECTORS_START__ ([linker generated]):
_main (main.o):
    crt0.o                    src/crt0.asm(11)
_preInit (main.o):
    crt0.o                    src/crt0.asm(12)
addEvent (event.o):
    level.o                   /Users/lint/Dropbox/Snes/projects/Snes_Tools/cc65-sfclib/include/snes-event.inc(2)
    main.o                    /Users/lint/Dropbox/Snes/projects/Snes_Tools/cc65-sfclib/include/snes-event.inc(2)
animationJumpFrameCounter (hero.o):
clearOAM (sprite.o):
copyOAM (sprite.o):
    main.o                    /Users/lint/Dropbox/Snes/projects/Snes_Tools/cc65-sfclib/include/snes-sprite.inc(2)
displayLevelLine (level.o):
eventsTable (event.o):
heroYOffset (hero.o):
initEnnemySprite (ennemy.o):
    main.o                    includes/ennemy.inc(1)
initEvents (event.o):
    main.o                    /Users/lint/Dropbox/Snes/projects/Snes_Tools/cc65-sfclib/include/snes-event.inc(1)
initHeroSprite (hero.o):
    main.o                    includes/hero.inc(1)
initLevel (level.o):
    main.o                    includes/level.inc(1)
initPad (pad.o):
    main.o                    /Users/lint/Dropbox/Snes/projects/Snes_Tools/cc65-sfclib/include/snes-pad.inc(1)
initSnes (init.o):
    crt0.o                    src/crt0.asm(15)
oamData (sprite.o):
    ennemy.o                  /Users/lint/Dropbox/Snes/projects/Snes_Tools/cc65-sfclib/include/snes-sprite.inc(5)
    hero.o                    /Users/lint/Dropbox/Snes/projects/Snes_Tools/cc65-sfclib/include/snes-sprite.inc(5)
padFirstPushData1 (pad.o):
padFirstPushDataHigh1 (pad.o):
padFirstPushDataLow1 (pad.o):
    hero.o                    /Users/lint/Dropbox/Snes/projects/Snes_Tools/cc65-sfclib/include/snes-pad.inc(9)
padPushData1 (pad.o):
    main.o                    /Users/lint/Dropbox/Snes/projects/Snes_Tools/cc65-sfclib/include/snes-pad.inc(4)
padPushData2 (pad.o):
padPushData3 (pad.o):
padPushData4 (pad.o):
padPushDataHigh1 (pad.o):
padPushDataHigh2 (pad.o):
padPushDataHigh3 (pad.o):
padPushDataHigh4 (pad.o):
padPushDataLow1 (pad.o):
    hero.o                    /Users/lint/Dropbox/Snes/projects/Snes_Tools/cc65-sfclib/include/snes-pad.inc(9)
padPushDataLow2 (pad.o):
padPushDataLow3 (pad.o):
padPushDataLow4 (pad.o):
padReleaseData1 (pad.o):
padReleaseData2 (pad.o):
padReleaseData3 (pad.o):
padReleaseData4 (pad.o):
padReleaseDataHigh1 (pad.o):
padReleaseDataHigh2 (pad.o):
padReleaseDataHigh3 (pad.o):
padReleaseDataHigh4 (pad.o):
padReleaseDataLow1 (pad.o):
    hero.o                    /Users/lint/Dropbox/Snes/projects/Snes_Tools/cc65-sfclib/include/snes-pad.inc(9)
padReleaseDataLow2 (pad.o):
padReleaseDataLow3 (pad.o):
padReleaseDataLow4 (pad.o):
processEvents (event.o):
    main.o                    /Users/lint/Dropbox/Snes/projects/Snes_Tools/cc65-sfclib/include/snes-event.inc(4)
reactHero (hero.o):
    main.o                    includes/hero.inc(3)
readPad1 (pad.o):
    main.o                    /Users/lint/Dropbox/Snes/projects/Snes_Tools/cc65-sfclib/include/snes-pad.inc(2)
readPad2 (pad.o):
readPad3 (pad.o):
readPad4 (pad.o):
removeEvent (event.o):
scrollDirection (level.o):
    hero.o                    includes/level.inc(5)
scrollLevel (level.o):
    hero.o                    includes/level.inc(2)
scrollValue (level.o):
setEnemyOAM (ennemy.o):
splashScreen (main.o):
spriteCounter (hero.o):
    ennemy.o                  ennemy.asm(15)
transferHeroSpriteDataEvent (hero.o):
    main.o                    includes/hero.inc(2)

