Modules list:
-------------
main.o:
    CODE              Offs=000000  Size=00041A  Align=00001  Fill=0000
    RODATA            Offs=000000  Size=000008  Align=00001  Fill=0000
    BSS               Offs=000000  Size=000005  Align=00001  Fill=0000
    DATA              Offs=000000  Size=000000  Align=00001  Fill=0000
    ZEROPAGE          Offs=000000  Size=000002  Align=00001  Fill=0000
    NULL              Offs=000000  Size=000000  Align=00001  Fill=0000
    BANK1             Offs=000000  Size=005840  Align=00001  Fill=0000
level.o:
    CODE              Offs=00041A  Size=000263  Align=00001  Fill=0000
    RODATA            Offs=000008  Size=000082  Align=00001  Fill=0000
    BSS               Offs=000005  Size=000009  Align=00001  Fill=0000
    DATA              Offs=000000  Size=000000  Align=00001  Fill=0000
    ZEROPAGE          Offs=000002  Size=000000  Align=00001  Fill=0000
    NULL              Offs=000000  Size=000000  Align=00001  Fill=0000
    BANK4             Offs=000000  Size=0054A0  Align=00001  Fill=0000
score.o:
    CODE              Offs=00067D  Size=000312  Align=00001  Fill=0000
    RODATA            Offs=00008A  Size=000000  Align=00001  Fill=0000
    BSS               Offs=00000E  Size=0000D3  Align=00001  Fill=0000
    DATA              Offs=000000  Size=000000  Align=00001  Fill=0000
    ZEROPAGE          Offs=000002  Size=000000  Align=00001  Fill=0000
    NULL              Offs=000000  Size=000000  Align=00001  Fill=0000
    BANK4             Offs=0054A0  Size=001600  Align=00001  Fill=0000
hero.o:
    CODE              Offs=00098F  Size=00051B  Align=00001  Fill=0000
    RODATA            Offs=00008A  Size=000000  Align=00001  Fill=0000
    BSS               Offs=0000E1  Size=000007  Align=00001  Fill=0000
    DATA              Offs=000000  Size=000000  Align=00001  Fill=0000
    ZEROPAGE          Offs=000002  Size=00000B  Align=00001  Fill=0000
    NULL              Offs=000000  Size=000000  Align=00001  Fill=0000
    BANK2             Offs=000000  Size=0070A4  Align=00001  Fill=0000
enemy.o:
    CODE              Offs=000EAA  Size=00067F  Align=00001  Fill=0000
    RODATA            Offs=00008A  Size=000004  Align=00001  Fill=0000
    BSS               Offs=0000E8  Size=0000AC  Align=00001  Fill=0000
    DATA              Offs=000000  Size=000000  Align=00001  Fill=0000
    ZEROPAGE          Offs=00000D  Size=000008  Align=00001  Fill=0000
    NULL              Offs=000000  Size=000000  Align=00001  Fill=0000
    BANK1             Offs=005840  Size=00222F  Align=00001  Fill=0000
    BANK3             Offs=000000  Size=008000  Align=00001  Fill=0000
enemyStrategy.o:
    CODE              Offs=001529  Size=000038  Align=00001  Fill=0000
    RODATA            Offs=00008E  Size=000000  Align=00001  Fill=0000
    BSS               Offs=000194  Size=000002  Align=00001  Fill=0000
    DATA              Offs=000000  Size=000000  Align=00001  Fill=0000
    ZEROPAGE          Offs=000015  Size=000000  Align=00001  Fill=0000
    NULL              Offs=000000  Size=000000  Align=00001  Fill=0000
hit.o:
    CODE              Offs=001561  Size=0000DD  Align=00001  Fill=0000
    RODATA            Offs=00008E  Size=000018  Align=00001  Fill=0000
    BSS               Offs=000196  Size=00005D  Align=00001  Fill=0000
    DATA              Offs=000000  Size=000000  Align=00001  Fill=0000
    ZEROPAGE          Offs=000015  Size=000000  Align=00001  Fill=0000
    NULL              Offs=000000  Size=000000  Align=00001  Fill=0000
snesgss.o:
    CODE              Offs=00163E  Size=0001F3  Align=00001  Fill=0000
    RODATA            Offs=0000A6  Size=00000A  Align=00001  Fill=0000
    BSS               Offs=0001F3  Size=000000  Align=00001  Fill=0000
    DATA              Offs=000000  Size=000000  Align=00001  Fill=0000
    ZEROPAGE          Offs=000015  Size=000019  Align=00001  Fill=0000
    NULL              Offs=000000  Size=000000  Align=00001  Fill=0000
    BANK7             Offs=000000  Size=003379  Align=00001  Fill=0000
state.o:
    CODE              Offs=001831  Size=000000  Align=00001  Fill=0000
    RODATA            Offs=0000B0  Size=000000  Align=00001  Fill=0000
    BSS               Offs=0001F3  Size=000000  Align=00001  Fill=0000
    DATA              Offs=000000  Size=000000  Align=00001  Fill=0000
    ZEROPAGE          Offs=00002E  Size=000000  Align=00001  Fill=0000
    NULL              Offs=000000  Size=000000  Align=00001  Fill=0000
../../Tools/cc65-sfclib/bin/sfc.lib(crt0.o):
    CODE              Offs=001831  Size=000000  Align=00001  Fill=0000
    RODATA            Offs=0000B0  Size=000000  Align=00001  Fill=0000
    BSS               Offs=0001F3  Size=000000  Align=00001  Fill=0000
    DATA              Offs=000000  Size=000000  Align=00001  Fill=0000
    ZEROPAGE          Offs=00002E  Size=000000  Align=00001  Fill=0000
    NULL              Offs=000000  Size=000000  Align=00001  Fill=0000
    STARTUP           Offs=000000  Size=000047  Align=00001  Fill=0000
    ROMINFO           Offs=000000  Size=000030  Align=00001  Fill=0000
    VECTORS           Offs=000000  Size=00001C  Align=00001  Fill=0000
../../Tools/cc65-sfclib/bin/sfc.lib(init.o):
    CODE              Offs=001831  Size=0000F3  Align=00001  Fill=0000
    RODATA            Offs=0000B0  Size=000000  Align=00001  Fill=0000
    BSS               Offs=0001F3  Size=000000  Align=00001  Fill=0000
    DATA              Offs=000000  Size=000000  Align=00001  Fill=0000
    ZEROPAGE          Offs=00002E  Size=000000  Align=00001  Fill=0000
    NULL              Offs=000000  Size=000000  Align=00001  Fill=0000
../../Tools/cc65-sfclib/bin/sfc.lib(event.o):
    CODE              Offs=001924  Size=0000D1  Align=00001  Fill=0000
    RODATA            Offs=0000B0  Size=000000  Align=00001  Fill=0000
    BSS               Offs=0001F3  Size=000083  Align=00001  Fill=0000
    DATA              Offs=000000  Size=000000  Align=00001  Fill=0000
    ZEROPAGE          Offs=00002E  Size=000000  Align=00001  Fill=0000
    NULL              Offs=000000  Size=000000  Align=00001  Fill=0000
../../Tools/cc65-sfclib/bin/sfc.lib(pad.o):
    CODE              Offs=0019F5  Size=000139  Align=00001  Fill=0000
    RODATA            Offs=0000B0  Size=000000  Align=00001  Fill=0000
    BSS               Offs=000276  Size=000012  Align=00001  Fill=0000
    DATA              Offs=000000  Size=000000  Align=00001  Fill=0000
    ZEROPAGE          Offs=00002E  Size=000000  Align=00001  Fill=0000
    NULL              Offs=000000  Size=000000  Align=00001  Fill=0000
../../Tools/cc65-sfclib/bin/sfc.lib(sprite.o):
    CODE              Offs=001B2E  Size=000074  Align=00001  Fill=0000
    RODATA            Offs=0000B0  Size=000000  Align=00001  Fill=0000
    BSS               Offs=000288  Size=000221  Align=00001  Fill=0000
    DATA              Offs=000000  Size=000000  Align=00001  Fill=0000
    ZEROPAGE          Offs=00002E  Size=000000  Align=00001  Fill=0000
    NULL              Offs=000000  Size=000000  Align=00001  Fill=0000


Segment list:
-------------
Name                   Start     End    Size  Align
----------------------------------------------------
DATA                  000000  000000  000000  00001
NULL                  000000  000000  000000  00001
ZEROPAGE              000000  00002D  00002E  00001
BSS                   000200  0006A8  0004A9  00001
ROMINFO               00FFB0  00FFDF  000030  00001
VECTORS               00FFE4  00FFFF  00001C  00001
STARTUP               808000  808046  000047  00001
CODE                  808047  809BE8  001BA2  00001
RODATA                809BE9  809C98  0000B0  00001
BANK1                 818000  81FA6E  007A6F  00001
BANK2                 828000  82F0A3  0070A4  00001
BANK3                 838000  83FFFF  008000  00001
BANK4                 848000  84EA9F  006AA0  00001
BANK7                 878000  87B378  003379  00001


Exports list by name:
---------------------
EnemyArrayAnimAddress     0002E9  LA    EnemyArrayAnimFrameCounter 00035A  LA    
EnemyArrayAnimFrameIndex  00033E  LA    EnemyArrayFlag            000377  LA    
EnemyArrayOAMSlotOffset   000305  LA    EnemyArrayOffsetFramecounter 00035B  LA    
EnemyArrayXOffset         000321 RLA    EnemyArrayYOffset         00033D RLA    
EnemyCurrentArrayIndexByte 00000F  LZ    EnemyCurrentArrayIndexWord 000011  LZ    
EnemyCurrentXOffset       000014  LZ    EnemyCurrentYOffset       000013  LZ    
EnemyTempXOffsetHigh      0002E8  LA    OAMDataUpdated            809BDB RLA    
SPC700_Driver             878000  LA    SPC700_Driver_Size        809C8F  LA    
Song_Bank_Table           809C93  LA    Song_Dst_Pointer          809C91  LA    
Song_Offset_Table         809C95  LA    Song_Size_Table           809C97  LA    
_IRQHandler               8083B0 RLA    _NMIHandler               8083DD RLA    
__ROMINFO_FILEOFFS__      007FB0  EA    __ROMINFO_LAST__          00FFE0  LA    
__ROMINFO_SIZE__          000034  EA    __ROMINFO_START__         00FFB0  LA    
__STARTUP__               000001 REA    __VECTORS_FILEOFFS__      007FE4  EA    
__VECTORS_LAST__          010000  LA    __VECTORS_SIZE__          00001C  EA    
__VECTORS_START__         00FFE4  LA    _main                     808047 RLA    
_preInit                  8083E4 RLA    addEnemy                  809082 RLA    
addEvent                  809997 RLA    animEnemy                 8092A7  LA    
animHero                  808B0E  LA    animInProgress            000002  LZ    
clearEnemy                809107  LA    clearHeroSprite           808A45  LA    
clearOAM                  809B75 RLA    copyOAM                   809BA4 RLA    
doUpdateScore             0002CE  LA    enemyFallAnimAddress      81F8EC  LA    
enemyFallYOffset          81F8B0  LA    enemyGrabFall             8094E0  LA    
enemyStrategyGrab         80957B RLA    enemyStrategyInit         809570 RLA    
energyPlayer              0002D9 RLA    eventsTable               0003F3  LA    
fallHero                  808E57  LA    findEmptySlotEnemy        8090E5 RLA    
getEventCounter           809A30 RLA    grabbingFall1             81F9ED  LA    
grabbingGrab              81FA43  LA    grabbingHitHighFall       81FA51  LA    
grabbingHitLowFall        81FA65  LA    grabbingHitMidFall        81FA5B  LA    
grabbingShakeFall         81FA47  LA    grabbingWalk              81FA29  LA    
grabbingWalk1             81F8F4  LA    grabbingWalk2             81F909  LA    
gss_channels              000028  LZ    gss_channelsVolume        000029  LZ    
gss_init                  809685 RLA    gss_pauseTrack            809751  LA    
gss_playSfx               809702  LA    gss_playTrack             8096B1 RLA    
gss_resumeTrack           809764  LA    gss_setChannelsVolume     8097CC  LA    
gss_setGlobalVolume       8097AD  LA    gss_setMono               80979A  LA    
gss_setStereo             809787 RLA    gss_sfxChannel            00002A  LZ    
gss_sfxNumber             00002B  LZ    gss_sfxPan                00002D  LZ    
gss_sfxVolume             00002C  LZ    gss_stopAll               809777  LA    
gss_stopTrack             809741  LA    gss_trackNumber           000025  LZ    
gss_volume                000026  LZ    gss_volumeSpeed           000027  LZ    
heroAnimInterruptCounter  000005  LZ    heroDownKick2             82ED2C  LA    
heroDownPunch1            82ED4D  LA    heroDownPunch3            82ED86  LA    
heroFlag                  00000C RLZ    heroHitOffset             000009 RLZ    
heroHitType               00000B RLZ    heroHitZone               00000A RLZ    
heroStandKick2            82EDC7  LA    heroTransferAddr          0002E6  LA    
heroXOffset               000007 RLZ    highByte                  81F880  LA    
hitAdd                    8095BD RLA    hitInit                   8095A8 RLA    
hitProcess                809652 RLA    hitRemove                 809639  LA    
initEnemySprite           808EF1 RLA    initEvents                80996B RLA    
initHeroSprite            8089D6 RLA    initLevel                 808461 RLA    
initPad                   809A3C RLA    initScore                 8086C4 RLA    
initSnes                  809878 RLA    livesCounter              0002DD RLA    
oamData                   000488 RLA    padFirstPushData1         000478  LA    
padFirstPushDataHigh1     000479  LA    padFirstPushDataLow1      000478 RLA    
padPushData1              000476 RLA    padPushData2              00047C  LA    
padPushData3              000480  LA    padPushData4              000484  LA    
padPushDataHigh1          000477  LA    padPushDataHigh2          00047D  LA    
padPushDataHigh3          000480  LA    padPushDataHigh4          000484  LA    
padPushDataLow1           000476 RLA    padPushDataLow2           00047C  LA    
padPushDataLow3           000481  LA    padPushDataLow4           000485  LA    
padReleaseData1           00047A  LA    padReleaseData2           00047E  LA    
padReleaseData3           000482  LA    padReleaseData4           000486  LA    
padReleaseDataHigh1       00047B  LA    padReleaseDataHigh2       00047F  LA    
padReleaseDataHigh3       000482  LA    padReleaseDataHigh4       000486  LA    
padReleaseDataLow1        00047A RLA    padReleaseDataLow2        00047E  LA    
padReleaseDataLow3        000483  LA    padReleaseDataLow4        000487  LA    
processEvents             8099C6 RLA    reactEnemy                80930B RLA    
reactEnemyGrab            80934E  LA    reactHero                 808C58 RLA    
readPad1                  809A7D RLA    readPad2                  809ABB  LA    
readPad3                  809AF9  LA    readPad4                  809B37  LA    
removeEvent               809A19  LA    scoreEvent                808945  LA    
scoreMapData              00020E  LA    scorePlayer1              0002D0  LA    
scrollDirection           00020B RLA    scrollLevel               808558 RLA    
scrollValue               000209  LA    setEnemyOAM               809131  LA    
setEnergyPlayer           808854 RLA    setHeroOAM                808A66  LA    
setLiveCounter            808920 RLA    setMirrorSpriteMode       808C46  LA    
setNormalSpriteMode       808C4F  LA    setShakingFlag            808ECC  LA    
spc_command               809852  LA    spc_load_data             8097EB  LA    
splashScreen              8083FB  LA    spriteCounter             0002E1 RLA    
timeCounter               0002DB  LA    transferHeroSpriteDataEvent 808BF3 RLA    
updateEnergyPlayer        808847 RLA    updateScorePlayer1        8087CA RLA    
updateScorePlayer2        8087F9  LA    updateScoreTop            808828  LA    
updateTime                8088EB RLA    writeNumberToScoreMap     80898D  LA    



Exports list by value:
----------------------
__STARTUP__               000001 REA    animInProgress            000002  LZ    
heroAnimInterruptCounter  000005  LZ    heroXOffset               000007 RLZ    
heroHitOffset             000009 RLZ    heroHitZone               00000A RLZ    
heroHitType               00000B RLZ    heroFlag                  00000C RLZ    
EnemyCurrentArrayIndexByte 00000F  LZ    EnemyCurrentArrayIndexWord 000011  LZ    
EnemyCurrentYOffset       000013  LZ    EnemyCurrentXOffset       000014  LZ    
__VECTORS_SIZE__          00001C  EA    gss_trackNumber           000025  LZ    
gss_volume                000026  LZ    gss_volumeSpeed           000027  LZ    
gss_channels              000028  LZ    gss_channelsVolume        000029  LZ    
gss_sfxChannel            00002A  LZ    gss_sfxNumber             00002B  LZ    
gss_sfxVolume             00002C  LZ    gss_sfxPan                00002D  LZ    
__ROMINFO_SIZE__          000034  EA    scrollValue               000209  LA    
scrollDirection           00020B RLA    scoreMapData              00020E  LA    
doUpdateScore             0002CE  LA    scorePlayer1              0002D0  LA    
energyPlayer              0002D9 RLA    timeCounter               0002DB  LA    
livesCounter              0002DD RLA    spriteCounter             0002E1 RLA    
heroTransferAddr          0002E6  LA    EnemyTempXOffsetHigh      0002E8  LA    
EnemyArrayAnimAddress     0002E9  LA    EnemyArrayOAMSlotOffset   000305  LA    
EnemyArrayXOffset         000321 RLA    EnemyArrayYOffset         00033D RLA    
EnemyArrayAnimFrameIndex  00033E  LA    EnemyArrayAnimFrameCounter 00035A  LA    
EnemyArrayOffsetFramecounter 00035B  LA    EnemyArrayFlag            000377  LA    
eventsTable               0003F3  LA    padPushData1              000476 RLA    
padPushDataLow1           000476 RLA    padPushDataHigh1          000477  LA    
padFirstPushData1         000478  LA    padFirstPushDataLow1      000478 RLA    
padFirstPushDataHigh1     000479  LA    padReleaseDataLow1        00047A RLA    
padReleaseData1           00047A  LA    padReleaseDataHigh1       00047B  LA    
padPushDataLow2           00047C  LA    padPushData2              00047C  LA    
padPushDataHigh2          00047D  LA    padReleaseDataLow2        00047E  LA    
padReleaseData2           00047E  LA    padReleaseDataHigh2       00047F  LA    
padPushData3              000480  LA    padPushDataHigh3          000480  LA    
padPushDataLow3           000481  LA    padReleaseData3           000482  LA    
padReleaseDataHigh3       000482  LA    padReleaseDataLow3        000483  LA    
padPushData4              000484  LA    padPushDataHigh4          000484  LA    
padPushDataLow4           000485  LA    padReleaseDataHigh4       000486  LA    
padReleaseData4           000486  LA    padReleaseDataLow4        000487  LA    
oamData                   000488 RLA    __ROMINFO_FILEOFFS__      007FB0  EA    
__VECTORS_FILEOFFS__      007FE4  EA    __ROMINFO_START__         00FFB0  LA    
__ROMINFO_LAST__          00FFE0  LA    __VECTORS_START__         00FFE4  LA    
__VECTORS_LAST__          010000  LA    _main                     808047 RLA    
_IRQHandler               8083B0 RLA    _NMIHandler               8083DD RLA    
_preInit                  8083E4 RLA    splashScreen              8083FB  LA    
initLevel                 808461 RLA    scrollLevel               808558 RLA    
initScore                 8086C4 RLA    updateScorePlayer1        8087CA RLA    
updateScorePlayer2        8087F9  LA    updateScoreTop            808828  LA    
updateEnergyPlayer        808847 RLA    setEnergyPlayer           808854 RLA    
updateTime                8088EB RLA    setLiveCounter            808920 RLA    
scoreEvent                808945  LA    writeNumberToScoreMap     80898D  LA    
initHeroSprite            8089D6 RLA    clearHeroSprite           808A45  LA    
setHeroOAM                808A66  LA    animHero                  808B0E  LA    
transferHeroSpriteDataEvent 808BF3 RLA    setMirrorSpriteMode       808C46  LA    
setNormalSpriteMode       808C4F  LA    reactHero                 808C58 RLA    
fallHero                  808E57  LA    setShakingFlag            808ECC  LA    
initEnemySprite           808EF1 RLA    addEnemy                  809082 RLA    
findEmptySlotEnemy        8090E5 RLA    clearEnemy                809107  LA    
setEnemyOAM               809131  LA    animEnemy                 8092A7  LA    
reactEnemy                80930B RLA    reactEnemyGrab            80934E  LA    
enemyGrabFall             8094E0  LA    enemyStrategyInit         809570 RLA    
enemyStrategyGrab         80957B RLA    hitInit                   8095A8 RLA    
hitAdd                    8095BD RLA    hitRemove                 809639  LA    
hitProcess                809652 RLA    gss_init                  809685 RLA    
gss_playTrack             8096B1 RLA    gss_playSfx               809702  LA    
gss_stopTrack             809741  LA    gss_pauseTrack            809751  LA    
gss_resumeTrack           809764  LA    gss_stopAll               809777  LA    
gss_setStereo             809787 RLA    gss_setMono               80979A  LA    
gss_setGlobalVolume       8097AD  LA    gss_setChannelsVolume     8097CC  LA    
spc_load_data             8097EB  LA    spc_command               809852  LA    
initSnes                  809878 RLA    initEvents                80996B RLA    
addEvent                  809997 RLA    processEvents             8099C6 RLA    
removeEvent               809A19  LA    getEventCounter           809A30 RLA    
initPad                   809A3C RLA    readPad1                  809A7D RLA    
readPad2                  809ABB  LA    readPad3                  809AF9  LA    
readPad4                  809B37  LA    clearOAM                  809B75 RLA    
copyOAM                   809BA4 RLA    OAMDataUpdated            809BDB RLA    
SPC700_Driver_Size        809C8F  LA    Song_Dst_Pointer          809C91  LA    
Song_Bank_Table           809C93  LA    Song_Offset_Table         809C95  LA    
Song_Size_Table           809C97  LA    highByte                  81F880  LA    
enemyFallYOffset          81F8B0  LA    enemyFallAnimAddress      81F8EC  LA    
grabbingWalk1             81F8F4  LA    grabbingWalk2             81F909  LA    
grabbingFall1             81F9ED  LA    grabbingWalk              81FA29  LA    
grabbingGrab              81FA43  LA    grabbingShakeFall         81FA47  LA    
grabbingHitHighFall       81FA51  LA    grabbingHitMidFall        81FA5B  LA    
grabbingHitLowFall        81FA65  LA    heroDownKick2             82ED2C  LA    
heroDownPunch1            82ED4D  LA    heroDownPunch3            82ED86  LA    
heroStandKick2            82EDC7  LA    SPC700_Driver             878000  LA    



Imports list:
-------------
EnemyArrayAnimAddress (enemy.o):
EnemyArrayAnimFrameCounter (enemy.o):
EnemyArrayAnimFrameIndex (enemy.o):
EnemyArrayFlag (enemy.o):
EnemyArrayOAMSlotOffset (enemy.o):
EnemyArrayOffsetFramecounter (enemy.o):
EnemyArrayXOffset (enemy.o):
    hit.o                     includes/enemy.inc(9)
EnemyArrayYOffset (enemy.o):
    hit.o                     includes/enemy.inc(10)
EnemyCurrentArrayIndexByte (enemy.o):
EnemyCurrentArrayIndexWord (enemy.o):
EnemyCurrentXOffset (enemy.o):
EnemyCurrentYOffset (enemy.o):
EnemyTempXOffsetHigh (enemy.o):
OAMDataUpdated (sprite.o):
    hit.o                     ../../Tools/cc65-sfclib/include/snes-sprite.inc(3)
    enemy.o                   ../../Tools/cc65-sfclib/include/snes-sprite.inc(3)
    hero.o                    ../../Tools/cc65-sfclib/include/snes-sprite.inc(3)
SPC700_Driver (snesgss.o):
SPC700_Driver_Size (snesgss.o):
Song_Bank_Table (snesgss.o):
Song_Dst_Pointer (snesgss.o):
Song_Offset_Table (snesgss.o):
Song_Size_Table (snesgss.o):
_IRQHandler (main.o):
    crt0.o                    src/crt0.asm(13)
_NMIHandler (main.o):
    crt0.o                    src/crt0.asm(13)
__ROMINFO_FILEOFFS__ ([linker generated]):
__ROMINFO_LAST__ ([linker generated]):
__ROMINFO_SIZE__ ([linker generated]):
__ROMINFO_START__ ([linker generated]):
__STARTUP__ (crt0.o):
    main.o                    main.asm(24)
__VECTORS_FILEOFFS__ ([linker generated]):
__VECTORS_LAST__ ([linker generated]):
__VECTORS_SIZE__ ([linker generated]):
__VECTORS_START__ ([linker generated]):
_main (main.o):
    crt0.o                    src/crt0.asm(11)
_preInit (main.o):
    crt0.o                    src/crt0.asm(12)
addEnemy (enemy.o):
    enemyStrategy.o           includes/enemy.inc(7)
addEvent (event.o):
    score.o                   ../../Tools/cc65-sfclib/include/snes-event.inc(2)
    level.o                   ../../Tools/cc65-sfclib/include/snes-event.inc(2)
    main.o                    ../../Tools/cc65-sfclib/include/snes-event.inc(2)
animEnemy (enemy.o):
animHero (hero.o):
animInProgress (hero.o):
clearEnemy (enemy.o):
clearHeroSprite (hero.o):
clearOAM (sprite.o):
    hero.o                    ../../Tools/cc65-sfclib/include/snes-sprite.inc(1)
copyOAM (sprite.o):
    main.o                    ../../Tools/cc65-sfclib/include/snes-sprite.inc(2)
doUpdateScore (score.o):
enemyFallAnimAddress (enemy.o):
enemyFallYOffset (enemy.o):
enemyGrabFall (enemy.o):
enemyStrategyGrab (enemyStrategy.o):
    main.o                    includes/enemyStrategy.inc(6)
enemyStrategyInit (enemyStrategy.o):
    main.o                    includes/enemyStrategy.inc(5)
energyPlayer (score.o):
    hero.o                    includes/score.inc(4)
eventsTable (event.o):
fallHero (hero.o):
findEmptySlotEnemy (enemy.o):
    enemyStrategy.o           includes/enemy.inc(8)
getEventCounter (event.o):
    score.o                   ../../Tools/cc65-sfclib/include/snes-event.inc(5)
grabbingFall1 (enemy.o):
grabbingGrab (enemy.o):
grabbingHitHighFall (enemy.o):
grabbingHitLowFall (enemy.o):
grabbingHitMidFall (enemy.o):
grabbingShakeFall (enemy.o):
grabbingWalk (enemy.o):
grabbingWalk1 (enemy.o):
grabbingWalk2 (enemy.o):
gss_channels (snesgss.o):
gss_channelsVolume (snesgss.o):
gss_init (snesgss.o):
    main.o                    includes/snesgss.inc(1)
gss_pauseTrack (snesgss.o):
gss_playSfx (snesgss.o):
gss_playTrack (snesgss.o):
    main.o                    includes/snesgss.inc(3)
gss_resumeTrack (snesgss.o):
gss_setChannelsVolume (snesgss.o):
gss_setGlobalVolume (snesgss.o):
gss_setMono (snesgss.o):
gss_setStereo (snesgss.o):
    main.o                    includes/snesgss.inc(8)
gss_sfxChannel (snesgss.o):
gss_sfxNumber (snesgss.o):
gss_sfxPan (snesgss.o):
gss_sfxVolume (snesgss.o):
gss_stopAll (snesgss.o):
gss_stopTrack (snesgss.o):
gss_trackNumber (snesgss.o):
gss_volume (snesgss.o):
gss_volumeSpeed (snesgss.o):
heroAnimInterruptCounter (hero.o):
heroDownKick2 (hero.o):
heroDownPunch1 (hero.o):
heroDownPunch3 (hero.o):
heroFlag (hero.o):
    enemy.o                   includes/hero.inc(7)
heroHitOffset (hero.o):
    enemy.o                   includes/hero.inc(8)
heroHitType (hero.o):
    hit.o                     includes/hero.inc(10)
heroHitZone (hero.o):
    enemy.o                   includes/hero.inc(9)
heroStandKick2 (hero.o):
heroTransferAddr (hero.o):
heroXOffset (hero.o):
    enemy.o                   includes/hero.inc(6)
highByte (enemy.o):
hitAdd (hit.o):
    enemy.o                   includes/hit.inc(2)
hitInit (hit.o):
    main.o                    includes/hit.inc(1)
hitProcess (hit.o):
    main.o                    includes/hit.inc(3)
hitRemove (hit.o):
initEnemySprite (enemy.o):
    main.o                    includes/enemy.inc(5)
initEvents (event.o):
    main.o                    ../../Tools/cc65-sfclib/include/snes-event.inc(1)
initHeroSprite (hero.o):
    main.o                    includes/hero.inc(3)
initLevel (level.o):
    main.o                    includes/level.inc(1)
initPad (pad.o):
    main.o                    ../../Tools/cc65-sfclib/include/snes-pad.inc(1)
initScore (score.o):
    main.o                    includes/score.inc(1)
initSnes (init.o):
    crt0.o                    src/crt0.asm(15)
livesCounter (score.o):
    hero.o                    includes/score.inc(7)
oamData (sprite.o):
    hit.o                     ../../Tools/cc65-sfclib/include/snes-sprite.inc(5)
    enemy.o                   ../../Tools/cc65-sfclib/include/snes-sprite.inc(5)
    hero.o                    ../../Tools/cc65-sfclib/include/snes-sprite.inc(5)
padFirstPushData1 (pad.o):
padFirstPushDataHigh1 (pad.o):
padFirstPushDataLow1 (pad.o):
    hero.o                    ../../Tools/cc65-sfclib/include/snes-pad.inc(9)
padPushData1 (pad.o):
    main.o                    ../../Tools/cc65-sfclib/include/snes-pad.inc(4)
padPushData2 (pad.o):
padPushData3 (pad.o):
padPushData4 (pad.o):
padPushDataHigh1 (pad.o):
padPushDataHigh2 (pad.o):
padPushDataHigh3 (pad.o):
padPushDataHigh4 (pad.o):
padPushDataLow1 (pad.o):
    hero.o                    ../../Tools/cc65-sfclib/include/snes-pad.inc(9)
padPushDataLow2 (pad.o):
padPushDataLow3 (pad.o):
padPushDataLow4 (pad.o):
padReleaseData1 (pad.o):
padReleaseData2 (pad.o):
padReleaseData3 (pad.o):
padReleaseData4 (pad.o):
padReleaseDataHigh1 (pad.o):
padReleaseDataHigh2 (pad.o):
padReleaseDataHigh3 (pad.o):
padReleaseDataHigh4 (pad.o):
padReleaseDataLow1 (pad.o):
    hero.o                    ../../Tools/cc65-sfclib/include/snes-pad.inc(9)
padReleaseDataLow2 (pad.o):
padReleaseDataLow3 (pad.o):
padReleaseDataLow4 (pad.o):
processEvents (event.o):
    main.o                    ../../Tools/cc65-sfclib/include/snes-event.inc(4)
reactEnemy (enemy.o):
    main.o                    includes/enemy.inc(6)
reactEnemyGrab (enemy.o):
reactHero (hero.o):
    main.o                    includes/hero.inc(5)
readPad1 (pad.o):
    main.o                    ../../Tools/cc65-sfclib/include/snes-pad.inc(2)
readPad2 (pad.o):
readPad3 (pad.o):
readPad4 (pad.o):
removeEvent (event.o):
scoreEvent (score.o):
scoreMapData (score.o):
scorePlayer1 (score.o):
scrollDirection (level.o):
    enemy.o                   includes/level.inc(5)
    hero.o                    includes/level.inc(5)
scrollLevel (level.o):
    hero.o                    includes/level.inc(2)
scrollValue (level.o):
setEnemyOAM (enemy.o):
setEnergyPlayer (score.o):
    enemy.o                   includes/score.inc(5)
setHeroOAM (hero.o):
setLiveCounter (score.o):
    hero.o                    includes/score.inc(6)
setMirrorSpriteMode (hero.o):
setNormalSpriteMode (hero.o):
setShakingFlag (hero.o):
spc_command (snesgss.o):
spc_load_data (snesgss.o):
splashScreen (main.o):
spriteCounter (hero.o):
    enemy.o                   enemy.asm(26)
timeCounter (score.o):
transferHeroSpriteDataEvent (hero.o):
    main.o                    includes/hero.inc(4)
updateEnergyPlayer (score.o):
    enemy.o                   includes/score.inc(3)
updateScorePlayer1 (score.o):
    hit.o                     includes/score.inc(8)
updateScorePlayer2 (score.o):
updateScoreTop (score.o):
updateTime (score.o):
    main.o                    includes/score.inc(2)
writeNumberToScoreMap (score.o):

