Modules list:
-------------
main.o:
    CODE              Offs=000000  Size=000064  Align=00001  Fill=0000
    RODATA            Offs=000000  Size=000000  Align=00001  Fill=0000
    BSS               Offs=000000  Size=000000  Align=00001  Fill=0000
    DATA              Offs=000000  Size=000000  Align=00001  Fill=0000
    ZEROPAGE          Offs=000000  Size=000000  Align=00001  Fill=0000
    NULL              Offs=000000  Size=000000  Align=00001  Fill=0000
level.o:
    CODE              Offs=000064  Size=000263  Align=00001  Fill=0000
    RODATA            Offs=000000  Size=000082  Align=00001  Fill=0000
    BSS               Offs=000000  Size=000009  Align=00001  Fill=0000
    DATA              Offs=000000  Size=000000  Align=00001  Fill=0000
    ZEROPAGE          Offs=000000  Size=000000  Align=00001  Fill=0000
    NULL              Offs=000000  Size=000000  Align=00001  Fill=0000
    BANK4             Offs=000000  Size=0054A0  Align=00001  Fill=0000
score.o:
    CODE              Offs=0002C7  Size=000312  Align=00001  Fill=0000
    RODATA            Offs=000082  Size=000000  Align=00001  Fill=0000
    BSS               Offs=000009  Size=0000D3  Align=00001  Fill=0000
    DATA              Offs=000000  Size=000000  Align=00001  Fill=0000
    ZEROPAGE          Offs=000000  Size=000000  Align=00001  Fill=0000
    NULL              Offs=000000  Size=000000  Align=00001  Fill=0000
    BANK4             Offs=0054A0  Size=001600  Align=00001  Fill=0000
hero.o:
    CODE              Offs=0005D9  Size=00051B  Align=00001  Fill=0000
    RODATA            Offs=000082  Size=000000  Align=00001  Fill=0000
    BSS               Offs=0000DC  Size=000007  Align=00001  Fill=0000
    DATA              Offs=000000  Size=000000  Align=00001  Fill=0000
    ZEROPAGE          Offs=000000  Size=00000B  Align=00001  Fill=0000
    NULL              Offs=000000  Size=000000  Align=00001  Fill=0000
    BANK2             Offs=000000  Size=0070A4  Align=00001  Fill=0000
enemy.o:
    CODE              Offs=000AF4  Size=000671  Align=00001  Fill=0000
    RODATA            Offs=000082  Size=000004  Align=00001  Fill=0000
    BSS               Offs=0000E3  Size=0000AC  Align=00001  Fill=0000
    DATA              Offs=000000  Size=000000  Align=00001  Fill=0000
    ZEROPAGE          Offs=00000B  Size=000008  Align=00001  Fill=0000
    NULL              Offs=000000  Size=000000  Align=00001  Fill=0000
    BANK1             Offs=000000  Size=00222F  Align=00001  Fill=0000
    BANK3             Offs=000000  Size=008000  Align=00001  Fill=0000
enemyStrategy.o:
    CODE              Offs=001165  Size=000038  Align=00001  Fill=0000
    RODATA            Offs=000086  Size=000000  Align=00001  Fill=0000
    BSS               Offs=00018F  Size=000002  Align=00001  Fill=0000
    DATA              Offs=000000  Size=000000  Align=00001  Fill=0000
    ZEROPAGE          Offs=000013  Size=000000  Align=00001  Fill=0000
    NULL              Offs=000000  Size=000000  Align=00001  Fill=0000
hit.o:
    CODE              Offs=00119D  Size=0000DD  Align=00001  Fill=0000
    RODATA            Offs=000086  Size=000018  Align=00001  Fill=0000
    BSS               Offs=000191  Size=00005D  Align=00001  Fill=0000
    DATA              Offs=000000  Size=000000  Align=00001  Fill=0000
    ZEROPAGE          Offs=000013  Size=000000  Align=00001  Fill=0000
    NULL              Offs=000000  Size=000000  Align=00001  Fill=0000
snesgss.o:
    CODE              Offs=00127A  Size=0001F3  Align=00001  Fill=0000
    RODATA            Offs=00009E  Size=00000A  Align=00001  Fill=0000
    BSS               Offs=0001EE  Size=000000  Align=00001  Fill=0000
    DATA              Offs=000000  Size=000000  Align=00001  Fill=0000
    ZEROPAGE          Offs=000013  Size=000019  Align=00001  Fill=0000
    NULL              Offs=000000  Size=000000  Align=00001  Fill=0000
    BANK7             Offs=000000  Size=003379  Align=00001  Fill=0000
font.o:
    CODE              Offs=00146D  Size=0003AB  Align=00001  Fill=0000
    RODATA            Offs=0000A8  Size=000000  Align=00001  Fill=0000
    BSS               Offs=0001EE  Size=00000D  Align=00001  Fill=0000
    DATA              Offs=000000  Size=000000  Align=00001  Fill=0000
    ZEROPAGE          Offs=00002C  Size=000003  Align=00001  Fill=0000
    NULL              Offs=000000  Size=000000  Align=00001  Fill=0000
    BANK4             Offs=006AA0  Size=00093F  Align=00001  Fill=0000
cursor.o:
    CODE              Offs=001818  Size=000094  Align=00001  Fill=0000
    RODATA            Offs=0000A8  Size=000000  Align=00001  Fill=0000
    BSS               Offs=0001FB  Size=000008  Align=00001  Fill=0000
    DATA              Offs=000000  Size=000000  Align=00001  Fill=0000
    ZEROPAGE          Offs=00002F  Size=000000  Align=00001  Fill=0000
    NULL              Offs=000000  Size=000000  Align=00001  Fill=0000
events.o:
    CODE              Offs=0018AC  Size=00000C  Align=00001  Fill=0000
    RODATA            Offs=0000A8  Size=000000  Align=00001  Fill=0000
    BSS               Offs=000203  Size=000000  Align=00001  Fill=0000
    DATA              Offs=000000  Size=000000  Align=00001  Fill=0000
    ZEROPAGE          Offs=00002F  Size=000000  Align=00001  Fill=0000
    NULL              Offs=000000  Size=000000  Align=00001  Fill=0000
play.o:
    CODE              Offs=0018B8  Size=00014E  Align=00001  Fill=0000
    RODATA            Offs=0000A8  Size=000008  Align=00001  Fill=0000
    BSS               Offs=000203  Size=000002  Align=00001  Fill=0000
    DATA              Offs=000000  Size=000000  Align=00001  Fill=0000
    ZEROPAGE          Offs=00002F  Size=000002  Align=00001  Fill=0000
    NULL              Offs=000000  Size=000000  Align=00001  Fill=0000
antihero.o:
    CODE              Offs=001A06  Size=0000E2  Align=00001  Fill=0000
    RODATA            Offs=0000B0  Size=000000  Align=00001  Fill=0000
    BSS               Offs=000205  Size=000000  Align=00001  Fill=0000
    DATA              Offs=000000  Size=000000  Align=00001  Fill=0000
    ZEROPAGE          Offs=000031  Size=000000  Align=00001  Fill=0000
    NULL              Offs=000000  Size=000000  Align=00001  Fill=0000
    BANK1             Offs=00222F  Size=0011A0  Align=00001  Fill=0000
common.o:
    CODE              Offs=001AE8  Size=00007E  Align=00001  Fill=0000
    RODATA            Offs=0000B0  Size=000000  Align=00001  Fill=0000
    BSS               Offs=000205  Size=00000F  Align=00001  Fill=0000
    DATA              Offs=000000  Size=000000  Align=00001  Fill=0000
    ZEROPAGE          Offs=000031  Size=000000  Align=00001  Fill=0000
    NULL              Offs=000000  Size=000000  Align=00001  Fill=0000
irem.o:
    CODE              Offs=001B66  Size=0000E2  Align=00001  Fill=0000
    RODATA            Offs=0000B0  Size=000000  Align=00001  Fill=0000
    BSS               Offs=000214  Size=000000  Align=00001  Fill=0000
    DATA              Offs=000000  Size=000000  Align=00001  Fill=0000
    ZEROPAGE          Offs=000031  Size=000000  Align=00001  Fill=0000
    NULL              Offs=000000  Size=000000  Align=00001  Fill=0000
    BANK1             Offs=0033CF  Size=001140  Align=00001  Fill=0000
letter.o:
    CODE              Offs=001C48  Size=000183  Align=00001  Fill=0000
    RODATA            Offs=0000B0  Size=000000  Align=00001  Fill=0000
    BSS               Offs=000214  Size=000000  Align=00001  Fill=0000
    DATA              Offs=000000  Size=000000  Align=00001  Fill=0000
    ZEROPAGE          Offs=000031  Size=000000  Align=00001  Fill=0000
    NULL              Offs=000000  Size=000000  Align=00001  Fill=0000
    BANK1             Offs=00450F  Size=001240  Align=00001  Fill=0000
highScore.o:
    CODE              Offs=001DCB  Size=000382  Align=00001  Fill=0000
    RODATA            Offs=0000B0  Size=000000  Align=00001  Fill=0000
    BSS               Offs=000214  Size=0000A2  Align=00001  Fill=0000
    DATA              Offs=000000  Size=000000  Align=00001  Fill=0000
    ZEROPAGE          Offs=000031  Size=000000  Align=00001  Fill=0000
    NULL              Offs=000000  Size=000000  Align=00001  Fill=0000
option.o:
    CODE              Offs=00214D  Size=0000D0  Align=00001  Fill=0000
    RODATA            Offs=0000B0  Size=000028  Align=00001  Fill=0000
    BSS               Offs=0002B6  Size=000000  Align=00001  Fill=0000
    DATA              Offs=000000  Size=000000  Align=00001  Fill=0000
    ZEROPAGE          Offs=000031  Size=000000  Align=00001  Fill=0000
    NULL              Offs=000000  Size=000000  Align=00001  Fill=0000
screen.o:
    CODE              Offs=00221D  Size=000000  Align=00001  Fill=0000
    RODATA            Offs=0000D8  Size=000000  Align=00001  Fill=0000
    BSS               Offs=0002B6  Size=000800  Align=00001  Fill=0000
    DATA              Offs=000000  Size=000000  Align=00001  Fill=0000
    ZEROPAGE          Offs=000031  Size=000000  Align=00001  Fill=0000
    NULL              Offs=000000  Size=000000  Align=00001  Fill=0000
title.o:
    CODE              Offs=00221D  Size=00020D  Align=00001  Fill=0000
    RODATA            Offs=0000D8  Size=000018  Align=00001  Fill=0000
    BSS               Offs=000AB6  Size=000000  Align=00001  Fill=0000
    DATA              Offs=000000  Size=000000  Align=00001  Fill=0000
    ZEROPAGE          Offs=000031  Size=000000  Align=00001  Fill=0000
    NULL              Offs=000000  Size=000000  Align=00001  Fill=0000
    BANK1             Offs=00574F  Size=0019C0  Align=00001  Fill=0000
../../Tools/cc65-sfclib/bin/sfc.lib(crt0.o):
    CODE              Offs=00242A  Size=000000  Align=00001  Fill=0000
    RODATA            Offs=0000F0  Size=000000  Align=00001  Fill=0000
    BSS               Offs=000AB6  Size=000000  Align=00001  Fill=0000
    DATA              Offs=000000  Size=000000  Align=00001  Fill=0000
    ZEROPAGE          Offs=000031  Size=000000  Align=00001  Fill=0000
    NULL              Offs=000000  Size=000000  Align=00001  Fill=0000
    STARTUP           Offs=000000  Size=000047  Align=00001  Fill=0000
    ROMINFO           Offs=000000  Size=000030  Align=00001  Fill=0000
    VECTORS           Offs=000000  Size=00001C  Align=00001  Fill=0000
../../Tools/cc65-sfclib/bin/sfc.lib(init.o):
    CODE              Offs=00242A  Size=0000F3  Align=00001  Fill=0000
    RODATA            Offs=0000F0  Size=000000  Align=00001  Fill=0000
    BSS               Offs=000AB6  Size=000000  Align=00001  Fill=0000
    DATA              Offs=000000  Size=000000  Align=00001  Fill=0000
    ZEROPAGE          Offs=000031  Size=000000  Align=00001  Fill=0000
    NULL              Offs=000000  Size=000000  Align=00001  Fill=0000
../../Tools/cc65-sfclib/bin/sfc.lib(event.o):
    CODE              Offs=00251D  Size=0000FD  Align=00001  Fill=0000
    RODATA            Offs=0000F0  Size=000000  Align=00001  Fill=0000
    BSS               Offs=000AB6  Size=000083  Align=00001  Fill=0000
    DATA              Offs=000000  Size=000000  Align=00001  Fill=0000
    ZEROPAGE          Offs=000031  Size=000000  Align=00001  Fill=0000
    NULL              Offs=000000  Size=000000  Align=00001  Fill=0000
../../Tools/cc65-sfclib/bin/sfc.lib(pad.o):
    CODE              Offs=00261A  Size=000139  Align=00001  Fill=0000
    RODATA            Offs=0000F0  Size=000000  Align=00001  Fill=0000
    BSS               Offs=000B39  Size=000012  Align=00001  Fill=0000
    DATA              Offs=000000  Size=000000  Align=00001  Fill=0000
    ZEROPAGE          Offs=000031  Size=000000  Align=00001  Fill=0000
    NULL              Offs=000000  Size=000000  Align=00001  Fill=0000
../../Tools/cc65-sfclib/bin/sfc.lib(sprite.o):
    CODE              Offs=002753  Size=000074  Align=00001  Fill=0000
    RODATA            Offs=0000F0  Size=000000  Align=00001  Fill=0000
    BSS               Offs=000B4B  Size=000221  Align=00001  Fill=0000
    DATA              Offs=000000  Size=000000  Align=00001  Fill=0000
    ZEROPAGE          Offs=000031  Size=000000  Align=00001  Fill=0000
    NULL              Offs=000000  Size=000000  Align=00001  Fill=0000


Segment list:
-------------
Name                   Start     End    Size  Align
----------------------------------------------------
DATA                  000000  000000  000000  00001
NULL                  000000  000000  000000  00001
ZEROPAGE              000000  000030  000031  00001
BSS                   000200  000F6B  000D6C  00001
ROMINFO               00FFB0  00FFDF  000030  00001
VECTORS               00FFE4  00FFFF  00001C  00001
STARTUP               808000  808046  000047  00001
CODE                  808047  80A80D  0027C7  00001
RODATA                80A80E  80A8FD  0000F0  00001
BANK1                 818000  81F10E  00710F  00001
BANK2                 828000  82F0A3  0070A4  00001
BANK3                 838000  83FFFF  008000  00001
BANK4                 848000  84F3DE  0073DF  00001
BANK7                 878000  87B378  003379  00001


Exports list by name:
---------------------
EnemyArrayAnimAddress     0002E4  LA    EnemyArrayAnimFrameCounter 000355  LA    
EnemyArrayAnimFrameIndex  000339  LA    EnemyArrayFlag            000372  LA    
EnemyArrayOAMSlotOffset   000300  LA    EnemyArrayOffsetFramecounter 000356  LA    
EnemyArrayXOffset         00031C RLA    EnemyArrayYOffset         000338 RLA    
EnemyCurrentArrayIndexByte 00000D  LZ    EnemyCurrentArrayIndexWord 00000F  LZ    
EnemyCurrentXOffset       000012  LZ    EnemyCurrentYOffset       000011  LZ    
EnemyTempXOffsetHigh      0002E3  LA    OAMDataUpdated            80A800 RLA    
SPC700_Driver             878000  LA    SPC700_Driver_Size        80A8AC  LA    
Song_Bank_Table           80A8B0  LA    Song_Dst_Pointer          80A8AE  LA    
Song_Offset_Table         80A8B2  LA    Song_Size_Table           80A8B4  LA    
_IRQHandler               808076 RLA    _NMIHandler               8080A3 RLA    
__ROMINFO_FILEOFFS__      007FB0  EA    __ROMINFO_LAST__          00FFE0  LA    
__ROMINFO_SIZE__          000034  EA    __ROMINFO_START__         00FFB0  LA    
__STARTUP__               000001 REA    __VECTORS_FILEOFFS__      007FE4  EA    
__VECTORS_LAST__          010000  LA    __VECTORS_SIZE__          00001C  EA    
__VECTORS_START__         00FFE4  LA    _main                     808047 RLA    
_preInit                  8080AA RLA    _writeToBuffer            809801  LA    
_writeToVRAM              8097DA  LA    addEnemy                  808CCC RLA    
addEvent                  80A590 RLA    animEnemy                 808EF3  LA    
animHero                  808758  LA    animInProgress            000000  LZ    
antiheroSplash            809A4D RLA    clearEnemy                808D51  LA    
clearFontZone             8097A0 RLA    clearHeroSprite           80868F RLA    
clearOAM                  80A79A RLA    copyFontBufferToVRAMOnceEvent 809825 RLA    
copyOAM                   80A7C9 RLA    copyOAMEvent              8098F3 RLA    
cursorEvent               809894 RLA    cursorTarget              0003FF RLA    
cursorTargetSet           000402 RLA    disableSkipLeadingZero    80969B  LA    
disableSkipSpaces         80967F RLA    displayHighScore          809FA4  LA    
doUpdateScore             0002C9  LA    enableSkipLeadingZero     80968D RLA    
enableSkipSpaces          809671  LA    enemyFallAnimAddress      81A0AC  LA    
enemyFallYOffset          81A070  LA    enemyGrabFall             80912C  LA    
enemyStrategyGrab         8091B7 RLA    enemyStrategyInit         8091AC RLA    
energyPlayer              0002D4 RLA    eventsTable               000CB6  LA    
fallHero                  808AA1  LA    findEmptySlotEnemy        808D2F RLA    
fontCyanBlackBlackPal     84F39F RLA    fontRedBlackBlackPal      84F380 RLA    
fontTiles                 84EAA0 RLA    fontWhiteRedBlackPal      84F360 RLA    
gameMessagePal            84F3BF RLA    gamePausedString          809601 RLA    
getEventCounter           80A640 RLA    grabbingFall1             81A1AD  LA    
grabbingGrab              81A203  LA    grabbingHitHighFall       81A211  LA    
grabbingHitLowFall        81A225  LA    grabbingHitMidFall        81A21B  LA    
grabbingShakeFall         81A207  LA    grabbingWalk              81A1E9  LA    
grabbingWalk1             81A0B4  LA    grabbingWalk2             81A0C9  LA    
gss_channels              000026  LZ    gss_channelsVolume        000027  LZ    
gss_init                  8092C1 RLA    gss_pauseTrack            80938D  LA    
gss_playSfx               80933E  LA    gss_playTrack             8092ED RLA    
gss_resumeTrack           8093A0  LA    gss_setChannelsVolume     809408  LA    
gss_setGlobalVolume       8093E9  LA    gss_setMono               8093D6  LA    
gss_setStereo             8093C3 RLA    gss_sfxChannel            000028  LZ    
gss_sfxNumber             000029  LZ    gss_sfxPan                00002B  LZ    
gss_sfxVolume             00002A  LZ    gss_stopAll               8093B3  LA    
gss_stopTrack             80937D  LA    gss_trackNumber           000023  LZ    
gss_volume                000024  LZ    gss_volumeSpeed           000025  LZ    
heroAnimInterruptCounter  000003  LZ    heroDownKick2             82ED2C  LA    
heroDownPunch1            82ED4D  LA    heroDownPunch3            82ED86  LA    
heroFlag                  00000A RLZ    heroHitOffset             000007 RLZ    
heroHitType               000009 RLZ    heroHitZone               000008 RLZ    
heroStandKick2            82EDC7  LA    heroTransferAddr          0002E1  LA    
heroXOffset               000005 RLZ    highByte                  81A040  LA    
highScoreInitValues       809F04  LA    highScoreMainLoop         80A012  LA    
highScoreTitleString      809E12  LA    hitAdd                    8091F9 RLA    
hitInit                   8091E4 RLA    hitProcess                80928E RLA    
hitRemove                 809275  LA    initCursor                80985F RLA    
initEnemySprite           808B3B RLA    initEvents                80A564 RLA    
initFont                  80962C RLA    initFontBuffer            80965A RLA    
initHeroSprite            808620 RLA    initHighScore             809FA4  LA    
initLevel                 8080AB RLA    initPad                   80A661 RLA    
initScore                 80830E RLA    initSnes                  80A471 RLA    
insertNewHighScore        809FA4  LA    iremSplash                809BAD RLA    
isEventActive             80A64C RLA    letterGreyPal             84F2C0 RLA    
letterIntroString         8094B4 RLA    letterRedPal              84F2E0 RLA    
letterSplash              809C8F RLA    livesCounter              0002D8 RLA    
oamData                   000D4B RLA    onePlayerFirstFloorString 8095C7  LA    
optionExitString          80A1F2  LA    optionScreen              80A1F8 RLA    
optionsString             80A194  LA    padFirstPushData1         000D3B RLA    
padFirstPushDataHigh1     000D3C  LA    padFirstPushDataLow1      000D3B RLA    
padPushData1              000D39 RLA    padPushData2              000D3F  LA    
padPushData3              000D43  LA    padPushData4              000D47  LA    
padPushDataHigh1          000D3A  LA    padPushDataHigh2          000D40  LA    
padPushDataHigh3          000D43  LA    padPushDataHigh4          000D47  LA    
padPushDataLow1           000D39 RLA    padPushDataLow2           000D3F  LA    
padPushDataLow3           000D44  LA    padPushDataLow4           000D48  LA    
padReleaseData1           000D3D  LA    padReleaseData2           000D41  LA    
padReleaseData3           000D45  LA    padReleaseData4           000D49  LA    
padReleaseDataHigh1       000D3E  LA    padReleaseDataHigh2       000D42  LA    
padReleaseDataHigh3       000D45  LA    padReleaseDataHigh4       000D49  LA    
padReleaseDataLow1        000D3D RLA    padReleaseDataLow2        000D41  LA    
padReleaseDataLow3        000D46  LA    padReleaseDataLow4        000D4A  LA    
playGame                  8098FF RLA    processEvents             80A5BF RLA    
reactEnemy                808F57 RLA    reactEnemyGrab            808F9A  LA    
reactHero                 8088A2 RLA    readPad1                  80A6A2 RLA    
readPad2                  80A6E0  LA    readPad3                  80A71E  LA    
readPad4                  80A75C  LA    readyString               8095B6  LA    
removeAllEvent            80A629 RLA    removeEvent               80A612  LA    
scoreEvent                80858F  LA    scoreMapData              000209  LA    
scorePlayer1              0002CB  LA    screenBuffer              0004B6 RLA    
scrollDirection           000206 RLA    scrollLevel               8081A2 RLA    
scrollValue               000204  LA    setEnemyOAM               808D7B  LA    
setEnemyOAM_fillLoop      808EB8  EA    setEnemyOAM_lineLoop      808D97  EA    
setEnemyOAM_skiplineLoop  808DB5  EA    setEnergyPlayer           80849E RLA    
setFontCursorPosition     8096A9 RLA    setFontCursorPositionNewLine 8096C3 RLA    
setFontPalette            809667 RLA    setHeroOAM                8086B0  LA    
setLiveCounter            80856A RLA    setMirrorSpriteMode       808890  LA    
setNormalSpriteMode       808899  LA    setShakingFlag            808B16  LA    
skipSpaces                0003EE  LA    spc_command               80948E  LA    
spc_load_data             809427  LA    splashScreenEvent         809B59 RLA    
splashScreenInit          809B2F RLA    spriteCounter             0002DC RLA    
spriteTrickIRQVTimer      80A8B6 RLA    spriteTrickIRQValue       80A8BA RLA    
spriteTrickIndex          00002F RLZ    timeCounter               0002D6  LA    
titleScreen               80A264 RLA    titleScreenCopyrightString 809587 RLA    
titleScreenMap            81E8EF  LA    titleScreenPal            81F0EF  LA    
titleScreenSelectString   809566 RLA    titleScreenTiles          81D74F  LA    
titleScreenWhitePal       84F300 RLA    titleScreenWhiteRedPal    84F340 RLA    
titleScreenYellowPal      84F320 RLA    transferHeroSpriteDataEvent 80883D RLA    
updateEnergyPlayer        808491 RLA    updateScorePlayer1        808414 RLA    
updateScorePlayer2        808443  LA    updateScoreTop            808472  LA    
updateTime                808535 RLA    writeFontNumber           80973A RLA    
writeFontString           8096DA RLA    writeNumberToScoreMap     8085D7  LA    



Exports list by value:
----------------------
animInProgress            000000  LZ    __STARTUP__               000001 REA    
heroAnimInterruptCounter  000003  LZ    heroXOffset               000005 RLZ    
heroHitOffset             000007 RLZ    heroHitZone               000008 RLZ    
heroHitType               000009 RLZ    heroFlag                  00000A RLZ    
EnemyCurrentArrayIndexByte 00000D  LZ    EnemyCurrentArrayIndexWord 00000F  LZ    
EnemyCurrentYOffset       000011  LZ    EnemyCurrentXOffset       000012  LZ    
__VECTORS_SIZE__          00001C  EA    gss_trackNumber           000023  LZ    
gss_volume                000024  LZ    gss_volumeSpeed           000025  LZ    
gss_channels              000026  LZ    gss_channelsVolume        000027  LZ    
gss_sfxChannel            000028  LZ    gss_sfxNumber             000029  LZ    
gss_sfxVolume             00002A  LZ    gss_sfxPan                00002B  LZ    
spriteTrickIndex          00002F RLZ    __ROMINFO_SIZE__          000034  EA    
scrollValue               000204  LA    scrollDirection           000206 RLA    
scoreMapData              000209  LA    doUpdateScore             0002C9  LA    
scorePlayer1              0002CB  LA    energyPlayer              0002D4 RLA    
timeCounter               0002D6  LA    livesCounter              0002D8 RLA    
spriteCounter             0002DC RLA    heroTransferAddr          0002E1  LA    
EnemyTempXOffsetHigh      0002E3  LA    EnemyArrayAnimAddress     0002E4  LA    
EnemyArrayOAMSlotOffset   000300  LA    EnemyArrayXOffset         00031C RLA    
EnemyArrayYOffset         000338 RLA    EnemyArrayAnimFrameIndex  000339  LA    
EnemyArrayAnimFrameCounter 000355  LA    EnemyArrayOffsetFramecounter 000356  LA    
EnemyArrayFlag            000372  LA    skipSpaces                0003EE  LA    
cursorTarget              0003FF RLA    cursorTargetSet           000402 RLA    
screenBuffer              0004B6 RLA    eventsTable               000CB6  LA    
padPushDataLow1           000D39 RLA    padPushData1              000D39 RLA    
padPushDataHigh1          000D3A  LA    padFirstPushData1         000D3B RLA    
padFirstPushDataLow1      000D3B RLA    padFirstPushDataHigh1     000D3C  LA    
padReleaseDataLow1        000D3D RLA    padReleaseData1           000D3D  LA    
padReleaseDataHigh1       000D3E  LA    padPushData2              000D3F  LA    
padPushDataLow2           000D3F  LA    padPushDataHigh2          000D40  LA    
padReleaseData2           000D41  LA    padReleaseDataLow2        000D41  LA    
padReleaseDataHigh2       000D42  LA    padPushDataHigh3          000D43  LA    
padPushData3              000D43  LA    padPushDataLow3           000D44  LA    
padReleaseDataHigh3       000D45  LA    padReleaseData3           000D45  LA    
padReleaseDataLow3        000D46  LA    padPushData4              000D47  LA    
padPushDataHigh4          000D47  LA    padPushDataLow4           000D48  LA    
padReleaseData4           000D49  LA    padReleaseDataHigh4       000D49  LA    
padReleaseDataLow4        000D4A  LA    oamData                   000D4B RLA    
__ROMINFO_FILEOFFS__      007FB0  EA    __VECTORS_FILEOFFS__      007FE4  EA    
__ROMINFO_START__         00FFB0  LA    __ROMINFO_LAST__          00FFE0  LA    
__VECTORS_START__         00FFE4  LA    __VECTORS_LAST__          010000  LA    
_main                     808047 RLA    _IRQHandler               808076 RLA    
_NMIHandler               8080A3 RLA    _preInit                  8080AA RLA    
initLevel                 8080AB RLA    scrollLevel               8081A2 RLA    
initScore                 80830E RLA    updateScorePlayer1        808414 RLA    
updateScorePlayer2        808443  LA    updateScoreTop            808472  LA    
updateEnergyPlayer        808491 RLA    setEnergyPlayer           80849E RLA    
updateTime                808535 RLA    setLiveCounter            80856A RLA    
scoreEvent                80858F  LA    writeNumberToScoreMap     8085D7  LA    
initHeroSprite            808620 RLA    clearHeroSprite           80868F RLA    
setHeroOAM                8086B0  LA    animHero                  808758  LA    
transferHeroSpriteDataEvent 80883D RLA    setMirrorSpriteMode       808890  LA    
setNormalSpriteMode       808899  LA    reactHero                 8088A2 RLA    
fallHero                  808AA1  LA    setShakingFlag            808B16  LA    
initEnemySprite           808B3B RLA    addEnemy                  808CCC RLA    
findEmptySlotEnemy        808D2F RLA    clearEnemy                808D51  LA    
setEnemyOAM               808D7B  LA    setEnemyOAM_lineLoop      808D97  EA    
setEnemyOAM_skiplineLoop  808DB5  EA    setEnemyOAM_fillLoop      808EB8  EA    
animEnemy                 808EF3  LA    reactEnemy                808F57 RLA    
reactEnemyGrab            808F9A  LA    enemyGrabFall             80912C  LA    
enemyStrategyInit         8091AC RLA    enemyStrategyGrab         8091B7 RLA    
hitInit                   8091E4 RLA    hitAdd                    8091F9 RLA    
hitRemove                 809275  LA    hitProcess                80928E RLA    
gss_init                  8092C1 RLA    gss_playTrack             8092ED RLA    
gss_playSfx               80933E  LA    gss_stopTrack             80937D  LA    
gss_pauseTrack            80938D  LA    gss_resumeTrack           8093A0  LA    
gss_stopAll               8093B3  LA    gss_setStereo             8093C3 RLA    
gss_setMono               8093D6  LA    gss_setGlobalVolume       8093E9  LA    
gss_setChannelsVolume     809408  LA    spc_load_data             809427  LA    
spc_command               80948E  LA    letterIntroString         8094B4 RLA    
titleScreenSelectString   809566 RLA    titleScreenCopyrightString 809587 RLA    
readyString               8095B6  LA    onePlayerFirstFloorString 8095C7  LA    
gamePausedString          809601 RLA    initFont                  80962C RLA    
initFontBuffer            80965A RLA    setFontPalette            809667 RLA    
enableSkipSpaces          809671  LA    disableSkipSpaces         80967F RLA    
enableSkipLeadingZero     80968D RLA    disableSkipLeadingZero    80969B  LA    
setFontCursorPosition     8096A9 RLA    setFontCursorPositionNewLine 8096C3 RLA    
writeFontString           8096DA RLA    writeFontNumber           80973A RLA    
clearFontZone             8097A0 RLA    _writeToVRAM              8097DA  LA    
_writeToBuffer            809801  LA    copyFontBufferToVRAMOnceEvent 809825 RLA    
initCursor                80985F RLA    cursorEvent               809894 RLA    
copyOAMEvent              8098F3 RLA    playGame                  8098FF RLA    
antiheroSplash            809A4D RLA    splashScreenInit          809B2F RLA    
splashScreenEvent         809B59 RLA    iremSplash                809BAD RLA    
letterSplash              809C8F RLA    highScoreTitleString      809E12  LA    
highScoreInitValues       809F04  LA    insertNewHighScore        809FA4  LA    
initHighScore             809FA4  LA    displayHighScore          809FA4  LA    
highScoreMainLoop         80A012  LA    optionsString             80A194  LA    
optionExitString          80A1F2  LA    optionScreen              80A1F8 RLA    
titleScreen               80A264 RLA    initSnes                  80A471 RLA    
initEvents                80A564 RLA    addEvent                  80A590 RLA    
processEvents             80A5BF RLA    removeEvent               80A612  LA    
removeAllEvent            80A629 RLA    getEventCounter           80A640 RLA    
isEventActive             80A64C RLA    initPad                   80A661 RLA    
readPad1                  80A6A2 RLA    readPad2                  80A6E0  LA    
readPad3                  80A71E  LA    readPad4                  80A75C  LA    
clearOAM                  80A79A RLA    copyOAM                   80A7C9 RLA    
OAMDataUpdated            80A800 RLA    SPC700_Driver_Size        80A8AC  LA    
Song_Dst_Pointer          80A8AE  LA    Song_Bank_Table           80A8B0  LA    
Song_Offset_Table         80A8B2  LA    Song_Size_Table           80A8B4  LA    
spriteTrickIRQVTimer      80A8B6 RLA    spriteTrickIRQValue       80A8BA RLA    
highByte                  81A040  LA    enemyFallYOffset          81A070  LA    
enemyFallAnimAddress      81A0AC  LA    grabbingWalk1             81A0B4  LA    
grabbingWalk2             81A0C9  LA    grabbingFall1             81A1AD  LA    
grabbingWalk              81A1E9  LA    grabbingGrab              81A203  LA    
grabbingShakeFall         81A207  LA    grabbingHitHighFall       81A211  LA    
grabbingHitMidFall        81A21B  LA    grabbingHitLowFall        81A225  LA    
titleScreenTiles          81D74F  LA    titleScreenMap            81E8EF  LA    
titleScreenPal            81F0EF  LA    heroDownKick2             82ED2C  LA    
heroDownPunch1            82ED4D  LA    heroDownPunch3            82ED86  LA    
heroStandKick2            82EDC7  LA    fontTiles                 84EAA0 RLA    
letterGreyPal             84F2C0 RLA    letterRedPal              84F2E0 RLA    
titleScreenWhitePal       84F300 RLA    titleScreenYellowPal      84F320 RLA    
titleScreenWhiteRedPal    84F340 RLA    fontWhiteRedBlackPal      84F360 RLA    
fontRedBlackBlackPal      84F380 RLA    fontCyanBlackBlackPal     84F39F RLA    
gameMessagePal            84F3BF RLA    SPC700_Driver             878000  LA    



Imports list:
-------------
EnemyArrayAnimAddress (enemy.o):
EnemyArrayAnimFrameCounter (enemy.o):
EnemyArrayAnimFrameIndex (enemy.o):
EnemyArrayFlag (enemy.o):
EnemyArrayOAMSlotOffset (enemy.o):
EnemyArrayOffsetFramecounter (enemy.o):
EnemyArrayXOffset (enemy.o):
    hit.o                     includes/enemy.inc(9)
EnemyArrayYOffset (enemy.o):
    hit.o                     includes/enemy.inc(10)
EnemyCurrentArrayIndexByte (enemy.o):
EnemyCurrentArrayIndexWord (enemy.o):
EnemyCurrentXOffset (enemy.o):
EnemyCurrentYOffset (enemy.o):
EnemyTempXOffsetHigh (enemy.o):
OAMDataUpdated (sprite.o):
    option.o                  ../../Tools/cc65-sfclib/include/snes-sprite.inc(3)
    cursor.o                  ../../Tools/cc65-sfclib/include/snes-sprite.inc(3)
    hit.o                     ../../Tools/cc65-sfclib/include/snes-sprite.inc(3)
    enemy.o                   ../../Tools/cc65-sfclib/include/snes-sprite.inc(3)
    hero.o                    ../../Tools/cc65-sfclib/include/snes-sprite.inc(3)
SPC700_Driver (snesgss.o):
SPC700_Driver_Size (snesgss.o):
Song_Bank_Table (snesgss.o):
Song_Dst_Pointer (snesgss.o):
Song_Offset_Table (snesgss.o):
Song_Size_Table (snesgss.o):
_IRQHandler (main.o):
    crt0.o                    src/crt0.asm(13)
_NMIHandler (main.o):
    crt0.o                    src/crt0.asm(13)
__ROMINFO_FILEOFFS__ ([linker generated]):
__ROMINFO_LAST__ ([linker generated]):
__ROMINFO_SIZE__ ([linker generated]):
__ROMINFO_START__ ([linker generated]):
__STARTUP__ (crt0.o):
    main.o                    main.asm(27)
__VECTORS_FILEOFFS__ ([linker generated]):
__VECTORS_LAST__ ([linker generated]):
__VECTORS_SIZE__ ([linker generated]):
__VECTORS_START__ ([linker generated]):
_main (main.o):
    crt0.o                    src/crt0.asm(11)
_preInit (main.o):
    crt0.o                    src/crt0.asm(12)
_writeToBuffer (font.o):
_writeToVRAM (font.o):
addEnemy (enemy.o):
    enemyStrategy.o           includes/enemy.inc(7)
addEvent (event.o):
    title.o                   ../../Tools/cc65-sfclib/include/snes-event.inc(2)
    option.o                  ../../Tools/cc65-sfclib/include/snes-event.inc(2)
    letter.o                  ../../Tools/cc65-sfclib/include/snes-event.inc(2)
    irem.o                    ../../Tools/cc65-sfclib/include/snes-event.inc(2)
    antihero.o                ../../Tools/cc65-sfclib/include/snes-event.inc(2)
    play.o                    ../../Tools/cc65-sfclib/include/snes-event.inc(2)
    score.o                   ../../Tools/cc65-sfclib/include/snes-event.inc(2)
    level.o                   ../../Tools/cc65-sfclib/include/snes-event.inc(2)
animEnemy (enemy.o):
animHero (hero.o):
animInProgress (hero.o):
antiheroSplash (antihero.o):
    main.o                    main.asm(34)
clearEnemy (enemy.o):
clearFontZone (font.o):
    play.o                    game/../includes/font.inc(12)
clearHeroSprite (hero.o):
    option.o                  screen/../includes/hero.inc(4)
clearOAM (sprite.o):
    hero.o                    ../../Tools/cc65-sfclib/include/snes-sprite.inc(1)
copyFontBufferToVRAMOnceEvent (font.o):
    option.o                  screen/../includes/font.inc(13)
copyOAM (sprite.o):
    events.o                  ../../Tools/cc65-sfclib/include/snes-sprite.inc(2)
copyOAMEvent (events.o):
    title.o                   screen/../includes/events.inc(1)
    option.o                  screen/../includes/events.inc(1)
    play.o                    game/../includes/events.inc(1)
cursorEvent (cursor.o):
    title.o                   screen/../includes/cursor.inc(2)
    option.o                  screen/../includes/cursor.inc(2)
cursorTarget (cursor.o):
    title.o                   screen/../includes/cursor.inc(3)
    option.o                  screen/../includes/cursor.inc(3)
cursorTargetSet (cursor.o):
    title.o                   screen/../includes/cursor.inc(4)
    option.o                  screen/../includes/cursor.inc(4)
disableSkipLeadingZero (font.o):
disableSkipSpaces (font.o):
    play.o                    game/../includes/font.inc(5)
displayHighScore (highScore.o):
doUpdateScore (score.o):
enableSkipLeadingZero (font.o):
    highScore.o               screen/../includes/font.inc(6)
enableSkipSpaces (font.o):
enemyFallAnimAddress (enemy.o):
enemyFallYOffset (enemy.o):
enemyGrabFall (enemy.o):
enemyStrategyGrab (enemyStrategy.o):
    play.o                    game/../includes/enemyStrategy.inc(6)
enemyStrategyInit (enemyStrategy.o):
    play.o                    game/../includes/enemyStrategy.inc(5)
energyPlayer (score.o):
    hero.o                    includes/score.inc(4)
eventsTable (event.o):
fallHero (hero.o):
findEmptySlotEnemy (enemy.o):
    enemyStrategy.o           includes/enemy.inc(8)
fontCyanBlackBlackPal (font.o):
    highScore.o               screen/../includes/font.inc(26)
fontRedBlackBlackPal (font.o):
    highScore.o               screen/../includes/font.inc(25)
fontTiles (font.o):
    title.o                   screen/../includes/font.inc(15)
    highScore.o               screen/../includes/font.inc(15)
    letter.o                  splash/../includes/font.inc(15)
    play.o                    game/../includes/font.inc(15)
fontWhiteRedBlackPal (font.o):
    highScore.o               screen/../includes/font.inc(24)
gameMessagePal (font.o):
    highScore.o               screen/../includes/font.inc(23)
    play.o                    game/../includes/font.inc(23)
gamePausedString (font.o):
    play.o                    game/../includes/font.inc(33)
getEventCounter (event.o):
    score.o                   ../../Tools/cc65-sfclib/include/snes-event.inc(6)
grabbingFall1 (enemy.o):
grabbingGrab (enemy.o):
grabbingHitHighFall (enemy.o):
grabbingHitLowFall (enemy.o):
grabbingHitMidFall (enemy.o):
grabbingShakeFall (enemy.o):
grabbingWalk (enemy.o):
grabbingWalk1 (enemy.o):
grabbingWalk2 (enemy.o):
gss_channels (snesgss.o):
gss_channelsVolume (snesgss.o):
gss_init (snesgss.o):
    main.o                    includes/snesgss.inc(1)
gss_pauseTrack (snesgss.o):
gss_playSfx (snesgss.o):
gss_playTrack (snesgss.o):
    main.o                    includes/snesgss.inc(3)
gss_resumeTrack (snesgss.o):
gss_setChannelsVolume (snesgss.o):
gss_setGlobalVolume (snesgss.o):
gss_setMono (snesgss.o):
gss_setStereo (snesgss.o):
    main.o                    includes/snesgss.inc(8)
gss_sfxChannel (snesgss.o):
gss_sfxNumber (snesgss.o):
gss_sfxPan (snesgss.o):
gss_sfxVolume (snesgss.o):
gss_stopAll (snesgss.o):
gss_stopTrack (snesgss.o):
gss_trackNumber (snesgss.o):
gss_volume (snesgss.o):
gss_volumeSpeed (snesgss.o):
heroAnimInterruptCounter (hero.o):
heroDownKick2 (hero.o):
heroDownPunch1 (hero.o):
heroDownPunch3 (hero.o):
heroFlag (hero.o):
    enemy.o                   includes/hero.inc(8)
heroHitOffset (hero.o):
    enemy.o                   includes/hero.inc(9)
heroHitType (hero.o):
    hit.o                     includes/hero.inc(11)
heroHitZone (hero.o):
    enemy.o                   includes/hero.inc(10)
heroStandKick2 (hero.o):
heroTransferAddr (hero.o):
heroXOffset (hero.o):
    enemy.o                   includes/hero.inc(7)
highByte (enemy.o):
highScoreInitValues (highScore.o):
highScoreMainLoop (highScore.o):
highScoreTitleString (highScore.o):
hitAdd (hit.o):
    enemy.o                   includes/hit.inc(2)
hitInit (hit.o):
    play.o                    game/../includes/hit.inc(1)
hitProcess (hit.o):
    play.o                    game/../includes/hit.inc(3)
hitRemove (hit.o):
initCursor (cursor.o):
    title.o                   screen/../includes/cursor.inc(1)
    option.o                  screen/../includes/cursor.inc(1)
initEnemySprite (enemy.o):
    title.o                   screen/../includes/enemy.inc(5)
    play.o                    game/../includes/enemy.inc(5)
initEvents (event.o):
    play.o                    ../../Tools/cc65-sfclib/include/snes-event.inc(1)
    main.o                    ../../Tools/cc65-sfclib/include/snes-event.inc(1)
initFont (font.o):
    title.o                   screen/../includes/font.inc(1)
    option.o                  screen/../includes/font.inc(1)
    highScore.o               screen/../includes/font.inc(1)
    letter.o                  splash/../includes/font.inc(1)
    play.o                    game/../includes/font.inc(1)
initFontBuffer (font.o):
    option.o                  screen/../includes/font.inc(2)
initHeroSprite (hero.o):
    title.o                   screen/../includes/hero.inc(3)
    play.o                    game/../includes/hero.inc(3)
initHighScore (highScore.o):
initLevel (level.o):
    play.o                    game/../includes/level.inc(1)
initPad (pad.o):
    main.o                    ../../Tools/cc65-sfclib/include/snes-pad.inc(1)
initScore (score.o):
    play.o                    game/../includes/score.inc(1)
initSnes (init.o):
    crt0.o                    src/crt0.asm(15)
insertNewHighScore (highScore.o):
iremSplash (irem.o):
    antihero.o                splash/antihero.asm(16)
isEventActive (event.o):
    letter.o                  ../../Tools/cc65-sfclib/include/snes-event.inc(7)
    irem.o                    ../../Tools/cc65-sfclib/include/snes-event.inc(7)
    antihero.o                ../../Tools/cc65-sfclib/include/snes-event.inc(7)
letterGreyPal (font.o):
    letter.o                  splash/../includes/font.inc(16)
letterIntroString (font.o):
    letter.o                  splash/../includes/font.inc(28)
letterRedPal (font.o):
    letter.o                  splash/../includes/font.inc(17)
letterSplash (letter.o):
    title.o                   screen/title.asm(23)
livesCounter (score.o):
    hero.o                    includes/score.inc(7)
oamData (sprite.o):
    cursor.o                  ../../Tools/cc65-sfclib/include/snes-sprite.inc(5)
    hit.o                     ../../Tools/cc65-sfclib/include/snes-sprite.inc(5)
    enemy.o                   ../../Tools/cc65-sfclib/include/snes-sprite.inc(5)
    hero.o                    ../../Tools/cc65-sfclib/include/snes-sprite.inc(5)
onePlayerFirstFloorString (font.o):
optionExitString (option.o):
optionScreen (option.o):
    title.o                   screen/title.asm(24)
optionsString (option.o):
padFirstPushData1 (pad.o):
    play.o                    ../../Tools/cc65-sfclib/include/snes-pad.inc(4)
    cursor.o                  ../../Tools/cc65-sfclib/include/snes-pad.inc(4)
padFirstPushDataHigh1 (pad.o):
padFirstPushDataLow1 (pad.o):
    hero.o                    ../../Tools/cc65-sfclib/include/snes-pad.inc(9)
padPushData1 (pad.o):
    common.o                  ../../Tools/cc65-sfclib/include/snes-pad.inc(4)
    play.o                    ../../Tools/cc65-sfclib/include/snes-pad.inc(4)
padPushData2 (pad.o):
padPushData3 (pad.o):
padPushData4 (pad.o):
padPushDataHigh1 (pad.o):
padPushDataHigh2 (pad.o):
padPushDataHigh3 (pad.o):
padPushDataHigh4 (pad.o):
padPushDataLow1 (pad.o):
    hero.o                    ../../Tools/cc65-sfclib/include/snes-pad.inc(9)
padPushDataLow2 (pad.o):
padPushDataLow3 (pad.o):
padPushDataLow4 (pad.o):
padReleaseData1 (pad.o):
padReleaseData2 (pad.o):
padReleaseData3 (pad.o):
padReleaseData4 (pad.o):
padReleaseDataHigh1 (pad.o):
padReleaseDataHigh2 (pad.o):
padReleaseDataHigh3 (pad.o):
padReleaseDataHigh4 (pad.o):
padReleaseDataLow1 (pad.o):
    hero.o                    ../../Tools/cc65-sfclib/include/snes-pad.inc(9)
padReleaseDataLow2 (pad.o):
padReleaseDataLow3 (pad.o):
padReleaseDataLow4 (pad.o):
playGame (play.o):
    letter.o                  splash/letter.asm(17)
processEvents (event.o):
    main.o                    ../../Tools/cc65-sfclib/include/snes-event.inc(5)
reactEnemy (enemy.o):
    play.o                    game/../includes/enemy.inc(6)
reactEnemyGrab (enemy.o):
reactHero (hero.o):
    play.o                    game/../includes/hero.inc(6)
readPad1 (pad.o):
    main.o                    ../../Tools/cc65-sfclib/include/snes-pad.inc(2)
readPad2 (pad.o):
readPad3 (pad.o):
readPad4 (pad.o):
readyString (font.o):
removeAllEvent (event.o):
    title.o                   ../../Tools/cc65-sfclib/include/snes-event.inc(4)
    option.o                  ../../Tools/cc65-sfclib/include/snes-event.inc(4)
    letter.o                  ../../Tools/cc65-sfclib/include/snes-event.inc(4)
    irem.o                    ../../Tools/cc65-sfclib/include/snes-event.inc(4)
    antihero.o                ../../Tools/cc65-sfclib/include/snes-event.inc(4)
removeEvent (event.o):
scoreEvent (score.o):
scoreMapData (score.o):
scorePlayer1 (score.o):
screenBuffer (screen.o):
    title.o                   screen/../includes/screen.inc(1)
    option.o                  screen/../includes/screen.inc(1)
scrollDirection (level.o):
    enemy.o                   includes/level.inc(5)
    hero.o                    includes/level.inc(5)
scrollLevel (level.o):
    hero.o                    includes/level.inc(2)
scrollValue (level.o):
setEnemyOAM (enemy.o):
setEnemyOAM_fillLoop (enemy.o):
setEnemyOAM_lineLoop (enemy.o):
setEnemyOAM_skiplineLoop (enemy.o):
setEnergyPlayer (score.o):
    enemy.o                   includes/score.inc(5)
setFontCursorPosition (font.o):
    title.o                   screen/../includes/font.inc(8)
    option.o                  screen/../includes/font.inc(8)
    highScore.o               screen/../includes/font.inc(8)
    letter.o                  splash/../includes/font.inc(8)
    play.o                    game/../includes/font.inc(8)
setFontCursorPositionNewLine (font.o):
    highScore.o               screen/../includes/font.inc(9)
setFontPalette (font.o):
    highScore.o               screen/../includes/font.inc(3)
setHeroOAM (hero.o):
setLiveCounter (score.o):
    hero.o                    includes/score.inc(6)
setMirrorSpriteMode (hero.o):
setNormalSpriteMode (hero.o):
setShakingFlag (hero.o):
skipSpaces (font.o):
spc_command (snesgss.o):
spc_load_data (snesgss.o):
splashScreenEvent (common.o):
    letter.o                  splash/../includes/commonSplash.inc(5)
    irem.o                    splash/../includes/commonSplash.inc(5)
    antihero.o                splash/../includes/commonSplash.inc(5)
splashScreenInit (common.o):
    letter.o                  splash/../includes/commonSplash.inc(4)
    irem.o                    splash/../includes/commonSplash.inc(4)
    antihero.o                splash/../includes/commonSplash.inc(4)
spriteCounter (hero.o):
    enemy.o                   enemy.asm(26)
spriteTrickIRQVTimer (play.o):
    main.o                    main.asm(36)
spriteTrickIRQValue (play.o):
    main.o                    main.asm(37)
spriteTrickIndex (play.o):
    main.o                    main.asm(38)
timeCounter (score.o):
titleScreen (title.o):
    option.o                  screen/option.asm(22)
    irem.o                    splash/irem.asm(17)
titleScreenCopyrightString (font.o):
    title.o                   screen/../includes/font.inc(30)
titleScreenMap (title.o):
titleScreenPal (title.o):
titleScreenSelectString (font.o):
    title.o                   screen/../includes/font.inc(29)
titleScreenTiles (title.o):
titleScreenWhitePal (font.o):
    title.o                   screen/../includes/font.inc(19)
titleScreenWhiteRedPal (font.o):
    title.o                   screen/../includes/font.inc(21)
titleScreenYellowPal (font.o):
    title.o                   screen/../includes/font.inc(20)
transferHeroSpriteDataEvent (hero.o):
    title.o                   screen/../includes/hero.inc(5)
    play.o                    game/../includes/hero.inc(5)
updateEnergyPlayer (score.o):
    enemy.o                   includes/score.inc(3)
updateScorePlayer1 (score.o):
    hit.o                     includes/score.inc(8)
updateScorePlayer2 (score.o):
updateScoreTop (score.o):
updateTime (score.o):
    play.o                    game/../includes/score.inc(2)
writeFontNumber (font.o):
    highScore.o               screen/../includes/font.inc(11)
writeFontString (font.o):
    title.o                   screen/../includes/font.inc(10)
    option.o                  screen/../includes/font.inc(10)
    highScore.o               screen/../includes/font.inc(10)
    letter.o                  splash/../includes/font.inc(10)
    play.o                    game/../includes/font.inc(10)
writeNumberToScoreMap (score.o):

