Modules list:
-------------
common.o:
    CODE              Offs=000000  Size=000000  Align=00001  Fill=0000
    RODATA            Offs=000000  Size=000002  Align=00001  Fill=0000
    BSS               Offs=000000  Size=000000  Align=00001  Fill=0000
    DATA              Offs=000000  Size=000000  Align=00001  Fill=0000
    ZEROPAGE          Offs=000000  Size=000000  Align=00001  Fill=0000
    NULL              Offs=000000  Size=000000  Align=00001  Fill=0000
cursor.o:
    CODE              Offs=000000  Size=00009A  Align=00001  Fill=0000
    RODATA            Offs=000002  Size=000000  Align=00001  Fill=0000
    BSS               Offs=000000  Size=000008  Align=00001  Fill=0000
    DATA              Offs=000000  Size=000000  Align=00001  Fill=0000
    ZEROPAGE          Offs=000000  Size=000000  Align=00001  Fill=0000
    NULL              Offs=000000  Size=000000  Align=00001  Fill=0000
enemy.o:
    CODE              Offs=00009A  Size=000657  Align=00001  Fill=0000
    RODATA            Offs=000002  Size=000004  Align=00001  Fill=0000
    BSS               Offs=000008  Size=0000AC  Align=00001  Fill=0000
    DATA              Offs=000000  Size=000000  Align=00001  Fill=0000
    ZEROPAGE          Offs=000000  Size=000008  Align=00001  Fill=0000
    NULL              Offs=000000  Size=000000  Align=00001  Fill=0000
    BANK1             Offs=000000  Size=00222F  Align=00001  Fill=0000
    BANK3             Offs=000000  Size=008000  Align=00001  Fill=0000
enemyStrategy.o:
    CODE              Offs=0006F1  Size=000050  Align=00001  Fill=0000
    RODATA            Offs=000006  Size=000011  Align=00001  Fill=0000
    BSS               Offs=0000B4  Size=000004  Align=00001  Fill=0000
    DATA              Offs=000000  Size=000000  Align=00001  Fill=0000
    ZEROPAGE          Offs=000008  Size=000000  Align=00001  Fill=0000
    NULL              Offs=000000  Size=000000  Align=00001  Fill=0000
events.o:
    CODE              Offs=000741  Size=00000C  Align=00001  Fill=0000
    RODATA            Offs=000017  Size=000000  Align=00001  Fill=0000
    BSS               Offs=0000B8  Size=000000  Align=00001  Fill=0000
    DATA              Offs=000000  Size=000000  Align=00001  Fill=0000
    ZEROPAGE          Offs=000008  Size=000000  Align=00001  Fill=0000
    NULL              Offs=000000  Size=000000  Align=00001  Fill=0000
font.o:
    CODE              Offs=00074D  Size=000409  Align=00001  Fill=0000
    RODATA            Offs=000017  Size=000000  Align=00001  Fill=0000
    BSS               Offs=0000B8  Size=00000F  Align=00001  Fill=0000
    DATA              Offs=000000  Size=000000  Align=00001  Fill=0000
    ZEROPAGE          Offs=000008  Size=000003  Align=00001  Fill=0000
    NULL              Offs=000000  Size=000000  Align=00001  Fill=0000
    BANK4             Offs=000000  Size=00093F  Align=00001  Fill=0000
hero.o:
    CODE              Offs=000B56  Size=000558  Align=00001  Fill=0000
    RODATA            Offs=000017  Size=000000  Align=00001  Fill=0000
    BSS               Offs=0000C7  Size=000007  Align=00001  Fill=0000
    DATA              Offs=000000  Size=000000  Align=00001  Fill=0000
    ZEROPAGE          Offs=00000B  Size=00000B  Align=00001  Fill=0000
    NULL              Offs=000000  Size=000000  Align=00001  Fill=0000
    BANK2             Offs=000000  Size=0070A4  Align=00001  Fill=0000
hit.o:
    CODE              Offs=0010AE  Size=0000DD  Align=00001  Fill=0000
    RODATA            Offs=000017  Size=000018  Align=00001  Fill=0000
    BSS               Offs=0000CE  Size=00005D  Align=00001  Fill=0000
    DATA              Offs=000000  Size=000000  Align=00001  Fill=0000
    ZEROPAGE          Offs=000016  Size=000000  Align=00001  Fill=0000
    NULL              Offs=000000  Size=000000  Align=00001  Fill=0000
level.o:
    CODE              Offs=00118B  Size=000258  Align=00001  Fill=0000
    RODATA            Offs=00002F  Size=000082  Align=00001  Fill=0000
    BSS               Offs=00012B  Size=000012  Align=00001  Fill=0000
    DATA              Offs=000000  Size=000000  Align=00001  Fill=0000
    ZEROPAGE          Offs=000016  Size=000000  Align=00001  Fill=0000
    NULL              Offs=000000  Size=000000  Align=00001  Fill=0000
    BANK4             Offs=00093F  Size=0054A0  Align=00001  Fill=0000
main.o:
    CODE              Offs=0013E3  Size=000067  Align=00001  Fill=0000
    RODATA            Offs=0000B1  Size=000000  Align=00001  Fill=0000
    BSS               Offs=00013D  Size=000000  Align=00001  Fill=0000
    DATA              Offs=000000  Size=000000  Align=00001  Fill=0000
    ZEROPAGE          Offs=000016  Size=000000  Align=00001  Fill=0000
    NULL              Offs=000000  Size=000000  Align=00001  Fill=0000
score.o:
    CODE              Offs=00144A  Size=000313  Align=00001  Fill=0000
    RODATA            Offs=0000B1  Size=000000  Align=00001  Fill=0000
    BSS               Offs=00013D  Size=0000D3  Align=00001  Fill=0000
    DATA              Offs=000000  Size=000000  Align=00001  Fill=0000
    ZEROPAGE          Offs=000016  Size=000000  Align=00001  Fill=0000
    NULL              Offs=000000  Size=000000  Align=00001  Fill=0000
    BANK4             Offs=005DDF  Size=001600  Align=00001  Fill=0000
scriptedPad.o:
    CODE              Offs=00175D  Size=000091  Align=00001  Fill=0000
    RODATA            Offs=0000B1  Size=000000  Align=00001  Fill=0000
    BSS               Offs=000210  Size=000009  Align=00001  Fill=0000
    DATA              Offs=000000  Size=000000  Align=00001  Fill=0000
    ZEROPAGE          Offs=000016  Size=000002  Align=00001  Fill=0000
    NULL              Offs=000000  Size=000000  Align=00001  Fill=0000
snesgss.o:
    CODE              Offs=0017EE  Size=0001F3  Align=00001  Fill=0000
    RODATA            Offs=0000B1  Size=00000A  Align=00001  Fill=0000
    BSS               Offs=000219  Size=000000  Align=00001  Fill=0000
    DATA              Offs=000000  Size=000000  Align=00001  Fill=0000
    ZEROPAGE          Offs=000018  Size=000019  Align=00001  Fill=0000
    NULL              Offs=000000  Size=000000  Align=00001  Fill=0000
    BANK7             Offs=000000  Size=003379  Align=00001  Fill=0000
play.o:
    CODE              Offs=0019E1  Size=0002B6  Align=00001  Fill=0000
    RODATA            Offs=0000BB  Size=00000C  Align=00001  Fill=0000
    BSS               Offs=000219  Size=000003  Align=00001  Fill=0000
    DATA              Offs=000000  Size=000000  Align=00001  Fill=0000
    ZEROPAGE          Offs=000031  Size=000002  Align=00001  Fill=0000
    NULL              Offs=000000  Size=000000  Align=00001  Fill=0000
settings.o:
    CODE              Offs=001C97  Size=000035  Align=00001  Fill=0000
    RODATA            Offs=0000C7  Size=000010  Align=00001  Fill=0000
    BSS               Offs=00021C  Size=000008  Align=00001  Fill=0000
    DATA              Offs=000000  Size=000000  Align=00001  Fill=0000
    ZEROPAGE          Offs=000033  Size=000000  Align=00001  Fill=0000
    NULL              Offs=000000  Size=000000  Align=00001  Fill=0000
antihero.o:
    CODE              Offs=001CCC  Size=0000E2  Align=00001  Fill=0000
    RODATA            Offs=0000D7  Size=000000  Align=00001  Fill=0000
    BSS               Offs=000224  Size=000000  Align=00001  Fill=0000
    DATA              Offs=000000  Size=000000  Align=00001  Fill=0000
    ZEROPAGE          Offs=000033  Size=000000  Align=00001  Fill=0000
    NULL              Offs=000000  Size=000000  Align=00001  Fill=0000
    BANK1             Offs=00222F  Size=0011A0  Align=00001  Fill=0000
common.o:
    CODE              Offs=001DAE  Size=00007E  Align=00001  Fill=0000
    RODATA            Offs=0000D7  Size=000000  Align=00001  Fill=0000
    BSS               Offs=000224  Size=00000F  Align=00001  Fill=0000
    DATA              Offs=000000  Size=000000  Align=00001  Fill=0000
    ZEROPAGE          Offs=000033  Size=000000  Align=00001  Fill=0000
    NULL              Offs=000000  Size=000000  Align=00001  Fill=0000
irem.o:
    CODE              Offs=001E2C  Size=0000E2  Align=00001  Fill=0000
    RODATA            Offs=0000D7  Size=000000  Align=00001  Fill=0000
    BSS               Offs=000233  Size=000000  Align=00001  Fill=0000
    DATA              Offs=000000  Size=000000  Align=00001  Fill=0000
    ZEROPAGE          Offs=000033  Size=000000  Align=00001  Fill=0000
    NULL              Offs=000000  Size=000000  Align=00001  Fill=0000
    BANK1             Offs=0033CF  Size=001140  Align=00001  Fill=0000
letter.o:
    CODE              Offs=001F0E  Size=000183  Align=00001  Fill=0000
    RODATA            Offs=0000D7  Size=000000  Align=00001  Fill=0000
    BSS               Offs=000233  Size=000000  Align=00001  Fill=0000
    DATA              Offs=000000  Size=000000  Align=00001  Fill=0000
    ZEROPAGE          Offs=000033  Size=000000  Align=00001  Fill=0000
    NULL              Offs=000000  Size=000000  Align=00001  Fill=0000
    BANK1             Offs=00450F  Size=001240  Align=00001  Fill=0000
highScore.o:
    CODE              Offs=002091  Size=00038E  Align=00001  Fill=0000
    RODATA            Offs=0000D7  Size=000000  Align=00001  Fill=0000
    BSS               Offs=000233  Size=0000A0  Align=00001  Fill=0000
    DATA              Offs=000000  Size=000000  Align=00001  Fill=0000
    ZEROPAGE          Offs=000033  Size=000000  Align=00001  Fill=0000
    NULL              Offs=000000  Size=000000  Align=00001  Fill=0000
option.o:
    CODE              Offs=00241F  Size=00025B  Align=00001  Fill=0000
    RODATA            Offs=0000D7  Size=000094  Align=00001  Fill=0000
    BSS               Offs=0002D3  Size=000000  Align=00001  Fill=0000
    DATA              Offs=000000  Size=000000  Align=00001  Fill=0000
    ZEROPAGE          Offs=000033  Size=000000  Align=00001  Fill=0000
    NULL              Offs=000000  Size=000000  Align=00001  Fill=0000
screen.o:
    CODE              Offs=00267A  Size=000000  Align=00001  Fill=0000
    RODATA            Offs=00016B  Size=000000  Align=00001  Fill=0000
    BSS               Offs=0002D3  Size=000800  Align=00001  Fill=0000
    DATA              Offs=000000  Size=000000  Align=00001  Fill=0000
    ZEROPAGE          Offs=000033  Size=000000  Align=00001  Fill=0000
    NULL              Offs=000000  Size=000000  Align=00001  Fill=0000
title.o:
    CODE              Offs=00267A  Size=000249  Align=00001  Fill=0000
    RODATA            Offs=00016B  Size=00001E  Align=00001  Fill=0000
    BSS               Offs=000AD3  Size=000000  Align=00001  Fill=0000
    DATA              Offs=000000  Size=000000  Align=00001  Fill=0000
    ZEROPAGE          Offs=000033  Size=000000  Align=00001  Fill=0000
    NULL              Offs=000000  Size=000000  Align=00001  Fill=0000
    BANK1             Offs=00574F  Size=0019C0  Align=00001  Fill=0000
../../Tools/cc65-sfclib/bin/sfc.lib(crt0.o):
    CODE              Offs=0028C3  Size=000000  Align=00001  Fill=0000
    RODATA            Offs=000189  Size=000000  Align=00001  Fill=0000
    BSS               Offs=000AD3  Size=000000  Align=00001  Fill=0000
    DATA              Offs=000000  Size=000000  Align=00001  Fill=0000
    ZEROPAGE          Offs=000033  Size=000000  Align=00001  Fill=0000
    NULL              Offs=000000  Size=000000  Align=00001  Fill=0000
    STARTUP           Offs=000000  Size=000047  Align=00001  Fill=0000
    ROMINFO           Offs=000000  Size=000030  Align=00001  Fill=0000
    VECTORS           Offs=000000  Size=00001C  Align=00001  Fill=0000
../../Tools/cc65-sfclib/bin/sfc.lib(init.o):
    CODE              Offs=0028C3  Size=0000F3  Align=00001  Fill=0000
    RODATA            Offs=000189  Size=000000  Align=00001  Fill=0000
    BSS               Offs=000AD3  Size=000000  Align=00001  Fill=0000
    DATA              Offs=000000  Size=000000  Align=00001  Fill=0000
    ZEROPAGE          Offs=000033  Size=000000  Align=00001  Fill=0000
    NULL              Offs=000000  Size=000000  Align=00001  Fill=0000
../../Tools/cc65-sfclib/bin/sfc.lib(event.o):
    CODE              Offs=0029B6  Size=000101  Align=00001  Fill=0000
    RODATA            Offs=000189  Size=000000  Align=00001  Fill=0000
    BSS               Offs=000AD3  Size=000083  Align=00001  Fill=0000
    DATA              Offs=000000  Size=000000  Align=00001  Fill=0000
    ZEROPAGE          Offs=000033  Size=000000  Align=00001  Fill=0000
    NULL              Offs=000000  Size=000000  Align=00001  Fill=0000
../../Tools/cc65-sfclib/bin/sfc.lib(pad.o):
    CODE              Offs=002AB7  Size=000139  Align=00001  Fill=0000
    RODATA            Offs=000189  Size=000000  Align=00001  Fill=0000
    BSS               Offs=000B56  Size=000012  Align=00001  Fill=0000
    DATA              Offs=000000  Size=000000  Align=00001  Fill=0000
    ZEROPAGE          Offs=000033  Size=000000  Align=00001  Fill=0000
    NULL              Offs=000000  Size=000000  Align=00001  Fill=0000
../../Tools/cc65-sfclib/bin/sfc.lib(sprite.o):
    CODE              Offs=002BF0  Size=000074  Align=00001  Fill=0000
    RODATA            Offs=000189  Size=000000  Align=00001  Fill=0000
    BSS               Offs=000B68  Size=000221  Align=00001  Fill=0000
    DATA              Offs=000000  Size=000000  Align=00001  Fill=0000
    ZEROPAGE          Offs=000033  Size=000000  Align=00001  Fill=0000
    NULL              Offs=000000  Size=000000  Align=00001  Fill=0000
../../Tools/cc65-sfclib/bin/sfc.lib(waitvblank.o):
    CODE              Offs=002C64  Size=00000D  Align=00001  Fill=0000
    RODATA            Offs=000189  Size=000000  Align=00001  Fill=0000
    BSS               Offs=000D89  Size=000000  Align=00001  Fill=0000
    DATA              Offs=000000  Size=000000  Align=00001  Fill=0000
    ZEROPAGE          Offs=000033  Size=000000  Align=00001  Fill=0000
    NULL              Offs=000000  Size=000000  Align=00001  Fill=0000


Segment list:
-------------
Name                   Start     End    Size  Align
----------------------------------------------------
DATA                  000000  000000  000000  00001
NULL                  000000  000000  000000  00001
ZEROPAGE              000000  000032  000033  00001
BSS                   000200  000F88  000D89  00001
ROMINFO               00FFB0  00FFDF  000030  00001
VECTORS               00FFE4  00FFFF  00001C  00001
STARTUP               808000  808046  000047  00001
CODE                  808047  80ACB7  002C71  00001
RODATA                80ACB8  80AE40  000189  00001
BANK1                 818000  81F10E  00710F  00001
BANK2                 828000  82F0A3  0070A4  00001
BANK3                 838000  83FFFF  008000  00001
BANK4                 848000  84F3DE  0073DF  00001
BANK7                 878000  87B378  003379  00001


Exports list by name:
---------------------
EnemyArrayAnimAddress     000209  LA    EnemyArrayAnimFrameCounter 00027A  LA    
EnemyArrayAnimFrameIndex  00025E  LA    EnemyArrayFlag            000297  LA    
EnemyArrayOAMSlotOffset   000225  LA    EnemyArrayOffsetFramecounter 00027B  LA    
EnemyArrayXOffset         000241 RLA    EnemyArrayYOffset         00025D RLA    
EnemyCurrentArrayIndexByte 000002  LZ    EnemyCurrentArrayIndexWord 000004  LZ    
EnemyCurrentXOffset       000007  LZ    EnemyCurrentYOffset       000006  LZ    
EnemyTempXOffsetHigh      000208  LA    OAMDataUpdated            80AC9D RLA    
SPC700_Driver             878000  LA    SPC700_Driver_Size        80AD69  LA    
Song_Bank_Table           80AD6D  LA    Song_Dst_Pointer          80AD6B  LA    
Song_Offset_Table         80AD6F  LA    Song_Size_Table           80AD71  LA    
VRAMLineLeft              00032D  LA    VRAMLineRight             00032F  LA    
_IRQHandler               80945C RLA    _NMIHandler               809489 RLA    
__ROMINFO_FILEOFFS__      007FB0  EA    __ROMINFO_LAST__          00FFE0  LA    
__ROMINFO_SIZE__          000034  EA    __ROMINFO_START__         00FFB0  LA    
__STARTUP__               000001 REA    __VECTORS_FILEOFFS__      007FE4  EA    
__VECTORS_LAST__          010000  LA    __VECTORS_SIZE__          00001C  EA    
__VECTORS_START__         00FFE4  LA    _clearToBuffer            808B41  LA    
_clearToVRAM              808B1F  LA    _main                     80942A RLA    
_preInit                  809490 RLA    _writeToBuffer            808AF8  LA    
_writeToVRAM              808AD1  LA    addEnemy                  80825C RLA    
addEvent                  80AA29 RLA    animEnemy                 808478  LA    
animHero                  808CD5  LA    animInProgress            00000B  LZ    
antiheroSplash            809D13 RLA    blankData                 80ACB8 RLA    
bufferPtr                 000008 RLZ    clearEnemy                8082D6  LA    
clearFontZone             808AB1 RLA    clearHeroSprite           808C0C RLA    
clearOAM                  80AC37 RLA    continueValueList         80AD88 RLA    
copyFontBufferToVRAMOnceEvent 808B63 RLA    copyOAM                   80AC66 RLA    
copyOAMEvent              808788 RLA    cursorEvent               80807C RLA    
cursorTarget              000204 RLA    cursorTargetSet           000207 RLA    
difficultyPtrList         80ADC1  LA    difficultyValueList       80AD7F RLA    
disableSkipLeadingZero    8089AC  LA    disableSkipSpaces         808990 RLA    
displayHighScore          80A26A  LA    doUpdateScore             0003FD  LA    
enableSkipLeadingZero     80899E RLA    enableSkipSpaces          808982  LA    
enemyFallAnimAddress      81A0AC  LA    enemyFallYOffset          81A070  LA    
enemyGrabFall             8086B8  LA    enemyStrategyGrab         80874B RLA    
enemyStrategyGrabTable    80ACBE  LA    enemyStrategyGrabTableSize 80ACCD  LA    
enemyStrategyInit         808738 RLA    energyEnemy               000409  LA    
energyPlayer              000408 RLA    eventsTable               000CD3  LA    
fallHero                  809056  LA    findEmptySlotEnemy        8082B4 RLA    
fontCyanBlackBlackPal     8488FF RLA    fontRedBlackBlackPal      8488E0 RLA    
fontTiles                 848000 RLA    fontWhiteRedBlackPal      8488C0 RLA    
gameHeroDie               00041B RLA    gameMessagePal            84891F RLA    
gameOverString            80890C RLA    gamePauseMessageEvent     809C91  LA    
gamePausedString          8088E1 RLA    getEventCounter           80AADD RLA    
grabbingFall1             81A1AD  LA    grabbingGrab              81A203  LA    
grabbingHitHighFall       81A211  LA    grabbingHitLowFall        81A225  LA    
grabbingHitMidFall        81A21B  LA    grabbingShakeFall         81A207  LA    
grabbingWalk              81A1E9  LA    grabbingWalk1             81A0B4  LA    
grabbingWalk2             81A0C9  LA    gss_channels              00002B  LZ    
gss_channelsVolume        00002C  LZ    gss_init                  809835 RLA    
gss_pauseTrack            809901  LA    gss_playSfx               8098B2  LA    
gss_playTrack             809861 RLA    gss_resumeTrack           809914  LA    
gss_setChannelsVolume     80997C  LA    gss_setGlobalVolume       80995D  LA    
gss_setMono               80994A  LA    gss_setStereo             809937 RLA    
gss_sfxChannel            00002D  LZ    gss_sfxNumber             00002E  LZ    
gss_sfxPan                000030  LZ    gss_sfxVolume             00002F  LZ    
gss_stopAll               809927  LA    gss_stopTrack             8098F1  LA    
gss_trackNumber           000028  LZ    gss_volume                000029  LZ    
gss_volumeSpeed           00002A  LZ    heroAnimInterruptCounter  00000E  LZ    
heroDownKick2             82ED2C  LA    heroDownPunch1            82ED4D  LA    
heroDownPunch3            82ED86  LA    heroFlag                  000015 RLZ    
heroHitOffset             000012 RLZ    heroHitType               000014 RLZ    
heroHitZone               000013 RLZ    heroStandKick2            82EDC7  LA    
heroTransferAddr          0002CC  LA    heroXOffset               000010 RLZ    
highByte                  81A040  LA    highScoreInitValues       80A1CA  LA    
highScoreMainLoop         80A2D8 RLA    highScoreTitleString      80A0D8  LA    
hitAdd                    80910A RLA    hitInit                   8090F5 RLA    
hitProcess                80919F RLA    hitRemove                 809186  LA    
initCursor                808047 RLA    initEnemySprite           8080E1 RLA    
initEvents                80A9FD RLA    initFont                  808931 RLA    
initFontBuffer            808965 RLA    initHeroSprite            808B9D RLA    
initHighScore             80A26A  LA    initLevel                 8091D2 RLA    
initPad                   80AAFE RLA    initScore                 809491 RLA    
initSettings              809CDE RLA    initSnes                  80A90A RLA    
insertNewHighScore        80A26A  LA    iremSplash                809E73 RLA    
isEventActive             80AAE9 RLA    letterGreyPal             848820 RLA    
letterIntroString         808794 RLA    letterRedPal              848840 RLA    
letterSplash              809F55 RLA    levelLeftEdgeVisible      00033C  LA    
levelRightEdgeVisible     00033B RLA    levelStartIntro           809B9E  LA    
livesCounter              00040C RLA    livesValueList            80AD84 RLA    
oamData                   000D68 RLA    onePlayerFirstFloorString 8088A7 RLA    
optionExitString          80A4C4  LA    optionScreen              80A4CA RLA    
optionsString             80A466  LA    padFirstPushData1         000D58 RLA    
padFirstPushDataHigh1     000D59  LA    padFirstPushDataLow1      000D58 RLA    
padPushData1              000D56 RLA    padPushData2              000D5C  LA    
padPushData3              000D60  LA    padPushData4              000D64  LA    
padPushDataHigh1          000D57  LA    padPushDataHigh2          000D5D  LA    
padPushDataHigh3          000D60  LA    padPushDataHigh4          000D64  LA    
padPushDataLow1           000D56 RLA    padPushDataLow2           000D5C  LA    
padPushDataLow3           000D61  LA    padPushDataLow4           000D65  LA    
padReleaseData1           000D5A RLA    padReleaseData2           000D5E  LA    
padReleaseData3           000D62  LA    padReleaseData4           000D66  LA    
padReleaseDataHigh1       000D5B  LA    padReleaseDataHigh2       000D5F  LA    
padReleaseDataHigh3       000D62  LA    padReleaseDataHigh4       000D66  LA    
padReleaseDataLow1        000D5A RLA    padReleaseDataLow2        000D5E  LA    
padReleaseDataLow3        000D63  LA    padReleaseDataLow4        000D67  LA    
playGame                  809A28 RLA    processEvents             80AA58 RLA    
reactEnemy                8084DC RLA    reactEnemyGrab            80851F  LA    
reactHero                 808E26 RLA    readPad1                  80AB3F RLA    
readPad2                  80AB7D  LA    readPad3                  80ABBB  LA    
readPad4                  80ABF9  LA    readyString               808896 RLA    
refreshHero               808DBA RLA    removeAllEvent            80AAC6 RLA    
removeEvent               80AAAD  LA    scoreEvent                809713  LA    
scoreMapData              00033D  LA    scorePlayer1              0003FF  LA    
screenBuffer              0004D3 RLA    scriptedDataHeroLevelStart 80AD7B  LA    
scriptedPadInit           8097A4 RLA    scriptedPadOverride       8097F9 RLA    
scriptedPadReadData       8097B6 RLA    scrollDirection           000339 RLA    
scrollInitEvent           80937D RLA    scrollLevel               8092C9 RLA    
scrollValue               000337  LA    setEnemyOAM               808300  LA    
setEnemyOAM_fillLoop      80843D  EA    setEnemyOAM_lineLoop      80831C  EA    
setEnemyOAM_skiplineLoop  80833A  EA    setEnergyEnemy            809672  LA    
setEnergyPlayer           809622 RLA    setFontCursorPosition     8089BA RLA    
setFontCursorPositionNewLine 8089D4 RLA    setFontPalette            808978 RLA    
setHeroOAM                808C2D  LA    setLiveCounter            8096EE RLA    
setMirrorSpriteMode       808E14  LA    setNormalSpriteMode       808E1D  LA    
setShakingFlag            8090D0  LA    settingsContinueIndex     000420 RLA    
settingsContinueValue     000421 RLA    settingsDifficultyIndex   00041C RLA    
settingsDifficultyValue   00041D RLA    settingsLivesIndex        00041E RLA    
settingsLivesValue        00041F RLA    settingsSoundIndex        000422 RLA    
settingsSoundValue        000423 RLA    skipSpaces                0002B8  LA    
soundValueList            80AD8C RLA    spc_command               809A02  LA    
spc_load_data             80999B  LA    splashScreenEvent         809E1F RLA    
splashScreenInit          809DF5 RLA    spriteCounter             0002C7 RLA    
spriteTrickIRQVTimer      80AD73 RLA    spriteTrickIRQValue       80AD77 RLA    
spriteTrickIndex          000031 RLZ    timeCounter               00040A  LA    
titleScreen               80A6C1 RLA    titleScreenCopyrightString 808867 RLA    
titleScreenMap            81E8EF  LA    titleScreenPal            81F0EF  LA    
titleScreenReload         80A85C REA    titleScreenSelectString   808846 RLA    
titleScreenTiles          81D74F  LA    titleScreenWhitePal       848860 RLA    
titleScreenWhiteRedPal    8488A0 RLA    titleScreenYellowPal      848880 RLA    
transferHeroSpriteDataEvent 808DC1 RLA    updateDifficulty          80A550  LA    
updateEnergyPlayer        809615 RLA    updateLevelMessageOnceEvent 809CA4  LA    
updateScorePlayer1        809598 RLA    updateScorePlayer2        8095C7  LA    
updateScoreTop            8095F6  LA    updateTime                8096B9 RLA    
waitForVBlank             80ACAB RLA    writeFontNumber           808A4B RLA    
writeFontString           8089EB RLA    writeNumberToScoreMap     80975B  LA    



Exports list by value:
----------------------
__STARTUP__               000001 REA    EnemyCurrentArrayIndexByte 000002  LZ    
EnemyCurrentArrayIndexWord 000004  LZ    EnemyCurrentYOffset       000006  LZ    
EnemyCurrentXOffset       000007  LZ    bufferPtr                 000008 RLZ    
animInProgress            00000B  LZ    heroAnimInterruptCounter  00000E  LZ    
heroXOffset               000010 RLZ    heroHitOffset             000012 RLZ    
heroHitZone               000013 RLZ    heroHitType               000014 RLZ    
heroFlag                  000015 RLZ    __VECTORS_SIZE__          00001C  EA    
gss_trackNumber           000028  LZ    gss_volume                000029  LZ    
gss_volumeSpeed           00002A  LZ    gss_channels              00002B  LZ    
gss_channelsVolume        00002C  LZ    gss_sfxChannel            00002D  LZ    
gss_sfxNumber             00002E  LZ    gss_sfxVolume             00002F  LZ    
gss_sfxPan                000030  LZ    spriteTrickIndex          000031 RLZ    
__ROMINFO_SIZE__          000034  EA    cursorTarget              000204 RLA    
cursorTargetSet           000207 RLA    EnemyTempXOffsetHigh      000208  LA    
EnemyArrayAnimAddress     000209  LA    EnemyArrayOAMSlotOffset   000225  LA    
EnemyArrayXOffset         000241 RLA    EnemyArrayYOffset         00025D RLA    
EnemyArrayAnimFrameIndex  00025E  LA    EnemyArrayAnimFrameCounter 00027A  LA    
EnemyArrayOffsetFramecounter 00027B  LA    EnemyArrayFlag            000297  LA    
skipSpaces                0002B8  LA    spriteCounter             0002C7 RLA    
heroTransferAddr          0002CC  LA    VRAMLineLeft              00032D  LA    
VRAMLineRight             00032F  LA    scrollValue               000337  LA    
scrollDirection           000339 RLA    levelRightEdgeVisible     00033B RLA    
levelLeftEdgeVisible      00033C  LA    scoreMapData              00033D  LA    
doUpdateScore             0003FD  LA    scorePlayer1              0003FF  LA    
energyPlayer              000408 RLA    energyEnemy               000409  LA    
timeCounter               00040A  LA    livesCounter              00040C RLA    
gameHeroDie               00041B RLA    settingsDifficultyIndex   00041C RLA    
settingsDifficultyValue   00041D RLA    settingsLivesIndex        00041E RLA    
settingsLivesValue        00041F RLA    settingsContinueIndex     000420 RLA    
settingsContinueValue     000421 RLA    settingsSoundIndex        000422 RLA    
settingsSoundValue        000423 RLA    screenBuffer              0004D3 RLA    
eventsTable               000CD3  LA    padPushDataLow1           000D56 RLA    
padPushData1              000D56 RLA    padPushDataHigh1          000D57  LA    
padFirstPushData1         000D58 RLA    padFirstPushDataLow1      000D58 RLA    
padFirstPushDataHigh1     000D59  LA    padReleaseDataLow1        000D5A RLA    
padReleaseData1           000D5A RLA    padReleaseDataHigh1       000D5B  LA    
padPushData2              000D5C  LA    padPushDataLow2           000D5C  LA    
padPushDataHigh2          000D5D  LA    padReleaseData2           000D5E  LA    
padReleaseDataLow2        000D5E  LA    padReleaseDataHigh2       000D5F  LA    
padPushDataHigh3          000D60  LA    padPushData3              000D60  LA    
padPushDataLow3           000D61  LA    padReleaseData3           000D62  LA    
padReleaseDataHigh3       000D62  LA    padReleaseDataLow3        000D63  LA    
padPushDataHigh4          000D64  LA    padPushData4              000D64  LA    
padPushDataLow4           000D65  LA    padReleaseData4           000D66  LA    
padReleaseDataHigh4       000D66  LA    padReleaseDataLow4        000D67  LA    
oamData                   000D68 RLA    __ROMINFO_FILEOFFS__      007FB0  EA    
__VECTORS_FILEOFFS__      007FE4  EA    __ROMINFO_START__         00FFB0  LA    
__ROMINFO_LAST__          00FFE0  LA    __VECTORS_START__         00FFE4  LA    
__VECTORS_LAST__          010000  LA    initCursor                808047 RLA    
cursorEvent               80807C RLA    initEnemySprite           8080E1 RLA    
addEnemy                  80825C RLA    findEmptySlotEnemy        8082B4 RLA    
clearEnemy                8082D6  LA    setEnemyOAM               808300  LA    
setEnemyOAM_lineLoop      80831C  EA    setEnemyOAM_skiplineLoop  80833A  EA    
setEnemyOAM_fillLoop      80843D  EA    animEnemy                 808478  LA    
reactEnemy                8084DC RLA    reactEnemyGrab            80851F  LA    
enemyGrabFall             8086B8  LA    enemyStrategyInit         808738 RLA    
enemyStrategyGrab         80874B RLA    copyOAMEvent              808788 RLA    
letterIntroString         808794 RLA    titleScreenSelectString   808846 RLA    
titleScreenCopyrightString 808867 RLA    readyString               808896 RLA    
onePlayerFirstFloorString 8088A7 RLA    gamePausedString          8088E1 RLA    
gameOverString            80890C RLA    initFont                  808931 RLA    
initFontBuffer            808965 RLA    setFontPalette            808978 RLA    
enableSkipSpaces          808982  LA    disableSkipSpaces         808990 RLA    
enableSkipLeadingZero     80899E RLA    disableSkipLeadingZero    8089AC  LA    
setFontCursorPosition     8089BA RLA    setFontCursorPositionNewLine 8089D4 RLA    
writeFontString           8089EB RLA    writeFontNumber           808A4B RLA    
clearFontZone             808AB1 RLA    _writeToVRAM              808AD1  LA    
_writeToBuffer            808AF8  LA    _clearToVRAM              808B1F  LA    
_clearToBuffer            808B41  LA    copyFontBufferToVRAMOnceEvent 808B63 RLA    
initHeroSprite            808B9D RLA    clearHeroSprite           808C0C RLA    
setHeroOAM                808C2D  LA    animHero                  808CD5  LA    
refreshHero               808DBA RLA    transferHeroSpriteDataEvent 808DC1 RLA    
setMirrorSpriteMode       808E14  LA    setNormalSpriteMode       808E1D  LA    
reactHero                 808E26 RLA    fallHero                  809056  LA    
setShakingFlag            8090D0  LA    hitInit                   8090F5 RLA    
hitAdd                    80910A RLA    hitRemove                 809186  LA    
hitProcess                80919F RLA    initLevel                 8091D2 RLA    
scrollLevel               8092C9 RLA    scrollInitEvent           80937D RLA    
_main                     80942A RLA    _IRQHandler               80945C RLA    
_NMIHandler               809489 RLA    _preInit                  809490 RLA    
initScore                 809491 RLA    updateScorePlayer1        809598 RLA    
updateScorePlayer2        8095C7  LA    updateScoreTop            8095F6  LA    
updateEnergyPlayer        809615 RLA    setEnergyPlayer           809622 RLA    
setEnergyEnemy            809672  LA    updateTime                8096B9 RLA    
setLiveCounter            8096EE RLA    scoreEvent                809713  LA    
writeNumberToScoreMap     80975B  LA    scriptedPadInit           8097A4 RLA    
scriptedPadReadData       8097B6 RLA    scriptedPadOverride       8097F9 RLA    
gss_init                  809835 RLA    gss_playTrack             809861 RLA    
gss_playSfx               8098B2  LA    gss_stopTrack             8098F1  LA    
gss_pauseTrack            809901  LA    gss_resumeTrack           809914  LA    
gss_stopAll               809927  LA    gss_setStereo             809937 RLA    
gss_setMono               80994A  LA    gss_setGlobalVolume       80995D  LA    
gss_setChannelsVolume     80997C  LA    spc_load_data             80999B  LA    
spc_command               809A02  LA    playGame                  809A28 RLA    
levelStartIntro           809B9E  LA    gamePauseMessageEvent     809C91  LA    
updateLevelMessageOnceEvent 809CA4  LA    initSettings              809CDE RLA    
antiheroSplash            809D13 RLA    splashScreenInit          809DF5 RLA    
splashScreenEvent         809E1F RLA    iremSplash                809E73 RLA    
letterSplash              809F55 RLA    highScoreTitleString      80A0D8  LA    
highScoreInitValues       80A1CA  LA    initHighScore             80A26A  LA    
insertNewHighScore        80A26A  LA    displayHighScore          80A26A  LA    
highScoreMainLoop         80A2D8 RLA    optionsString             80A466  LA    
optionExitString          80A4C4  LA    optionScreen              80A4CA RLA    
updateDifficulty          80A550  LA    titleScreen               80A6C1 RLA    
titleScreenReload         80A85C REA    initSnes                  80A90A RLA    
initEvents                80A9FD RLA    addEvent                  80AA29 RLA    
processEvents             80AA58 RLA    removeEvent               80AAAD  LA    
removeAllEvent            80AAC6 RLA    getEventCounter           80AADD RLA    
isEventActive             80AAE9 RLA    initPad                   80AAFE RLA    
readPad1                  80AB3F RLA    readPad2                  80AB7D  LA    
readPad3                  80ABBB  LA    readPad4                  80ABF9  LA    
clearOAM                  80AC37 RLA    copyOAM                   80AC66 RLA    
OAMDataUpdated            80AC9D RLA    waitForVBlank             80ACAB RLA    
blankData                 80ACB8 RLA    enemyStrategyGrabTable    80ACBE  LA    
enemyStrategyGrabTableSize 80ACCD  LA    SPC700_Driver_Size        80AD69  LA    
Song_Dst_Pointer          80AD6B  LA    Song_Bank_Table           80AD6D  LA    
Song_Offset_Table         80AD6F  LA    Song_Size_Table           80AD71  LA    
spriteTrickIRQVTimer      80AD73 RLA    spriteTrickIRQValue       80AD77 RLA    
scriptedDataHeroLevelStart 80AD7B  LA    difficultyValueList       80AD7F RLA    
livesValueList            80AD84 RLA    continueValueList         80AD88 RLA    
soundValueList            80AD8C RLA    difficultyPtrList         80ADC1  LA    
highByte                  81A040  LA    enemyFallYOffset          81A070  LA    
enemyFallAnimAddress      81A0AC  LA    grabbingWalk1             81A0B4  LA    
grabbingWalk2             81A0C9  LA    grabbingFall1             81A1AD  LA    
grabbingWalk              81A1E9  LA    grabbingGrab              81A203  LA    
grabbingShakeFall         81A207  LA    grabbingHitHighFall       81A211  LA    
grabbingHitMidFall        81A21B  LA    grabbingHitLowFall        81A225  LA    
titleScreenTiles          81D74F  LA    titleScreenMap            81E8EF  LA    
titleScreenPal            81F0EF  LA    heroDownKick2             82ED2C  LA    
heroDownPunch1            82ED4D  LA    heroDownPunch3            82ED86  LA    
heroStandKick2            82EDC7  LA    fontTiles                 848000 RLA    
letterGreyPal             848820 RLA    letterRedPal              848840 RLA    
titleScreenWhitePal       848860 RLA    titleScreenYellowPal      848880 RLA    
titleScreenWhiteRedPal    8488A0 RLA    fontWhiteRedBlackPal      8488C0 RLA    
fontRedBlackBlackPal      8488E0 RLA    fontCyanBlackBlackPal     8488FF RLA    
gameMessagePal            84891F RLA    SPC700_Driver             878000  LA    



Imports list:
-------------
EnemyArrayAnimAddress (enemy.o):
EnemyArrayAnimFrameCounter (enemy.o):
EnemyArrayAnimFrameIndex (enemy.o):
EnemyArrayFlag (enemy.o):
EnemyArrayOAMSlotOffset (enemy.o):
EnemyArrayOffsetFramecounter (enemy.o):
EnemyArrayXOffset (enemy.o):
    hit.o                     includes/enemy.inc(9)
EnemyArrayYOffset (enemy.o):
    hit.o                     includes/enemy.inc(10)
EnemyCurrentArrayIndexByte (enemy.o):
EnemyCurrentArrayIndexWord (enemy.o):
EnemyCurrentXOffset (enemy.o):
EnemyCurrentYOffset (enemy.o):
EnemyTempXOffsetHigh (enemy.o):
OAMDataUpdated (sprite.o):
    option.o                  ../../Tools/cc65-sfclib/include/snes-sprite.inc(3)
    hit.o                     ../../Tools/cc65-sfclib/include/snes-sprite.inc(3)
    hero.o                    ../../Tools/cc65-sfclib/include/snes-sprite.inc(3)
    enemy.o                   ../../Tools/cc65-sfclib/include/snes-sprite.inc(3)
    cursor.o                  ../../Tools/cc65-sfclib/include/snes-sprite.inc(3)
SPC700_Driver (snesgss.o):
SPC700_Driver_Size (snesgss.o):
Song_Bank_Table (snesgss.o):
Song_Dst_Pointer (snesgss.o):
Song_Offset_Table (snesgss.o):
Song_Size_Table (snesgss.o):
VRAMLineLeft (level.o):
VRAMLineRight (level.o):
_IRQHandler (main.o):
    crt0.o                    src/crt0.asm(13)
_NMIHandler (main.o):
    crt0.o                    src/crt0.asm(13)
__ROMINFO_FILEOFFS__ ([linker generated]):
__ROMINFO_LAST__ ([linker generated]):
__ROMINFO_SIZE__ ([linker generated]):
__ROMINFO_START__ ([linker generated]):
__STARTUP__ (crt0.o):
    main.o                    main.asm(28)
__VECTORS_FILEOFFS__ ([linker generated]):
__VECTORS_LAST__ ([linker generated]):
__VECTORS_SIZE__ ([linker generated]):
__VECTORS_START__ ([linker generated]):
_clearToBuffer (font.o):
_clearToVRAM (font.o):
_main (main.o):
    crt0.o                    src/crt0.asm(11)
_preInit (main.o):
    crt0.o                    src/crt0.asm(12)
_writeToBuffer (font.o):
_writeToVRAM (font.o):
addEnemy (enemy.o):
    enemyStrategy.o           includes/enemy.inc(7)
addEvent (event.o):
    title.o                   ../../Tools/cc65-sfclib/include/snes-event.inc(2)
    option.o                  ../../Tools/cc65-sfclib/include/snes-event.inc(2)
    letter.o                  ../../Tools/cc65-sfclib/include/snes-event.inc(2)
    irem.o                    ../../Tools/cc65-sfclib/include/snes-event.inc(2)
    antihero.o                ../../Tools/cc65-sfclib/include/snes-event.inc(2)
    play.o                    ../../Tools/cc65-sfclib/include/snes-event.inc(2)
    score.o                   ../../Tools/cc65-sfclib/include/snes-event.inc(2)
    level.o                   ../../Tools/cc65-sfclib/include/snes-event.inc(2)
animEnemy (enemy.o):
animHero (hero.o):
animInProgress (hero.o):
antiheroSplash (antihero.o):
    main.o                    main.asm(35)
blankData (common.o):
    highScore.o               screen/../includes/common.inc(1)
    play.o                    game/../includes/common.inc(1)
bufferPtr (font.o):
    play.o                    game/../includes/font.inc(14)
clearEnemy (enemy.o):
clearFontZone (font.o):
    title.o                   screen/../includes/font.inc(12)
    option.o                  screen/../includes/font.inc(12)
    play.o                    game/../includes/font.inc(12)
clearHeroSprite (hero.o):
    option.o                  screen/../includes/hero.inc(4)
clearOAM (sprite.o):
    hero.o                    ../../Tools/cc65-sfclib/include/snes-sprite.inc(1)
continueValueList (settings.o):
    option.o                  screen/../includes/settings.inc(13)
copyFontBufferToVRAMOnceEvent (font.o):
    title.o                   screen/../includes/font.inc(13)
    option.o                  screen/../includes/font.inc(13)
copyOAM (sprite.o):
    events.o                  ../../Tools/cc65-sfclib/include/snes-sprite.inc(2)
copyOAMEvent (events.o):
    title.o                   screen/../includes/events.inc(1)
    option.o                  screen/../includes/events.inc(1)
    play.o                    game/../includes/events.inc(1)
cursorEvent (cursor.o):
    title.o                   screen/../includes/cursor.inc(2)
    option.o                  screen/../includes/cursor.inc(2)
cursorTarget (cursor.o):
    title.o                   screen/../includes/cursor.inc(3)
    option.o                  screen/../includes/cursor.inc(3)
cursorTargetSet (cursor.o):
    title.o                   screen/../includes/cursor.inc(4)
    option.o                  screen/../includes/cursor.inc(4)
difficultyPtrList (option.o):
difficultyValueList (settings.o):
    option.o                  screen/../includes/settings.inc(11)
disableSkipLeadingZero (font.o):
disableSkipSpaces (font.o):
    option.o                  screen/../includes/font.inc(5)
    play.o                    game/../includes/font.inc(5)
displayHighScore (highScore.o):
doUpdateScore (score.o):
enableSkipLeadingZero (font.o):
    highScore.o               screen/../includes/font.inc(6)
enableSkipSpaces (font.o):
enemyFallAnimAddress (enemy.o):
enemyFallYOffset (enemy.o):
enemyGrabFall (enemy.o):
enemyStrategyGrab (enemyStrategy.o):
    play.o                    game/../includes/enemyStrategy.inc(6)
enemyStrategyGrabTable (enemyStrategy.o):
enemyStrategyGrabTableSize (enemyStrategy.o):
enemyStrategyInit (enemyStrategy.o):
    play.o                    game/../includes/enemyStrategy.inc(5)
energyEnemy (score.o):
energyPlayer (score.o):
    hero.o                    includes/score.inc(4)
eventsTable (event.o):
fallHero (hero.o):
findEmptySlotEnemy (enemy.o):
    enemyStrategy.o           includes/enemy.inc(8)
fontCyanBlackBlackPal (font.o):
    highScore.o               screen/../includes/font.inc(27)
fontRedBlackBlackPal (font.o):
    highScore.o               screen/../includes/font.inc(26)
fontTiles (font.o):
    title.o                   screen/../includes/font.inc(16)
    highScore.o               screen/../includes/font.inc(16)
    letter.o                  splash/../includes/font.inc(16)
    play.o                    game/../includes/font.inc(16)
fontWhiteRedBlackPal (font.o):
    highScore.o               screen/../includes/font.inc(25)
gameHeroDie (play.o):
    hero.o                    hero.asm(25)
gameMessagePal (font.o):
    highScore.o               screen/../includes/font.inc(24)
    play.o                    game/../includes/font.inc(24)
gameOverString (font.o):
    play.o                    game/../includes/font.inc(35)
gamePauseMessageEvent (play.o):
gamePausedString (font.o):
    play.o                    game/../includes/font.inc(34)
getEventCounter (event.o):
    score.o                   ../../Tools/cc65-sfclib/include/snes-event.inc(6)
grabbingFall1 (enemy.o):
grabbingGrab (enemy.o):
grabbingHitHighFall (enemy.o):
grabbingHitLowFall (enemy.o):
grabbingHitMidFall (enemy.o):
grabbingShakeFall (enemy.o):
grabbingWalk (enemy.o):
grabbingWalk1 (enemy.o):
grabbingWalk2 (enemy.o):
gss_channels (snesgss.o):
gss_channelsVolume (snesgss.o):
gss_init (snesgss.o):
    main.o                    includes/snesgss.inc(1)
gss_pauseTrack (snesgss.o):
gss_playSfx (snesgss.o):
gss_playTrack (snesgss.o):
    main.o                    includes/snesgss.inc(3)
gss_resumeTrack (snesgss.o):
gss_setChannelsVolume (snesgss.o):
gss_setGlobalVolume (snesgss.o):
gss_setMono (snesgss.o):
gss_setStereo (snesgss.o):
    main.o                    includes/snesgss.inc(8)
gss_sfxChannel (snesgss.o):
gss_sfxNumber (snesgss.o):
gss_sfxPan (snesgss.o):
gss_sfxVolume (snesgss.o):
gss_stopAll (snesgss.o):
gss_stopTrack (snesgss.o):
gss_trackNumber (snesgss.o):
gss_volume (snesgss.o):
gss_volumeSpeed (snesgss.o):
heroAnimInterruptCounter (hero.o):
heroDownKick2 (hero.o):
heroDownPunch1 (hero.o):
heroDownPunch3 (hero.o):
heroFlag (hero.o):
    enemy.o                   includes/hero.inc(9)
heroHitOffset (hero.o):
    enemy.o                   includes/hero.inc(10)
heroHitType (hero.o):
    hit.o                     includes/hero.inc(12)
heroHitZone (hero.o):
    enemy.o                   includes/hero.inc(11)
heroStandKick2 (hero.o):
heroTransferAddr (hero.o):
heroXOffset (hero.o):
    play.o                    game/../includes/hero.inc(8)
    enemy.o                   includes/hero.inc(8)
highByte (enemy.o):
highScoreInitValues (highScore.o):
highScoreMainLoop (highScore.o):
    title.o                   screen/../includes/highScore.inc(1)
    play.o                    game/../includes/highScore.inc(1)
highScoreTitleString (highScore.o):
hitAdd (hit.o):
    enemy.o                   includes/hit.inc(2)
hitInit (hit.o):
    play.o                    game/../includes/hit.inc(1)
hitProcess (hit.o):
    play.o                    game/../includes/hit.inc(3)
hitRemove (hit.o):
initCursor (cursor.o):
    title.o                   screen/../includes/cursor.inc(1)
    option.o                  screen/../includes/cursor.inc(1)
initEnemySprite (enemy.o):
    title.o                   screen/../includes/enemy.inc(5)
    play.o                    game/../includes/enemy.inc(5)
initEvents (event.o):
    play.o                    ../../Tools/cc65-sfclib/include/snes-event.inc(1)
    main.o                    ../../Tools/cc65-sfclib/include/snes-event.inc(1)
initFont (font.o):
    title.o                   screen/../includes/font.inc(1)
    option.o                  screen/../includes/font.inc(1)
    highScore.o               screen/../includes/font.inc(1)
    letter.o                  splash/../includes/font.inc(1)
    play.o                    game/../includes/font.inc(1)
initFontBuffer (font.o):
    title.o                   screen/../includes/font.inc(2)
    option.o                  screen/../includes/font.inc(2)
    play.o                    game/../includes/font.inc(2)
initHeroSprite (hero.o):
    title.o                   screen/../includes/hero.inc(3)
    play.o                    game/../includes/hero.inc(3)
initHighScore (highScore.o):
initLevel (level.o):
    play.o                    game/../includes/level.inc(1)
initPad (pad.o):
    main.o                    ../../Tools/cc65-sfclib/include/snes-pad.inc(1)
initScore (score.o):
    play.o                    game/../includes/score.inc(1)
initSettings (settings.o):
    main.o                    includes/settings.inc(1)
initSnes (init.o):
    crt0.o                    src/crt0.asm(15)
insertNewHighScore (highScore.o):
iremSplash (irem.o):
    antihero.o                splash/antihero.asm(16)
isEventActive (event.o):
    letter.o                  ../../Tools/cc65-sfclib/include/snes-event.inc(7)
    irem.o                    ../../Tools/cc65-sfclib/include/snes-event.inc(7)
    antihero.o                ../../Tools/cc65-sfclib/include/snes-event.inc(7)
letterGreyPal (font.o):
    letter.o                  splash/../includes/font.inc(17)
letterIntroString (font.o):
    letter.o                  splash/../includes/font.inc(29)
letterRedPal (font.o):
    letter.o                  splash/../includes/font.inc(18)
letterSplash (letter.o):
    title.o                   screen/title.asm(24)
levelLeftEdgeVisible (level.o):
levelRightEdgeVisible (level.o):
    hero.o                    includes/level.inc(9)
levelStartIntro (play.o):
livesCounter (score.o):
    play.o                    game/../includes/score.inc(9)
    hero.o                    includes/score.inc(9)
livesValueList (settings.o):
    option.o                  screen/../includes/settings.inc(12)
oamData (sprite.o):
    hit.o                     ../../Tools/cc65-sfclib/include/snes-sprite.inc(5)
    hero.o                    ../../Tools/cc65-sfclib/include/snes-sprite.inc(5)
    enemy.o                   ../../Tools/cc65-sfclib/include/snes-sprite.inc(5)
    cursor.o                  ../../Tools/cc65-sfclib/include/snes-sprite.inc(5)
onePlayerFirstFloorString (font.o):
    play.o                    game/../includes/font.inc(33)
optionExitString (option.o):
optionScreen (option.o):
    title.o                   screen/title.asm(25)
optionsString (option.o):
padFirstPushData1 (pad.o):
    play.o                    ../../Tools/cc65-sfclib/include/snes-pad.inc(4)
    scriptedPad.o             ../../Tools/cc65-sfclib/include/snes-pad.inc(4)
    cursor.o                  ../../Tools/cc65-sfclib/include/snes-pad.inc(4)
padFirstPushDataHigh1 (pad.o):
padFirstPushDataLow1 (pad.o):
    option.o                  ../../Tools/cc65-sfclib/include/snes-pad.inc(9)
    hero.o                    ../../Tools/cc65-sfclib/include/snes-pad.inc(9)
padPushData1 (pad.o):
    common.o                  ../../Tools/cc65-sfclib/include/snes-pad.inc(4)
    play.o                    ../../Tools/cc65-sfclib/include/snes-pad.inc(4)
    scriptedPad.o             ../../Tools/cc65-sfclib/include/snes-pad.inc(4)
padPushData2 (pad.o):
padPushData3 (pad.o):
padPushData4 (pad.o):
padPushDataHigh1 (pad.o):
padPushDataHigh2 (pad.o):
padPushDataHigh3 (pad.o):
padPushDataHigh4 (pad.o):
padPushDataLow1 (pad.o):
    hero.o                    ../../Tools/cc65-sfclib/include/snes-pad.inc(9)
padPushDataLow2 (pad.o):
padPushDataLow3 (pad.o):
padPushDataLow4 (pad.o):
padReleaseData1 (pad.o):
    scriptedPad.o             ../../Tools/cc65-sfclib/include/snes-pad.inc(4)
padReleaseData2 (pad.o):
padReleaseData3 (pad.o):
padReleaseData4 (pad.o):
padReleaseDataHigh1 (pad.o):
padReleaseDataHigh2 (pad.o):
padReleaseDataHigh3 (pad.o):
padReleaseDataHigh4 (pad.o):
padReleaseDataLow1 (pad.o):
    hero.o                    ../../Tools/cc65-sfclib/include/snes-pad.inc(9)
padReleaseDataLow2 (pad.o):
padReleaseDataLow3 (pad.o):
padReleaseDataLow4 (pad.o):
playGame (play.o):
    letter.o                  splash/letter.asm(17)
processEvents (event.o):
    main.o                    ../../Tools/cc65-sfclib/include/snes-event.inc(5)
reactEnemy (enemy.o):
    play.o                    game/../includes/enemy.inc(6)
reactEnemyGrab (enemy.o):
reactHero (hero.o):
    play.o                    game/../includes/hero.inc(6)
readPad1 (pad.o):
    main.o                    ../../Tools/cc65-sfclib/include/snes-pad.inc(2)
readPad2 (pad.o):
readPad3 (pad.o):
readPad4 (pad.o):
readyString (font.o):
    play.o                    game/../includes/font.inc(32)
refreshHero (hero.o):
    play.o                    game/../includes/hero.inc(7)
removeAllEvent (event.o):
    title.o                   ../../Tools/cc65-sfclib/include/snes-event.inc(4)
    option.o                  ../../Tools/cc65-sfclib/include/snes-event.inc(4)
    letter.o                  ../../Tools/cc65-sfclib/include/snes-event.inc(4)
    irem.o                    ../../Tools/cc65-sfclib/include/snes-event.inc(4)
    antihero.o                ../../Tools/cc65-sfclib/include/snes-event.inc(4)
removeEvent (event.o):
scoreEvent (score.o):
scoreMapData (score.o):
scorePlayer1 (score.o):
screenBuffer (screen.o):
    title.o                   screen/../includes/screen.inc(1)
    option.o                  screen/../includes/screen.inc(1)
    play.o                    game/../includes/screen.inc(1)
scriptedDataHeroLevelStart (play.o):
scriptedPadInit (scriptedPad.o):
    play.o                    game/../includes/scriptedPad.inc(1)
scriptedPadOverride (scriptedPad.o):
    play.o                    game/../includes/scriptedPad.inc(3)
scriptedPadReadData (scriptedPad.o):
    play.o                    game/../includes/scriptedPad.inc(2)
scrollDirection (level.o):
    hero.o                    includes/level.inc(6)
    enemy.o                   includes/level.inc(6)
scrollInitEvent (level.o):
    play.o                    game/../includes/level.inc(2)
scrollLevel (level.o):
    hero.o                    includes/level.inc(3)
scrollValue (level.o):
setEnemyOAM (enemy.o):
setEnemyOAM_fillLoop (enemy.o):
setEnemyOAM_lineLoop (enemy.o):
setEnemyOAM_skiplineLoop (enemy.o):
setEnergyEnemy (score.o):
setEnergyPlayer (score.o):
    play.o                    game/../includes/score.inc(5)
    enemy.o                   includes/score.inc(5)
setFontCursorPosition (font.o):
    title.o                   screen/../includes/font.inc(8)
    option.o                  screen/../includes/font.inc(8)
    highScore.o               screen/../includes/font.inc(8)
    letter.o                  splash/../includes/font.inc(8)
    play.o                    game/../includes/font.inc(8)
setFontCursorPositionNewLine (font.o):
    highScore.o               screen/../includes/font.inc(9)
setFontPalette (font.o):
    highScore.o               screen/../includes/font.inc(3)
setHeroOAM (hero.o):
setLiveCounter (score.o):
    hero.o                    includes/score.inc(8)
setMirrorSpriteMode (hero.o):
setNormalSpriteMode (hero.o):
setShakingFlag (hero.o):
settingsContinueIndex (settings.o):
    option.o                  screen/../includes/settings.inc(4)
settingsContinueValue (settings.o):
    option.o                  screen/../includes/settings.inc(8)
settingsDifficultyIndex (settings.o):
    option.o                  screen/../includes/settings.inc(2)
settingsDifficultyValue (settings.o):
    option.o                  screen/../includes/settings.inc(6)
settingsLivesIndex (settings.o):
    option.o                  screen/../includes/settings.inc(3)
settingsLivesValue (settings.o):
    option.o                  screen/../includes/settings.inc(7)
    score.o                   includes/settings.inc(7)
settingsSoundIndex (settings.o):
    option.o                  screen/../includes/settings.inc(5)
settingsSoundValue (settings.o):
    option.o                  screen/../includes/settings.inc(9)
skipSpaces (font.o):
soundValueList (settings.o):
    option.o                  screen/../includes/settings.inc(14)
spc_command (snesgss.o):
spc_load_data (snesgss.o):
splashScreenEvent (common.o):
    letter.o                  splash/../includes/commonSplash.inc(5)
    irem.o                    splash/../includes/commonSplash.inc(5)
    antihero.o                splash/../includes/commonSplash.inc(5)
splashScreenInit (common.o):
    letter.o                  splash/../includes/commonSplash.inc(4)
    irem.o                    splash/../includes/commonSplash.inc(4)
    antihero.o                splash/../includes/commonSplash.inc(4)
spriteCounter (hero.o):
    enemy.o                   enemy.asm(26)
spriteTrickIRQVTimer (play.o):
    main.o                    main.asm(37)
spriteTrickIRQValue (play.o):
    main.o                    main.asm(38)
spriteTrickIndex (play.o):
    main.o                    main.asm(39)
timeCounter (score.o):
titleScreen (title.o):
    irem.o                    splash/irem.asm(17)
    play.o                    game/play.asm(29)
titleScreenCopyrightString (font.o):
    title.o                   screen/../includes/font.inc(31)
titleScreenMap (title.o):
titleScreenPal (title.o):
titleScreenReload (title.o):
    option.o                  screen/option.asm(23)
titleScreenSelectString (font.o):
    title.o                   screen/../includes/font.inc(30)
titleScreenTiles (title.o):
titleScreenWhitePal (font.o):
    title.o                   screen/../includes/font.inc(20)
titleScreenWhiteRedPal (font.o):
    title.o                   screen/../includes/font.inc(22)
titleScreenYellowPal (font.o):
    title.o                   screen/../includes/font.inc(21)
transferHeroSpriteDataEvent (hero.o):
    title.o                   screen/../includes/hero.inc(5)
    play.o                    game/../includes/hero.inc(5)
updateDifficulty (option.o):
updateEnergyPlayer (score.o):
    enemy.o                   includes/score.inc(3)
updateLevelMessageOnceEvent (play.o):
updateScorePlayer1 (score.o):
    hit.o                     includes/score.inc(10)
updateScorePlayer2 (score.o):
updateScoreTop (score.o):
updateTime (score.o):
    play.o                    game/../includes/score.inc(2)
waitForVBlank (waitvblank.o):
    title.o                   ../../Tools/cc65-sfclib/include/snes-ppu.inc(10)
    highScore.o               ../../Tools/cc65-sfclib/include/snes-ppu.inc(10)
    play.o                    ../../Tools/cc65-sfclib/include/snes-ppu.inc(10)
writeFontNumber (font.o):
    highScore.o               screen/../includes/font.inc(11)
writeFontString (font.o):
    title.o                   screen/../includes/font.inc(10)
    option.o                  screen/../includes/font.inc(10)
    highScore.o               screen/../includes/font.inc(10)
    letter.o                  splash/../includes/font.inc(10)
    play.o                    game/../includes/font.inc(10)
writeNumberToScoreMap (score.o):

