Modules list:
-------------
main.o:
    CODE              Offs=000000  Size=0003C2  Align=00001  Fill=0000
    RODATA            Offs=000000  Size=000000  Align=00001  Fill=0000
    BSS               Offs=000000  Size=000005  Align=00001  Fill=0000
    DATA              Offs=000000  Size=000000  Align=00001  Fill=0000
    ZEROPAGE          Offs=000000  Size=000000  Align=00001  Fill=0000
    NULL              Offs=000000  Size=000000  Align=00001  Fill=0000
    BANK1             Offs=000000  Size=003FC0  Align=00001  Fill=0000
level.o:
    CODE              Offs=0003C2  Size=00025D  Align=00001  Fill=0000
    RODATA            Offs=000000  Size=000082  Align=00001  Fill=0000
    BSS               Offs=000005  Size=000009  Align=00001  Fill=0000
    DATA              Offs=000000  Size=000000  Align=00001  Fill=0000
    ZEROPAGE          Offs=000000  Size=000000  Align=00001  Fill=0000
    NULL              Offs=000000  Size=000000  Align=00001  Fill=0000
    BANK4             Offs=000000  Size=0054A0  Align=00001  Fill=0000
score.o:
    CODE              Offs=00061F  Size=0002DE  Align=00001  Fill=0000
    RODATA            Offs=000082  Size=000000  Align=00001  Fill=0000
    BSS               Offs=00000E  Size=0000D3  Align=00001  Fill=0000
    DATA              Offs=000000  Size=000000  Align=00001  Fill=0000
    ZEROPAGE          Offs=000000  Size=000000  Align=00001  Fill=0000
    NULL              Offs=000000  Size=000000  Align=00001  Fill=0000
    BANK4             Offs=0054A0  Size=000EC0  Align=00001  Fill=0000
hero.o:
    CODE              Offs=0008FD  Size=000370  Align=00001  Fill=0000
    RODATA            Offs=000082  Size=000000  Align=00001  Fill=0000
    BSS               Offs=0000E1  Size=000009  Align=00001  Fill=0000
    DATA              Offs=000000  Size=000000  Align=00001  Fill=0000
    ZEROPAGE          Offs=000000  Size=000006  Align=00001  Fill=0000
    NULL              Offs=000000  Size=000000  Align=00001  Fill=0000
    BANK2             Offs=000000  Size=006FC0  Align=00001  Fill=0000
enemy.o:
    CODE              Offs=000C6D  Size=000306  Align=00001  Fill=0000
    RODATA            Offs=000082  Size=00001A  Align=00001  Fill=0000
    BSS               Offs=0000EA  Size=00007E  Align=00001  Fill=0000
    DATA              Offs=000000  Size=000000  Align=00001  Fill=0000
    ZEROPAGE          Offs=000006  Size=000004  Align=00001  Fill=0000
    NULL              Offs=000000  Size=000000  Align=00001  Fill=0000
    BANK1             Offs=003FC0  Size=000078  Align=00001  Fill=0000
    BANK3             Offs=000000  Size=008000  Align=00001  Fill=0000
/Users/lint/Dropbox/Snes/projects/Snes_Tools/cc65-sfclib/bin/sfc.lib(crt0.o):
    CODE              Offs=000F73  Size=000000  Align=00001  Fill=0000
    RODATA            Offs=00009C  Size=000000  Align=00001  Fill=0000
    BSS               Offs=000168  Size=000000  Align=00001  Fill=0000
    DATA              Offs=000000  Size=000000  Align=00001  Fill=0000
    ZEROPAGE          Offs=00000A  Size=000000  Align=00001  Fill=0000
    NULL              Offs=000000  Size=000000  Align=00001  Fill=0000
    STARTUP           Offs=000000  Size=000039  Align=00001  Fill=0000
    ROMINFO           Offs=000000  Size=000030  Align=00001  Fill=0000
    VECTORS           Offs=000000  Size=00001C  Align=00001  Fill=0000
/Users/lint/Dropbox/Snes/projects/Snes_Tools/cc65-sfclib/bin/sfc.lib(init.o):
    CODE              Offs=000F73  Size=0000F3  Align=00001  Fill=0000
    RODATA            Offs=00009C  Size=000000  Align=00001  Fill=0000
    BSS               Offs=000168  Size=000000  Align=00001  Fill=0000
    DATA              Offs=000000  Size=000000  Align=00001  Fill=0000
    ZEROPAGE          Offs=00000A  Size=000000  Align=00001  Fill=0000
    NULL              Offs=000000  Size=000000  Align=00001  Fill=0000
/Users/lint/Dropbox/Snes/projects/Snes_Tools/cc65-sfclib/bin/sfc.lib(event.o):
    CODE              Offs=001066  Size=0000CE  Align=00001  Fill=0000
    RODATA            Offs=00009C  Size=000000  Align=00001  Fill=0000
    BSS               Offs=000168  Size=000083  Align=00001  Fill=0000
    DATA              Offs=000000  Size=000000  Align=00001  Fill=0000
    ZEROPAGE          Offs=00000A  Size=000000  Align=00001  Fill=0000
    NULL              Offs=000000  Size=000000  Align=00001  Fill=0000
/Users/lint/Dropbox/Snes/projects/Snes_Tools/cc65-sfclib/bin/sfc.lib(pad.o):
    CODE              Offs=001134  Size=000136  Align=00001  Fill=0000
    RODATA            Offs=00009C  Size=000000  Align=00001  Fill=0000
    BSS               Offs=0001EB  Size=000012  Align=00001  Fill=0000
    DATA              Offs=000000  Size=000000  Align=00001  Fill=0000
    ZEROPAGE          Offs=00000A  Size=000000  Align=00001  Fill=0000
    NULL              Offs=000000  Size=000000  Align=00001  Fill=0000
/Users/lint/Dropbox/Snes/projects/Snes_Tools/cc65-sfclib/bin/sfc.lib(sprite.o):
    CODE              Offs=00126A  Size=000074  Align=00001  Fill=0000
    RODATA            Offs=00009C  Size=000000  Align=00001  Fill=0000
    BSS               Offs=0001FD  Size=000221  Align=00001  Fill=0000
    DATA              Offs=000000  Size=000000  Align=00001  Fill=0000
    ZEROPAGE          Offs=00000A  Size=000000  Align=00001  Fill=0000
    NULL              Offs=000000  Size=000000  Align=00001  Fill=0000


Segment list:
-------------
Name                   Start     End    Size  Align
----------------------------------------------------
DATA                  000000  000000  000000  00001
NULL                  000000  000000  000000  00001
ZEROPAGE              000000  000009  00000A  00001
BSS                   000200  00061D  00041E  00001
STARTUP               008000  008038  000039  00001
CODE                  008039  009316  0012DE  00001
RODATA                009317  0093B2  00009C  00001
ROMINFO               00FFB0  00FFDF  000030  00001
VECTORS               00FFE4  00FFFF  00001C  00001
BANK1                 018000  01C037  004038  00001
BANK2                 028000  02EFBF  006FC0  00001
BANK3                 038000  03FFFF  008000  00001
BANK4                 048000  04E35F  006360  00001


Exports list by name:
---------------------
EnemyArrayAnimAddress     0002EA  LA    EnemyArrayAnimFrameCounter 000314  LA    
EnemyArrayAnimFrameIndex  000306  LA    EnemyArrayAnimJumpFramecounter 000322  LA    
EnemyArrayFlag            00035A  LA    EnemyArrayOAMSlot         00034C  LA    
EnemyArrayXOffset         000330  LA    OAMDataUpdated            009309 RLA    
_IRQHandler               008376 RLA    _NMIHandler               008377 RLA    
__ROMINFO_FILEOFFS__      007FB0  EA    __ROMINFO_LAST__          00FFE0  LA    
__ROMINFO_SIZE__          000034  EA    __ROMINFO_START__         00FFB0  LA    
__STARTUP__               000001 REA    __VECTORS_FILEOFFS__      007FE4  EA    
__VECTORS_LAST__          010000  LA    __VECTORS_SIZE__          00001C  EA    
__VECTORS_START__         00FFE4  LA    _main                     008039 RLA    
_preInit                  00837E RLA    addEnemy                  008DEF  LA    
addEvent                  0090CB RLA    animEnemy                 008F0B  LA    
animationJumpFrameCounter 0002E4  LA    clearOAM                  0092A3  LA    
copyOAM                   0092D2 RLA    doUpdateScore             0002CE  LA    
eventsTable               000368  LA    getEventCounter           009161 RLA    
grabbingWalk              01C02B  LA    grabbingWalk1             01BFE0  LA    
grabbingWalk2             01BFF5  LA    hdmaInitGame              008E35 RLA    
hdmaInitTitle             008E14 RLA    heroYOffset               000003  LZ    
initEnemySprite           008CA6 RLA    initEvents                00909F RLA    
initHeroSprite            008936 RLA    initLevel                 0083FB RLA    
initPad                   00916D RLA    initScore                 008658 RLA    
initSnes                  008FAC RLA    oamData                   0003FD RLA    
padFirstPushData1         0003ED  LA    padFirstPushDataHigh1     0003EE  LA    
padFirstPushDataLow1      0003ED RLA    padPushData1              0003EB RLA    
padPushData2              0003F1  LA    padPushData3              0003F5  LA    
padPushData4              0003F9  LA    padPushDataHigh1          0003EC  LA    
padPushDataHigh2          0003F2  LA    padPushDataHigh3          0003F5  LA    
padPushDataHigh4          0003F9  LA    padPushDataLow1           0003EB RLA    
padPushDataLow2           0003F1  LA    padPushDataLow3           0003F6  LA    
padPushDataLow4           0003FA  LA    padReleaseData1           0003EF  LA    
padReleaseData2           0003F3  LA    padReleaseData3           0003F7  LA    
padReleaseData4           0003FB  LA    padReleaseDataHigh1       0003F0  LA    
padReleaseDataHigh2       0003F4  LA    padReleaseDataHigh3       0003F7  LA    
padReleaseDataHigh4       0003FB  LA    padReleaseDataLow1        0003EF RLA    
padReleaseDataLow2        0003F3  LA    padReleaseDataLow3        0003F8  LA    
padReleaseDataLow4        0003FC  LA    processEvents             0090FA RLA    
reactEnemy                008F8E RLA    reactHero                 008B48 RLA    
readPad1                  0091AB RLA    readPad2                  0091E9  LA    
readPad3                  009227  LA    readPad4                  009265  LA    
removeEvent               00914A  LA    scoreEvent                0088A5  LA    
scoreMapData              00020E  LA    scorePlayer1              0002D0  LA    
scrollDirection           00020B RLA    scrollLevel               0084F2 RLA    
scrollValue               000209  LA    setEnemyOAM               008E56  LA    
setEnergyPlayer           0087DB  LA    splashScreen              008395  LA    
spriteCounter             0002E1 RLA    timeCounter               0002DB  LA    
transferHeroSpriteDataEvent 008AE3 RLA    updateScorePlayer1        00875E  LA    
updateScoreTop            0087BC  LA    updateTime                008869 RLA    
writeNumberToScoreMap     0088ED  LA    


Exports list by value:
----------------------
__STARTUP__               000001 REA    heroYOffset               000003  LZ    
__VECTORS_SIZE__          00001C  EA    __ROMINFO_SIZE__          000034  EA    
scrollValue               000209  LA    scrollDirection           00020B RLA    
scoreMapData              00020E  LA    doUpdateScore             0002CE  LA    
scorePlayer1              0002D0  LA    timeCounter               0002DB  LA    
spriteCounter             0002E1 RLA    animationJumpFrameCounter 0002E4  LA    
EnemyArrayAnimAddress     0002EA  LA    EnemyArrayAnimFrameIndex  000306  LA    
EnemyArrayAnimFrameCounter 000314  LA    EnemyArrayAnimJumpFramecounter 000322  LA    
EnemyArrayXOffset         000330  LA    EnemyArrayOAMSlot         00034C  LA    
EnemyArrayFlag            00035A  LA    eventsTable               000368  LA    
padPushDataLow1           0003EB RLA    padPushData1              0003EB RLA    
padPushDataHigh1          0003EC  LA    padFirstPushData1         0003ED  LA    
padFirstPushDataLow1      0003ED RLA    padFirstPushDataHigh1     0003EE  LA    
padReleaseData1           0003EF  LA    padReleaseDataLow1        0003EF RLA    
padReleaseDataHigh1       0003F0  LA    padPushDataLow2           0003F1  LA    
padPushData2              0003F1  LA    padPushDataHigh2          0003F2  LA    
padReleaseData2           0003F3  LA    padReleaseDataLow2        0003F3  LA    
padReleaseDataHigh2       0003F4  LA    padPushData3              0003F5  LA    
padPushDataHigh3          0003F5  LA    padPushDataLow3           0003F6  LA    
padReleaseData3           0003F7  LA    padReleaseDataHigh3       0003F7  LA    
padReleaseDataLow3        0003F8  LA    padPushData4              0003F9  LA    
padPushDataHigh4          0003F9  LA    padPushDataLow4           0003FA  LA    
padReleaseDataHigh4       0003FB  LA    padReleaseData4           0003FB  LA    
padReleaseDataLow4        0003FC  LA    oamData                   0003FD RLA    
__ROMINFO_FILEOFFS__      007FB0  EA    __VECTORS_FILEOFFS__      007FE4  EA    
_main                     008039 RLA    _IRQHandler               008376 RLA    
_NMIHandler               008377 RLA    _preInit                  00837E RLA    
splashScreen              008395  LA    initLevel                 0083FB RLA    
scrollLevel               0084F2 RLA    initScore                 008658 RLA    
updateScorePlayer1        00875E  LA    updateScoreTop            0087BC  LA    
setEnergyPlayer           0087DB  LA    updateTime                008869 RLA    
scoreEvent                0088A5  LA    writeNumberToScoreMap     0088ED  LA    
initHeroSprite            008936 RLA    transferHeroSpriteDataEvent 008AE3 RLA    
reactHero                 008B48 RLA    initEnemySprite           008CA6 RLA    
addEnemy                  008DEF  LA    hdmaInitTitle             008E14 RLA    
hdmaInitGame              008E35 RLA    setEnemyOAM               008E56  LA    
animEnemy                 008F0B  LA    reactEnemy                008F8E RLA    
initSnes                  008FAC RLA    initEvents                00909F RLA    
addEvent                  0090CB RLA    processEvents             0090FA RLA    
removeEvent               00914A  LA    getEventCounter           009161 RLA    
initPad                   00916D RLA    readPad1                  0091AB RLA    
readPad2                  0091E9  LA    readPad3                  009227  LA    
readPad4                  009265  LA    clearOAM                  0092A3  LA    
copyOAM                   0092D2 RLA    OAMDataUpdated            009309 RLA    
__ROMINFO_START__         00FFB0  LA    __ROMINFO_LAST__          00FFE0  LA    
__VECTORS_START__         00FFE4  LA    __VECTORS_LAST__          010000  LA    
grabbingWalk1             01BFE0  LA    grabbingWalk2             01BFF5  LA    
grabbingWalk              01C02B  LA    


Imports list:
-------------
EnemyArrayAnimAddress (enemy.o):
EnemyArrayAnimFrameCounter (enemy.o):
EnemyArrayAnimFrameIndex (enemy.o):
EnemyArrayAnimJumpFramecounter (enemy.o):
EnemyArrayFlag (enemy.o):
EnemyArrayOAMSlot (enemy.o):
EnemyArrayXOffset (enemy.o):
OAMDataUpdated (sprite.o):
    enemy.o                   /Users/lint/Dropbox/Snes/projects/Snes_Tools/cc65-sfclib/include/snes-sprite.inc(3)
    hero.o                    /Users/lint/Dropbox/Snes/projects/Snes_Tools/cc65-sfclib/include/snes-sprite.inc(3)
_IRQHandler (main.o):
    crt0.o                    src/crt0.asm(13)
_NMIHandler (main.o):
    crt0.o                    src/crt0.asm(13)
__ROMINFO_FILEOFFS__ ([linker generated]):
__ROMINFO_LAST__ ([linker generated]):
__ROMINFO_SIZE__ ([linker generated]):
__ROMINFO_START__ ([linker generated]):
__STARTUP__ (crt0.o):
    main.o                    main.asm(21)
__VECTORS_FILEOFFS__ ([linker generated]):
__VECTORS_LAST__ ([linker generated]):
__VECTORS_SIZE__ ([linker generated]):
__VECTORS_START__ ([linker generated]):
_main (main.o):
    crt0.o                    src/crt0.asm(11)
_preInit (main.o):
    crt0.o                    src/crt0.asm(12)
addEnemy (enemy.o):
addEvent (event.o):
    score.o                   /Users/lint/Dropbox/Snes/projects/Snes_Tools/cc65-sfclib/include/snes-event.inc(2)
    level.o                   /Users/lint/Dropbox/Snes/projects/Snes_Tools/cc65-sfclib/include/snes-event.inc(2)
    main.o                    /Users/lint/Dropbox/Snes/projects/Snes_Tools/cc65-sfclib/include/snes-event.inc(2)
animEnemy (enemy.o):
animationJumpFrameCounter (hero.o):
clearOAM (sprite.o):
copyOAM (sprite.o):
    main.o                    /Users/lint/Dropbox/Snes/projects/Snes_Tools/cc65-sfclib/include/snes-sprite.inc(2)
doUpdateScore (score.o):
eventsTable (event.o):
getEventCounter (event.o):
    score.o                   /Users/lint/Dropbox/Snes/projects/Snes_Tools/cc65-sfclib/include/snes-event.inc(5)
grabbingWalk (enemy.o):
grabbingWalk1 (enemy.o):
grabbingWalk2 (enemy.o):
hdmaInitGame (enemy.o):
    main.o                    includes/enemy.inc(5)
hdmaInitTitle (enemy.o):
    main.o                    includes/enemy.inc(4)
heroYOffset (hero.o):
initEnemySprite (enemy.o):
    main.o                    includes/enemy.inc(1)
initEvents (event.o):
    main.o                    /Users/lint/Dropbox/Snes/projects/Snes_Tools/cc65-sfclib/include/snes-event.inc(1)
initHeroSprite (hero.o):
    main.o                    includes/hero.inc(1)
initLevel (level.o):
    main.o                    includes/level.inc(1)
initPad (pad.o):
    main.o                    /Users/lint/Dropbox/Snes/projects/Snes_Tools/cc65-sfclib/include/snes-pad.inc(1)
initScore (score.o):
    main.o                    includes/score.inc(1)
initSnes (init.o):
    crt0.o                    src/crt0.asm(15)
oamData (sprite.o):
    enemy.o                   /Users/lint/Dropbox/Snes/projects/Snes_Tools/cc65-sfclib/include/snes-sprite.inc(5)
    hero.o                    /Users/lint/Dropbox/Snes/projects/Snes_Tools/cc65-sfclib/include/snes-sprite.inc(5)
padFirstPushData1 (pad.o):
padFirstPushDataHigh1 (pad.o):
padFirstPushDataLow1 (pad.o):
    hero.o                    /Users/lint/Dropbox/Snes/projects/Snes_Tools/cc65-sfclib/include/snes-pad.inc(9)
padPushData1 (pad.o):
    main.o                    /Users/lint/Dropbox/Snes/projects/Snes_Tools/cc65-sfclib/include/snes-pad.inc(4)
padPushData2 (pad.o):
padPushData3 (pad.o):
padPushData4 (pad.o):
padPushDataHigh1 (pad.o):
padPushDataHigh2 (pad.o):
padPushDataHigh3 (pad.o):
padPushDataHigh4 (pad.o):
padPushDataLow1 (pad.o):
    hero.o                    /Users/lint/Dropbox/Snes/projects/Snes_Tools/cc65-sfclib/include/snes-pad.inc(9)
padPushDataLow2 (pad.o):
padPushDataLow3 (pad.o):
padPushDataLow4 (pad.o):
padReleaseData1 (pad.o):
padReleaseData2 (pad.o):
padReleaseData3 (pad.o):
padReleaseData4 (pad.o):
padReleaseDataHigh1 (pad.o):
padReleaseDataHigh2 (pad.o):
padReleaseDataHigh3 (pad.o):
padReleaseDataHigh4 (pad.o):
padReleaseDataLow1 (pad.o):
    hero.o                    /Users/lint/Dropbox/Snes/projects/Snes_Tools/cc65-sfclib/include/snes-pad.inc(9)
padReleaseDataLow2 (pad.o):
padReleaseDataLow3 (pad.o):
padReleaseDataLow4 (pad.o):
processEvents (event.o):
    main.o                    /Users/lint/Dropbox/Snes/projects/Snes_Tools/cc65-sfclib/include/snes-event.inc(4)
reactEnemy (enemy.o):
    main.o                    includes/enemy.inc(2)
reactHero (hero.o):
    main.o                    includes/hero.inc(3)
readPad1 (pad.o):
    main.o                    /Users/lint/Dropbox/Snes/projects/Snes_Tools/cc65-sfclib/include/snes-pad.inc(2)
readPad2 (pad.o):
readPad3 (pad.o):
readPad4 (pad.o):
removeEvent (event.o):
scoreEvent (score.o):
scoreMapData (score.o):
scorePlayer1 (score.o):
scrollDirection (level.o):
    hero.o                    includes/level.inc(5)
scrollLevel (level.o):
    hero.o                    includes/level.inc(2)
scrollValue (level.o):
setEnemyOAM (enemy.o):
setEnergyPlayer (score.o):
splashScreen (main.o):
spriteCounter (hero.o):
    enemy.o                   enemy.asm(15)
timeCounter (score.o):
transferHeroSpriteDataEvent (hero.o):
    main.o                    includes/hero.inc(2)
updateScorePlayer1 (score.o):
updateScoreTop (score.o):
updateTime (score.o):
    main.o                    includes/score.inc(2)
writeNumberToScoreMap (score.o):

