Modules list:
-------------
main.o:
    CODE              Offs=000000  Size=000780  Align=00001  Fill=0000
    RODATA            Offs=000000  Size=000008  Align=00001  Fill=0000
    BSS               Offs=000000  Size=000005  Align=00001  Fill=0000
    DATA              Offs=000000  Size=000000  Align=00001  Fill=0000
    ZEROPAGE          Offs=000000  Size=000002  Align=00001  Fill=0000
    NULL              Offs=000000  Size=000000  Align=00001  Fill=0000
    BANK1             Offs=000000  Size=004EE0  Align=00001  Fill=0000
level.o:
    CODE              Offs=000780  Size=000263  Align=00001  Fill=0000
    RODATA            Offs=000008  Size=000082  Align=00001  Fill=0000
    BSS               Offs=000005  Size=000009  Align=00001  Fill=0000
    DATA              Offs=000000  Size=000000  Align=00001  Fill=0000
    ZEROPAGE          Offs=000002  Size=000000  Align=00001  Fill=0000
    NULL              Offs=000000  Size=000000  Align=00001  Fill=0000
    BANK4             Offs=000000  Size=0054A0  Align=00001  Fill=0000
score.o:
    CODE              Offs=0009E3  Size=000312  Align=00001  Fill=0000
    RODATA            Offs=00008A  Size=000000  Align=00001  Fill=0000
    BSS               Offs=00000E  Size=0000D3  Align=00001  Fill=0000
    DATA              Offs=000000  Size=000000  Align=00001  Fill=0000
    ZEROPAGE          Offs=000002  Size=000000  Align=00001  Fill=0000
    NULL              Offs=000000  Size=000000  Align=00001  Fill=0000
    BANK4             Offs=0054A0  Size=001600  Align=00001  Fill=0000
hero.o:
    CODE              Offs=000CF5  Size=00051B  Align=00001  Fill=0000
    RODATA            Offs=00008A  Size=000000  Align=00001  Fill=0000
    BSS               Offs=0000E1  Size=000007  Align=00001  Fill=0000
    DATA              Offs=000000  Size=000000  Align=00001  Fill=0000
    ZEROPAGE          Offs=000002  Size=00000B  Align=00001  Fill=0000
    NULL              Offs=000000  Size=000000  Align=00001  Fill=0000
    BANK2             Offs=000000  Size=0070A4  Align=00001  Fill=0000
enemy.o:
    CODE              Offs=001210  Size=00067F  Align=00001  Fill=0000
    RODATA            Offs=00008A  Size=000004  Align=00001  Fill=0000
    BSS               Offs=0000E8  Size=0000AC  Align=00001  Fill=0000
    DATA              Offs=000000  Size=000000  Align=00001  Fill=0000
    ZEROPAGE          Offs=00000D  Size=000008  Align=00001  Fill=0000
    NULL              Offs=000000  Size=000000  Align=00001  Fill=0000
    BANK1             Offs=004EE0  Size=00222F  Align=00001  Fill=0000
    BANK3             Offs=000000  Size=008000  Align=00001  Fill=0000
enemyStrategy.o:
    CODE              Offs=00188F  Size=000038  Align=00001  Fill=0000
    RODATA            Offs=00008E  Size=000000  Align=00001  Fill=0000
    BSS               Offs=000194  Size=000002  Align=00001  Fill=0000
    DATA              Offs=000000  Size=000000  Align=00001  Fill=0000
    ZEROPAGE          Offs=000015  Size=000000  Align=00001  Fill=0000
    NULL              Offs=000000  Size=000000  Align=00001  Fill=0000
hit.o:
    CODE              Offs=0018C7  Size=0000DD  Align=00001  Fill=0000
    RODATA            Offs=00008E  Size=000018  Align=00001  Fill=0000
    BSS               Offs=000196  Size=00005D  Align=00001  Fill=0000
    DATA              Offs=000000  Size=000000  Align=00001  Fill=0000
    ZEROPAGE          Offs=000015  Size=000000  Align=00001  Fill=0000
    NULL              Offs=000000  Size=000000  Align=00001  Fill=0000
snesgss.o:
    CODE              Offs=0019A4  Size=0001F3  Align=00001  Fill=0000
    RODATA            Offs=0000A6  Size=00000A  Align=00001  Fill=0000
    BSS               Offs=0001F3  Size=000000  Align=00001  Fill=0000
    DATA              Offs=000000  Size=000000  Align=00001  Fill=0000
    ZEROPAGE          Offs=000015  Size=000019  Align=00001  Fill=0000
    NULL              Offs=000000  Size=000000  Align=00001  Fill=0000
    BANK7             Offs=000000  Size=003379  Align=00001  Fill=0000
font.o:
    CODE              Offs=001B97  Size=00023E  Align=00001  Fill=0000
    RODATA            Offs=0000B0  Size=000000  Align=00001  Fill=0000
    BSS               Offs=0001F3  Size=000009  Align=00001  Fill=0000
    DATA              Offs=000000  Size=000000  Align=00001  Fill=0000
    ZEROPAGE          Offs=00002E  Size=000000  Align=00001  Fill=0000
    NULL              Offs=000000  Size=000000  Align=00001  Fill=0000
    BANK4             Offs=006AA0  Size=0008E0  Align=00001  Fill=0000
state.o:
    CODE              Offs=001DD5  Size=000000  Align=00001  Fill=0000
    RODATA            Offs=0000B0  Size=000000  Align=00001  Fill=0000
    BSS               Offs=0001FC  Size=000000  Align=00001  Fill=0000
    DATA              Offs=000000  Size=000000  Align=00001  Fill=0000
    ZEROPAGE          Offs=00002E  Size=000000  Align=00001  Fill=0000
    NULL              Offs=000000  Size=000000  Align=00001  Fill=0000
../../Tools/cc65-sfclib/bin/sfc.lib(crt0.o):
    CODE              Offs=001DD5  Size=000000  Align=00001  Fill=0000
    RODATA            Offs=0000B0  Size=000000  Align=00001  Fill=0000
    BSS               Offs=0001FC  Size=000000  Align=00001  Fill=0000
    DATA              Offs=000000  Size=000000  Align=00001  Fill=0000
    ZEROPAGE          Offs=00002E  Size=000000  Align=00001  Fill=0000
    NULL              Offs=000000  Size=000000  Align=00001  Fill=0000
    STARTUP           Offs=000000  Size=000047  Align=00001  Fill=0000
    ROMINFO           Offs=000000  Size=000030  Align=00001  Fill=0000
    VECTORS           Offs=000000  Size=00001C  Align=00001  Fill=0000
../../Tools/cc65-sfclib/bin/sfc.lib(init.o):
    CODE              Offs=001DD5  Size=0000F3  Align=00001  Fill=0000
    RODATA            Offs=0000B0  Size=000000  Align=00001  Fill=0000
    BSS               Offs=0001FC  Size=000000  Align=00001  Fill=0000
    DATA              Offs=000000  Size=000000  Align=00001  Fill=0000
    ZEROPAGE          Offs=00002E  Size=000000  Align=00001  Fill=0000
    NULL              Offs=000000  Size=000000  Align=00001  Fill=0000
../../Tools/cc65-sfclib/bin/sfc.lib(event.o):
    CODE              Offs=001EC8  Size=0000D1  Align=00001  Fill=0000
    RODATA            Offs=0000B0  Size=000000  Align=00001  Fill=0000
    BSS               Offs=0001FC  Size=000083  Align=00001  Fill=0000
    DATA              Offs=000000  Size=000000  Align=00001  Fill=0000
    ZEROPAGE          Offs=00002E  Size=000000  Align=00001  Fill=0000
    NULL              Offs=000000  Size=000000  Align=00001  Fill=0000
../../Tools/cc65-sfclib/bin/sfc.lib(pad.o):
    CODE              Offs=001F99  Size=000139  Align=00001  Fill=0000
    RODATA            Offs=0000B0  Size=000000  Align=00001  Fill=0000
    BSS               Offs=00027F  Size=000012  Align=00001  Fill=0000
    DATA              Offs=000000  Size=000000  Align=00001  Fill=0000
    ZEROPAGE          Offs=00002E  Size=000000  Align=00001  Fill=0000
    NULL              Offs=000000  Size=000000  Align=00001  Fill=0000
../../Tools/cc65-sfclib/bin/sfc.lib(sprite.o):
    CODE              Offs=0020D2  Size=000074  Align=00001  Fill=0000
    RODATA            Offs=0000B0  Size=000000  Align=00001  Fill=0000
    BSS               Offs=000291  Size=000221  Align=00001  Fill=0000
    DATA              Offs=000000  Size=000000  Align=00001  Fill=0000
    ZEROPAGE          Offs=00002E  Size=000000  Align=00001  Fill=0000
    NULL              Offs=000000  Size=000000  Align=00001  Fill=0000


Segment list:
-------------
Name                   Start     End    Size  Align
----------------------------------------------------
DATA                  000000  000000  000000  00001
NULL                  000000  000000  000000  00001
ZEROPAGE              000000  00002D  00002E  00001
BSS                   000200  0006B1  0004B2  00001
ROMINFO               00FFB0  00FFDF  000030  00001
VECTORS               00FFE4  00FFFF  00001C  00001
STARTUP               808000  808046  000047  00001
CODE                  808047  80A18C  002146  00001
RODATA                80A18D  80A23C  0000B0  00001
BANK1                 818000  81F10E  00710F  00001
BANK2                 828000  82F0A3  0070A4  00001
BANK3                 838000  83FFFF  008000  00001
BANK4                 848000  84F37F  007380  00001
BANK7                 878000  87B378  003379  00001


Exports list by name:
---------------------
EnemyArrayAnimAddress     0002E9  LA    EnemyArrayAnimFrameCounter 00035A  LA    
EnemyArrayAnimFrameIndex  00033E  LA    EnemyArrayFlag            000377  LA    
EnemyArrayOAMSlotOffset   000305  LA    EnemyArrayOffsetFramecounter 00035B  LA    
EnemyArrayXOffset         000321 RLA    EnemyArrayYOffset         00033D RLA    
EnemyCurrentArrayIndexByte 00000F  LZ    EnemyCurrentArrayIndexWord 000011  LZ    
EnemyCurrentXOffset       000014  LZ    EnemyCurrentYOffset       000013  LZ    
EnemyTempXOffsetHigh      0002E8  LA    OAMDataUpdated            80A17F RLA    
SPC700_Driver             878000  LA    SPC700_Driver_Size        80A233  LA    
Song_Bank_Table           80A237  LA    Song_Dst_Pointer          80A235  LA    
Song_Offset_Table         80A239  LA    Song_Size_Table           80A23B  LA    
_IRQHandler               8086BC RLA    _NMIHandler               8086E9 RLA    
__ROMINFO_FILEOFFS__      007FB0  EA    __ROMINFO_LAST__          00FFE0  LA    
__ROMINFO_SIZE__          000034  EA    __ROMINFO_START__         00FFB0  LA    
__STARTUP__               000001 REA    __VECTORS_FILEOFFS__      007FE4  EA    
__VECTORS_LAST__          010000  LA    __VECTORS_SIZE__          00001C  EA    
__VECTORS_START__         00FFE4  LA    _main                     808047 RLA    
_preInit                  8086F0 RLA    addEnemy                  8093E8 RLA    
addEvent                  809F3B RLA    animEnemy                 80960D  LA    
animHero                  808E74  LA    animInProgress            000002  LZ    
clearEnemy                80946D  LA    clearHeroSprite           808DAB  LA    
clearOAM                  80A119 RLA    copyOAM                   80A148 RLA    
disableSkipSpaces         809D5C RLA    doUpdateScore             0002CE  LA    
enableSkipSpaces          809D4E  LA    enemyFallAnimAddress      81EF8C  LA    
enemyFallYOffset          81EF50  LA    enemyGrabFall             809846  LA    
enemyStrategyGrab         8098E1 RLA    enemyStrategyInit         8098D6 RLA    
energyPlayer              0002D9 RLA    eventsTable               0003FC  LA    
fallHero                  8091BD  LA    findEmptySlotEnemy        80944B RLA    
fontTiles                 84EAA0 RLA    gameMessagePal            84F360 RLA    
getEventCounter           809FD4 RLA    grabbingFall1             81F08D  LA    
grabbingGrab              81F0E3  LA    grabbingHitHighFall       81F0F1  LA    
grabbingHitLowFall        81F105  LA    grabbingHitMidFall        81F0FB  LA    
grabbingShakeFall         81F0E7  LA    grabbingWalk              81F0C9  LA    
grabbingWalk1             81EF94  LA    grabbingWalk2             81EFA9  LA    
gss_channels              000028  LZ    gss_channelsVolume        000029  LZ    
gss_init                  8099EB RLA    gss_pauseTrack            809AB7  LA    
gss_playSfx               809A68  LA    gss_playTrack             809A17 RLA    
gss_resumeTrack           809ACA  LA    gss_setChannelsVolume     809B32  LA    
gss_setGlobalVolume       809B13  LA    gss_setMono               809B00  LA    
gss_setStereo             809AED RLA    gss_sfxChannel            00002A  LZ    
gss_sfxNumber             00002B  LZ    gss_sfxPan                00002D  LZ    
gss_sfxVolume             00002C  LZ    gss_stopAll               809ADD  LA    
gss_stopTrack             809AA7  LA    gss_trackNumber           000025  LZ    
gss_volume                000026  LZ    gss_volumeSpeed           000027  LZ    
heroAnimInterruptCounter  000005  LZ    heroDownKick2             82ED2C  LA    
heroDownPunch1            82ED4D  LA    heroDownPunch3            82ED86  LA    
heroFlag                  00000C RLZ    heroHitOffset             000009 RLZ    
heroHitType               00000B RLZ    heroHitZone               00000A RLZ    
heroStandKick2            82EDC7  LA    heroTransferAddr          0002E6  LA    
heroXOffset               000007 RLZ    highByte                  81EF20  LA    
hitAdd                    809923 RLA    hitInit                   80990E RLA    
hitProcess                8099B8 RLA    hitRemove                 80999F  LA    
initEnemySprite           809257 RLA    initEvents                809F0F RLA    
initFont                  809D2B RLA    initHeroSprite            808D3C RLA    
initLevel                 8087C7 RLA    initPad                   809FE0 RLA    
initScore                 808A2A RLA    initSnes                  809E1C RLA    
letterGreyPal             84F2C0 RLA    letterIntroString         809BDE RLA    
letterRedPal              84F2E0 RLA    livesCounter              0002DD RLA    
oamData                   000491 RLA    onePlayerFirstFloorString 809CF1 RLA    
padFirstPushData1         000481  LA    padFirstPushDataHigh1     000482  LA    
padFirstPushDataLow1      000481 RLA    padPushData1              00047F RLA    
padPushData2              000485  LA    padPushData3              000489  LA    
padPushData4              00048D  LA    padPushDataHigh1          000480  LA    
padPushDataHigh2          000486  LA    padPushDataHigh3          000489  LA    
padPushDataHigh4          00048D  LA    padPushDataLow1           00047F RLA    
padPushDataLow2           000485  LA    padPushDataLow3           00048A  LA    
padPushDataLow4           00048E  LA    padReleaseData1           000483  LA    
padReleaseData2           000487  LA    padReleaseData3           00048B  LA    
padReleaseData4           00048F  LA    padReleaseDataHigh1       000484  LA    
padReleaseDataHigh2       000488  LA    padReleaseDataHigh3       00048B  LA    
padReleaseDataHigh4       00048F  LA    padReleaseDataLow1        000483 RLA    
padReleaseDataLow2        000487  LA    padReleaseDataLow3        00048C  LA    
padReleaseDataLow4        000490  LA    processEvents             809F6A RLA    
reactEnemy                809671 RLA    reactEnemyGrab            8096B4  LA    
reactHero                 808FBE RLA    readPad1                  80A021 RLA    
readPad2                  80A05F  LA    readPad3                  80A09D  LA    
readPad4                  80A0DB  LA    readyString               809CE0 RLA    
removeEvent               809FBD RLA    scoreEvent                808CAB  LA    
scoreMap                  84E0A0  LA    scoreMapData              00020E  LA    
scorePlayer1              0002D0  LA    scrollDirection           00020B RLA    
scrollLevel               8088BE RLA    scrollValue               000209  LA    
setEnemyOAM               809497  LA    setEnergyPlayer           808BBA RLA    
setFontCursorPosition     809D6A RLA    setHeroOAM                808DCC  LA    
setLiveCounter            808C86 RLA    setMirrorSpriteMode       808FAC  LA    
setNormalSpriteMode       808FB5  LA    setShakingFlag            809232  LA    
skipSpaces                0003F3  LA    spc_command               809BB8  LA    
spc_load_data             809B51  LA    splashScreen              808707  LA    
spriteCounter             0002E1 RLA    timeCounter               0002DB  LA    
titleScreenCopyrightString 809CB1 RLA    titleScreenSelectString   809C90 RLA    
titleScreenWhitePal       84F300 RLA    titleScreenWhiteRedPal    84F340 RLA    
titleScreenYellowPal      84F320 RLA    transferHeroSpriteDataEvent 808F59 RLA    
updateEnergyPlayer        808BAD RLA    updateScorePlayer1        808B30 RLA    
updateScorePlayer2        808B5F  LA    updateScoreTop            808B8E  LA    
updateTime                808C51 RLA    writeFontString           809D9B RLA    
writeNumberToScoreMap     808CF3  LA    


Exports list by value:
----------------------
__STARTUP__               000001 REA    animInProgress            000002  LZ    
heroAnimInterruptCounter  000005  LZ    heroXOffset               000007 RLZ    
heroHitOffset             000009 RLZ    heroHitZone               00000A RLZ    
heroHitType               00000B RLZ    heroFlag                  00000C RLZ    
EnemyCurrentArrayIndexByte 00000F  LZ    EnemyCurrentArrayIndexWord 000011  LZ    
EnemyCurrentYOffset       000013  LZ    EnemyCurrentXOffset       000014  LZ    
__VECTORS_SIZE__          00001C  EA    gss_trackNumber           000025  LZ    
gss_volume                000026  LZ    gss_volumeSpeed           000027  LZ    
gss_channels              000028  LZ    gss_channelsVolume        000029  LZ    
gss_sfxChannel            00002A  LZ    gss_sfxNumber             00002B  LZ    
gss_sfxVolume             00002C  LZ    gss_sfxPan                00002D  LZ    
__ROMINFO_SIZE__          000034  EA    scrollValue               000209  LA    
scrollDirection           00020B RLA    scoreMapData              00020E  LA    
doUpdateScore             0002CE  LA    scorePlayer1              0002D0  LA    
energyPlayer              0002D9 RLA    timeCounter               0002DB  LA    
livesCounter              0002DD RLA    spriteCounter             0002E1 RLA    
heroTransferAddr          0002E6  LA    EnemyTempXOffsetHigh      0002E8  LA    
EnemyArrayAnimAddress     0002E9  LA    EnemyArrayOAMSlotOffset   000305  LA    
EnemyArrayXOffset         000321 RLA    EnemyArrayYOffset         00033D RLA    
EnemyArrayAnimFrameIndex  00033E  LA    EnemyArrayAnimFrameCounter 00035A  LA    
EnemyArrayOffsetFramecounter 00035B  LA    EnemyArrayFlag            000377  LA    
skipSpaces                0003F3  LA    eventsTable               0003FC  LA    
padPushData1              00047F RLA    padPushDataLow1           00047F RLA    
padPushDataHigh1          000480  LA    padFirstPushData1         000481  LA    
padFirstPushDataLow1      000481 RLA    padFirstPushDataHigh1     000482  LA    
padReleaseData1           000483  LA    padReleaseDataLow1        000483 RLA    
padReleaseDataHigh1       000484  LA    padPushData2              000485  LA    
padPushDataLow2           000485  LA    padPushDataHigh2          000486  LA    
padReleaseDataLow2        000487  LA    padReleaseData2           000487  LA    
padReleaseDataHigh2       000488  LA    padPushData3              000489  LA    
padPushDataHigh3          000489  LA    padPushDataLow3           00048A  LA    
padReleaseData3           00048B  LA    padReleaseDataHigh3       00048B  LA    
padReleaseDataLow3        00048C  LA    padPushDataHigh4          00048D  LA    
padPushData4              00048D  LA    padPushDataLow4           00048E  LA    
padReleaseDataHigh4       00048F  LA    padReleaseData4           00048F  LA    
padReleaseDataLow4        000490  LA    oamData                   000491 RLA    
__ROMINFO_FILEOFFS__      007FB0  EA    __VECTORS_FILEOFFS__      007FE4  EA    
__ROMINFO_START__         00FFB0  LA    __ROMINFO_LAST__          00FFE0  LA    
__VECTORS_START__         00FFE4  LA    __VECTORS_LAST__          010000  LA    
_main                     808047 RLA    _IRQHandler               8086BC RLA    
_NMIHandler               8086E9 RLA    _preInit                  8086F0 RLA    
splashScreen              808707  LA    initLevel                 8087C7 RLA    
scrollLevel               8088BE RLA    initScore                 808A2A RLA    
updateScorePlayer1        808B30 RLA    updateScorePlayer2        808B5F  LA    
updateScoreTop            808B8E  LA    updateEnergyPlayer        808BAD RLA    
setEnergyPlayer           808BBA RLA    updateTime                808C51 RLA    
setLiveCounter            808C86 RLA    scoreEvent                808CAB  LA    
writeNumberToScoreMap     808CF3  LA    initHeroSprite            808D3C RLA    
clearHeroSprite           808DAB  LA    setHeroOAM                808DCC  LA    
animHero                  808E74  LA    transferHeroSpriteDataEvent 808F59 RLA    
setMirrorSpriteMode       808FAC  LA    setNormalSpriteMode       808FB5  LA    
reactHero                 808FBE RLA    fallHero                  8091BD  LA    
setShakingFlag            809232  LA    initEnemySprite           809257 RLA    
addEnemy                  8093E8 RLA    findEmptySlotEnemy        80944B RLA    
clearEnemy                80946D  LA    setEnemyOAM               809497  LA    
animEnemy                 80960D  LA    reactEnemy                809671 RLA    
reactEnemyGrab            8096B4  LA    enemyGrabFall             809846  LA    
enemyStrategyInit         8098D6 RLA    enemyStrategyGrab         8098E1 RLA    
hitInit                   80990E RLA    hitAdd                    809923 RLA    
hitRemove                 80999F  LA    hitProcess                8099B8 RLA    
gss_init                  8099EB RLA    gss_playTrack             809A17 RLA    
gss_playSfx               809A68  LA    gss_stopTrack             809AA7  LA    
gss_pauseTrack            809AB7  LA    gss_resumeTrack           809ACA  LA    
gss_stopAll               809ADD  LA    gss_setStereo             809AED RLA    
gss_setMono               809B00  LA    gss_setGlobalVolume       809B13  LA    
gss_setChannelsVolume     809B32  LA    spc_load_data             809B51  LA    
spc_command               809BB8  LA    letterIntroString         809BDE RLA    
titleScreenSelectString   809C90 RLA    titleScreenCopyrightString 809CB1 RLA    
readyString               809CE0 RLA    onePlayerFirstFloorString 809CF1 RLA    
initFont                  809D2B RLA    enableSkipSpaces          809D4E  LA    
disableSkipSpaces         809D5C RLA    setFontCursorPosition     809D6A RLA    
writeFontString           809D9B RLA    initSnes                  809E1C RLA    
initEvents                809F0F RLA    addEvent                  809F3B RLA    
processEvents             809F6A RLA    removeEvent               809FBD RLA    
getEventCounter           809FD4 RLA    initPad                   809FE0 RLA    
readPad1                  80A021 RLA    readPad2                  80A05F  LA    
readPad3                  80A09D  LA    readPad4                  80A0DB  LA    
clearOAM                  80A119 RLA    copyOAM                   80A148 RLA    
OAMDataUpdated            80A17F RLA    SPC700_Driver_Size        80A233  LA    
Song_Dst_Pointer          80A235  LA    Song_Bank_Table           80A237  LA    
Song_Offset_Table         80A239  LA    Song_Size_Table           80A23B  LA    
highByte                  81EF20  LA    enemyFallYOffset          81EF50  LA    
enemyFallAnimAddress      81EF8C  LA    grabbingWalk1             81EF94  LA    
grabbingWalk2             81EFA9  LA    grabbingFall1             81F08D  LA    
grabbingWalk              81F0C9  LA    grabbingGrab              81F0E3  LA    
grabbingShakeFall         81F0E7  LA    grabbingHitHighFall       81F0F1  LA    
grabbingHitMidFall        81F0FB  LA    grabbingHitLowFall        81F105  LA    
heroDownKick2             82ED2C  LA    heroDownPunch1            82ED4D  LA    
heroDownPunch3            82ED86  LA    heroStandKick2            82EDC7  LA    
scoreMap                  84E0A0  LA    fontTiles                 84EAA0 RLA    
letterGreyPal             84F2C0 RLA    letterRedPal              84F2E0 RLA    
titleScreenWhitePal       84F300 RLA    titleScreenYellowPal      84F320 RLA    
titleScreenWhiteRedPal    84F340 RLA    gameMessagePal            84F360 RLA    
SPC700_Driver             878000  LA    


Imports list:
-------------
EnemyArrayAnimAddress (enemy.o):
EnemyArrayAnimFrameCounter (enemy.o):
EnemyArrayAnimFrameIndex (enemy.o):
EnemyArrayFlag (enemy.o):
EnemyArrayOAMSlotOffset (enemy.o):
EnemyArrayOffsetFramecounter (enemy.o):
EnemyArrayXOffset (enemy.o):
    hit.o                     includes/enemy.inc(9)
EnemyArrayYOffset (enemy.o):
    hit.o                     includes/enemy.inc(10)
EnemyCurrentArrayIndexByte (enemy.o):
EnemyCurrentArrayIndexWord (enemy.o):
EnemyCurrentXOffset (enemy.o):
EnemyCurrentYOffset (enemy.o):
EnemyTempXOffsetHigh (enemy.o):
OAMDataUpdated (sprite.o):
    hit.o                     ../../Tools/cc65-sfclib/include/snes-sprite.inc(3)
    enemy.o                   ../../Tools/cc65-sfclib/include/snes-sprite.inc(3)
    hero.o                    ../../Tools/cc65-sfclib/include/snes-sprite.inc(3)
SPC700_Driver (snesgss.o):
SPC700_Driver_Size (snesgss.o):
Song_Bank_Table (snesgss.o):
Song_Dst_Pointer (snesgss.o):
Song_Offset_Table (snesgss.o):
Song_Size_Table (snesgss.o):
_IRQHandler (main.o):
    crt0.o                    src/crt0.asm(13)
_NMIHandler (main.o):
    crt0.o                    src/crt0.asm(13)
__ROMINFO_FILEOFFS__ ([linker generated]):
__ROMINFO_LAST__ ([linker generated]):
__ROMINFO_SIZE__ ([linker generated]):
__ROMINFO_START__ ([linker generated]):
__STARTUP__ (crt0.o):
    main.o                    main.asm(25)
__VECTORS_FILEOFFS__ ([linker generated]):
__VECTORS_LAST__ ([linker generated]):
__VECTORS_SIZE__ ([linker generated]):
__VECTORS_START__ ([linker generated]):
_main (main.o):
    crt0.o                    src/crt0.asm(11)
_preInit (main.o):
    crt0.o                    src/crt0.asm(12)
addEnemy (enemy.o):
    enemyStrategy.o           includes/enemy.inc(7)
addEvent (event.o):
    score.o                   ../../Tools/cc65-sfclib/include/snes-event.inc(2)
    level.o                   ../../Tools/cc65-sfclib/include/snes-event.inc(2)
    main.o                    ../../Tools/cc65-sfclib/include/snes-event.inc(2)
animEnemy (enemy.o):
animHero (hero.o):
animInProgress (hero.o):
clearEnemy (enemy.o):
clearHeroSprite (hero.o):
clearOAM (sprite.o):
    hero.o                    ../../Tools/cc65-sfclib/include/snes-sprite.inc(1)
copyOAM (sprite.o):
    main.o                    ../../Tools/cc65-sfclib/include/snes-sprite.inc(2)
disableSkipSpaces (font.o):
    main.o                    includes/font.inc(3)
doUpdateScore (score.o):
enableSkipSpaces (font.o):
enemyFallAnimAddress (enemy.o):
enemyFallYOffset (enemy.o):
enemyGrabFall (enemy.o):
enemyStrategyGrab (enemyStrategy.o):
    main.o                    includes/enemyStrategy.inc(6)
enemyStrategyInit (enemyStrategy.o):
    main.o                    includes/enemyStrategy.inc(5)
energyPlayer (score.o):
    hero.o                    includes/score.inc(4)
eventsTable (event.o):
fallHero (hero.o):
findEmptySlotEnemy (enemy.o):
    enemyStrategy.o           includes/enemy.inc(8)
fontTiles (font.o):
    main.o                    includes/font.inc(7)
gameMessagePal (font.o):
    main.o                    includes/font.inc(15)
getEventCounter (event.o):
    score.o                   ../../Tools/cc65-sfclib/include/snes-event.inc(5)
grabbingFall1 (enemy.o):
grabbingGrab (enemy.o):
grabbingHitHighFall (enemy.o):
grabbingHitLowFall (enemy.o):
grabbingHitMidFall (enemy.o):
grabbingShakeFall (enemy.o):
grabbingWalk (enemy.o):
grabbingWalk1 (enemy.o):
grabbingWalk2 (enemy.o):
gss_channels (snesgss.o):
gss_channelsVolume (snesgss.o):
gss_init (snesgss.o):
    main.o                    includes/snesgss.inc(1)
gss_pauseTrack (snesgss.o):
gss_playSfx (snesgss.o):
gss_playTrack (snesgss.o):
    main.o                    includes/snesgss.inc(3)
gss_resumeTrack (snesgss.o):
gss_setChannelsVolume (snesgss.o):
gss_setGlobalVolume (snesgss.o):
gss_setMono (snesgss.o):
gss_setStereo (snesgss.o):
    main.o                    includes/snesgss.inc(8)
gss_sfxChannel (snesgss.o):
gss_sfxNumber (snesgss.o):
gss_sfxPan (snesgss.o):
gss_sfxVolume (snesgss.o):
gss_stopAll (snesgss.o):
gss_stopTrack (snesgss.o):
gss_trackNumber (snesgss.o):
gss_volume (snesgss.o):
gss_volumeSpeed (snesgss.o):
heroAnimInterruptCounter (hero.o):
heroDownKick2 (hero.o):
heroDownPunch1 (hero.o):
heroDownPunch3 (hero.o):
heroFlag (hero.o):
    enemy.o                   includes/hero.inc(7)
heroHitOffset (hero.o):
    enemy.o                   includes/hero.inc(8)
heroHitType (hero.o):
    hit.o                     includes/hero.inc(10)
heroHitZone (hero.o):
    enemy.o                   includes/hero.inc(9)
heroStandKick2 (hero.o):
heroTransferAddr (hero.o):
heroXOffset (hero.o):
    enemy.o                   includes/hero.inc(6)
highByte (enemy.o):
hitAdd (hit.o):
    enemy.o                   includes/hit.inc(2)
hitInit (hit.o):
    main.o                    includes/hit.inc(1)
hitProcess (hit.o):
    main.o                    includes/hit.inc(3)
hitRemove (hit.o):
initEnemySprite (enemy.o):
    main.o                    includes/enemy.inc(5)
initEvents (event.o):
    main.o                    ../../Tools/cc65-sfclib/include/snes-event.inc(1)
initFont (font.o):
    main.o                    includes/font.inc(1)
initHeroSprite (hero.o):
    main.o                    includes/hero.inc(3)
initLevel (level.o):
    main.o                    includes/level.inc(1)
initPad (pad.o):
    main.o                    ../../Tools/cc65-sfclib/include/snes-pad.inc(1)
initScore (score.o):
    main.o                    includes/score.inc(1)
initSnes (init.o):
    crt0.o                    src/crt0.asm(15)
letterGreyPal (font.o):
    main.o                    includes/font.inc(8)
letterIntroString (font.o):
    main.o                    includes/font.inc(17)
letterRedPal (font.o):
    main.o                    includes/font.inc(9)
livesCounter (score.o):
    hero.o                    includes/score.inc(7)
oamData (sprite.o):
    hit.o                     ../../Tools/cc65-sfclib/include/snes-sprite.inc(5)
    enemy.o                   ../../Tools/cc65-sfclib/include/snes-sprite.inc(5)
    hero.o                    ../../Tools/cc65-sfclib/include/snes-sprite.inc(5)
onePlayerFirstFloorString (font.o):
    main.o                    includes/font.inc(21)
padFirstPushData1 (pad.o):
padFirstPushDataHigh1 (pad.o):
padFirstPushDataLow1 (pad.o):
    hero.o                    ../../Tools/cc65-sfclib/include/snes-pad.inc(9)
padPushData1 (pad.o):
    main.o                    ../../Tools/cc65-sfclib/include/snes-pad.inc(4)
padPushData2 (pad.o):
padPushData3 (pad.o):
padPushData4 (pad.o):
padPushDataHigh1 (pad.o):
padPushDataHigh2 (pad.o):
padPushDataHigh3 (pad.o):
padPushDataHigh4 (pad.o):
padPushDataLow1 (pad.o):
    hero.o                    ../../Tools/cc65-sfclib/include/snes-pad.inc(9)
padPushDataLow2 (pad.o):
padPushDataLow3 (pad.o):
padPushDataLow4 (pad.o):
padReleaseData1 (pad.o):
padReleaseData2 (pad.o):
padReleaseData3 (pad.o):
padReleaseData4 (pad.o):
padReleaseDataHigh1 (pad.o):
padReleaseDataHigh2 (pad.o):
padReleaseDataHigh3 (pad.o):
padReleaseDataHigh4 (pad.o):
padReleaseDataLow1 (pad.o):
    hero.o                    ../../Tools/cc65-sfclib/include/snes-pad.inc(9)
padReleaseDataLow2 (pad.o):
padReleaseDataLow3 (pad.o):
padReleaseDataLow4 (pad.o):
processEvents (event.o):
    main.o                    ../../Tools/cc65-sfclib/include/snes-event.inc(4)
reactEnemy (enemy.o):
    main.o                    includes/enemy.inc(6)
reactEnemyGrab (enemy.o):
reactHero (hero.o):
    main.o                    includes/hero.inc(5)
readPad1 (pad.o):
    main.o                    ../../Tools/cc65-sfclib/include/snes-pad.inc(2)
readPad2 (pad.o):
readPad3 (pad.o):
readPad4 (pad.o):
readyString (font.o):
    main.o                    includes/font.inc(20)
removeEvent (event.o):
    main.o                    ../../Tools/cc65-sfclib/include/snes-event.inc(3)
scoreEvent (score.o):
scoreMap (score.o):
scoreMapData (score.o):
scorePlayer1 (score.o):
scrollDirection (level.o):
    enemy.o                   includes/level.inc(5)
    hero.o                    includes/level.inc(5)
scrollLevel (level.o):
    hero.o                    includes/level.inc(2)
scrollValue (level.o):
setEnemyOAM (enemy.o):
setEnergyPlayer (score.o):
    enemy.o                   includes/score.inc(5)
setFontCursorPosition (font.o):
    main.o                    includes/font.inc(4)
setHeroOAM (hero.o):
setLiveCounter (score.o):
    hero.o                    includes/score.inc(6)
setMirrorSpriteMode (hero.o):
setNormalSpriteMode (hero.o):
setShakingFlag (hero.o):
skipSpaces (font.o):
spc_command (snesgss.o):
spc_load_data (snesgss.o):
splashScreen (main.o):
spriteCounter (hero.o):
    enemy.o                   enemy.asm(26)
timeCounter (score.o):
titleScreenCopyrightString (font.o):
    main.o                    includes/font.inc(19)
titleScreenSelectString (font.o):
    main.o                    includes/font.inc(18)
titleScreenWhitePal (font.o):
    main.o                    includes/font.inc(11)
titleScreenWhiteRedPal (font.o):
    main.o                    includes/font.inc(13)
titleScreenYellowPal (font.o):
    main.o                    includes/font.inc(12)
transferHeroSpriteDataEvent (hero.o):
    main.o                    includes/hero.inc(4)
updateEnergyPlayer (score.o):
    enemy.o                   includes/score.inc(3)
updateScorePlayer1 (score.o):
    hit.o                     includes/score.inc(8)
updateScorePlayer2 (score.o):
updateScoreTop (score.o):
updateTime (score.o):
    main.o                    includes/score.inc(2)
writeFontString (font.o):
    main.o                    includes/font.inc(5)
writeNumberToScoreMap (score.o):

