Modules list:
-------------
common.o:
    CODE              Offs=000000  Size=000000  Align=00001  Fill=0000
    RODATA            Offs=000000  Size=000002  Align=00001  Fill=0000
    BSS               Offs=000000  Size=000000  Align=00001  Fill=0000
    DATA              Offs=000000  Size=000000  Align=00001  Fill=0000
    ZEROPAGE          Offs=000000  Size=000000  Align=00001  Fill=0000
    NULL              Offs=000000  Size=000000  Align=00001  Fill=0000
cursor.o:
    CODE              Offs=000000  Size=00009A  Align=00001  Fill=0000
    RODATA            Offs=000002  Size=000000  Align=00001  Fill=0000
    BSS               Offs=000000  Size=000008  Align=00001  Fill=0000
    DATA              Offs=000000  Size=000000  Align=00001  Fill=0000
    ZEROPAGE          Offs=000000  Size=000000  Align=00001  Fill=0000
    NULL              Offs=000000  Size=000000  Align=00001  Fill=0000
enemy.o:
    CODE              Offs=00009A  Size=000671  Align=00001  Fill=0000
    RODATA            Offs=000002  Size=000004  Align=00001  Fill=0000
    BSS               Offs=000008  Size=0000AC  Align=00001  Fill=0000
    DATA              Offs=000000  Size=000000  Align=00001  Fill=0000
    ZEROPAGE          Offs=000000  Size=000008  Align=00001  Fill=0000
    NULL              Offs=000000  Size=000000  Align=00001  Fill=0000
    BANK1             Offs=000000  Size=00222F  Align=00001  Fill=0000
    BANK3             Offs=000000  Size=008000  Align=00001  Fill=0000
enemyStrategy.o:
    CODE              Offs=00070B  Size=000038  Align=00001  Fill=0000
    RODATA            Offs=000006  Size=000000  Align=00001  Fill=0000
    BSS               Offs=0000B4  Size=000002  Align=00001  Fill=0000
    DATA              Offs=000000  Size=000000  Align=00001  Fill=0000
    ZEROPAGE          Offs=000008  Size=000000  Align=00001  Fill=0000
    NULL              Offs=000000  Size=000000  Align=00001  Fill=0000
events.o:
    CODE              Offs=000743  Size=00000C  Align=00001  Fill=0000
    RODATA            Offs=000006  Size=000000  Align=00001  Fill=0000
    BSS               Offs=0000B6  Size=000000  Align=00001  Fill=0000
    DATA              Offs=000000  Size=000000  Align=00001  Fill=0000
    ZEROPAGE          Offs=000008  Size=000000  Align=00001  Fill=0000
    NULL              Offs=000000  Size=000000  Align=00001  Fill=0000
font.o:
    CODE              Offs=00074F  Size=0003E4  Align=00001  Fill=0000
    RODATA            Offs=000006  Size=000000  Align=00001  Fill=0000
    BSS               Offs=0000B6  Size=00000F  Align=00001  Fill=0000
    DATA              Offs=000000  Size=000000  Align=00001  Fill=0000
    ZEROPAGE          Offs=000008  Size=000003  Align=00001  Fill=0000
    NULL              Offs=000000  Size=000000  Align=00001  Fill=0000
    BANK4             Offs=000000  Size=00093F  Align=00001  Fill=0000
hero.o:
    CODE              Offs=000B33  Size=000553  Align=00001  Fill=0000
    RODATA            Offs=000006  Size=000000  Align=00001  Fill=0000
    BSS               Offs=0000C5  Size=000007  Align=00001  Fill=0000
    DATA              Offs=000000  Size=000000  Align=00001  Fill=0000
    ZEROPAGE          Offs=00000B  Size=00000B  Align=00001  Fill=0000
    NULL              Offs=000000  Size=000000  Align=00001  Fill=0000
    BANK2             Offs=000000  Size=0070A4  Align=00001  Fill=0000
hit.o:
    CODE              Offs=001086  Size=0000DD  Align=00001  Fill=0000
    RODATA            Offs=000006  Size=000018  Align=00001  Fill=0000
    BSS               Offs=0000CC  Size=00005D  Align=00001  Fill=0000
    DATA              Offs=000000  Size=000000  Align=00001  Fill=0000
    ZEROPAGE          Offs=000016  Size=000000  Align=00001  Fill=0000
    NULL              Offs=000000  Size=000000  Align=00001  Fill=0000
level.o:
    CODE              Offs=001163  Size=000244  Align=00001  Fill=0000
    RODATA            Offs=00001E  Size=000082  Align=00001  Fill=0000
    BSS               Offs=000129  Size=000012  Align=00001  Fill=0000
    DATA              Offs=000000  Size=000000  Align=00001  Fill=0000
    ZEROPAGE          Offs=000016  Size=000000  Align=00001  Fill=0000
    NULL              Offs=000000  Size=000000  Align=00001  Fill=0000
    BANK4             Offs=00093F  Size=0054A0  Align=00001  Fill=0000
main.o:
    CODE              Offs=0013A7  Size=000067  Align=00001  Fill=0000
    RODATA            Offs=0000A0  Size=000000  Align=00001  Fill=0000
    BSS               Offs=00013B  Size=000000  Align=00001  Fill=0000
    DATA              Offs=000000  Size=000000  Align=00001  Fill=0000
    ZEROPAGE          Offs=000016  Size=000000  Align=00001  Fill=0000
    NULL              Offs=000000  Size=000000  Align=00001  Fill=0000
score.o:
    CODE              Offs=00140E  Size=000312  Align=00001  Fill=0000
    RODATA            Offs=0000A0  Size=000000  Align=00001  Fill=0000
    BSS               Offs=00013B  Size=0000D3  Align=00001  Fill=0000
    DATA              Offs=000000  Size=000000  Align=00001  Fill=0000
    ZEROPAGE          Offs=000016  Size=000000  Align=00001  Fill=0000
    NULL              Offs=000000  Size=000000  Align=00001  Fill=0000
    BANK4             Offs=005DDF  Size=001600  Align=00001  Fill=0000
scriptedPad.o:
    CODE              Offs=001720  Size=000091  Align=00001  Fill=0000
    RODATA            Offs=0000A0  Size=000000  Align=00001  Fill=0000
    BSS               Offs=00020E  Size=000009  Align=00001  Fill=0000
    DATA              Offs=000000  Size=000000  Align=00001  Fill=0000
    ZEROPAGE          Offs=000016  Size=000002  Align=00001  Fill=0000
    NULL              Offs=000000  Size=000000  Align=00001  Fill=0000
snesgss.o:
    CODE              Offs=0017B1  Size=0001F3  Align=00001  Fill=0000
    RODATA            Offs=0000A0  Size=00000A  Align=00001  Fill=0000
    BSS               Offs=000217  Size=000000  Align=00001  Fill=0000
    DATA              Offs=000000  Size=000000  Align=00001  Fill=0000
    ZEROPAGE          Offs=000018  Size=000019  Align=00001  Fill=0000
    NULL              Offs=000000  Size=000000  Align=00001  Fill=0000
    BANK7             Offs=000000  Size=003379  Align=00001  Fill=0000
play.o:
    CODE              Offs=0019A4  Size=000284  Align=00001  Fill=0000
    RODATA            Offs=0000AA  Size=00000C  Align=00001  Fill=0000
    BSS               Offs=000217  Size=000003  Align=00001  Fill=0000
    DATA              Offs=000000  Size=000000  Align=00001  Fill=0000
    ZEROPAGE          Offs=000031  Size=000002  Align=00001  Fill=0000
    NULL              Offs=000000  Size=000000  Align=00001  Fill=0000
settings.o:
    CODE              Offs=001C28  Size=000035  Align=00001  Fill=0000
    RODATA            Offs=0000B6  Size=000010  Align=00001  Fill=0000
    BSS               Offs=00021A  Size=000008  Align=00001  Fill=0000
    DATA              Offs=000000  Size=000000  Align=00001  Fill=0000
    ZEROPAGE          Offs=000033  Size=000000  Align=00001  Fill=0000
    NULL              Offs=000000  Size=000000  Align=00001  Fill=0000
antihero.o:
    CODE              Offs=001C5D  Size=0000E2  Align=00001  Fill=0000
    RODATA            Offs=0000C6  Size=000000  Align=00001  Fill=0000
    BSS               Offs=000222  Size=000000  Align=00001  Fill=0000
    DATA              Offs=000000  Size=000000  Align=00001  Fill=0000
    ZEROPAGE          Offs=000033  Size=000000  Align=00001  Fill=0000
    NULL              Offs=000000  Size=000000  Align=00001  Fill=0000
    BANK1             Offs=00222F  Size=0011A0  Align=00001  Fill=0000
common.o:
    CODE              Offs=001D3F  Size=00007E  Align=00001  Fill=0000
    RODATA            Offs=0000C6  Size=000000  Align=00001  Fill=0000
    BSS               Offs=000222  Size=00000F  Align=00001  Fill=0000
    DATA              Offs=000000  Size=000000  Align=00001  Fill=0000
    ZEROPAGE          Offs=000033  Size=000000  Align=00001  Fill=0000
    NULL              Offs=000000  Size=000000  Align=00001  Fill=0000
irem.o:
    CODE              Offs=001DBD  Size=0000E2  Align=00001  Fill=0000
    RODATA            Offs=0000C6  Size=000000  Align=00001  Fill=0000
    BSS               Offs=000231  Size=000000  Align=00001  Fill=0000
    DATA              Offs=000000  Size=000000  Align=00001  Fill=0000
    ZEROPAGE          Offs=000033  Size=000000  Align=00001  Fill=0000
    NULL              Offs=000000  Size=000000  Align=00001  Fill=0000
    BANK1             Offs=0033CF  Size=001140  Align=00001  Fill=0000
letter.o:
    CODE              Offs=001E9F  Size=000183  Align=00001  Fill=0000
    RODATA            Offs=0000C6  Size=000000  Align=00001  Fill=0000
    BSS               Offs=000231  Size=000000  Align=00001  Fill=0000
    DATA              Offs=000000  Size=000000  Align=00001  Fill=0000
    ZEROPAGE          Offs=000033  Size=000000  Align=00001  Fill=0000
    NULL              Offs=000000  Size=000000  Align=00001  Fill=0000
    BANK1             Offs=00450F  Size=001240  Align=00001  Fill=0000
highScore.o:
    CODE              Offs=002022  Size=000382  Align=00001  Fill=0000
    RODATA            Offs=0000C6  Size=000000  Align=00001  Fill=0000
    BSS               Offs=000231  Size=0000A0  Align=00001  Fill=0000
    DATA              Offs=000000  Size=000000  Align=00001  Fill=0000
    ZEROPAGE          Offs=000033  Size=000000  Align=00001  Fill=0000
    NULL              Offs=000000  Size=000000  Align=00001  Fill=0000
option.o:
    CODE              Offs=0023A4  Size=00025B  Align=00001  Fill=0000
    RODATA            Offs=0000C6  Size=000094  Align=00001  Fill=0000
    BSS               Offs=0002D1  Size=000000  Align=00001  Fill=0000
    DATA              Offs=000000  Size=000000  Align=00001  Fill=0000
    ZEROPAGE          Offs=000033  Size=000000  Align=00001  Fill=0000
    NULL              Offs=000000  Size=000000  Align=00001  Fill=0000
screen.o:
    CODE              Offs=0025FF  Size=000000  Align=00001  Fill=0000
    RODATA            Offs=00015A  Size=000000  Align=00001  Fill=0000
    BSS               Offs=0002D1  Size=000800  Align=00001  Fill=0000
    DATA              Offs=000000  Size=000000  Align=00001  Fill=0000
    ZEROPAGE          Offs=000033  Size=000000  Align=00001  Fill=0000
    NULL              Offs=000000  Size=000000  Align=00001  Fill=0000
title.o:
    CODE              Offs=0025FF  Size=000238  Align=00001  Fill=0000
    RODATA            Offs=00015A  Size=00001E  Align=00001  Fill=0000
    BSS               Offs=000AD1  Size=000000  Align=00001  Fill=0000
    DATA              Offs=000000  Size=000000  Align=00001  Fill=0000
    ZEROPAGE          Offs=000033  Size=000000  Align=00001  Fill=0000
    NULL              Offs=000000  Size=000000  Align=00001  Fill=0000
    BANK1             Offs=00574F  Size=0019C0  Align=00001  Fill=0000
../../Tools/cc65-sfclib/bin/sfc.lib(crt0.o):
    CODE              Offs=002837  Size=000000  Align=00001  Fill=0000
    RODATA            Offs=000178  Size=000000  Align=00001  Fill=0000
    BSS               Offs=000AD1  Size=000000  Align=00001  Fill=0000
    DATA              Offs=000000  Size=000000  Align=00001  Fill=0000
    ZEROPAGE          Offs=000033  Size=000000  Align=00001  Fill=0000
    NULL              Offs=000000  Size=000000  Align=00001  Fill=0000
    STARTUP           Offs=000000  Size=000047  Align=00001  Fill=0000
    ROMINFO           Offs=000000  Size=000030  Align=00001  Fill=0000
    VECTORS           Offs=000000  Size=00001C  Align=00001  Fill=0000
../../Tools/cc65-sfclib/bin/sfc.lib(init.o):
    CODE              Offs=002837  Size=0000F3  Align=00001  Fill=0000
    RODATA            Offs=000178  Size=000000  Align=00001  Fill=0000
    BSS               Offs=000AD1  Size=000000  Align=00001  Fill=0000
    DATA              Offs=000000  Size=000000  Align=00001  Fill=0000
    ZEROPAGE          Offs=000033  Size=000000  Align=00001  Fill=0000
    NULL              Offs=000000  Size=000000  Align=00001  Fill=0000
../../Tools/cc65-sfclib/bin/sfc.lib(event.o):
    CODE              Offs=00292A  Size=000101  Align=00001  Fill=0000
    RODATA            Offs=000178  Size=000000  Align=00001  Fill=0000
    BSS               Offs=000AD1  Size=000083  Align=00001  Fill=0000
    DATA              Offs=000000  Size=000000  Align=00001  Fill=0000
    ZEROPAGE          Offs=000033  Size=000000  Align=00001  Fill=0000
    NULL              Offs=000000  Size=000000  Align=00001  Fill=0000
../../Tools/cc65-sfclib/bin/sfc.lib(pad.o):
    CODE              Offs=002A2B  Size=000139  Align=00001  Fill=0000
    RODATA            Offs=000178  Size=000000  Align=00001  Fill=0000
    BSS               Offs=000B54  Size=000012  Align=00001  Fill=0000
    DATA              Offs=000000  Size=000000  Align=00001  Fill=0000
    ZEROPAGE          Offs=000033  Size=000000  Align=00001  Fill=0000
    NULL              Offs=000000  Size=000000  Align=00001  Fill=0000
../../Tools/cc65-sfclib/bin/sfc.lib(sprite.o):
    CODE              Offs=002B64  Size=000074  Align=00001  Fill=0000
    RODATA            Offs=000178  Size=000000  Align=00001  Fill=0000
    BSS               Offs=000B66  Size=000221  Align=00001  Fill=0000
    DATA              Offs=000000  Size=000000  Align=00001  Fill=0000
    ZEROPAGE          Offs=000033  Size=000000  Align=00001  Fill=0000
    NULL              Offs=000000  Size=000000  Align=00001  Fill=0000
../../Tools/cc65-sfclib/bin/sfc.lib(waitvblank.o):
    CODE              Offs=002BD8  Size=00000D  Align=00001  Fill=0000
    RODATA            Offs=000178  Size=000000  Align=00001  Fill=0000
    BSS               Offs=000D87  Size=000000  Align=00001  Fill=0000
    DATA              Offs=000000  Size=000000  Align=00001  Fill=0000
    ZEROPAGE          Offs=000033  Size=000000  Align=00001  Fill=0000
    NULL              Offs=000000  Size=000000  Align=00001  Fill=0000


Segment list:
-------------
Name                   Start     End    Size  Align
----------------------------------------------------
DATA                  000000  000000  000000  00001
NULL                  000000  000000  000000  00001
ZEROPAGE              000000  000032  000033  00001
BSS                   000200  000F86  000D87  00001
ROMINFO               00FFB0  00FFDF  000030  00001
VECTORS               00FFE4  00FFFF  00001C  00001
STARTUP               808000  808046  000047  00001
CODE                  808047  80AC2B  002BE5  00001
RODATA                80AC2C  80ADA3  000178  00001
BANK1                 818000  81F10E  00710F  00001
BANK2                 828000  82F0A3  0070A4  00001
BANK3                 838000  83FFFF  008000  00001
BANK4                 848000  84F3DE  0073DF  00001
BANK7                 878000  87B378  003379  00001


Exports list by name:
---------------------
EnemyArrayAnimAddress     000209  LA    EnemyArrayAnimFrameCounter 00027A  LA    
EnemyArrayAnimFrameIndex  00025E  LA    EnemyArrayFlag            000297  LA    
EnemyArrayOAMSlotOffset   000225  LA    EnemyArrayOffsetFramecounter 00027B  LA    
EnemyArrayXOffset         000241 RLA    EnemyArrayYOffset         00025D RLA    
EnemyCurrentArrayIndexByte 000002  LZ    EnemyCurrentArrayIndexWord 000004  LZ    
EnemyCurrentXOffset       000007  LZ    EnemyCurrentYOffset       000006  LZ    
EnemyTempXOffsetHigh      000208  LA    OAMDataUpdated            80AC11 RLA    
SPC700_Driver             878000  LA    SPC700_Driver_Size        80ACCC  LA    
Song_Bank_Table           80ACD0  LA    Song_Dst_Pointer          80ACCE  LA    
Song_Offset_Table         80ACD2  LA    Song_Size_Table           80ACD4  LA    
VRAMLineLeft              00032B  LA    VRAMLineRight             00032D  LA    
_IRQHandler               809420 RLA    _NMIHandler               80944D RLA    
__ROMINFO_FILEOFFS__      007FB0  EA    __ROMINFO_LAST__          00FFE0  LA    
__ROMINFO_SIZE__          000034  EA    __ROMINFO_START__         00FFB0  LA    
__STARTUP__               000001 REA    __VECTORS_FILEOFFS__      007FE4  EA    
__VECTORS_LAST__          010000  LA    __VECTORS_SIZE__          00001C  EA    
__VECTORS_START__         00FFE4  LA    _clearToBuffer            808B1E  LA    
_clearToVRAM              808AFC  LA    _main                     8093EE RLA    
_preInit                  809454 RLA    _writeToBuffer            808AD5  LA    
_writeToVRAM              808AAE  LA    addEnemy                  808272 RLA    
addEvent                  80A99D RLA    animEnemy                 808499  LA    
animHero                  808CB2  LA    animInProgress            00000B  LZ    
antiheroSplash            809CA4 RLA    blankData                 80AC2C RLA    
bufferPtr                 000008 RLZ    clearEnemy                8082F7  LA    
clearFontZone             808A8E RLA    clearHeroSprite           808BE9 RLA    
clearOAM                  80ABAB RLA    continueValueList         80ACEB RLA    
copyFontBufferToVRAMOnceEvent 808B40 RLA    copyOAM                   80ABDA RLA    
copyOAMEvent              80878A RLA    cursorEvent               80807C RLA    
cursorTarget              000204 RLA    cursorTargetSet           000207 RLA    
difficultyPtrList         80AD24  LA    difficultyValueList       80ACE2 RLA    
disableSkipLeadingZero    808989  LA    disableSkipSpaces         80896D RLA    
displayHighScore          80A1FB  LA    doUpdateScore             0003FB  LA    
enableSkipLeadingZero     80897B RLA    enableSkipSpaces          80895F  LA    
enemyFallAnimAddress      81A0AC  LA    enemyFallYOffset          81A070  LA    
enemyGrabFall             8086D2  LA    enemyStrategyGrab         80875D RLA    
enemyStrategyInit         808752 RLA    energyEnemy               000407  LA    
energyPlayer              000406 RLA    eventsTable               000CD1  LA    
fallHero                  80902E  LA    findEmptySlotEnemy        8082D5 RLA    
fontCyanBlackBlackPal     8488FF RLA    fontRedBlackBlackPal      8488E0 RLA    
fontTiles                 848000 RLA    fontWhiteRedBlackPal      8488C0 RLA    
gameHeroDie               000419 RLA    gameMessagePal            84891F RLA    
gamePauseMessageEvent     809C22  LA    gamePausedString          8088E3 RLA    
getEventCounter           80AA51 RLA    grabbingFall1             81A1AD  LA    
grabbingGrab              81A203  LA    grabbingHitHighFall       81A211  LA    
grabbingHitLowFall        81A225  LA    grabbingHitMidFall        81A21B  LA    
grabbingShakeFall         81A207  LA    grabbingWalk              81A1E9  LA    
grabbingWalk1             81A0B4  LA    grabbingWalk2             81A0C9  LA    
gss_channels              00002B  LZ    gss_channelsVolume        00002C  LZ    
gss_init                  8097F8 RLA    gss_pauseTrack            8098C4  LA    
gss_playSfx               809875  LA    gss_playTrack             809824 RLA    
gss_resumeTrack           8098D7  LA    gss_setChannelsVolume     80993F  LA    
gss_setGlobalVolume       809920  LA    gss_setMono               80990D  LA    
gss_setStereo             8098FA RLA    gss_sfxChannel            00002D  LZ    
gss_sfxNumber             00002E  LZ    gss_sfxPan                000030  LZ    
gss_sfxVolume             00002F  LZ    gss_stopAll               8098EA  LA    
gss_stopTrack             8098B4  LA    gss_trackNumber           000028  LZ    
gss_volume                000029  LZ    gss_volumeSpeed           00002A  LZ    
heroAnimInterruptCounter  00000E  LZ    heroDownKick2             82ED2C  LA    
heroDownPunch1            82ED4D  LA    heroDownPunch3            82ED86  LA    
heroFlag                  000015 RLZ    heroHitOffset             000012 RLZ    
heroHitType               000014 RLZ    heroHitZone               000013 RLZ    
heroStandKick2            82EDC7  LA    heroTransferAddr          0002CA  LA    
heroXOffset               000010 RLZ    highByte                  81A040  LA    
highScoreInitValues       80A15B  LA    highScoreMainLoop         80A269  LA    
highScoreTitleString      80A069  LA    hitAdd                    8090E2 RLA    
hitInit                   8090CD RLA    hitProcess                809177 RLA    
hitRemove                 80915E  LA    initCursor                808047 RLA    
initEnemySprite           8080E1 RLA    initEvents                80A971 RLA    
initFont                  80890E RLA    initFontBuffer            808942 RLA    
initHeroSprite            808B7A RLA    initHighScore             80A1FB  LA    
initLevel                 8091AA RLA    initPad                   80AA72 RLA    
initScore                 809455 RLA    initSettings              809C6F RLA    
initSnes                  80A87E RLA    insertNewHighScore        80A1FB  LA    
iremSplash                809E04 RLA    isEventActive             80AA5D RLA    
letterGreyPal             848820 RLA    letterIntroString         808796 RLA    
letterRedPal              848840 RLA    letterSplash              809EE6 RLA    
levelLeftEdgeVisible      00033A  LA    levelRightEdgeVisible     000339 RLA    
levelStartIntro           809B58  LA    livesCounter              00040A RLA    
livesValueList            80ACE7 RLA    oamData                   000D66 RLA    
onePlayerFirstFloorString 8088A9 RLA    optionExitString          80A449  LA    
optionScreen              80A44F RLA    optionsString             80A3EB  LA    
padFirstPushData1         000D56 RLA    padFirstPushDataHigh1     000D57  LA    
padFirstPushDataLow1      000D56 RLA    padPushData1              000D54 RLA    
padPushData2              000D5A  LA    padPushData3              000D5E  LA    
padPushData4              000D62  LA    padPushDataHigh1          000D55  LA    
padPushDataHigh2          000D5B  LA    padPushDataHigh3          000D5E  LA    
padPushDataHigh4          000D62  LA    padPushDataLow1           000D54 RLA    
padPushDataLow2           000D5A  LA    padPushDataLow3           000D5F  LA    
padPushDataLow4           000D63  LA    padReleaseData1           000D58 RLA    
padReleaseData2           000D5C  LA    padReleaseData3           000D60  LA    
padReleaseData4           000D64  LA    padReleaseDataHigh1       000D59  LA    
padReleaseDataHigh2       000D5D  LA    padReleaseDataHigh3       000D60  LA    
padReleaseDataHigh4       000D64  LA    padReleaseDataLow1        000D58 RLA    
padReleaseDataLow2        000D5C  LA    padReleaseDataLow3        000D61  LA    
padReleaseDataLow4        000D65  LA    playGame                  8099EB RLA    
processEvents             80A9CC RLA    reactEnemy                8084FD RLA    
reactEnemyGrab            808540  LA    reactHero                 808E03 RLA    
readPad1                  80AAB3 RLA    readPad2                  80AAF1  LA    
readPad3                  80AB2F  LA    readPad4                  80AB6D  LA    
readyString               808898 RLA    refreshHero               808D97 RLA    
removeAllEvent            80AA3A RLA    removeEvent               80AA21  LA    
scoreEvent                8096D6  LA    scoreMapData              00033B  LA    
scorePlayer1              0003FD  LA    screenBuffer              0004D1 RLA    
scriptedDataHeroLevelStart 80ACDE  LA    scriptedPadInit           809767 RLA    
scriptedPadOverride       8097BC RLA    scriptedPadReadData       809779 RLA    
scrollDirection           000337 RLA    scrollLevel               8092A1 RLA    
scrollValue               000335  LA    setEnemyOAM               808321  LA    
setEnemyOAM_fillLoop      80845E  EA    setEnemyOAM_lineLoop      80833D  EA    
setEnemyOAM_skiplineLoop  80835B  EA    setEnergyEnemy            809635  LA    
setEnergyPlayer           8095E5 RLA    setFontCursorPosition     808997 RLA    
setFontCursorPositionNewLine 8089B1 RLA    setFontPalette            808955 RLA    
setHeroOAM                808C0A  LA    setLiveCounter            8096B1 RLA    
setMirrorSpriteMode       808DF1  LA    setNormalSpriteMode       808DFA  LA    
setShakingFlag            8090A8  LA    settingsContinueIndex     00041E RLA    
settingsContinueValue     00041F RLA    settingsDifficultyIndex   00041A RLA    
settingsDifficultyValue   00041B RLA    settingsLivesIndex        00041C RLA    
settingsLivesValue        00041D RLA    settingsSoundIndex        000420 RLA    
settingsSoundValue        000421 RLA    skipSpaces                0002B6  LA    
soundValueList            80ACEF RLA    spc_command               8099C5  LA    
spc_load_data             80995E  LA    splashScreenEvent         809DB0 RLA    
splashScreenInit          809D86 RLA    spriteCounter             0002C5 RLA    
spriteTrickIRQVTimer      80ACD6 RLA    spriteTrickIRQValue       80ACDA RLA    
spriteTrickIndex          000031 RLZ    timeCounter               000408  LA    
titleScreen               80A646 RLA    titleScreenCopyrightString 808869 RLA    
titleScreenMap            81E8EF  LA    titleScreenPal            81F0EF  LA    
titleScreenReload         80A7E1 REA    titleScreenSelectString   808848 RLA    
titleScreenTiles          81D74F  LA    titleScreenWhitePal       848860 RLA    
titleScreenWhiteRedPal    8488A0 RLA    titleScreenYellowPal      848880 RLA    
transferHeroSpriteDataEvent 808D9E RLA    updateDifficulty          80A4D5  LA    
updateEnergyPlayer        8095D8 RLA    updateLevelMessageOnceEvent 809C35  LA    
updateScorePlayer1        80955B RLA    updateScorePlayer2        80958A  LA    
updateScoreTop            8095B9  LA    updateTime                80967C RLA    
waitForVBlank             80AC1F RLA    writeFontNumber           808A28 RLA    
writeFontString           8089C8 RLA    writeNumberToScoreMap     80971E  LA    



Exports list by value:
----------------------
__STARTUP__               000001 REA    EnemyCurrentArrayIndexByte 000002  LZ    
EnemyCurrentArrayIndexWord 000004  LZ    EnemyCurrentYOffset       000006  LZ    
EnemyCurrentXOffset       000007  LZ    bufferPtr                 000008 RLZ    
animInProgress            00000B  LZ    heroAnimInterruptCounter  00000E  LZ    
heroXOffset               000010 RLZ    heroHitOffset             000012 RLZ    
heroHitZone               000013 RLZ    heroHitType               000014 RLZ    
heroFlag                  000015 RLZ    __VECTORS_SIZE__          00001C  EA    
gss_trackNumber           000028  LZ    gss_volume                000029  LZ    
gss_volumeSpeed           00002A  LZ    gss_channels              00002B  LZ    
gss_channelsVolume        00002C  LZ    gss_sfxChannel            00002D  LZ    
gss_sfxNumber             00002E  LZ    gss_sfxVolume             00002F  LZ    
gss_sfxPan                000030  LZ    spriteTrickIndex          000031 RLZ    
__ROMINFO_SIZE__          000034  EA    cursorTarget              000204 RLA    
cursorTargetSet           000207 RLA    EnemyTempXOffsetHigh      000208  LA    
EnemyArrayAnimAddress     000209  LA    EnemyArrayOAMSlotOffset   000225  LA    
EnemyArrayXOffset         000241 RLA    EnemyArrayYOffset         00025D RLA    
EnemyArrayAnimFrameIndex  00025E  LA    EnemyArrayAnimFrameCounter 00027A  LA    
EnemyArrayOffsetFramecounter 00027B  LA    EnemyArrayFlag            000297  LA    
skipSpaces                0002B6  LA    spriteCounter             0002C5 RLA    
heroTransferAddr          0002CA  LA    VRAMLineLeft              00032B  LA    
VRAMLineRight             00032D  LA    scrollValue               000335  LA    
scrollDirection           000337 RLA    levelRightEdgeVisible     000339 RLA    
levelLeftEdgeVisible      00033A  LA    scoreMapData              00033B  LA    
doUpdateScore             0003FB  LA    scorePlayer1              0003FD  LA    
energyPlayer              000406 RLA    energyEnemy               000407  LA    
timeCounter               000408  LA    livesCounter              00040A RLA    
gameHeroDie               000419 RLA    settingsDifficultyIndex   00041A RLA    
settingsDifficultyValue   00041B RLA    settingsLivesIndex        00041C RLA    
settingsLivesValue        00041D RLA    settingsContinueIndex     00041E RLA    
settingsContinueValue     00041F RLA    settingsSoundIndex        000420 RLA    
settingsSoundValue        000421 RLA    screenBuffer              0004D1 RLA    
eventsTable               000CD1  LA    padPushData1              000D54 RLA    
padPushDataLow1           000D54 RLA    padPushDataHigh1          000D55  LA    
padFirstPushDataLow1      000D56 RLA    padFirstPushData1         000D56 RLA    
padFirstPushDataHigh1     000D57  LA    padReleaseDataLow1        000D58 RLA    
padReleaseData1           000D58 RLA    padReleaseDataHigh1       000D59  LA    
padPushData2              000D5A  LA    padPushDataLow2           000D5A  LA    
padPushDataHigh2          000D5B  LA    padReleaseData2           000D5C  LA    
padReleaseDataLow2        000D5C  LA    padReleaseDataHigh2       000D5D  LA    
padPushDataHigh3          000D5E  LA    padPushData3              000D5E  LA    
padPushDataLow3           000D5F  LA    padReleaseDataHigh3       000D60  LA    
padReleaseData3           000D60  LA    padReleaseDataLow3        000D61  LA    
padPushData4              000D62  LA    padPushDataHigh4          000D62  LA    
padPushDataLow4           000D63  LA    padReleaseData4           000D64  LA    
padReleaseDataHigh4       000D64  LA    padReleaseDataLow4        000D65  LA    
oamData                   000D66 RLA    __ROMINFO_FILEOFFS__      007FB0  EA    
__VECTORS_FILEOFFS__      007FE4  EA    __ROMINFO_START__         00FFB0  LA    
__ROMINFO_LAST__          00FFE0  LA    __VECTORS_START__         00FFE4  LA    
__VECTORS_LAST__          010000  LA    initCursor                808047 RLA    
cursorEvent               80807C RLA    initEnemySprite           8080E1 RLA    
addEnemy                  808272 RLA    findEmptySlotEnemy        8082D5 RLA    
clearEnemy                8082F7  LA    setEnemyOAM               808321  LA    
setEnemyOAM_lineLoop      80833D  EA    setEnemyOAM_skiplineLoop  80835B  EA    
setEnemyOAM_fillLoop      80845E  EA    animEnemy                 808499  LA    
reactEnemy                8084FD RLA    reactEnemyGrab            808540  LA    
enemyGrabFall             8086D2  LA    enemyStrategyInit         808752 RLA    
enemyStrategyGrab         80875D RLA    copyOAMEvent              80878A RLA    
letterIntroString         808796 RLA    titleScreenSelectString   808848 RLA    
titleScreenCopyrightString 808869 RLA    readyString               808898 RLA    
onePlayerFirstFloorString 8088A9 RLA    gamePausedString          8088E3 RLA    
initFont                  80890E RLA    initFontBuffer            808942 RLA    
setFontPalette            808955 RLA    enableSkipSpaces          80895F  LA    
disableSkipSpaces         80896D RLA    enableSkipLeadingZero     80897B RLA    
disableSkipLeadingZero    808989  LA    setFontCursorPosition     808997 RLA    
setFontCursorPositionNewLine 8089B1 RLA    writeFontString           8089C8 RLA    
writeFontNumber           808A28 RLA    clearFontZone             808A8E RLA    
_writeToVRAM              808AAE  LA    _writeToBuffer            808AD5  LA    
_clearToVRAM              808AFC  LA    _clearToBuffer            808B1E  LA    
copyFontBufferToVRAMOnceEvent 808B40 RLA    initHeroSprite            808B7A RLA    
clearHeroSprite           808BE9 RLA    setHeroOAM                808C0A  LA    
animHero                  808CB2  LA    refreshHero               808D97 RLA    
transferHeroSpriteDataEvent 808D9E RLA    setMirrorSpriteMode       808DF1  LA    
setNormalSpriteMode       808DFA  LA    reactHero                 808E03 RLA    
fallHero                  80902E  LA    setShakingFlag            8090A8  LA    
hitInit                   8090CD RLA    hitAdd                    8090E2 RLA    
hitRemove                 80915E  LA    hitProcess                809177 RLA    
initLevel                 8091AA RLA    scrollLevel               8092A1 RLA    
_main                     8093EE RLA    _IRQHandler               809420 RLA    
_NMIHandler               80944D RLA    _preInit                  809454 RLA    
initScore                 809455 RLA    updateScorePlayer1        80955B RLA    
updateScorePlayer2        80958A  LA    updateScoreTop            8095B9  LA    
updateEnergyPlayer        8095D8 RLA    setEnergyPlayer           8095E5 RLA    
setEnergyEnemy            809635  LA    updateTime                80967C RLA    
setLiveCounter            8096B1 RLA    scoreEvent                8096D6  LA    
writeNumberToScoreMap     80971E  LA    scriptedPadInit           809767 RLA    
scriptedPadReadData       809779 RLA    scriptedPadOverride       8097BC RLA    
gss_init                  8097F8 RLA    gss_playTrack             809824 RLA    
gss_playSfx               809875  LA    gss_stopTrack             8098B4  LA    
gss_pauseTrack            8098C4  LA    gss_resumeTrack           8098D7  LA    
gss_stopAll               8098EA  LA    gss_setStereo             8098FA RLA    
gss_setMono               80990D  LA    gss_setGlobalVolume       809920  LA    
gss_setChannelsVolume     80993F  LA    spc_load_data             80995E  LA    
spc_command               8099C5  LA    playGame                  8099EB RLA    
levelStartIntro           809B58  LA    gamePauseMessageEvent     809C22  LA    
updateLevelMessageOnceEvent 809C35  LA    initSettings              809C6F RLA    
antiheroSplash            809CA4 RLA    splashScreenInit          809D86 RLA    
splashScreenEvent         809DB0 RLA    iremSplash                809E04 RLA    
letterSplash              809EE6 RLA    highScoreTitleString      80A069  LA    
highScoreInitValues       80A15B  LA    initHighScore             80A1FB  LA    
insertNewHighScore        80A1FB  LA    displayHighScore          80A1FB  LA    
highScoreMainLoop         80A269  LA    optionsString             80A3EB  LA    
optionExitString          80A449  LA    optionScreen              80A44F RLA    
updateDifficulty          80A4D5  LA    titleScreen               80A646 RLA    
titleScreenReload         80A7E1 REA    initSnes                  80A87E RLA    
initEvents                80A971 RLA    addEvent                  80A99D RLA    
processEvents             80A9CC RLA    removeEvent               80AA21  LA    
removeAllEvent            80AA3A RLA    getEventCounter           80AA51 RLA    
isEventActive             80AA5D RLA    initPad                   80AA72 RLA    
readPad1                  80AAB3 RLA    readPad2                  80AAF1  LA    
readPad3                  80AB2F  LA    readPad4                  80AB6D  LA    
clearOAM                  80ABAB RLA    copyOAM                   80ABDA RLA    
OAMDataUpdated            80AC11 RLA    waitForVBlank             80AC1F RLA    
blankData                 80AC2C RLA    SPC700_Driver_Size        80ACCC  LA    
Song_Dst_Pointer          80ACCE  LA    Song_Bank_Table           80ACD0  LA    
Song_Offset_Table         80ACD2  LA    Song_Size_Table           80ACD4  LA    
spriteTrickIRQVTimer      80ACD6 RLA    spriteTrickIRQValue       80ACDA RLA    
scriptedDataHeroLevelStart 80ACDE  LA    difficultyValueList       80ACE2 RLA    
livesValueList            80ACE7 RLA    continueValueList         80ACEB RLA    
soundValueList            80ACEF RLA    difficultyPtrList         80AD24  LA    
highByte                  81A040  LA    enemyFallYOffset          81A070  LA    
enemyFallAnimAddress      81A0AC  LA    grabbingWalk1             81A0B4  LA    
grabbingWalk2             81A0C9  LA    grabbingFall1             81A1AD  LA    
grabbingWalk              81A1E9  LA    grabbingGrab              81A203  LA    
grabbingShakeFall         81A207  LA    grabbingHitHighFall       81A211  LA    
grabbingHitMidFall        81A21B  LA    grabbingHitLowFall        81A225  LA    
titleScreenTiles          81D74F  LA    titleScreenMap            81E8EF  LA    
titleScreenPal            81F0EF  LA    heroDownKick2             82ED2C  LA    
heroDownPunch1            82ED4D  LA    heroDownPunch3            82ED86  LA    
heroStandKick2            82EDC7  LA    fontTiles                 848000 RLA    
letterGreyPal             848820 RLA    letterRedPal              848840 RLA    
titleScreenWhitePal       848860 RLA    titleScreenYellowPal      848880 RLA    
titleScreenWhiteRedPal    8488A0 RLA    fontWhiteRedBlackPal      8488C0 RLA    
fontRedBlackBlackPal      8488E0 RLA    fontCyanBlackBlackPal     8488FF RLA    
gameMessagePal            84891F RLA    SPC700_Driver             878000  LA    



Imports list:
-------------
EnemyArrayAnimAddress (enemy.o):
EnemyArrayAnimFrameCounter (enemy.o):
EnemyArrayAnimFrameIndex (enemy.o):
EnemyArrayFlag (enemy.o):
EnemyArrayOAMSlotOffset (enemy.o):
EnemyArrayOffsetFramecounter (enemy.o):
EnemyArrayXOffset (enemy.o):
    hit.o                     includes/enemy.inc(9)
EnemyArrayYOffset (enemy.o):
    hit.o                     includes/enemy.inc(10)
EnemyCurrentArrayIndexByte (enemy.o):
EnemyCurrentArrayIndexWord (enemy.o):
EnemyCurrentXOffset (enemy.o):
EnemyCurrentYOffset (enemy.o):
EnemyTempXOffsetHigh (enemy.o):
OAMDataUpdated (sprite.o):
    option.o                  ../../Tools/cc65-sfclib/include/snes-sprite.inc(3)
    hit.o                     ../../Tools/cc65-sfclib/include/snes-sprite.inc(3)
    hero.o                    ../../Tools/cc65-sfclib/include/snes-sprite.inc(3)
    enemy.o                   ../../Tools/cc65-sfclib/include/snes-sprite.inc(3)
    cursor.o                  ../../Tools/cc65-sfclib/include/snes-sprite.inc(3)
SPC700_Driver (snesgss.o):
SPC700_Driver_Size (snesgss.o):
Song_Bank_Table (snesgss.o):
Song_Dst_Pointer (snesgss.o):
Song_Offset_Table (snesgss.o):
Song_Size_Table (snesgss.o):
VRAMLineLeft (level.o):
VRAMLineRight (level.o):
_IRQHandler (main.o):
    crt0.o                    src/crt0.asm(13)
_NMIHandler (main.o):
    crt0.o                    src/crt0.asm(13)
__ROMINFO_FILEOFFS__ ([linker generated]):
__ROMINFO_LAST__ ([linker generated]):
__ROMINFO_SIZE__ ([linker generated]):
__ROMINFO_START__ ([linker generated]):
__STARTUP__ (crt0.o):
    main.o                    main.asm(28)
__VECTORS_FILEOFFS__ ([linker generated]):
__VECTORS_LAST__ ([linker generated]):
__VECTORS_SIZE__ ([linker generated]):
__VECTORS_START__ ([linker generated]):
_clearToBuffer (font.o):
_clearToVRAM (font.o):
_main (main.o):
    crt0.o                    src/crt0.asm(11)
_preInit (main.o):
    crt0.o                    src/crt0.asm(12)
_writeToBuffer (font.o):
_writeToVRAM (font.o):
addEnemy (enemy.o):
    enemyStrategy.o           includes/enemy.inc(7)
addEvent (event.o):
    title.o                   ../../Tools/cc65-sfclib/include/snes-event.inc(2)
    option.o                  ../../Tools/cc65-sfclib/include/snes-event.inc(2)
    letter.o                  ../../Tools/cc65-sfclib/include/snes-event.inc(2)
    irem.o                    ../../Tools/cc65-sfclib/include/snes-event.inc(2)
    antihero.o                ../../Tools/cc65-sfclib/include/snes-event.inc(2)
    play.o                    ../../Tools/cc65-sfclib/include/snes-event.inc(2)
    score.o                   ../../Tools/cc65-sfclib/include/snes-event.inc(2)
    level.o                   ../../Tools/cc65-sfclib/include/snes-event.inc(2)
animEnemy (enemy.o):
animHero (hero.o):
animInProgress (hero.o):
antiheroSplash (antihero.o):
    main.o                    main.asm(35)
blankData (common.o):
    highScore.o               screen/../includes/common.inc(1)
    play.o                    game/../includes/common.inc(1)
bufferPtr (font.o):
    play.o                    game/../includes/font.inc(14)
clearEnemy (enemy.o):
clearFontZone (font.o):
    title.o                   screen/../includes/font.inc(12)
    option.o                  screen/../includes/font.inc(12)
    play.o                    game/../includes/font.inc(12)
clearHeroSprite (hero.o):
    option.o                  screen/../includes/hero.inc(4)
clearOAM (sprite.o):
    hero.o                    ../../Tools/cc65-sfclib/include/snes-sprite.inc(1)
continueValueList (settings.o):
    option.o                  screen/../includes/settings.inc(13)
copyFontBufferToVRAMOnceEvent (font.o):
    title.o                   screen/../includes/font.inc(13)
    option.o                  screen/../includes/font.inc(13)
copyOAM (sprite.o):
    events.o                  ../../Tools/cc65-sfclib/include/snes-sprite.inc(2)
copyOAMEvent (events.o):
    title.o                   screen/../includes/events.inc(1)
    option.o                  screen/../includes/events.inc(1)
    play.o                    game/../includes/events.inc(1)
cursorEvent (cursor.o):
    title.o                   screen/../includes/cursor.inc(2)
    option.o                  screen/../includes/cursor.inc(2)
cursorTarget (cursor.o):
    title.o                   screen/../includes/cursor.inc(3)
    option.o                  screen/../includes/cursor.inc(3)
cursorTargetSet (cursor.o):
    title.o                   screen/../includes/cursor.inc(4)
    option.o                  screen/../includes/cursor.inc(4)
difficultyPtrList (option.o):
difficultyValueList (settings.o):
    option.o                  screen/../includes/settings.inc(11)
disableSkipLeadingZero (font.o):
disableSkipSpaces (font.o):
    option.o                  screen/../includes/font.inc(5)
    play.o                    game/../includes/font.inc(5)
displayHighScore (highScore.o):
doUpdateScore (score.o):
enableSkipLeadingZero (font.o):
    highScore.o               screen/../includes/font.inc(6)
enableSkipSpaces (font.o):
enemyFallAnimAddress (enemy.o):
enemyFallYOffset (enemy.o):
enemyGrabFall (enemy.o):
enemyStrategyGrab (enemyStrategy.o):
    play.o                    game/../includes/enemyStrategy.inc(6)
enemyStrategyInit (enemyStrategy.o):
    play.o                    game/../includes/enemyStrategy.inc(5)
energyEnemy (score.o):
energyPlayer (score.o):
    hero.o                    includes/score.inc(4)
eventsTable (event.o):
fallHero (hero.o):
findEmptySlotEnemy (enemy.o):
    enemyStrategy.o           includes/enemy.inc(8)
fontCyanBlackBlackPal (font.o):
    highScore.o               screen/../includes/font.inc(27)
fontRedBlackBlackPal (font.o):
    highScore.o               screen/../includes/font.inc(26)
fontTiles (font.o):
    title.o                   screen/../includes/font.inc(16)
    highScore.o               screen/../includes/font.inc(16)
    letter.o                  splash/../includes/font.inc(16)
    play.o                    game/../includes/font.inc(16)
fontWhiteRedBlackPal (font.o):
    highScore.o               screen/../includes/font.inc(25)
gameHeroDie (play.o):
    hero.o                    hero.asm(25)
gameMessagePal (font.o):
    highScore.o               screen/../includes/font.inc(24)
    play.o                    game/../includes/font.inc(24)
gamePauseMessageEvent (play.o):
gamePausedString (font.o):
    play.o                    game/../includes/font.inc(34)
getEventCounter (event.o):
    score.o                   ../../Tools/cc65-sfclib/include/snes-event.inc(6)
grabbingFall1 (enemy.o):
grabbingGrab (enemy.o):
grabbingHitHighFall (enemy.o):
grabbingHitLowFall (enemy.o):
grabbingHitMidFall (enemy.o):
grabbingShakeFall (enemy.o):
grabbingWalk (enemy.o):
grabbingWalk1 (enemy.o):
grabbingWalk2 (enemy.o):
gss_channels (snesgss.o):
gss_channelsVolume (snesgss.o):
gss_init (snesgss.o):
    main.o                    includes/snesgss.inc(1)
gss_pauseTrack (snesgss.o):
gss_playSfx (snesgss.o):
gss_playTrack (snesgss.o):
    main.o                    includes/snesgss.inc(3)
gss_resumeTrack (snesgss.o):
gss_setChannelsVolume (snesgss.o):
gss_setGlobalVolume (snesgss.o):
gss_setMono (snesgss.o):
gss_setStereo (snesgss.o):
    main.o                    includes/snesgss.inc(8)
gss_sfxChannel (snesgss.o):
gss_sfxNumber (snesgss.o):
gss_sfxPan (snesgss.o):
gss_sfxVolume (snesgss.o):
gss_stopAll (snesgss.o):
gss_stopTrack (snesgss.o):
gss_trackNumber (snesgss.o):
gss_volume (snesgss.o):
gss_volumeSpeed (snesgss.o):
heroAnimInterruptCounter (hero.o):
heroDownKick2 (hero.o):
heroDownPunch1 (hero.o):
heroDownPunch3 (hero.o):
heroFlag (hero.o):
    enemy.o                   includes/hero.inc(9)
heroHitOffset (hero.o):
    enemy.o                   includes/hero.inc(10)
heroHitType (hero.o):
    hit.o                     includes/hero.inc(12)
heroHitZone (hero.o):
    enemy.o                   includes/hero.inc(11)
heroStandKick2 (hero.o):
heroTransferAddr (hero.o):
heroXOffset (hero.o):
    play.o                    game/../includes/hero.inc(8)
    enemy.o                   includes/hero.inc(8)
highByte (enemy.o):
highScoreInitValues (highScore.o):
highScoreMainLoop (highScore.o):
highScoreTitleString (highScore.o):
hitAdd (hit.o):
    enemy.o                   includes/hit.inc(2)
hitInit (hit.o):
    play.o                    game/../includes/hit.inc(1)
hitProcess (hit.o):
    play.o                    game/../includes/hit.inc(3)
hitRemove (hit.o):
initCursor (cursor.o):
    title.o                   screen/../includes/cursor.inc(1)
    option.o                  screen/../includes/cursor.inc(1)
initEnemySprite (enemy.o):
    title.o                   screen/../includes/enemy.inc(5)
    play.o                    game/../includes/enemy.inc(5)
initEvents (event.o):
    play.o                    ../../Tools/cc65-sfclib/include/snes-event.inc(1)
    main.o                    ../../Tools/cc65-sfclib/include/snes-event.inc(1)
initFont (font.o):
    title.o                   screen/../includes/font.inc(1)
    option.o                  screen/../includes/font.inc(1)
    highScore.o               screen/../includes/font.inc(1)
    letter.o                  splash/../includes/font.inc(1)
    play.o                    game/../includes/font.inc(1)
initFontBuffer (font.o):
    title.o                   screen/../includes/font.inc(2)
    option.o                  screen/../includes/font.inc(2)
    play.o                    game/../includes/font.inc(2)
initHeroSprite (hero.o):
    title.o                   screen/../includes/hero.inc(3)
    play.o                    game/../includes/hero.inc(3)
initHighScore (highScore.o):
initLevel (level.o):
    play.o                    game/../includes/level.inc(1)
initPad (pad.o):
    main.o                    ../../Tools/cc65-sfclib/include/snes-pad.inc(1)
initScore (score.o):
    play.o                    game/../includes/score.inc(1)
initSettings (settings.o):
    main.o                    includes/settings.inc(1)
initSnes (init.o):
    crt0.o                    src/crt0.asm(15)
insertNewHighScore (highScore.o):
iremSplash (irem.o):
    antihero.o                splash/antihero.asm(16)
isEventActive (event.o):
    letter.o                  ../../Tools/cc65-sfclib/include/snes-event.inc(7)
    irem.o                    ../../Tools/cc65-sfclib/include/snes-event.inc(7)
    antihero.o                ../../Tools/cc65-sfclib/include/snes-event.inc(7)
letterGreyPal (font.o):
    letter.o                  splash/../includes/font.inc(17)
letterIntroString (font.o):
    letter.o                  splash/../includes/font.inc(29)
letterRedPal (font.o):
    letter.o                  splash/../includes/font.inc(18)
letterSplash (letter.o):
    title.o                   screen/title.asm(24)
levelLeftEdgeVisible (level.o):
levelRightEdgeVisible (level.o):
    hero.o                    includes/level.inc(8)
levelStartIntro (play.o):
livesCounter (score.o):
    play.o                    game/../includes/score.inc(9)
    hero.o                    includes/score.inc(9)
livesValueList (settings.o):
    option.o                  screen/../includes/settings.inc(12)
oamData (sprite.o):
    hit.o                     ../../Tools/cc65-sfclib/include/snes-sprite.inc(5)
    hero.o                    ../../Tools/cc65-sfclib/include/snes-sprite.inc(5)
    enemy.o                   ../../Tools/cc65-sfclib/include/snes-sprite.inc(5)
    cursor.o                  ../../Tools/cc65-sfclib/include/snes-sprite.inc(5)
onePlayerFirstFloorString (font.o):
    play.o                    game/../includes/font.inc(33)
optionExitString (option.o):
optionScreen (option.o):
    title.o                   screen/title.asm(25)
optionsString (option.o):
padFirstPushData1 (pad.o):
    play.o                    ../../Tools/cc65-sfclib/include/snes-pad.inc(4)
    scriptedPad.o             ../../Tools/cc65-sfclib/include/snes-pad.inc(4)
    cursor.o                  ../../Tools/cc65-sfclib/include/snes-pad.inc(4)
padFirstPushDataHigh1 (pad.o):
padFirstPushDataLow1 (pad.o):
    option.o                  ../../Tools/cc65-sfclib/include/snes-pad.inc(9)
    hero.o                    ../../Tools/cc65-sfclib/include/snes-pad.inc(9)
padPushData1 (pad.o):
    common.o                  ../../Tools/cc65-sfclib/include/snes-pad.inc(4)
    play.o                    ../../Tools/cc65-sfclib/include/snes-pad.inc(4)
    scriptedPad.o             ../../Tools/cc65-sfclib/include/snes-pad.inc(4)
padPushData2 (pad.o):
padPushData3 (pad.o):
padPushData4 (pad.o):
padPushDataHigh1 (pad.o):
padPushDataHigh2 (pad.o):
padPushDataHigh3 (pad.o):
padPushDataHigh4 (pad.o):
padPushDataLow1 (pad.o):
    hero.o                    ../../Tools/cc65-sfclib/include/snes-pad.inc(9)
padPushDataLow2 (pad.o):
padPushDataLow3 (pad.o):
padPushDataLow4 (pad.o):
padReleaseData1 (pad.o):
    scriptedPad.o             ../../Tools/cc65-sfclib/include/snes-pad.inc(4)
padReleaseData2 (pad.o):
padReleaseData3 (pad.o):
padReleaseData4 (pad.o):
padReleaseDataHigh1 (pad.o):
padReleaseDataHigh2 (pad.o):
padReleaseDataHigh3 (pad.o):
padReleaseDataHigh4 (pad.o):
padReleaseDataLow1 (pad.o):
    hero.o                    ../../Tools/cc65-sfclib/include/snes-pad.inc(9)
padReleaseDataLow2 (pad.o):
padReleaseDataLow3 (pad.o):
padReleaseDataLow4 (pad.o):
playGame (play.o):
    letter.o                  splash/letter.asm(17)
processEvents (event.o):
    main.o                    ../../Tools/cc65-sfclib/include/snes-event.inc(5)
reactEnemy (enemy.o):
    play.o                    game/../includes/enemy.inc(6)
reactEnemyGrab (enemy.o):
reactHero (hero.o):
    play.o                    game/../includes/hero.inc(6)
readPad1 (pad.o):
    main.o                    ../../Tools/cc65-sfclib/include/snes-pad.inc(2)
readPad2 (pad.o):
readPad3 (pad.o):
readPad4 (pad.o):
readyString (font.o):
    play.o                    game/../includes/font.inc(32)
refreshHero (hero.o):
    play.o                    game/../includes/hero.inc(7)
removeAllEvent (event.o):
    title.o                   ../../Tools/cc65-sfclib/include/snes-event.inc(4)
    option.o                  ../../Tools/cc65-sfclib/include/snes-event.inc(4)
    letter.o                  ../../Tools/cc65-sfclib/include/snes-event.inc(4)
    irem.o                    ../../Tools/cc65-sfclib/include/snes-event.inc(4)
    antihero.o                ../../Tools/cc65-sfclib/include/snes-event.inc(4)
removeEvent (event.o):
scoreEvent (score.o):
scoreMapData (score.o):
scorePlayer1 (score.o):
screenBuffer (screen.o):
    title.o                   screen/../includes/screen.inc(1)
    option.o                  screen/../includes/screen.inc(1)
    play.o                    game/../includes/screen.inc(1)
scriptedDataHeroLevelStart (play.o):
scriptedPadInit (scriptedPad.o):
    play.o                    game/../includes/scriptedPad.inc(1)
scriptedPadOverride (scriptedPad.o):
    play.o                    game/../includes/scriptedPad.inc(3)
scriptedPadReadData (scriptedPad.o):
    play.o                    game/../includes/scriptedPad.inc(2)
scrollDirection (level.o):
    hero.o                    includes/level.inc(5)
    enemy.o                   includes/level.inc(5)
scrollLevel (level.o):
    hero.o                    includes/level.inc(2)
scrollValue (level.o):
setEnemyOAM (enemy.o):
setEnemyOAM_fillLoop (enemy.o):
setEnemyOAM_lineLoop (enemy.o):
setEnemyOAM_skiplineLoop (enemy.o):
setEnergyEnemy (score.o):
setEnergyPlayer (score.o):
    play.o                    game/../includes/score.inc(5)
    enemy.o                   includes/score.inc(5)
setFontCursorPosition (font.o):
    title.o                   screen/../includes/font.inc(8)
    option.o                  screen/../includes/font.inc(8)
    highScore.o               screen/../includes/font.inc(8)
    letter.o                  splash/../includes/font.inc(8)
    play.o                    game/../includes/font.inc(8)
setFontCursorPositionNewLine (font.o):
    highScore.o               screen/../includes/font.inc(9)
setFontPalette (font.o):
    highScore.o               screen/../includes/font.inc(3)
setHeroOAM (hero.o):
setLiveCounter (score.o):
    hero.o                    includes/score.inc(8)
setMirrorSpriteMode (hero.o):
setNormalSpriteMode (hero.o):
setShakingFlag (hero.o):
settingsContinueIndex (settings.o):
    option.o                  screen/../includes/settings.inc(4)
settingsContinueValue (settings.o):
    option.o                  screen/../includes/settings.inc(8)
settingsDifficultyIndex (settings.o):
    option.o                  screen/../includes/settings.inc(2)
settingsDifficultyValue (settings.o):
    option.o                  screen/../includes/settings.inc(6)
settingsLivesIndex (settings.o):
    option.o                  screen/../includes/settings.inc(3)
settingsLivesValue (settings.o):
    option.o                  screen/../includes/settings.inc(7)
settingsSoundIndex (settings.o):
    option.o                  screen/../includes/settings.inc(5)
settingsSoundValue (settings.o):
    option.o                  screen/../includes/settings.inc(9)
skipSpaces (font.o):
soundValueList (settings.o):
    option.o                  screen/../includes/settings.inc(14)
spc_command (snesgss.o):
spc_load_data (snesgss.o):
splashScreenEvent (common.o):
    letter.o                  splash/../includes/commonSplash.inc(5)
    irem.o                    splash/../includes/commonSplash.inc(5)
    antihero.o                splash/../includes/commonSplash.inc(5)
splashScreenInit (common.o):
    letter.o                  splash/../includes/commonSplash.inc(4)
    irem.o                    splash/../includes/commonSplash.inc(4)
    antihero.o                splash/../includes/commonSplash.inc(4)
spriteCounter (hero.o):
    enemy.o                   enemy.asm(26)
spriteTrickIRQVTimer (play.o):
    main.o                    main.asm(37)
spriteTrickIRQValue (play.o):
    main.o                    main.asm(38)
spriteTrickIndex (play.o):
    main.o                    main.asm(39)
timeCounter (score.o):
titleScreen (title.o):
    irem.o                    splash/irem.asm(17)
    play.o                    game/play.asm(28)
titleScreenCopyrightString (font.o):
    title.o                   screen/../includes/font.inc(31)
titleScreenMap (title.o):
titleScreenPal (title.o):
titleScreenReload (title.o):
    option.o                  screen/option.asm(23)
titleScreenSelectString (font.o):
    title.o                   screen/../includes/font.inc(30)
titleScreenTiles (title.o):
titleScreenWhitePal (font.o):
    title.o                   screen/../includes/font.inc(20)
titleScreenWhiteRedPal (font.o):
    title.o                   screen/../includes/font.inc(22)
titleScreenYellowPal (font.o):
    title.o                   screen/../includes/font.inc(21)
transferHeroSpriteDataEvent (hero.o):
    title.o                   screen/../includes/hero.inc(5)
    play.o                    game/../includes/hero.inc(5)
updateDifficulty (option.o):
updateEnergyPlayer (score.o):
    enemy.o                   includes/score.inc(3)
updateLevelMessageOnceEvent (play.o):
updateScorePlayer1 (score.o):
    hit.o                     includes/score.inc(10)
updateScorePlayer2 (score.o):
updateScoreTop (score.o):
updateTime (score.o):
    play.o                    game/../includes/score.inc(2)
waitForVBlank (waitvblank.o):
    play.o                    ../../Tools/cc65-sfclib/include/snes-ppu.inc(10)
writeFontNumber (font.o):
    highScore.o               screen/../includes/font.inc(11)
writeFontString (font.o):
    title.o                   screen/../includes/font.inc(10)
    option.o                  screen/../includes/font.inc(10)
    highScore.o               screen/../includes/font.inc(10)
    letter.o                  splash/../includes/font.inc(10)
    play.o                    game/../includes/font.inc(10)
writeNumberToScoreMap (score.o):

