Modules list:
-------------
common.o:
    CODE              Offs=000000  Size=000000  Align=00001  Fill=0000
    RODATA            Offs=000000  Size=000002  Align=00001  Fill=0000
    BSS               Offs=000000  Size=000000  Align=00001  Fill=0000
    DATA              Offs=000000  Size=000000  Align=00001  Fill=0000
    ZEROPAGE          Offs=000000  Size=000000  Align=00001  Fill=0000
    NULL              Offs=000000  Size=000000  Align=00001  Fill=0000
cursor.o:
    CODE              Offs=000000  Size=00009A  Align=00001  Fill=0000
    RODATA            Offs=000002  Size=000000  Align=00001  Fill=0000
    BSS               Offs=000000  Size=000008  Align=00001  Fill=0000
    DATA              Offs=000000  Size=000000  Align=00001  Fill=0000
    ZEROPAGE          Offs=000000  Size=000000  Align=00001  Fill=0000
    NULL              Offs=000000  Size=000000  Align=00001  Fill=0000
enemy.o:
    CODE              Offs=00009A  Size=00066D  Align=00001  Fill=0000
    RODATA            Offs=000002  Size=000004  Align=00001  Fill=0000
    BSS               Offs=000008  Size=0000AC  Align=00001  Fill=0000
    DATA              Offs=000000  Size=000000  Align=00001  Fill=0000
    ZEROPAGE          Offs=000000  Size=000008  Align=00001  Fill=0000
    NULL              Offs=000000  Size=000000  Align=00001  Fill=0000
    BANK1             Offs=000000  Size=00222F  Align=00001  Fill=0000
    BANK3             Offs=000000  Size=008000  Align=00001  Fill=0000
enemyStrategy.o:
    CODE              Offs=000707  Size=000038  Align=00001  Fill=0000
    RODATA            Offs=000006  Size=000000  Align=00001  Fill=0000
    BSS               Offs=0000B4  Size=000002  Align=00001  Fill=0000
    DATA              Offs=000000  Size=000000  Align=00001  Fill=0000
    ZEROPAGE          Offs=000008  Size=000000  Align=00001  Fill=0000
    NULL              Offs=000000  Size=000000  Align=00001  Fill=0000
events.o:
    CODE              Offs=00073F  Size=00000C  Align=00001  Fill=0000
    RODATA            Offs=000006  Size=000000  Align=00001  Fill=0000
    BSS               Offs=0000B6  Size=000000  Align=00001  Fill=0000
    DATA              Offs=000000  Size=000000  Align=00001  Fill=0000
    ZEROPAGE          Offs=000008  Size=000000  Align=00001  Fill=0000
    NULL              Offs=000000  Size=000000  Align=00001  Fill=0000
font.o:
    CODE              Offs=00074B  Size=000409  Align=00001  Fill=0000
    RODATA            Offs=000006  Size=000000  Align=00001  Fill=0000
    BSS               Offs=0000B6  Size=00000F  Align=00001  Fill=0000
    DATA              Offs=000000  Size=000000  Align=00001  Fill=0000
    ZEROPAGE          Offs=000008  Size=000003  Align=00001  Fill=0000
    NULL              Offs=000000  Size=000000  Align=00001  Fill=0000
    BANK4             Offs=000000  Size=00093F  Align=00001  Fill=0000
hero.o:
    CODE              Offs=000B54  Size=000558  Align=00001  Fill=0000
    RODATA            Offs=000006  Size=000000  Align=00001  Fill=0000
    BSS               Offs=0000C5  Size=000007  Align=00001  Fill=0000
    DATA              Offs=000000  Size=000000  Align=00001  Fill=0000
    ZEROPAGE          Offs=00000B  Size=00000B  Align=00001  Fill=0000
    NULL              Offs=000000  Size=000000  Align=00001  Fill=0000
    BANK2             Offs=000000  Size=0070A4  Align=00001  Fill=0000
hit.o:
    CODE              Offs=0010AC  Size=0000DD  Align=00001  Fill=0000
    RODATA            Offs=000006  Size=000018  Align=00001  Fill=0000
    BSS               Offs=0000CC  Size=00005D  Align=00001  Fill=0000
    DATA              Offs=000000  Size=000000  Align=00001  Fill=0000
    ZEROPAGE          Offs=000016  Size=000000  Align=00001  Fill=0000
    NULL              Offs=000000  Size=000000  Align=00001  Fill=0000
level.o:
    CODE              Offs=001189  Size=000258  Align=00001  Fill=0000
    RODATA            Offs=00001E  Size=000082  Align=00001  Fill=0000
    BSS               Offs=000129  Size=000012  Align=00001  Fill=0000
    DATA              Offs=000000  Size=000000  Align=00001  Fill=0000
    ZEROPAGE          Offs=000016  Size=000000  Align=00001  Fill=0000
    NULL              Offs=000000  Size=000000  Align=00001  Fill=0000
    BANK4             Offs=00093F  Size=0054A0  Align=00001  Fill=0000
main.o:
    CODE              Offs=0013E1  Size=000067  Align=00001  Fill=0000
    RODATA            Offs=0000A0  Size=000000  Align=00001  Fill=0000
    BSS               Offs=00013B  Size=000000  Align=00001  Fill=0000
    DATA              Offs=000000  Size=000000  Align=00001  Fill=0000
    ZEROPAGE          Offs=000016  Size=000000  Align=00001  Fill=0000
    NULL              Offs=000000  Size=000000  Align=00001  Fill=0000
score.o:
    CODE              Offs=001448  Size=000313  Align=00001  Fill=0000
    RODATA            Offs=0000A0  Size=000000  Align=00001  Fill=0000
    BSS               Offs=00013B  Size=0000D3  Align=00001  Fill=0000
    DATA              Offs=000000  Size=000000  Align=00001  Fill=0000
    ZEROPAGE          Offs=000016  Size=000000  Align=00001  Fill=0000
    NULL              Offs=000000  Size=000000  Align=00001  Fill=0000
    BANK4             Offs=005DDF  Size=001600  Align=00001  Fill=0000
scriptedPad.o:
    CODE              Offs=00175B  Size=000091  Align=00001  Fill=0000
    RODATA            Offs=0000A0  Size=000000  Align=00001  Fill=0000
    BSS               Offs=00020E  Size=000009  Align=00001  Fill=0000
    DATA              Offs=000000  Size=000000  Align=00001  Fill=0000
    ZEROPAGE          Offs=000016  Size=000002  Align=00001  Fill=0000
    NULL              Offs=000000  Size=000000  Align=00001  Fill=0000
snesgss.o:
    CODE              Offs=0017EC  Size=0001F3  Align=00001  Fill=0000
    RODATA            Offs=0000A0  Size=00000A  Align=00001  Fill=0000
    BSS               Offs=000217  Size=000000  Align=00001  Fill=0000
    DATA              Offs=000000  Size=000000  Align=00001  Fill=0000
    ZEROPAGE          Offs=000018  Size=000019  Align=00001  Fill=0000
    NULL              Offs=000000  Size=000000  Align=00001  Fill=0000
    BANK7             Offs=000000  Size=003379  Align=00001  Fill=0000
play.o:
    CODE              Offs=0019DF  Size=0002B6  Align=00001  Fill=0000
    RODATA            Offs=0000AA  Size=00000C  Align=00001  Fill=0000
    BSS               Offs=000217  Size=000003  Align=00001  Fill=0000
    DATA              Offs=000000  Size=000000  Align=00001  Fill=0000
    ZEROPAGE          Offs=000031  Size=000002  Align=00001  Fill=0000
    NULL              Offs=000000  Size=000000  Align=00001  Fill=0000
settings.o:
    CODE              Offs=001C95  Size=000035  Align=00001  Fill=0000
    RODATA            Offs=0000B6  Size=000010  Align=00001  Fill=0000
    BSS               Offs=00021A  Size=000008  Align=00001  Fill=0000
    DATA              Offs=000000  Size=000000  Align=00001  Fill=0000
    ZEROPAGE          Offs=000033  Size=000000  Align=00001  Fill=0000
    NULL              Offs=000000  Size=000000  Align=00001  Fill=0000
antihero.o:
    CODE              Offs=001CCA  Size=0000E2  Align=00001  Fill=0000
    RODATA            Offs=0000C6  Size=000000  Align=00001  Fill=0000
    BSS               Offs=000222  Size=000000  Align=00001  Fill=0000
    DATA              Offs=000000  Size=000000  Align=00001  Fill=0000
    ZEROPAGE          Offs=000033  Size=000000  Align=00001  Fill=0000
    NULL              Offs=000000  Size=000000  Align=00001  Fill=0000
    BANK1             Offs=00222F  Size=0011A0  Align=00001  Fill=0000
common.o:
    CODE              Offs=001DAC  Size=00007E  Align=00001  Fill=0000
    RODATA            Offs=0000C6  Size=000000  Align=00001  Fill=0000
    BSS               Offs=000222  Size=00000F  Align=00001  Fill=0000
    DATA              Offs=000000  Size=000000  Align=00001  Fill=0000
    ZEROPAGE          Offs=000033  Size=000000  Align=00001  Fill=0000
    NULL              Offs=000000  Size=000000  Align=00001  Fill=0000
irem.o:
    CODE              Offs=001E2A  Size=0000E2  Align=00001  Fill=0000
    RODATA            Offs=0000C6  Size=000000  Align=00001  Fill=0000
    BSS               Offs=000231  Size=000000  Align=00001  Fill=0000
    DATA              Offs=000000  Size=000000  Align=00001  Fill=0000
    ZEROPAGE          Offs=000033  Size=000000  Align=00001  Fill=0000
    NULL              Offs=000000  Size=000000  Align=00001  Fill=0000
    BANK1             Offs=0033CF  Size=001140  Align=00001  Fill=0000
letter.o:
    CODE              Offs=001F0C  Size=000183  Align=00001  Fill=0000
    RODATA            Offs=0000C6  Size=000000  Align=00001  Fill=0000
    BSS               Offs=000231  Size=000000  Align=00001  Fill=0000
    DATA              Offs=000000  Size=000000  Align=00001  Fill=0000
    ZEROPAGE          Offs=000033  Size=000000  Align=00001  Fill=0000
    NULL              Offs=000000  Size=000000  Align=00001  Fill=0000
    BANK1             Offs=00450F  Size=001240  Align=00001  Fill=0000
highScore.o:
    CODE              Offs=00208F  Size=00038E  Align=00001  Fill=0000
    RODATA            Offs=0000C6  Size=000000  Align=00001  Fill=0000
    BSS               Offs=000231  Size=0000A0  Align=00001  Fill=0000
    DATA              Offs=000000  Size=000000  Align=00001  Fill=0000
    ZEROPAGE          Offs=000033  Size=000000  Align=00001  Fill=0000
    NULL              Offs=000000  Size=000000  Align=00001  Fill=0000
option.o:
    CODE              Offs=00241D  Size=00025B  Align=00001  Fill=0000
    RODATA            Offs=0000C6  Size=000094  Align=00001  Fill=0000
    BSS               Offs=0002D1  Size=000000  Align=00001  Fill=0000
    DATA              Offs=000000  Size=000000  Align=00001  Fill=0000
    ZEROPAGE          Offs=000033  Size=000000  Align=00001  Fill=0000
    NULL              Offs=000000  Size=000000  Align=00001  Fill=0000
screen.o:
    CODE              Offs=002678  Size=000000  Align=00001  Fill=0000
    RODATA            Offs=00015A  Size=000000  Align=00001  Fill=0000
    BSS               Offs=0002D1  Size=000800  Align=00001  Fill=0000
    DATA              Offs=000000  Size=000000  Align=00001  Fill=0000
    ZEROPAGE          Offs=000033  Size=000000  Align=00001  Fill=0000
    NULL              Offs=000000  Size=000000  Align=00001  Fill=0000
title.o:
    CODE              Offs=002678  Size=000249  Align=00001  Fill=0000
    RODATA            Offs=00015A  Size=00001E  Align=00001  Fill=0000
    BSS               Offs=000AD1  Size=000000  Align=00001  Fill=0000
    DATA              Offs=000000  Size=000000  Align=00001  Fill=0000
    ZEROPAGE          Offs=000033  Size=000000  Align=00001  Fill=0000
    NULL              Offs=000000  Size=000000  Align=00001  Fill=0000
    BANK1             Offs=00574F  Size=0019C0  Align=00001  Fill=0000
../../Tools/cc65-sfclib/bin/sfc.lib(crt0.o):
    CODE              Offs=0028C1  Size=000000  Align=00001  Fill=0000
    RODATA            Offs=000178  Size=000000  Align=00001  Fill=0000
    BSS               Offs=000AD1  Size=000000  Align=00001  Fill=0000
    DATA              Offs=000000  Size=000000  Align=00001  Fill=0000
    ZEROPAGE          Offs=000033  Size=000000  Align=00001  Fill=0000
    NULL              Offs=000000  Size=000000  Align=00001  Fill=0000
    STARTUP           Offs=000000  Size=000047  Align=00001  Fill=0000
    ROMINFO           Offs=000000  Size=000030  Align=00001  Fill=0000
    VECTORS           Offs=000000  Size=00001C  Align=00001  Fill=0000
../../Tools/cc65-sfclib/bin/sfc.lib(init.o):
    CODE              Offs=0028C1  Size=0000F3  Align=00001  Fill=0000
    RODATA            Offs=000178  Size=000000  Align=00001  Fill=0000
    BSS               Offs=000AD1  Size=000000  Align=00001  Fill=0000
    DATA              Offs=000000  Size=000000  Align=00001  Fill=0000
    ZEROPAGE          Offs=000033  Size=000000  Align=00001  Fill=0000
    NULL              Offs=000000  Size=000000  Align=00001  Fill=0000
../../Tools/cc65-sfclib/bin/sfc.lib(event.o):
    CODE              Offs=0029B4  Size=000101  Align=00001  Fill=0000
    RODATA            Offs=000178  Size=000000  Align=00001  Fill=0000
    BSS               Offs=000AD1  Size=000083  Align=00001  Fill=0000
    DATA              Offs=000000  Size=000000  Align=00001  Fill=0000
    ZEROPAGE          Offs=000033  Size=000000  Align=00001  Fill=0000
    NULL              Offs=000000  Size=000000  Align=00001  Fill=0000
../../Tools/cc65-sfclib/bin/sfc.lib(pad.o):
    CODE              Offs=002AB5  Size=000139  Align=00001  Fill=0000
    RODATA            Offs=000178  Size=000000  Align=00001  Fill=0000
    BSS               Offs=000B54  Size=000012  Align=00001  Fill=0000
    DATA              Offs=000000  Size=000000  Align=00001  Fill=0000
    ZEROPAGE          Offs=000033  Size=000000  Align=00001  Fill=0000
    NULL              Offs=000000  Size=000000  Align=00001  Fill=0000
../../Tools/cc65-sfclib/bin/sfc.lib(sprite.o):
    CODE              Offs=002BEE  Size=000074  Align=00001  Fill=0000
    RODATA            Offs=000178  Size=000000  Align=00001  Fill=0000
    BSS               Offs=000B66  Size=000221  Align=00001  Fill=0000
    DATA              Offs=000000  Size=000000  Align=00001  Fill=0000
    ZEROPAGE          Offs=000033  Size=000000  Align=00001  Fill=0000
    NULL              Offs=000000  Size=000000  Align=00001  Fill=0000
../../Tools/cc65-sfclib/bin/sfc.lib(waitvblank.o):
    CODE              Offs=002C62  Size=00000D  Align=00001  Fill=0000
    RODATA            Offs=000178  Size=000000  Align=00001  Fill=0000
    BSS               Offs=000D87  Size=000000  Align=00001  Fill=0000
    DATA              Offs=000000  Size=000000  Align=00001  Fill=0000
    ZEROPAGE          Offs=000033  Size=000000  Align=00001  Fill=0000
    NULL              Offs=000000  Size=000000  Align=00001  Fill=0000


Segment list:
-------------
Name                   Start     End    Size  Align
----------------------------------------------------
DATA                  000000  000000  000000  00001
NULL                  000000  000000  000000  00001
ZEROPAGE              000000  000032  000033  00001
BSS                   000200  000F86  000D87  00001
ROMINFO               00FFB0  00FFDF  000030  00001
VECTORS               00FFE4  00FFFF  00001C  00001
STARTUP               808000  808046  000047  00001
CODE                  808047  80ACB5  002C6F  00001
RODATA                80ACB6  80AE2D  000178  00001
BANK1                 818000  81F10E  00710F  00001
BANK2                 828000  82F0A3  0070A4  00001
BANK3                 838000  83FFFF  008000  00001
BANK4                 848000  84F3DE  0073DF  00001
BANK7                 878000  87B378  003379  00001


Exports list by name:
---------------------
EnemyArrayAnimAddress     000209  LA    EnemyArrayAnimFrameCounter 00027A  LA    
EnemyArrayAnimFrameIndex  00025E  LA    EnemyArrayFlag            000297  LA    
EnemyArrayOAMSlotOffset   000225  LA    EnemyArrayOffsetFramecounter 00027B  LA    
EnemyArrayXOffset         000241 RLA    EnemyArrayYOffset         00025D RLA    
EnemyCurrentArrayIndexByte 000002  LZ    EnemyCurrentArrayIndexWord 000004  LZ    
EnemyCurrentXOffset       000007  LZ    EnemyCurrentYOffset       000006  LZ    
EnemyTempXOffsetHigh      000208  LA    OAMDataUpdated            80AC9B RLA    
SPC700_Driver             878000  LA    SPC700_Driver_Size        80AD56  LA    
Song_Bank_Table           80AD5A  LA    Song_Dst_Pointer          80AD58  LA    
Song_Offset_Table         80AD5C  LA    Song_Size_Table           80AD5E  LA    
VRAMLineLeft              00032B  LA    VRAMLineRight             00032D  LA    
_IRQHandler               80945A RLA    _NMIHandler               809487 RLA    
__ROMINFO_FILEOFFS__      007FB0  EA    __ROMINFO_LAST__          00FFE0  LA    
__ROMINFO_SIZE__          000034  EA    __ROMINFO_START__         00FFB0  LA    
__STARTUP__               000001 REA    __VECTORS_FILEOFFS__      007FE4  EA    
__VECTORS_LAST__          010000  LA    __VECTORS_SIZE__          00001C  EA    
__VECTORS_START__         00FFE4  LA    _clearToBuffer            808B3F  LA    
_clearToVRAM              808B1D  LA    _main                     809428 RLA    
_preInit                  80948E RLA    _writeToBuffer            808AF6  LA    
_writeToVRAM              808ACF  LA    addEnemy                  808272 RLA    
addEvent                  80AA27 RLA    animEnemy                 80848E  LA    
animHero                  808CD3  LA    animInProgress            00000B  LZ    
antiheroSplash            809D11 RLA    blankData                 80ACB6 RLA    
bufferPtr                 000008 RLZ    clearEnemy                8082EC  LA    
clearFontZone             808AAF RLA    clearHeroSprite           808C0A RLA    
clearOAM                  80AC35 RLA    continueValueList         80AD75 RLA    
copyFontBufferToVRAMOnceEvent 808B61 RLA    copyOAM                   80AC64 RLA    
copyOAMEvent              808786 RLA    cursorEvent               80807C RLA    
cursorTarget              000204 RLA    cursorTargetSet           000207 RLA    
difficultyPtrList         80ADAE  LA    difficultyValueList       80AD6C RLA    
disableSkipLeadingZero    8089AA  LA    disableSkipSpaces         80898E RLA    
displayHighScore          80A268  LA    doUpdateScore             0003FB  LA    
enableSkipLeadingZero     80899C RLA    enableSkipSpaces          808980  LA    
enemyFallAnimAddress      81A0AC  LA    enemyFallYOffset          81A070  LA    
enemyGrabFall             8086CE  LA    enemyStrategyGrab         808759 RLA    
enemyStrategyInit         80874E RLA    energyEnemy               000407  LA    
energyPlayer              000406 RLA    eventsTable               000CD1  LA    
fallHero                  809054  LA    findEmptySlotEnemy        8082CA RLA    
fontCyanBlackBlackPal     8488FF RLA    fontRedBlackBlackPal      8488E0 RLA    
fontTiles                 848000 RLA    fontWhiteRedBlackPal      8488C0 RLA    
gameHeroDie               000419 RLA    gameMessagePal            84891F RLA    
gameOverString            80890A RLA    gamePauseMessageEvent     809C8F  LA    
gamePausedString          8088DF RLA    getEventCounter           80AADB RLA    
grabbingFall1             81A1AD  LA    grabbingGrab              81A203  LA    
grabbingHitHighFall       81A211  LA    grabbingHitLowFall        81A225  LA    
grabbingHitMidFall        81A21B  LA    grabbingShakeFall         81A207  LA    
grabbingWalk              81A1E9  LA    grabbingWalk1             81A0B4  LA    
grabbingWalk2             81A0C9  LA    gss_channels              00002B  LZ    
gss_channelsVolume        00002C  LZ    gss_init                  809833 RLA    
gss_pauseTrack            8098FF  LA    gss_playSfx               8098B0  LA    
gss_playTrack             80985F RLA    gss_resumeTrack           809912  LA    
gss_setChannelsVolume     80997A  LA    gss_setGlobalVolume       80995B  LA    
gss_setMono               809948  LA    gss_setStereo             809935 RLA    
gss_sfxChannel            00002D  LZ    gss_sfxNumber             00002E  LZ    
gss_sfxPan                000030  LZ    gss_sfxVolume             00002F  LZ    
gss_stopAll               809925  LA    gss_stopTrack             8098EF  LA    
gss_trackNumber           000028  LZ    gss_volume                000029  LZ    
gss_volumeSpeed           00002A  LZ    heroAnimInterruptCounter  00000E  LZ    
heroDownKick2             82ED2C  LA    heroDownPunch1            82ED4D  LA    
heroDownPunch3            82ED86  LA    heroFlag                  000015 RLZ    
heroHitOffset             000012 RLZ    heroHitType               000014 RLZ    
heroHitZone               000013 RLZ    heroStandKick2            82EDC7  LA    
heroTransferAddr          0002CA  LA    heroXOffset               000010 RLZ    
highByte                  81A040  LA    highScoreInitValues       80A1C8  LA    
highScoreMainLoop         80A2D6 RLA    highScoreTitleString      80A0D6  LA    
hitAdd                    809108 RLA    hitInit                   8090F3 RLA    
hitProcess                80919D RLA    hitRemove                 809184  LA    
initCursor                808047 RLA    initEnemySprite           8080E1 RLA    
initEvents                80A9FB RLA    initFont                  80892F RLA    
initFontBuffer            808963 RLA    initHeroSprite            808B9B RLA    
initHighScore             80A268  LA    initLevel                 8091D0 RLA    
initPad                   80AAFC RLA    initScore                 80948F RLA    
initSettings              809CDC RLA    initSnes                  80A908 RLA    
insertNewHighScore        80A268  LA    iremSplash                809E71 RLA    
isEventActive             80AAE7 RLA    letterGreyPal             848820 RLA    
letterIntroString         808792 RLA    letterRedPal              848840 RLA    
letterSplash              809F53 RLA    levelLeftEdgeVisible      00033A  LA    
levelRightEdgeVisible     000339 RLA    levelStartIntro           809B9C  LA    
livesCounter              00040A RLA    livesValueList            80AD71 RLA    
oamData                   000D66 RLA    onePlayerFirstFloorString 8088A5 RLA    
optionExitString          80A4C2  LA    optionScreen              80A4C8 RLA    
optionsString             80A464  LA    padFirstPushData1         000D56 RLA    
padFirstPushDataHigh1     000D57  LA    padFirstPushDataLow1      000D56 RLA    
padPushData1              000D54 RLA    padPushData2              000D5A  LA    
padPushData3              000D5E  LA    padPushData4              000D62  LA    
padPushDataHigh1          000D55  LA    padPushDataHigh2          000D5B  LA    
padPushDataHigh3          000D5E  LA    padPushDataHigh4          000D62  LA    
padPushDataLow1           000D54 RLA    padPushDataLow2           000D5A  LA    
padPushDataLow3           000D5F  LA    padPushDataLow4           000D63  LA    
padReleaseData1           000D58 RLA    padReleaseData2           000D5C  LA    
padReleaseData3           000D60  LA    padReleaseData4           000D64  LA    
padReleaseDataHigh1       000D59  LA    padReleaseDataHigh2       000D5D  LA    
padReleaseDataHigh3       000D60  LA    padReleaseDataHigh4       000D64  LA    
padReleaseDataLow1        000D58 RLA    padReleaseDataLow2        000D5C  LA    
padReleaseDataLow3        000D61  LA    padReleaseDataLow4        000D65  LA    
playGame                  809A26 RLA    processEvents             80AA56 RLA    
reactEnemy                8084F2 RLA    reactEnemyGrab            808535  LA    
reactHero                 808E24 RLA    readPad1                  80AB3D RLA    
readPad2                  80AB7B  LA    readPad3                  80ABB9  LA    
readPad4                  80ABF7  LA    readyString               808894 RLA    
refreshHero               808DB8 RLA    removeAllEvent            80AAC4 RLA    
removeEvent               80AAAB  LA    scoreEvent                809711  LA    
scoreMapData              00033B  LA    scorePlayer1              0003FD  LA    
screenBuffer              0004D1 RLA    scriptedDataHeroLevelStart 80AD68  LA    
scriptedPadInit           8097A2 RLA    scriptedPadOverride       8097F7 RLA    
scriptedPadReadData       8097B4 RLA    scrollDirection           000337 RLA    
scrollInitEvent           80937B RLA    scrollLevel               8092C7 RLA    
scrollValue               000335  LA    setEnemyOAM               808316  LA    
setEnemyOAM_fillLoop      808453  EA    setEnemyOAM_lineLoop      808332  EA    
setEnemyOAM_skiplineLoop  808350  EA    setEnergyEnemy            809670  LA    
setEnergyPlayer           809620 RLA    setFontCursorPosition     8089B8 RLA    
setFontCursorPositionNewLine 8089D2 RLA    setFontPalette            808976 RLA    
setHeroOAM                808C2B  LA    setLiveCounter            8096EC RLA    
setMirrorSpriteMode       808E12  LA    setNormalSpriteMode       808E1B  LA    
setShakingFlag            8090CE  LA    settingsContinueIndex     00041E RLA    
settingsContinueValue     00041F RLA    settingsDifficultyIndex   00041A RLA    
settingsDifficultyValue   00041B RLA    settingsLivesIndex        00041C RLA    
settingsLivesValue        00041D RLA    settingsSoundIndex        000420 RLA    
settingsSoundValue        000421 RLA    skipSpaces                0002B6  LA    
soundValueList            80AD79 RLA    spc_command               809A00  LA    
spc_load_data             809999  LA    splashScreenEvent         809E1D RLA    
splashScreenInit          809DF3 RLA    spriteCounter             0002C5 RLA    
spriteTrickIRQVTimer      80AD60 RLA    spriteTrickIRQValue       80AD64 RLA    
spriteTrickIndex          000031 RLZ    timeCounter               000408  LA    
titleScreen               80A6BF RLA    titleScreenCopyrightString 808865 RLA    
titleScreenMap            81E8EF  LA    titleScreenPal            81F0EF  LA    
titleScreenReload         80A85A REA    titleScreenSelectString   808844 RLA    
titleScreenTiles          81D74F  LA    titleScreenWhitePal       848860 RLA    
titleScreenWhiteRedPal    8488A0 RLA    titleScreenYellowPal      848880 RLA    
transferHeroSpriteDataEvent 808DBF RLA    updateDifficulty          80A54E  LA    
updateEnergyPlayer        809613 RLA    updateLevelMessageOnceEvent 809CA2  LA    
updateScorePlayer1        809596 RLA    updateScorePlayer2        8095C5  LA    
updateScoreTop            8095F4  LA    updateTime                8096B7 RLA    
waitForVBlank             80ACA9 RLA    writeFontNumber           808A49 RLA    
writeFontString           8089E9 RLA    writeNumberToScoreMap     809759  LA    



Exports list by value:
----------------------
__STARTUP__               000001 REA    EnemyCurrentArrayIndexByte 000002  LZ    
EnemyCurrentArrayIndexWord 000004  LZ    EnemyCurrentYOffset       000006  LZ    
EnemyCurrentXOffset       000007  LZ    bufferPtr                 000008 RLZ    
animInProgress            00000B  LZ    heroAnimInterruptCounter  00000E  LZ    
heroXOffset               000010 RLZ    heroHitOffset             000012 RLZ    
heroHitZone               000013 RLZ    heroHitType               000014 RLZ    
heroFlag                  000015 RLZ    __VECTORS_SIZE__          00001C  EA    
gss_trackNumber           000028  LZ    gss_volume                000029  LZ    
gss_volumeSpeed           00002A  LZ    gss_channels              00002B  LZ    
gss_channelsVolume        00002C  LZ    gss_sfxChannel            00002D  LZ    
gss_sfxNumber             00002E  LZ    gss_sfxVolume             00002F  LZ    
gss_sfxPan                000030  LZ    spriteTrickIndex          000031 RLZ    
__ROMINFO_SIZE__          000034  EA    cursorTarget              000204 RLA    
cursorTargetSet           000207 RLA    EnemyTempXOffsetHigh      000208  LA    
EnemyArrayAnimAddress     000209  LA    EnemyArrayOAMSlotOffset   000225  LA    
EnemyArrayXOffset         000241 RLA    EnemyArrayYOffset         00025D RLA    
EnemyArrayAnimFrameIndex  00025E  LA    EnemyArrayAnimFrameCounter 00027A  LA    
EnemyArrayOffsetFramecounter 00027B  LA    EnemyArrayFlag            000297  LA    
skipSpaces                0002B6  LA    spriteCounter             0002C5 RLA    
heroTransferAddr          0002CA  LA    VRAMLineLeft              00032B  LA    
VRAMLineRight             00032D  LA    scrollValue               000335  LA    
scrollDirection           000337 RLA    levelRightEdgeVisible     000339 RLA    
levelLeftEdgeVisible      00033A  LA    scoreMapData              00033B  LA    
doUpdateScore             0003FB  LA    scorePlayer1              0003FD  LA    
energyPlayer              000406 RLA    energyEnemy               000407  LA    
timeCounter               000408  LA    livesCounter              00040A RLA    
gameHeroDie               000419 RLA    settingsDifficultyIndex   00041A RLA    
settingsDifficultyValue   00041B RLA    settingsLivesIndex        00041C RLA    
settingsLivesValue        00041D RLA    settingsContinueIndex     00041E RLA    
settingsContinueValue     00041F RLA    settingsSoundIndex        000420 RLA    
settingsSoundValue        000421 RLA    screenBuffer              0004D1 RLA    
eventsTable               000CD1  LA    padPushData1              000D54 RLA    
padPushDataLow1           000D54 RLA    padPushDataHigh1          000D55  LA    
padFirstPushData1         000D56 RLA    padFirstPushDataLow1      000D56 RLA    
padFirstPushDataHigh1     000D57  LA    padReleaseDataLow1        000D58 RLA    
padReleaseData1           000D58 RLA    padReleaseDataHigh1       000D59  LA    
padPushData2              000D5A  LA    padPushDataLow2           000D5A  LA    
padPushDataHigh2          000D5B  LA    padReleaseDataLow2        000D5C  LA    
padReleaseData2           000D5C  LA    padReleaseDataHigh2       000D5D  LA    
padPushDataHigh3          000D5E  LA    padPushData3              000D5E  LA    
padPushDataLow3           000D5F  LA    padReleaseDataHigh3       000D60  LA    
padReleaseData3           000D60  LA    padReleaseDataLow3        000D61  LA    
padPushDataHigh4          000D62  LA    padPushData4              000D62  LA    
padPushDataLow4           000D63  LA    padReleaseData4           000D64  LA    
padReleaseDataHigh4       000D64  LA    padReleaseDataLow4        000D65  LA    
oamData                   000D66 RLA    __ROMINFO_FILEOFFS__      007FB0  EA    
__VECTORS_FILEOFFS__      007FE4  EA    __ROMINFO_START__         00FFB0  LA    
__ROMINFO_LAST__          00FFE0  LA    __VECTORS_START__         00FFE4  LA    
__VECTORS_LAST__          010000  LA    initCursor                808047 RLA    
cursorEvent               80807C RLA    initEnemySprite           8080E1 RLA    
addEnemy                  808272 RLA    findEmptySlotEnemy        8082CA RLA    
clearEnemy                8082EC  LA    setEnemyOAM               808316  LA    
setEnemyOAM_lineLoop      808332  EA    setEnemyOAM_skiplineLoop  808350  EA    
setEnemyOAM_fillLoop      808453  EA    animEnemy                 80848E  LA    
reactEnemy                8084F2 RLA    reactEnemyGrab            808535  LA    
enemyGrabFall             8086CE  LA    enemyStrategyInit         80874E RLA    
enemyStrategyGrab         808759 RLA    copyOAMEvent              808786 RLA    
letterIntroString         808792 RLA    titleScreenSelectString   808844 RLA    
titleScreenCopyrightString 808865 RLA    readyString               808894 RLA    
onePlayerFirstFloorString 8088A5 RLA    gamePausedString          8088DF RLA    
gameOverString            80890A RLA    initFont                  80892F RLA    
initFontBuffer            808963 RLA    setFontPalette            808976 RLA    
enableSkipSpaces          808980  LA    disableSkipSpaces         80898E RLA    
enableSkipLeadingZero     80899C RLA    disableSkipLeadingZero    8089AA  LA    
setFontCursorPosition     8089B8 RLA    setFontCursorPositionNewLine 8089D2 RLA    
writeFontString           8089E9 RLA    writeFontNumber           808A49 RLA    
clearFontZone             808AAF RLA    _writeToVRAM              808ACF  LA    
_writeToBuffer            808AF6  LA    _clearToVRAM              808B1D  LA    
_clearToBuffer            808B3F  LA    copyFontBufferToVRAMOnceEvent 808B61 RLA    
initHeroSprite            808B9B RLA    clearHeroSprite           808C0A RLA    
setHeroOAM                808C2B  LA    animHero                  808CD3  LA    
refreshHero               808DB8 RLA    transferHeroSpriteDataEvent 808DBF RLA    
setMirrorSpriteMode       808E12  LA    setNormalSpriteMode       808E1B  LA    
reactHero                 808E24 RLA    fallHero                  809054  LA    
setShakingFlag            8090CE  LA    hitInit                   8090F3 RLA    
hitAdd                    809108 RLA    hitRemove                 809184  LA    
hitProcess                80919D RLA    initLevel                 8091D0 RLA    
scrollLevel               8092C7 RLA    scrollInitEvent           80937B RLA    
_main                     809428 RLA    _IRQHandler               80945A RLA    
_NMIHandler               809487 RLA    _preInit                  80948E RLA    
initScore                 80948F RLA    updateScorePlayer1        809596 RLA    
updateScorePlayer2        8095C5  LA    updateScoreTop            8095F4  LA    
updateEnergyPlayer        809613 RLA    setEnergyPlayer           809620 RLA    
setEnergyEnemy            809670  LA    updateTime                8096B7 RLA    
setLiveCounter            8096EC RLA    scoreEvent                809711  LA    
writeNumberToScoreMap     809759  LA    scriptedPadInit           8097A2 RLA    
scriptedPadReadData       8097B4 RLA    scriptedPadOverride       8097F7 RLA    
gss_init                  809833 RLA    gss_playTrack             80985F RLA    
gss_playSfx               8098B0  LA    gss_stopTrack             8098EF  LA    
gss_pauseTrack            8098FF  LA    gss_resumeTrack           809912  LA    
gss_stopAll               809925  LA    gss_setStereo             809935 RLA    
gss_setMono               809948  LA    gss_setGlobalVolume       80995B  LA    
gss_setChannelsVolume     80997A  LA    spc_load_data             809999  LA    
spc_command               809A00  LA    playGame                  809A26 RLA    
levelStartIntro           809B9C  LA    gamePauseMessageEvent     809C8F  LA    
updateLevelMessageOnceEvent 809CA2  LA    initSettings              809CDC RLA    
antiheroSplash            809D11 RLA    splashScreenInit          809DF3 RLA    
splashScreenEvent         809E1D RLA    iremSplash                809E71 RLA    
letterSplash              809F53 RLA    highScoreTitleString      80A0D6  LA    
highScoreInitValues       80A1C8  LA    initHighScore             80A268  LA    
displayHighScore          80A268  LA    insertNewHighScore        80A268  LA    
highScoreMainLoop         80A2D6 RLA    optionsString             80A464  LA    
optionExitString          80A4C2  LA    optionScreen              80A4C8 RLA    
updateDifficulty          80A54E  LA    titleScreen               80A6BF RLA    
titleScreenReload         80A85A REA    initSnes                  80A908 RLA    
initEvents                80A9FB RLA    addEvent                  80AA27 RLA    
processEvents             80AA56 RLA    removeEvent               80AAAB  LA    
removeAllEvent            80AAC4 RLA    getEventCounter           80AADB RLA    
isEventActive             80AAE7 RLA    initPad                   80AAFC RLA    
readPad1                  80AB3D RLA    readPad2                  80AB7B  LA    
readPad3                  80ABB9  LA    readPad4                  80ABF7  LA    
clearOAM                  80AC35 RLA    copyOAM                   80AC64 RLA    
OAMDataUpdated            80AC9B RLA    waitForVBlank             80ACA9 RLA    
blankData                 80ACB6 RLA    SPC700_Driver_Size        80AD56  LA    
Song_Dst_Pointer          80AD58  LA    Song_Bank_Table           80AD5A  LA    
Song_Offset_Table         80AD5C  LA    Song_Size_Table           80AD5E  LA    
spriteTrickIRQVTimer      80AD60 RLA    spriteTrickIRQValue       80AD64 RLA    
scriptedDataHeroLevelStart 80AD68  LA    difficultyValueList       80AD6C RLA    
livesValueList            80AD71 RLA    continueValueList         80AD75 RLA    
soundValueList            80AD79 RLA    difficultyPtrList         80ADAE  LA    
highByte                  81A040  LA    enemyFallYOffset          81A070  LA    
enemyFallAnimAddress      81A0AC  LA    grabbingWalk1             81A0B4  LA    
grabbingWalk2             81A0C9  LA    grabbingFall1             81A1AD  LA    
grabbingWalk              81A1E9  LA    grabbingGrab              81A203  LA    
grabbingShakeFall         81A207  LA    grabbingHitHighFall       81A211  LA    
grabbingHitMidFall        81A21B  LA    grabbingHitLowFall        81A225  LA    
titleScreenTiles          81D74F  LA    titleScreenMap            81E8EF  LA    
titleScreenPal            81F0EF  LA    heroDownKick2             82ED2C  LA    
heroDownPunch1            82ED4D  LA    heroDownPunch3            82ED86  LA    
heroStandKick2            82EDC7  LA    fontTiles                 848000 RLA    
letterGreyPal             848820 RLA    letterRedPal              848840 RLA    
titleScreenWhitePal       848860 RLA    titleScreenYellowPal      848880 RLA    
titleScreenWhiteRedPal    8488A0 RLA    fontWhiteRedBlackPal      8488C0 RLA    
fontRedBlackBlackPal      8488E0 RLA    fontCyanBlackBlackPal     8488FF RLA    
gameMessagePal            84891F RLA    SPC700_Driver             878000  LA    



Imports list:
-------------
EnemyArrayAnimAddress (enemy.o):
EnemyArrayAnimFrameCounter (enemy.o):
EnemyArrayAnimFrameIndex (enemy.o):
EnemyArrayFlag (enemy.o):
EnemyArrayOAMSlotOffset (enemy.o):
EnemyArrayOffsetFramecounter (enemy.o):
EnemyArrayXOffset (enemy.o):
    hit.o                     includes/enemy.inc(9)
EnemyArrayYOffset (enemy.o):
    hit.o                     includes/enemy.inc(10)
EnemyCurrentArrayIndexByte (enemy.o):
EnemyCurrentArrayIndexWord (enemy.o):
EnemyCurrentXOffset (enemy.o):
EnemyCurrentYOffset (enemy.o):
EnemyTempXOffsetHigh (enemy.o):
OAMDataUpdated (sprite.o):
    option.o                  ../../Tools/cc65-sfclib/include/snes-sprite.inc(3)
    hit.o                     ../../Tools/cc65-sfclib/include/snes-sprite.inc(3)
    hero.o                    ../../Tools/cc65-sfclib/include/snes-sprite.inc(3)
    enemy.o                   ../../Tools/cc65-sfclib/include/snes-sprite.inc(3)
    cursor.o                  ../../Tools/cc65-sfclib/include/snes-sprite.inc(3)
SPC700_Driver (snesgss.o):
SPC700_Driver_Size (snesgss.o):
Song_Bank_Table (snesgss.o):
Song_Dst_Pointer (snesgss.o):
Song_Offset_Table (snesgss.o):
Song_Size_Table (snesgss.o):
VRAMLineLeft (level.o):
VRAMLineRight (level.o):
_IRQHandler (main.o):
    crt0.o                    src/crt0.asm(13)
_NMIHandler (main.o):
    crt0.o                    src/crt0.asm(13)
__ROMINFO_FILEOFFS__ ([linker generated]):
__ROMINFO_LAST__ ([linker generated]):
__ROMINFO_SIZE__ ([linker generated]):
__ROMINFO_START__ ([linker generated]):
__STARTUP__ (crt0.o):
    main.o                    main.asm(28)
__VECTORS_FILEOFFS__ ([linker generated]):
__VECTORS_LAST__ ([linker generated]):
__VECTORS_SIZE__ ([linker generated]):
__VECTORS_START__ ([linker generated]):
_clearToBuffer (font.o):
_clearToVRAM (font.o):
_main (main.o):
    crt0.o                    src/crt0.asm(11)
_preInit (main.o):
    crt0.o                    src/crt0.asm(12)
_writeToBuffer (font.o):
_writeToVRAM (font.o):
addEnemy (enemy.o):
    enemyStrategy.o           includes/enemy.inc(7)
addEvent (event.o):
    title.o                   ../../Tools/cc65-sfclib/include/snes-event.inc(2)
    option.o                  ../../Tools/cc65-sfclib/include/snes-event.inc(2)
    letter.o                  ../../Tools/cc65-sfclib/include/snes-event.inc(2)
    irem.o                    ../../Tools/cc65-sfclib/include/snes-event.inc(2)
    antihero.o                ../../Tools/cc65-sfclib/include/snes-event.inc(2)
    play.o                    ../../Tools/cc65-sfclib/include/snes-event.inc(2)
    score.o                   ../../Tools/cc65-sfclib/include/snes-event.inc(2)
    level.o                   ../../Tools/cc65-sfclib/include/snes-event.inc(2)
animEnemy (enemy.o):
animHero (hero.o):
animInProgress (hero.o):
antiheroSplash (antihero.o):
    main.o                    main.asm(35)
blankData (common.o):
    highScore.o               screen/../includes/common.inc(1)
    play.o                    game/../includes/common.inc(1)
bufferPtr (font.o):
    play.o                    game/../includes/font.inc(14)
clearEnemy (enemy.o):
clearFontZone (font.o):
    title.o                   screen/../includes/font.inc(12)
    option.o                  screen/../includes/font.inc(12)
    play.o                    game/../includes/font.inc(12)
clearHeroSprite (hero.o):
    option.o                  screen/../includes/hero.inc(4)
clearOAM (sprite.o):
    hero.o                    ../../Tools/cc65-sfclib/include/snes-sprite.inc(1)
continueValueList (settings.o):
    option.o                  screen/../includes/settings.inc(13)
copyFontBufferToVRAMOnceEvent (font.o):
    title.o                   screen/../includes/font.inc(13)
    option.o                  screen/../includes/font.inc(13)
copyOAM (sprite.o):
    events.o                  ../../Tools/cc65-sfclib/include/snes-sprite.inc(2)
copyOAMEvent (events.o):
    title.o                   screen/../includes/events.inc(1)
    option.o                  screen/../includes/events.inc(1)
    play.o                    game/../includes/events.inc(1)
cursorEvent (cursor.o):
    title.o                   screen/../includes/cursor.inc(2)
    option.o                  screen/../includes/cursor.inc(2)
cursorTarget (cursor.o):
    title.o                   screen/../includes/cursor.inc(3)
    option.o                  screen/../includes/cursor.inc(3)
cursorTargetSet (cursor.o):
    title.o                   screen/../includes/cursor.inc(4)
    option.o                  screen/../includes/cursor.inc(4)
difficultyPtrList (option.o):
difficultyValueList (settings.o):
    option.o                  screen/../includes/settings.inc(11)
disableSkipLeadingZero (font.o):
disableSkipSpaces (font.o):
    option.o                  screen/../includes/font.inc(5)
    play.o                    game/../includes/font.inc(5)
displayHighScore (highScore.o):
doUpdateScore (score.o):
enableSkipLeadingZero (font.o):
    highScore.o               screen/../includes/font.inc(6)
enableSkipSpaces (font.o):
enemyFallAnimAddress (enemy.o):
enemyFallYOffset (enemy.o):
enemyGrabFall (enemy.o):
enemyStrategyGrab (enemyStrategy.o):
    play.o                    game/../includes/enemyStrategy.inc(6)
enemyStrategyInit (enemyStrategy.o):
    play.o                    game/../includes/enemyStrategy.inc(5)
energyEnemy (score.o):
energyPlayer (score.o):
    hero.o                    includes/score.inc(4)
eventsTable (event.o):
fallHero (hero.o):
findEmptySlotEnemy (enemy.o):
    enemyStrategy.o           includes/enemy.inc(8)
fontCyanBlackBlackPal (font.o):
    highScore.o               screen/../includes/font.inc(27)
fontRedBlackBlackPal (font.o):
    highScore.o               screen/../includes/font.inc(26)
fontTiles (font.o):
    title.o                   screen/../includes/font.inc(16)
    highScore.o               screen/../includes/font.inc(16)
    letter.o                  splash/../includes/font.inc(16)
    play.o                    game/../includes/font.inc(16)
fontWhiteRedBlackPal (font.o):
    highScore.o               screen/../includes/font.inc(25)
gameHeroDie (play.o):
    hero.o                    hero.asm(25)
gameMessagePal (font.o):
    highScore.o               screen/../includes/font.inc(24)
    play.o                    game/../includes/font.inc(24)
gameOverString (font.o):
    play.o                    game/../includes/font.inc(35)
gamePauseMessageEvent (play.o):
gamePausedString (font.o):
    play.o                    game/../includes/font.inc(34)
getEventCounter (event.o):
    score.o                   ../../Tools/cc65-sfclib/include/snes-event.inc(6)
grabbingFall1 (enemy.o):
grabbingGrab (enemy.o):
grabbingHitHighFall (enemy.o):
grabbingHitLowFall (enemy.o):
grabbingHitMidFall (enemy.o):
grabbingShakeFall (enemy.o):
grabbingWalk (enemy.o):
grabbingWalk1 (enemy.o):
grabbingWalk2 (enemy.o):
gss_channels (snesgss.o):
gss_channelsVolume (snesgss.o):
gss_init (snesgss.o):
    main.o                    includes/snesgss.inc(1)
gss_pauseTrack (snesgss.o):
gss_playSfx (snesgss.o):
gss_playTrack (snesgss.o):
    main.o                    includes/snesgss.inc(3)
gss_resumeTrack (snesgss.o):
gss_setChannelsVolume (snesgss.o):
gss_setGlobalVolume (snesgss.o):
gss_setMono (snesgss.o):
gss_setStereo (snesgss.o):
    main.o                    includes/snesgss.inc(8)
gss_sfxChannel (snesgss.o):
gss_sfxNumber (snesgss.o):
gss_sfxPan (snesgss.o):
gss_sfxVolume (snesgss.o):
gss_stopAll (snesgss.o):
gss_stopTrack (snesgss.o):
gss_trackNumber (snesgss.o):
gss_volume (snesgss.o):
gss_volumeSpeed (snesgss.o):
heroAnimInterruptCounter (hero.o):
heroDownKick2 (hero.o):
heroDownPunch1 (hero.o):
heroDownPunch3 (hero.o):
heroFlag (hero.o):
    enemy.o                   includes/hero.inc(9)
heroHitOffset (hero.o):
    enemy.o                   includes/hero.inc(10)
heroHitType (hero.o):
    hit.o                     includes/hero.inc(12)
heroHitZone (hero.o):
    enemy.o                   includes/hero.inc(11)
heroStandKick2 (hero.o):
heroTransferAddr (hero.o):
heroXOffset (hero.o):
    play.o                    game/../includes/hero.inc(8)
    enemy.o                   includes/hero.inc(8)
highByte (enemy.o):
highScoreInitValues (highScore.o):
highScoreMainLoop (highScore.o):
    title.o                   screen/../includes/highScore.inc(1)
    play.o                    game/../includes/highScore.inc(1)
highScoreTitleString (highScore.o):
hitAdd (hit.o):
    enemy.o                   includes/hit.inc(2)
hitInit (hit.o):
    play.o                    game/../includes/hit.inc(1)
hitProcess (hit.o):
    play.o                    game/../includes/hit.inc(3)
hitRemove (hit.o):
initCursor (cursor.o):
    title.o                   screen/../includes/cursor.inc(1)
    option.o                  screen/../includes/cursor.inc(1)
initEnemySprite (enemy.o):
    title.o                   screen/../includes/enemy.inc(5)
    play.o                    game/../includes/enemy.inc(5)
initEvents (event.o):
    play.o                    ../../Tools/cc65-sfclib/include/snes-event.inc(1)
    main.o                    ../../Tools/cc65-sfclib/include/snes-event.inc(1)
initFont (font.o):
    title.o                   screen/../includes/font.inc(1)
    option.o                  screen/../includes/font.inc(1)
    highScore.o               screen/../includes/font.inc(1)
    letter.o                  splash/../includes/font.inc(1)
    play.o                    game/../includes/font.inc(1)
initFontBuffer (font.o):
    title.o                   screen/../includes/font.inc(2)
    option.o                  screen/../includes/font.inc(2)
    play.o                    game/../includes/font.inc(2)
initHeroSprite (hero.o):
    title.o                   screen/../includes/hero.inc(3)
    play.o                    game/../includes/hero.inc(3)
initHighScore (highScore.o):
initLevel (level.o):
    play.o                    game/../includes/level.inc(1)
initPad (pad.o):
    main.o                    ../../Tools/cc65-sfclib/include/snes-pad.inc(1)
initScore (score.o):
    play.o                    game/../includes/score.inc(1)
initSettings (settings.o):
    main.o                    includes/settings.inc(1)
initSnes (init.o):
    crt0.o                    src/crt0.asm(15)
insertNewHighScore (highScore.o):
iremSplash (irem.o):
    antihero.o                splash/antihero.asm(16)
isEventActive (event.o):
    letter.o                  ../../Tools/cc65-sfclib/include/snes-event.inc(7)
    irem.o                    ../../Tools/cc65-sfclib/include/snes-event.inc(7)
    antihero.o                ../../Tools/cc65-sfclib/include/snes-event.inc(7)
letterGreyPal (font.o):
    letter.o                  splash/../includes/font.inc(17)
letterIntroString (font.o):
    letter.o                  splash/../includes/font.inc(29)
letterRedPal (font.o):
    letter.o                  splash/../includes/font.inc(18)
letterSplash (letter.o):
    title.o                   screen/title.asm(24)
levelLeftEdgeVisible (level.o):
levelRightEdgeVisible (level.o):
    hero.o                    includes/level.inc(9)
levelStartIntro (play.o):
livesCounter (score.o):
    play.o                    game/../includes/score.inc(9)
    hero.o                    includes/score.inc(9)
livesValueList (settings.o):
    option.o                  screen/../includes/settings.inc(12)
oamData (sprite.o):
    hit.o                     ../../Tools/cc65-sfclib/include/snes-sprite.inc(5)
    hero.o                    ../../Tools/cc65-sfclib/include/snes-sprite.inc(5)
    enemy.o                   ../../Tools/cc65-sfclib/include/snes-sprite.inc(5)
    cursor.o                  ../../Tools/cc65-sfclib/include/snes-sprite.inc(5)
onePlayerFirstFloorString (font.o):
    play.o                    game/../includes/font.inc(33)
optionExitString (option.o):
optionScreen (option.o):
    title.o                   screen/title.asm(25)
optionsString (option.o):
padFirstPushData1 (pad.o):
    play.o                    ../../Tools/cc65-sfclib/include/snes-pad.inc(4)
    scriptedPad.o             ../../Tools/cc65-sfclib/include/snes-pad.inc(4)
    cursor.o                  ../../Tools/cc65-sfclib/include/snes-pad.inc(4)
padFirstPushDataHigh1 (pad.o):
padFirstPushDataLow1 (pad.o):
    option.o                  ../../Tools/cc65-sfclib/include/snes-pad.inc(9)
    hero.o                    ../../Tools/cc65-sfclib/include/snes-pad.inc(9)
padPushData1 (pad.o):
    common.o                  ../../Tools/cc65-sfclib/include/snes-pad.inc(4)
    play.o                    ../../Tools/cc65-sfclib/include/snes-pad.inc(4)
    scriptedPad.o             ../../Tools/cc65-sfclib/include/snes-pad.inc(4)
padPushData2 (pad.o):
padPushData3 (pad.o):
padPushData4 (pad.o):
padPushDataHigh1 (pad.o):
padPushDataHigh2 (pad.o):
padPushDataHigh3 (pad.o):
padPushDataHigh4 (pad.o):
padPushDataLow1 (pad.o):
    hero.o                    ../../Tools/cc65-sfclib/include/snes-pad.inc(9)
padPushDataLow2 (pad.o):
padPushDataLow3 (pad.o):
padPushDataLow4 (pad.o):
padReleaseData1 (pad.o):
    scriptedPad.o             ../../Tools/cc65-sfclib/include/snes-pad.inc(4)
padReleaseData2 (pad.o):
padReleaseData3 (pad.o):
padReleaseData4 (pad.o):
padReleaseDataHigh1 (pad.o):
padReleaseDataHigh2 (pad.o):
padReleaseDataHigh3 (pad.o):
padReleaseDataHigh4 (pad.o):
padReleaseDataLow1 (pad.o):
    hero.o                    ../../Tools/cc65-sfclib/include/snes-pad.inc(9)
padReleaseDataLow2 (pad.o):
padReleaseDataLow3 (pad.o):
padReleaseDataLow4 (pad.o):
playGame (play.o):
    letter.o                  splash/letter.asm(17)
processEvents (event.o):
    main.o                    ../../Tools/cc65-sfclib/include/snes-event.inc(5)
reactEnemy (enemy.o):
    play.o                    game/../includes/enemy.inc(6)
reactEnemyGrab (enemy.o):
reactHero (hero.o):
    play.o                    game/../includes/hero.inc(6)
readPad1 (pad.o):
    main.o                    ../../Tools/cc65-sfclib/include/snes-pad.inc(2)
readPad2 (pad.o):
readPad3 (pad.o):
readPad4 (pad.o):
readyString (font.o):
    play.o                    game/../includes/font.inc(32)
refreshHero (hero.o):
    play.o                    game/../includes/hero.inc(7)
removeAllEvent (event.o):
    title.o                   ../../Tools/cc65-sfclib/include/snes-event.inc(4)
    option.o                  ../../Tools/cc65-sfclib/include/snes-event.inc(4)
    letter.o                  ../../Tools/cc65-sfclib/include/snes-event.inc(4)
    irem.o                    ../../Tools/cc65-sfclib/include/snes-event.inc(4)
    antihero.o                ../../Tools/cc65-sfclib/include/snes-event.inc(4)
removeEvent (event.o):
scoreEvent (score.o):
scoreMapData (score.o):
scorePlayer1 (score.o):
screenBuffer (screen.o):
    title.o                   screen/../includes/screen.inc(1)
    option.o                  screen/../includes/screen.inc(1)
    play.o                    game/../includes/screen.inc(1)
scriptedDataHeroLevelStart (play.o):
scriptedPadInit (scriptedPad.o):
    play.o                    game/../includes/scriptedPad.inc(1)
scriptedPadOverride (scriptedPad.o):
    play.o                    game/../includes/scriptedPad.inc(3)
scriptedPadReadData (scriptedPad.o):
    play.o                    game/../includes/scriptedPad.inc(2)
scrollDirection (level.o):
    hero.o                    includes/level.inc(6)
    enemy.o                   includes/level.inc(6)
scrollInitEvent (level.o):
    play.o                    game/../includes/level.inc(2)
scrollLevel (level.o):
    hero.o                    includes/level.inc(3)
scrollValue (level.o):
setEnemyOAM (enemy.o):
setEnemyOAM_fillLoop (enemy.o):
setEnemyOAM_lineLoop (enemy.o):
setEnemyOAM_skiplineLoop (enemy.o):
setEnergyEnemy (score.o):
setEnergyPlayer (score.o):
    play.o                    game/../includes/score.inc(5)
    enemy.o                   includes/score.inc(5)
setFontCursorPosition (font.o):
    title.o                   screen/../includes/font.inc(8)
    option.o                  screen/../includes/font.inc(8)
    highScore.o               screen/../includes/font.inc(8)
    letter.o                  splash/../includes/font.inc(8)
    play.o                    game/../includes/font.inc(8)
setFontCursorPositionNewLine (font.o):
    highScore.o               screen/../includes/font.inc(9)
setFontPalette (font.o):
    highScore.o               screen/../includes/font.inc(3)
setHeroOAM (hero.o):
setLiveCounter (score.o):
    hero.o                    includes/score.inc(8)
setMirrorSpriteMode (hero.o):
setNormalSpriteMode (hero.o):
setShakingFlag (hero.o):
settingsContinueIndex (settings.o):
    option.o                  screen/../includes/settings.inc(4)
settingsContinueValue (settings.o):
    option.o                  screen/../includes/settings.inc(8)
settingsDifficultyIndex (settings.o):
    option.o                  screen/../includes/settings.inc(2)
settingsDifficultyValue (settings.o):
    option.o                  screen/../includes/settings.inc(6)
settingsLivesIndex (settings.o):
    option.o                  screen/../includes/settings.inc(3)
settingsLivesValue (settings.o):
    option.o                  screen/../includes/settings.inc(7)
    score.o                   includes/settings.inc(7)
settingsSoundIndex (settings.o):
    option.o                  screen/../includes/settings.inc(5)
settingsSoundValue (settings.o):
    option.o                  screen/../includes/settings.inc(9)
skipSpaces (font.o):
soundValueList (settings.o):
    option.o                  screen/../includes/settings.inc(14)
spc_command (snesgss.o):
spc_load_data (snesgss.o):
splashScreenEvent (common.o):
    letter.o                  splash/../includes/commonSplash.inc(5)
    irem.o                    splash/../includes/commonSplash.inc(5)
    antihero.o                splash/../includes/commonSplash.inc(5)
splashScreenInit (common.o):
    letter.o                  splash/../includes/commonSplash.inc(4)
    irem.o                    splash/../includes/commonSplash.inc(4)
    antihero.o                splash/../includes/commonSplash.inc(4)
spriteCounter (hero.o):
    enemy.o                   enemy.asm(26)
spriteTrickIRQVTimer (play.o):
    main.o                    main.asm(37)
spriteTrickIRQValue (play.o):
    main.o                    main.asm(38)
spriteTrickIndex (play.o):
    main.o                    main.asm(39)
timeCounter (score.o):
titleScreen (title.o):
    irem.o                    splash/irem.asm(17)
    play.o                    game/play.asm(29)
titleScreenCopyrightString (font.o):
    title.o                   screen/../includes/font.inc(31)
titleScreenMap (title.o):
titleScreenPal (title.o):
titleScreenReload (title.o):
    option.o                  screen/option.asm(23)
titleScreenSelectString (font.o):
    title.o                   screen/../includes/font.inc(30)
titleScreenTiles (title.o):
titleScreenWhitePal (font.o):
    title.o                   screen/../includes/font.inc(20)
titleScreenWhiteRedPal (font.o):
    title.o                   screen/../includes/font.inc(22)
titleScreenYellowPal (font.o):
    title.o                   screen/../includes/font.inc(21)
transferHeroSpriteDataEvent (hero.o):
    title.o                   screen/../includes/hero.inc(5)
    play.o                    game/../includes/hero.inc(5)
updateDifficulty (option.o):
updateEnergyPlayer (score.o):
    enemy.o                   includes/score.inc(3)
updateLevelMessageOnceEvent (play.o):
updateScorePlayer1 (score.o):
    hit.o                     includes/score.inc(10)
updateScorePlayer2 (score.o):
updateScoreTop (score.o):
updateTime (score.o):
    play.o                    game/../includes/score.inc(2)
waitForVBlank (waitvblank.o):
    title.o                   ../../Tools/cc65-sfclib/include/snes-ppu.inc(10)
    highScore.o               ../../Tools/cc65-sfclib/include/snes-ppu.inc(10)
    play.o                    ../../Tools/cc65-sfclib/include/snes-ppu.inc(10)
writeFontNumber (font.o):
    highScore.o               screen/../includes/font.inc(11)
writeFontString (font.o):
    title.o                   screen/../includes/font.inc(10)
    option.o                  screen/../includes/font.inc(10)
    highScore.o               screen/../includes/font.inc(10)
    letter.o                  splash/../includes/font.inc(10)
    play.o                    game/../includes/font.inc(10)
writeNumberToScoreMap (score.o):

