Modules list:
-------------
main.o:
    CODE              Offs=000000  Size=0007DF  Align=00001  Fill=0000
    RODATA            Offs=000000  Size=000008  Align=00001  Fill=0000
    BSS               Offs=000000  Size=000007  Align=00001  Fill=0000
    DATA              Offs=000000  Size=000000  Align=00001  Fill=0000
    ZEROPAGE          Offs=000000  Size=000002  Align=00001  Fill=0000
    NULL              Offs=000000  Size=000000  Align=00001  Fill=0000
    BANK1             Offs=000000  Size=004EE0  Align=00001  Fill=0000
level.o:
    CODE              Offs=0007DF  Size=000263  Align=00001  Fill=0000
    RODATA            Offs=000008  Size=000082  Align=00001  Fill=0000
    BSS               Offs=000007  Size=000009  Align=00001  Fill=0000
    DATA              Offs=000000  Size=000000  Align=00001  Fill=0000
    ZEROPAGE          Offs=000002  Size=000000  Align=00001  Fill=0000
    NULL              Offs=000000  Size=000000  Align=00001  Fill=0000
    BANK4             Offs=000000  Size=0054A0  Align=00001  Fill=0000
score.o:
    CODE              Offs=000A42  Size=000312  Align=00001  Fill=0000
    RODATA            Offs=00008A  Size=000000  Align=00001  Fill=0000
    BSS               Offs=000010  Size=0000D3  Align=00001  Fill=0000
    DATA              Offs=000000  Size=000000  Align=00001  Fill=0000
    ZEROPAGE          Offs=000002  Size=000000  Align=00001  Fill=0000
    NULL              Offs=000000  Size=000000  Align=00001  Fill=0000
    BANK4             Offs=0054A0  Size=001600  Align=00001  Fill=0000
hero.o:
    CODE              Offs=000D54  Size=00051B  Align=00001  Fill=0000
    RODATA            Offs=00008A  Size=000000  Align=00001  Fill=0000
    BSS               Offs=0000E3  Size=000007  Align=00001  Fill=0000
    DATA              Offs=000000  Size=000000  Align=00001  Fill=0000
    ZEROPAGE          Offs=000002  Size=00000B  Align=00001  Fill=0000
    NULL              Offs=000000  Size=000000  Align=00001  Fill=0000
    BANK2             Offs=000000  Size=0070A4  Align=00001  Fill=0000
enemy.o:
    CODE              Offs=00126F  Size=00067F  Align=00001  Fill=0000
    RODATA            Offs=00008A  Size=000004  Align=00001  Fill=0000
    BSS               Offs=0000EA  Size=0000AC  Align=00001  Fill=0000
    DATA              Offs=000000  Size=000000  Align=00001  Fill=0000
    ZEROPAGE          Offs=00000D  Size=000008  Align=00001  Fill=0000
    NULL              Offs=000000  Size=000000  Align=00001  Fill=0000
    BANK1             Offs=004EE0  Size=00222F  Align=00001  Fill=0000
    BANK3             Offs=000000  Size=008000  Align=00001  Fill=0000
enemyStrategy.o:
    CODE              Offs=0018EE  Size=000038  Align=00001  Fill=0000
    RODATA            Offs=00008E  Size=000000  Align=00001  Fill=0000
    BSS               Offs=000196  Size=000002  Align=00001  Fill=0000
    DATA              Offs=000000  Size=000000  Align=00001  Fill=0000
    ZEROPAGE          Offs=000015  Size=000000  Align=00001  Fill=0000
    NULL              Offs=000000  Size=000000  Align=00001  Fill=0000
hit.o:
    CODE              Offs=001926  Size=0000DD  Align=00001  Fill=0000
    RODATA            Offs=00008E  Size=000018  Align=00001  Fill=0000
    BSS               Offs=000198  Size=00005D  Align=00001  Fill=0000
    DATA              Offs=000000  Size=000000  Align=00001  Fill=0000
    ZEROPAGE          Offs=000015  Size=000000  Align=00001  Fill=0000
    NULL              Offs=000000  Size=000000  Align=00001  Fill=0000
snesgss.o:
    CODE              Offs=001A03  Size=0001F3  Align=00001  Fill=0000
    RODATA            Offs=0000A6  Size=00000A  Align=00001  Fill=0000
    BSS               Offs=0001F5  Size=000000  Align=00001  Fill=0000
    DATA              Offs=000000  Size=000000  Align=00001  Fill=0000
    ZEROPAGE          Offs=000015  Size=000019  Align=00001  Fill=0000
    NULL              Offs=000000  Size=000000  Align=00001  Fill=0000
    BANK7             Offs=000000  Size=003379  Align=00001  Fill=0000
font.o:
    CODE              Offs=001BF6  Size=000333  Align=00001  Fill=0000
    RODATA            Offs=0000B0  Size=000000  Align=00001  Fill=0000
    BSS               Offs=0001F5  Size=00000B  Align=00001  Fill=0000
    DATA              Offs=000000  Size=000000  Align=00001  Fill=0000
    ZEROPAGE          Offs=00002E  Size=000000  Align=00001  Fill=0000
    NULL              Offs=000000  Size=000000  Align=00001  Fill=0000
    BANK4             Offs=006AA0  Size=00093F  Align=00001  Fill=0000
highScore.o:
    CODE              Offs=001F29  Size=000382  Align=00001  Fill=0000
    RODATA            Offs=0000B0  Size=000000  Align=00001  Fill=0000
    BSS               Offs=000200  Size=00007A  Align=00001  Fill=0000
    DATA              Offs=000000  Size=000000  Align=00001  Fill=0000
    ZEROPAGE          Offs=00002E  Size=000000  Align=00001  Fill=0000
    NULL              Offs=000000  Size=000000  Align=00001  Fill=0000
cursor.o:
    CODE              Offs=0022AB  Size=000092  Align=00001  Fill=0000
    RODATA            Offs=0000B0  Size=000018  Align=00001  Fill=0000
    BSS               Offs=00027A  Size=000008  Align=00001  Fill=0000
    DATA              Offs=000000  Size=000000  Align=00001  Fill=0000
    ZEROPAGE          Offs=00002E  Size=000000  Align=00001  Fill=0000
    NULL              Offs=000000  Size=000000  Align=00001  Fill=0000
state.o:
    CODE              Offs=00233D  Size=000000  Align=00001  Fill=0000
    RODATA            Offs=0000C8  Size=000000  Align=00001  Fill=0000
    BSS               Offs=000282  Size=000000  Align=00001  Fill=0000
    DATA              Offs=000000  Size=000000  Align=00001  Fill=0000
    ZEROPAGE          Offs=00002E  Size=000000  Align=00001  Fill=0000
    NULL              Offs=000000  Size=000000  Align=00001  Fill=0000
../../Tools/cc65-sfclib/bin/sfc.lib(crt0.o):
    CODE              Offs=00233D  Size=000000  Align=00001  Fill=0000
    RODATA            Offs=0000C8  Size=000000  Align=00001  Fill=0000
    BSS               Offs=000282  Size=000000  Align=00001  Fill=0000
    DATA              Offs=000000  Size=000000  Align=00001  Fill=0000
    ZEROPAGE          Offs=00002E  Size=000000  Align=00001  Fill=0000
    NULL              Offs=000000  Size=000000  Align=00001  Fill=0000
    STARTUP           Offs=000000  Size=000047  Align=00001  Fill=0000
    ROMINFO           Offs=000000  Size=000030  Align=00001  Fill=0000
    VECTORS           Offs=000000  Size=00001C  Align=00001  Fill=0000
../../Tools/cc65-sfclib/bin/sfc.lib(init.o):
    CODE              Offs=00233D  Size=0000F3  Align=00001  Fill=0000
    RODATA            Offs=0000C8  Size=000000  Align=00001  Fill=0000
    BSS               Offs=000282  Size=000000  Align=00001  Fill=0000
    DATA              Offs=000000  Size=000000  Align=00001  Fill=0000
    ZEROPAGE          Offs=00002E  Size=000000  Align=00001  Fill=0000
    NULL              Offs=000000  Size=000000  Align=00001  Fill=0000
../../Tools/cc65-sfclib/bin/sfc.lib(event.o):
    CODE              Offs=002430  Size=0000D1  Align=00001  Fill=0000
    RODATA            Offs=0000C8  Size=000000  Align=00001  Fill=0000
    BSS               Offs=000282  Size=000083  Align=00001  Fill=0000
    DATA              Offs=000000  Size=000000  Align=00001  Fill=0000
    ZEROPAGE          Offs=00002E  Size=000000  Align=00001  Fill=0000
    NULL              Offs=000000  Size=000000  Align=00001  Fill=0000
../../Tools/cc65-sfclib/bin/sfc.lib(pad.o):
    CODE              Offs=002501  Size=000139  Align=00001  Fill=0000
    RODATA            Offs=0000C8  Size=000000  Align=00001  Fill=0000
    BSS               Offs=000305  Size=000012  Align=00001  Fill=0000
    DATA              Offs=000000  Size=000000  Align=00001  Fill=0000
    ZEROPAGE          Offs=00002E  Size=000000  Align=00001  Fill=0000
    NULL              Offs=000000  Size=000000  Align=00001  Fill=0000
../../Tools/cc65-sfclib/bin/sfc.lib(sprite.o):
    CODE              Offs=00263A  Size=000074  Align=00001  Fill=0000
    RODATA            Offs=0000C8  Size=000000  Align=00001  Fill=0000
    BSS               Offs=000317  Size=000221  Align=00001  Fill=0000
    DATA              Offs=000000  Size=000000  Align=00001  Fill=0000
    ZEROPAGE          Offs=00002E  Size=000000  Align=00001  Fill=0000
    NULL              Offs=000000  Size=000000  Align=00001  Fill=0000


Segment list:
-------------
Name                   Start     End    Size  Align
----------------------------------------------------
DATA                  000000  000000  000000  00001
NULL                  000000  000000  000000  00001
ZEROPAGE              000000  00002D  00002E  00001
BSS                   000200  000737  000538  00001
ROMINFO               00FFB0  00FFDF  000030  00001
VECTORS               00FFE4  00FFFF  00001C  00001
STARTUP               808000  808046  000047  00001
CODE                  808047  80A6F4  0026AE  00001
RODATA                80A6F5  80A7BC  0000C8  00001
BANK1                 818000  81F10E  00710F  00001
BANK2                 828000  82F0A3  0070A4  00001
BANK3                 838000  83FFFF  008000  00001
BANK4                 848000  84F3DE  0073DF  00001
BANK7                 878000  87B378  003379  00001


Exports list by name:
---------------------
EnemyArrayAnimAddress     0002EB  LA    EnemyArrayAnimFrameCounter 00035C  LA    
EnemyArrayAnimFrameIndex  000340  LA    EnemyArrayFlag            000379  LA    
EnemyArrayOAMSlotOffset   000307  LA    EnemyArrayOffsetFramecounter 00035D  LA    
EnemyArrayXOffset         000323 RLA    EnemyArrayYOffset         00033F RLA    
EnemyCurrentArrayIndexByte 00000F  LZ    EnemyCurrentArrayIndexWord 000011  LZ    
EnemyCurrentXOffset       000014  LZ    EnemyCurrentYOffset       000013  LZ    
EnemyTempXOffsetHigh      0002EA  LA    OAMDataUpdated            80A6E7 RLA    
SPC700_Driver             878000  LA    SPC700_Driver_Size        80A79B  LA    
Song_Bank_Table           80A79F  LA    Song_Dst_Pointer          80A79D  LA    
Song_Offset_Table         80A7A1  LA    Song_Size_Table           80A7A3  LA    
_IRQHandler               8086DE RLA    _NMIHandler               80870B RLA    
__ROMINFO_FILEOFFS__      007FB0  EA    __ROMINFO_LAST__          00FFE0  LA    
__ROMINFO_SIZE__          000034  EA    __ROMINFO_START__         00FFB0  LA    
__STARTUP__               000001 REA    __VECTORS_FILEOFFS__      007FE4  EA    
__VECTORS_LAST__          010000  LA    __VECTORS_SIZE__          00001C  EA    
__VECTORS_START__         00FFE4  LA    _gameStartIntro           808422 REA    
_jump                     80841C  EA    _main                     808047 RLA    
_preInit                  808712 RLA    addEnemy                  809447 RLA    
addEvent                  80A4A3 RLA    animEnemy                 80966C  LA    
animHero                  808ED3  LA    animInProgress            000002  LZ    
clearEnemy                8094CC  LA    clearFontZone             809F16 RLA    
clearHeroSprite           808E0A  LA    clearOAM                  80A681 RLA    
copyOAM                   80A6B0 RLA    cursorEvent               80A325 RLA    
cursorList                80A7A5 RLA    cursorTarget              00047E RLA    
cursorTargetSet           000481 RLA    disableSkipLeadingZero    809E11  LA    
disableSkipSpaces         809DF5 RLA    displayHighScore          80A102  LA    
doUpdateScore             0002D0  LA    enableSkipLeadingZero     809E03 RLA    
enableSkipSpaces          809DE7  LA    enemyFallAnimAddress      81EF8C  LA    
enemyFallYOffset          81EF50  LA    enemyGrabFall             8098A5  LA    
enemyStrategyGrab         809940 RLA    enemyStrategyInit         809935 RLA    
energyPlayer              0002DB RLA    eventsTable               000482  LA    
fallHero                  80921C  LA    findEmptySlotEnemy        8094AA RLA    
fontCyanBlackBlackPal     84F39F RLA    fontRedBlackBlackPal      84F380 RLA    
fontTiles                 84EAA0 RLA    fontWhiteRedBlackPal      84F360 RLA    
gameMessagePal            84F3BF RLA    gamePausedString          809D8A RLA    
getEventCounter           80A53C RLA    grabbingFall1             81F08D  LA    
grabbingGrab              81F0E3  LA    grabbingHitHighFall       81F0F1  LA    
grabbingHitLowFall        81F105  LA    grabbingHitMidFall        81F0FB  LA    
grabbingShakeFall         81F0E7  LA    grabbingWalk              81F0C9  LA    
grabbingWalk1             81EF94  LA    grabbingWalk2             81EFA9  LA    
gss_channels              000028  LZ    gss_channelsVolume        000029  LZ    
gss_init                  809A4A RLA    gss_pauseTrack            809B16  LA    
gss_playSfx               809AC7  LA    gss_playTrack             809A76 RLA    
gss_resumeTrack           809B29  LA    gss_setChannelsVolume     809B91  LA    
gss_setGlobalVolume       809B72  LA    gss_setMono               809B5F  LA    
gss_setStereo             809B4C RLA    gss_sfxChannel            00002A  LZ    
gss_sfxNumber             00002B  LZ    gss_sfxPan                00002D  LZ    
gss_sfxVolume             00002C  LZ    gss_stopAll               809B3C  LA    
gss_stopTrack             809B06  LA    gss_trackNumber           000025  LZ    
gss_volume                000026  LZ    gss_volumeSpeed           000027  LZ    
heroAnimInterruptCounter  000005  LZ    heroDownKick2             82ED2C  LA    
heroDownPunch1            82ED4D  LA    heroDownPunch3            82ED86  LA    
heroFlag                  00000C RLZ    heroHitOffset             000009 RLZ    
heroHitType               00000B RLZ    heroHitZone               00000A RLZ    
heroStandKick2            82EDC7  LA    heroTransferAddr          0002E8  LA    
heroXOffset               000007 RLZ    highByte                  81EF20  LA    
highScoreInitValues       80A062  LA    highScoreMainLoop         80A170  LA    
highScoreTitleString      809F70  LA    hitAdd                    809982 RLA    
hitInit                   80996D RLA    hitProcess                809A17 RLA    
hitRemove                 8099FE  LA    initCursor                80A2F2 RLA    
initEnemySprite           8092B6 RLA    initEvents                80A477 RLA    
initFont                  809DB5 RLA    initHeroSprite            808D9B RLA    
initHighScore             80A102  LA    initLevel                 808826 RLA    
initPad                   80A548 RLA    initScore                 808A89 RLA    
initSnes                  80A384 RLA    insertNewHighScore        80A102  LA    
letterGreyPal             84F2C0 RLA    letterIntroString         809C3D RLA    
letterRedPal              84F2E0 RLA    livesCounter              0002DF RLA    
oamData                   000517 RLA    onePlayerFirstFloorString 809D50  LA    
padFirstPushData1         000507 RLA    padFirstPushDataHigh1     000508  LA    
padFirstPushDataLow1      000507 RLA    padPushData1              000505 RLA    
padPushData2              00050B  LA    padPushData3              00050F  LA    
padPushData4              000513  LA    padPushDataHigh1          000506  LA    
padPushDataHigh2          00050C  LA    padPushDataHigh3          00050F  LA    
padPushDataHigh4          000513  LA    padPushDataLow1           000505 RLA    
padPushDataLow2           00050B  LA    padPushDataLow3           000510  LA    
padPushDataLow4           000514  LA    padReleaseData1           000509  LA    
padReleaseData2           00050D  LA    padReleaseData3           000511  LA    
padReleaseData4           000515  LA    padReleaseDataHigh1       00050A  LA    
padReleaseDataHigh2       00050E  LA    padReleaseDataHigh3       000511  LA    
padReleaseDataHigh4       000515  LA    padReleaseDataLow1        000509 RLA    
padReleaseDataLow2        00050D  LA    padReleaseDataLow3        000512  LA    
padReleaseDataLow4        000516  LA    processEvents             80A4D2 RLA    
reactEnemy                8096D0 RLA    reactEnemyGrab            809713  LA    
reactHero                 80901D RLA    readPad1                  80A589 RLA    
readPad2                  80A5C7  LA    readPad3                  80A605  LA    
readPad4                  80A643  LA    readyString               809D3F  LA    
removeEvent               80A525 RLA    scoreEvent                808D0A  LA    
scoreMapData              000210  LA    scorePlayer1              0002D2  LA    
scrollDirection           00020D RLA    scrollLevel               80891D RLA    
scrollValue               00020B  LA    setEnemyOAM               8094F6  LA    
setEnergyPlayer           808C19 RLA    setFontCursorPosition     809E1F RLA    
setFontCursorPositionNewLine 809E39 RLA    setFontPalette            809DDD RLA    
setHeroOAM                808E2B  LA    setLiveCounter            808CE5 RLA    
setMirrorSpriteMode       80900B  LA    setNormalSpriteMode       809014  LA    
setShakingFlag            809291  LA    skipSpaces                0003F5  LA    
spc_command               809C17  LA    spc_load_data             809BB0  LA    
splashScreen              808729  LA    spriteCounter             0002E3 RLA    
timeCounter               0002DD  LA    titleScreenCopyrightString 809D10 RLA    
titleScreenSelectString   809CEF RLA    titleScreenWhitePal       84F300 RLA    
titleScreenWhiteRedPal    84F340 RLA    titleScreenYellowPal      84F320 RLA    
transferHeroSpriteDataEvent 808FB8 RLA    updateEnergyPlayer        808C0C RLA    
updateScorePlayer1        808B8F RLA    updateScorePlayer2        808BBE  LA    
updateScoreTop            808BED  LA    updateTime                808CB0 RLA    
writeFontNumber           809EB0 RLA    writeFontString           809E50 RLA    
writeNumberToScoreMap     808D52  LA    


Exports list by value:
----------------------
__STARTUP__               000001 REA    animInProgress            000002  LZ    
heroAnimInterruptCounter  000005  LZ    heroXOffset               000007 RLZ    
heroHitOffset             000009 RLZ    heroHitZone               00000A RLZ    
heroHitType               00000B RLZ    heroFlag                  00000C RLZ    
EnemyCurrentArrayIndexByte 00000F  LZ    EnemyCurrentArrayIndexWord 000011  LZ    
EnemyCurrentYOffset       000013  LZ    EnemyCurrentXOffset       000014  LZ    
__VECTORS_SIZE__          00001C  EA    gss_trackNumber           000025  LZ    
gss_volume                000026  LZ    gss_volumeSpeed           000027  LZ    
gss_channels              000028  LZ    gss_channelsVolume        000029  LZ    
gss_sfxChannel            00002A  LZ    gss_sfxNumber             00002B  LZ    
gss_sfxVolume             00002C  LZ    gss_sfxPan                00002D  LZ    
__ROMINFO_SIZE__          000034  EA    scrollValue               00020B  LA    
scrollDirection           00020D RLA    scoreMapData              000210  LA    
doUpdateScore             0002D0  LA    scorePlayer1              0002D2  LA    
energyPlayer              0002DB RLA    timeCounter               0002DD  LA    
livesCounter              0002DF RLA    spriteCounter             0002E3 RLA    
heroTransferAddr          0002E8  LA    EnemyTempXOffsetHigh      0002EA  LA    
EnemyArrayAnimAddress     0002EB  LA    EnemyArrayOAMSlotOffset   000307  LA    
EnemyArrayXOffset         000323 RLA    EnemyArrayYOffset         00033F RLA    
EnemyArrayAnimFrameIndex  000340  LA    EnemyArrayAnimFrameCounter 00035C  LA    
EnemyArrayOffsetFramecounter 00035D  LA    EnemyArrayFlag            000379  LA    
skipSpaces                0003F5  LA    cursorTarget              00047E RLA    
cursorTargetSet           000481 RLA    eventsTable               000482  LA    
padPushData1              000505 RLA    padPushDataLow1           000505 RLA    
padPushDataHigh1          000506  LA    padFirstPushData1         000507 RLA    
padFirstPushDataLow1      000507 RLA    padFirstPushDataHigh1     000508  LA    
padReleaseDataLow1        000509 RLA    padReleaseData1           000509  LA    
padReleaseDataHigh1       00050A  LA    padPushData2              00050B  LA    
padPushDataLow2           00050B  LA    padPushDataHigh2          00050C  LA    
padReleaseDataLow2        00050D  LA    padReleaseData2           00050D  LA    
padReleaseDataHigh2       00050E  LA    padPushData3              00050F  LA    
padPushDataHigh3          00050F  LA    padPushDataLow3           000510  LA    
padReleaseData3           000511  LA    padReleaseDataHigh3       000511  LA    
padReleaseDataLow3        000512  LA    padPushData4              000513  LA    
padPushDataHigh4          000513  LA    padPushDataLow4           000514  LA    
padReleaseDataHigh4       000515  LA    padReleaseData4           000515  LA    
padReleaseDataLow4        000516  LA    oamData                   000517 RLA    
__ROMINFO_FILEOFFS__      007FB0  EA    __VECTORS_FILEOFFS__      007FE4  EA    
__ROMINFO_START__         00FFB0  LA    __ROMINFO_LAST__          00FFE0  LA    
__VECTORS_START__         00FFE4  LA    __VECTORS_LAST__          010000  LA    
_main                     808047 RLA    _jump                     80841C  EA    
_gameStartIntro           808422 REA    _IRQHandler               8086DE RLA    
_NMIHandler               80870B RLA    _preInit                  808712 RLA    
splashScreen              808729  LA    initLevel                 808826 RLA    
scrollLevel               80891D RLA    initScore                 808A89 RLA    
updateScorePlayer1        808B8F RLA    updateScorePlayer2        808BBE  LA    
updateScoreTop            808BED  LA    updateEnergyPlayer        808C0C RLA    
setEnergyPlayer           808C19 RLA    updateTime                808CB0 RLA    
setLiveCounter            808CE5 RLA    scoreEvent                808D0A  LA    
writeNumberToScoreMap     808D52  LA    initHeroSprite            808D9B RLA    
clearHeroSprite           808E0A  LA    setHeroOAM                808E2B  LA    
animHero                  808ED3  LA    transferHeroSpriteDataEvent 808FB8 RLA    
setMirrorSpriteMode       80900B  LA    setNormalSpriteMode       809014  LA    
reactHero                 80901D RLA    fallHero                  80921C  LA    
setShakingFlag            809291  LA    initEnemySprite           8092B6 RLA    
addEnemy                  809447 RLA    findEmptySlotEnemy        8094AA RLA    
clearEnemy                8094CC  LA    setEnemyOAM               8094F6  LA    
animEnemy                 80966C  LA    reactEnemy                8096D0 RLA    
reactEnemyGrab            809713  LA    enemyGrabFall             8098A5  LA    
enemyStrategyInit         809935 RLA    enemyStrategyGrab         809940 RLA    
hitInit                   80996D RLA    hitAdd                    809982 RLA    
hitRemove                 8099FE  LA    hitProcess                809A17 RLA    
gss_init                  809A4A RLA    gss_playTrack             809A76 RLA    
gss_playSfx               809AC7  LA    gss_stopTrack             809B06  LA    
gss_pauseTrack            809B16  LA    gss_resumeTrack           809B29  LA    
gss_stopAll               809B3C  LA    gss_setStereo             809B4C RLA    
gss_setMono               809B5F  LA    gss_setGlobalVolume       809B72  LA    
gss_setChannelsVolume     809B91  LA    spc_load_data             809BB0  LA    
spc_command               809C17  LA    letterIntroString         809C3D RLA    
titleScreenSelectString   809CEF RLA    titleScreenCopyrightString 809D10 RLA    
readyString               809D3F  LA    onePlayerFirstFloorString 809D50  LA    
gamePausedString          809D8A RLA    initFont                  809DB5 RLA    
setFontPalette            809DDD RLA    enableSkipSpaces          809DE7  LA    
disableSkipSpaces         809DF5 RLA    enableSkipLeadingZero     809E03 RLA    
disableSkipLeadingZero    809E11  LA    setFontCursorPosition     809E1F RLA    
setFontCursorPositionNewLine 809E39 RLA    writeFontString           809E50 RLA    
writeFontNumber           809EB0 RLA    clearFontZone             809F16 RLA    
highScoreTitleString      809F70  LA    highScoreInitValues       80A062  LA    
insertNewHighScore        80A102  LA    displayHighScore          80A102  LA    
initHighScore             80A102  LA    highScoreMainLoop         80A170  LA    
initCursor                80A2F2 RLA    cursorEvent               80A325 RLA    
initSnes                  80A384 RLA    initEvents                80A477 RLA    
addEvent                  80A4A3 RLA    processEvents             80A4D2 RLA    
removeEvent               80A525 RLA    getEventCounter           80A53C RLA    
initPad                   80A548 RLA    readPad1                  80A589 RLA    
readPad2                  80A5C7  LA    readPad3                  80A605  LA    
readPad4                  80A643  LA    clearOAM                  80A681 RLA    
copyOAM                   80A6B0 RLA    OAMDataUpdated            80A6E7 RLA    
SPC700_Driver_Size        80A79B  LA    Song_Dst_Pointer          80A79D  LA    
Song_Bank_Table           80A79F  LA    Song_Offset_Table         80A7A1  LA    
Song_Size_Table           80A7A3  LA    cursorList                80A7A5 RLA    
highByte                  81EF20  LA    enemyFallYOffset          81EF50  LA    
enemyFallAnimAddress      81EF8C  LA    grabbingWalk1             81EF94  LA    
grabbingWalk2             81EFA9  LA    grabbingFall1             81F08D  LA    
grabbingWalk              81F0C9  LA    grabbingGrab              81F0E3  LA    
grabbingShakeFall         81F0E7  LA    grabbingHitHighFall       81F0F1  LA    
grabbingHitMidFall        81F0FB  LA    grabbingHitLowFall        81F105  LA    
heroDownKick2             82ED2C  LA    heroDownPunch1            82ED4D  LA    
heroDownPunch3            82ED86  LA    heroStandKick2            82EDC7  LA    
fontTiles                 84EAA0 RLA    letterGreyPal             84F2C0 RLA    
letterRedPal              84F2E0 RLA    titleScreenWhitePal       84F300 RLA    
titleScreenYellowPal      84F320 RLA    titleScreenWhiteRedPal    84F340 RLA    
fontWhiteRedBlackPal      84F360 RLA    fontRedBlackBlackPal      84F380 RLA    
fontCyanBlackBlackPal     84F39F RLA    gameMessagePal            84F3BF RLA    
SPC700_Driver             878000  LA    


Imports list:
-------------
EnemyArrayAnimAddress (enemy.o):
EnemyArrayAnimFrameCounter (enemy.o):
EnemyArrayAnimFrameIndex (enemy.o):
EnemyArrayFlag (enemy.o):
EnemyArrayOAMSlotOffset (enemy.o):
EnemyArrayOffsetFramecounter (enemy.o):
EnemyArrayXOffset (enemy.o):
    hit.o                     includes/enemy.inc(9)
EnemyArrayYOffset (enemy.o):
    hit.o                     includes/enemy.inc(10)
EnemyCurrentArrayIndexByte (enemy.o):
EnemyCurrentArrayIndexWord (enemy.o):
EnemyCurrentXOffset (enemy.o):
EnemyCurrentYOffset (enemy.o):
EnemyTempXOffsetHigh (enemy.o):
OAMDataUpdated (sprite.o):
    cursor.o                  ../../Tools/cc65-sfclib/include/snes-sprite.inc(3)
    hit.o                     ../../Tools/cc65-sfclib/include/snes-sprite.inc(3)
    enemy.o                   ../../Tools/cc65-sfclib/include/snes-sprite.inc(3)
    hero.o                    ../../Tools/cc65-sfclib/include/snes-sprite.inc(3)
SPC700_Driver (snesgss.o):
SPC700_Driver_Size (snesgss.o):
Song_Bank_Table (snesgss.o):
Song_Dst_Pointer (snesgss.o):
Song_Offset_Table (snesgss.o):
Song_Size_Table (snesgss.o):
_IRQHandler (main.o):
    crt0.o                    src/crt0.asm(13)
_NMIHandler (main.o):
    crt0.o                    src/crt0.asm(13)
__ROMINFO_FILEOFFS__ ([linker generated]):
__ROMINFO_LAST__ ([linker generated]):
__ROMINFO_SIZE__ ([linker generated]):
__ROMINFO_START__ ([linker generated]):
__STARTUP__ (crt0.o):
    main.o                    main.asm(27)
__VECTORS_FILEOFFS__ ([linker generated]):
__VECTORS_LAST__ ([linker generated]):
__VECTORS_SIZE__ ([linker generated]):
__VECTORS_START__ ([linker generated]):
_gameStartIntro (main.o):
    cursor.o                  cursor.asm(21)
_jump (main.o):
_main (main.o):
    crt0.o                    src/crt0.asm(11)
_preInit (main.o):
    crt0.o                    src/crt0.asm(12)
addEnemy (enemy.o):
    enemyStrategy.o           includes/enemy.inc(7)
addEvent (event.o):
    score.o                   ../../Tools/cc65-sfclib/include/snes-event.inc(2)
    level.o                   ../../Tools/cc65-sfclib/include/snes-event.inc(2)
    main.o                    ../../Tools/cc65-sfclib/include/snes-event.inc(2)
animEnemy (enemy.o):
animHero (hero.o):
animInProgress (hero.o):
clearEnemy (enemy.o):
clearFontZone (font.o):
    main.o                    includes/font.inc(11)
clearHeroSprite (hero.o):
clearOAM (sprite.o):
    hero.o                    ../../Tools/cc65-sfclib/include/snes-sprite.inc(1)
copyOAM (sprite.o):
    main.o                    ../../Tools/cc65-sfclib/include/snes-sprite.inc(2)
cursorEvent (cursor.o):
    main.o                    includes/cursor.inc(2)
cursorList (cursor.o):
    main.o                    includes/cursor.inc(6)
cursorTarget (cursor.o):
    main.o                    includes/cursor.inc(3)
cursorTargetSet (cursor.o):
    main.o                    includes/cursor.inc(4)
disableSkipLeadingZero (font.o):
disableSkipSpaces (font.o):
    main.o                    includes/font.inc(4)
displayHighScore (highScore.o):
doUpdateScore (score.o):
enableSkipLeadingZero (font.o):
    highScore.o               includes/font.inc(5)
enableSkipSpaces (font.o):
enemyFallAnimAddress (enemy.o):
enemyFallYOffset (enemy.o):
enemyGrabFall (enemy.o):
enemyStrategyGrab (enemyStrategy.o):
    main.o                    includes/enemyStrategy.inc(6)
enemyStrategyInit (enemyStrategy.o):
    main.o                    includes/enemyStrategy.inc(5)
energyPlayer (score.o):
    hero.o                    includes/score.inc(4)
eventsTable (event.o):
fallHero (hero.o):
findEmptySlotEnemy (enemy.o):
    enemyStrategy.o           includes/enemy.inc(8)
fontCyanBlackBlackPal (font.o):
    highScore.o               includes/font.inc(24)
fontRedBlackBlackPal (font.o):
    highScore.o               includes/font.inc(23)
fontTiles (font.o):
    highScore.o               includes/font.inc(13)
    main.o                    includes/font.inc(13)
fontWhiteRedBlackPal (font.o):
    highScore.o               includes/font.inc(22)
gameMessagePal (font.o):
    highScore.o               includes/font.inc(21)
    main.o                    includes/font.inc(21)
gamePausedString (font.o):
    main.o                    includes/font.inc(31)
getEventCounter (event.o):
    score.o                   ../../Tools/cc65-sfclib/include/snes-event.inc(5)
grabbingFall1 (enemy.o):
grabbingGrab (enemy.o):
grabbingHitHighFall (enemy.o):
grabbingHitLowFall (enemy.o):
grabbingHitMidFall (enemy.o):
grabbingShakeFall (enemy.o):
grabbingWalk (enemy.o):
grabbingWalk1 (enemy.o):
grabbingWalk2 (enemy.o):
gss_channels (snesgss.o):
gss_channelsVolume (snesgss.o):
gss_init (snesgss.o):
    main.o                    includes/snesgss.inc(1)
gss_pauseTrack (snesgss.o):
gss_playSfx (snesgss.o):
gss_playTrack (snesgss.o):
    main.o                    includes/snesgss.inc(3)
gss_resumeTrack (snesgss.o):
gss_setChannelsVolume (snesgss.o):
gss_setGlobalVolume (snesgss.o):
gss_setMono (snesgss.o):
gss_setStereo (snesgss.o):
    main.o                    includes/snesgss.inc(8)
gss_sfxChannel (snesgss.o):
gss_sfxNumber (snesgss.o):
gss_sfxPan (snesgss.o):
gss_sfxVolume (snesgss.o):
gss_stopAll (snesgss.o):
gss_stopTrack (snesgss.o):
gss_trackNumber (snesgss.o):
gss_volume (snesgss.o):
gss_volumeSpeed (snesgss.o):
heroAnimInterruptCounter (hero.o):
heroDownKick2 (hero.o):
heroDownPunch1 (hero.o):
heroDownPunch3 (hero.o):
heroFlag (hero.o):
    enemy.o                   includes/hero.inc(7)
heroHitOffset (hero.o):
    enemy.o                   includes/hero.inc(8)
heroHitType (hero.o):
    hit.o                     includes/hero.inc(10)
heroHitZone (hero.o):
    enemy.o                   includes/hero.inc(9)
heroStandKick2 (hero.o):
heroTransferAddr (hero.o):
heroXOffset (hero.o):
    enemy.o                   includes/hero.inc(6)
highByte (enemy.o):
highScoreInitValues (highScore.o):
highScoreMainLoop (highScore.o):
highScoreTitleString (highScore.o):
hitAdd (hit.o):
    enemy.o                   includes/hit.inc(2)
hitInit (hit.o):
    main.o                    includes/hit.inc(1)
hitProcess (hit.o):
    main.o                    includes/hit.inc(3)
hitRemove (hit.o):
initCursor (cursor.o):
    main.o                    includes/cursor.inc(1)
initEnemySprite (enemy.o):
    main.o                    includes/enemy.inc(5)
initEvents (event.o):
    main.o                    ../../Tools/cc65-sfclib/include/snes-event.inc(1)
initFont (font.o):
    highScore.o               includes/font.inc(1)
    main.o                    includes/font.inc(1)
initHeroSprite (hero.o):
    main.o                    includes/hero.inc(3)
initHighScore (highScore.o):
initLevel (level.o):
    main.o                    includes/level.inc(1)
initPad (pad.o):
    main.o                    ../../Tools/cc65-sfclib/include/snes-pad.inc(1)
initScore (score.o):
    main.o                    includes/score.inc(1)
initSnes (init.o):
    crt0.o                    src/crt0.asm(15)
insertNewHighScore (highScore.o):
letterGreyPal (font.o):
    main.o                    includes/font.inc(14)
letterIntroString (font.o):
    main.o                    includes/font.inc(26)
letterRedPal (font.o):
    main.o                    includes/font.inc(15)
livesCounter (score.o):
    hero.o                    includes/score.inc(7)
oamData (sprite.o):
    cursor.o                  ../../Tools/cc65-sfclib/include/snes-sprite.inc(5)
    hit.o                     ../../Tools/cc65-sfclib/include/snes-sprite.inc(5)
    enemy.o                   ../../Tools/cc65-sfclib/include/snes-sprite.inc(5)
    hero.o                    ../../Tools/cc65-sfclib/include/snes-sprite.inc(5)
onePlayerFirstFloorString (font.o):
padFirstPushData1 (pad.o):
    cursor.o                  ../../Tools/cc65-sfclib/include/snes-pad.inc(4)
    main.o                    ../../Tools/cc65-sfclib/include/snes-pad.inc(4)
padFirstPushDataHigh1 (pad.o):
padFirstPushDataLow1 (pad.o):
    hero.o                    ../../Tools/cc65-sfclib/include/snes-pad.inc(9)
padPushData1 (pad.o):
    main.o                    ../../Tools/cc65-sfclib/include/snes-pad.inc(4)
padPushData2 (pad.o):
padPushData3 (pad.o):
padPushData4 (pad.o):
padPushDataHigh1 (pad.o):
padPushDataHigh2 (pad.o):
padPushDataHigh3 (pad.o):
padPushDataHigh4 (pad.o):
padPushDataLow1 (pad.o):
    hero.o                    ../../Tools/cc65-sfclib/include/snes-pad.inc(9)
padPushDataLow2 (pad.o):
padPushDataLow3 (pad.o):
padPushDataLow4 (pad.o):
padReleaseData1 (pad.o):
padReleaseData2 (pad.o):
padReleaseData3 (pad.o):
padReleaseData4 (pad.o):
padReleaseDataHigh1 (pad.o):
padReleaseDataHigh2 (pad.o):
padReleaseDataHigh3 (pad.o):
padReleaseDataHigh4 (pad.o):
padReleaseDataLow1 (pad.o):
    hero.o                    ../../Tools/cc65-sfclib/include/snes-pad.inc(9)
padReleaseDataLow2 (pad.o):
padReleaseDataLow3 (pad.o):
padReleaseDataLow4 (pad.o):
processEvents (event.o):
    main.o                    ../../Tools/cc65-sfclib/include/snes-event.inc(4)
reactEnemy (enemy.o):
    main.o                    includes/enemy.inc(6)
reactEnemyGrab (enemy.o):
reactHero (hero.o):
    main.o                    includes/hero.inc(5)
readPad1 (pad.o):
    main.o                    ../../Tools/cc65-sfclib/include/snes-pad.inc(2)
readPad2 (pad.o):
readPad3 (pad.o):
readPad4 (pad.o):
readyString (font.o):
removeEvent (event.o):
    main.o                    ../../Tools/cc65-sfclib/include/snes-event.inc(3)
scoreEvent (score.o):
scoreMapData (score.o):
scorePlayer1 (score.o):
scrollDirection (level.o):
    enemy.o                   includes/level.inc(5)
    hero.o                    includes/level.inc(5)
scrollLevel (level.o):
    hero.o                    includes/level.inc(2)
scrollValue (level.o):
setEnemyOAM (enemy.o):
setEnergyPlayer (score.o):
    enemy.o                   includes/score.inc(5)
setFontCursorPosition (font.o):
    highScore.o               includes/font.inc(7)
    main.o                    includes/font.inc(7)
setFontCursorPositionNewLine (font.o):
    highScore.o               includes/font.inc(8)
setFontPalette (font.o):
    highScore.o               includes/font.inc(2)
setHeroOAM (hero.o):
setLiveCounter (score.o):
    hero.o                    includes/score.inc(6)
setMirrorSpriteMode (hero.o):
setNormalSpriteMode (hero.o):
setShakingFlag (hero.o):
skipSpaces (font.o):
spc_command (snesgss.o):
spc_load_data (snesgss.o):
splashScreen (main.o):
spriteCounter (hero.o):
    enemy.o                   enemy.asm(26)
timeCounter (score.o):
titleScreenCopyrightString (font.o):
    main.o                    includes/font.inc(28)
titleScreenSelectString (font.o):
    main.o                    includes/font.inc(27)
titleScreenWhitePal (font.o):
    main.o                    includes/font.inc(17)
titleScreenWhiteRedPal (font.o):
    main.o                    includes/font.inc(19)
titleScreenYellowPal (font.o):
    main.o                    includes/font.inc(18)
transferHeroSpriteDataEvent (hero.o):
    main.o                    includes/hero.inc(4)
updateEnergyPlayer (score.o):
    enemy.o                   includes/score.inc(3)
updateScorePlayer1 (score.o):
    hit.o                     includes/score.inc(8)
updateScorePlayer2 (score.o):
updateScoreTop (score.o):
updateTime (score.o):
    main.o                    includes/score.inc(2)
writeFontNumber (font.o):
    highScore.o               includes/font.inc(10)
writeFontString (font.o):
    highScore.o               includes/font.inc(9)
    main.o                    includes/font.inc(9)
writeNumberToScoreMap (score.o):

