Modules list:
-------------
main.o:
    CODE              Offs=000000  Size=000565  Align=00001  Fill=0000
    RODATA            Offs=000000  Size=000008  Align=00001  Fill=0000
    BSS               Offs=000000  Size=000005  Align=00001  Fill=0000
    DATA              Offs=000000  Size=000000  Align=00001  Fill=0000
    ZEROPAGE          Offs=000000  Size=000002  Align=00001  Fill=0000
    NULL              Offs=000000  Size=000000  Align=00001  Fill=0000
    BANK1             Offs=000000  Size=0053E0  Align=00001  Fill=0000
level.o:
    CODE              Offs=000565  Size=000263  Align=00001  Fill=0000
    RODATA            Offs=000008  Size=000082  Align=00001  Fill=0000
    BSS               Offs=000005  Size=000009  Align=00001  Fill=0000
    DATA              Offs=000000  Size=000000  Align=00001  Fill=0000
    ZEROPAGE          Offs=000002  Size=000000  Align=00001  Fill=0000
    NULL              Offs=000000  Size=000000  Align=00001  Fill=0000
    BANK4             Offs=000000  Size=0054A0  Align=00001  Fill=0000
score.o:
    CODE              Offs=0007C8  Size=000312  Align=00001  Fill=0000
    RODATA            Offs=00008A  Size=000000  Align=00001  Fill=0000
    BSS               Offs=00000E  Size=0000D3  Align=00001  Fill=0000
    DATA              Offs=000000  Size=000000  Align=00001  Fill=0000
    ZEROPAGE          Offs=000002  Size=000000  Align=00001  Fill=0000
    NULL              Offs=000000  Size=000000  Align=00001  Fill=0000
    BANK4             Offs=0054A0  Size=001600  Align=00001  Fill=0000
hero.o:
    CODE              Offs=000ADA  Size=00051B  Align=00001  Fill=0000
    RODATA            Offs=00008A  Size=000000  Align=00001  Fill=0000
    BSS               Offs=0000E1  Size=000007  Align=00001  Fill=0000
    DATA              Offs=000000  Size=000000  Align=00001  Fill=0000
    ZEROPAGE          Offs=000002  Size=00000B  Align=00001  Fill=0000
    NULL              Offs=000000  Size=000000  Align=00001  Fill=0000
    BANK2             Offs=000000  Size=0070A4  Align=00001  Fill=0000
enemy.o:
    CODE              Offs=000FF5  Size=00067F  Align=00001  Fill=0000
    RODATA            Offs=00008A  Size=000004  Align=00001  Fill=0000
    BSS               Offs=0000E8  Size=0000AC  Align=00001  Fill=0000
    DATA              Offs=000000  Size=000000  Align=00001  Fill=0000
    ZEROPAGE          Offs=00000D  Size=000008  Align=00001  Fill=0000
    NULL              Offs=000000  Size=000000  Align=00001  Fill=0000
    BANK1             Offs=0053E0  Size=00222F  Align=00001  Fill=0000
    BANK3             Offs=000000  Size=008000  Align=00001  Fill=0000
enemyStrategy.o:
    CODE              Offs=001674  Size=000038  Align=00001  Fill=0000
    RODATA            Offs=00008E  Size=000000  Align=00001  Fill=0000
    BSS               Offs=000194  Size=000002  Align=00001  Fill=0000
    DATA              Offs=000000  Size=000000  Align=00001  Fill=0000
    ZEROPAGE          Offs=000015  Size=000000  Align=00001  Fill=0000
    NULL              Offs=000000  Size=000000  Align=00001  Fill=0000
hit.o:
    CODE              Offs=0016AC  Size=0000DD  Align=00001  Fill=0000
    RODATA            Offs=00008E  Size=000018  Align=00001  Fill=0000
    BSS               Offs=000196  Size=00005D  Align=00001  Fill=0000
    DATA              Offs=000000  Size=000000  Align=00001  Fill=0000
    ZEROPAGE          Offs=000015  Size=000000  Align=00001  Fill=0000
    NULL              Offs=000000  Size=000000  Align=00001  Fill=0000
snesgss.o:
    CODE              Offs=001789  Size=0001F3  Align=00001  Fill=0000
    RODATA            Offs=0000A6  Size=00000A  Align=00001  Fill=0000
    BSS               Offs=0001F3  Size=000000  Align=00001  Fill=0000
    DATA              Offs=000000  Size=000000  Align=00001  Fill=0000
    ZEROPAGE          Offs=000015  Size=000019  Align=00001  Fill=0000
    NULL              Offs=000000  Size=000000  Align=00001  Fill=0000
    BANK7             Offs=000000  Size=003379  Align=00001  Fill=0000
state.o:
    CODE              Offs=00197C  Size=000000  Align=00001  Fill=0000
    RODATA            Offs=0000B0  Size=000000  Align=00001  Fill=0000
    BSS               Offs=0001F3  Size=000000  Align=00001  Fill=0000
    DATA              Offs=000000  Size=000000  Align=00001  Fill=0000
    ZEROPAGE          Offs=00002E  Size=000000  Align=00001  Fill=0000
    NULL              Offs=000000  Size=000000  Align=00001  Fill=0000
../../Tools/cc65-sfclib/bin/sfc.lib(crt0.o):
    CODE              Offs=00197C  Size=000000  Align=00001  Fill=0000
    RODATA            Offs=0000B0  Size=000000  Align=00001  Fill=0000
    BSS               Offs=0001F3  Size=000000  Align=00001  Fill=0000
    DATA              Offs=000000  Size=000000  Align=00001  Fill=0000
    ZEROPAGE          Offs=00002E  Size=000000  Align=00001  Fill=0000
    NULL              Offs=000000  Size=000000  Align=00001  Fill=0000
    STARTUP           Offs=000000  Size=000047  Align=00001  Fill=0000
    ROMINFO           Offs=000000  Size=000030  Align=00001  Fill=0000
    VECTORS           Offs=000000  Size=00001C  Align=00001  Fill=0000
../../Tools/cc65-sfclib/bin/sfc.lib(init.o):
    CODE              Offs=00197C  Size=0000F3  Align=00001  Fill=0000
    RODATA            Offs=0000B0  Size=000000  Align=00001  Fill=0000
    BSS               Offs=0001F3  Size=000000  Align=00001  Fill=0000
    DATA              Offs=000000  Size=000000  Align=00001  Fill=0000
    ZEROPAGE          Offs=00002E  Size=000000  Align=00001  Fill=0000
    NULL              Offs=000000  Size=000000  Align=00001  Fill=0000
../../Tools/cc65-sfclib/bin/sfc.lib(event.o):
    CODE              Offs=001A6F  Size=0000D1  Align=00001  Fill=0000
    RODATA            Offs=0000B0  Size=000000  Align=00001  Fill=0000
    BSS               Offs=0001F3  Size=000083  Align=00001  Fill=0000
    DATA              Offs=000000  Size=000000  Align=00001  Fill=0000
    ZEROPAGE          Offs=00002E  Size=000000  Align=00001  Fill=0000
    NULL              Offs=000000  Size=000000  Align=00001  Fill=0000
../../Tools/cc65-sfclib/bin/sfc.lib(pad.o):
    CODE              Offs=001B40  Size=000139  Align=00001  Fill=0000
    RODATA            Offs=0000B0  Size=000000  Align=00001  Fill=0000
    BSS               Offs=000276  Size=000012  Align=00001  Fill=0000
    DATA              Offs=000000  Size=000000  Align=00001  Fill=0000
    ZEROPAGE          Offs=00002E  Size=000000  Align=00001  Fill=0000
    NULL              Offs=000000  Size=000000  Align=00001  Fill=0000
../../Tools/cc65-sfclib/bin/sfc.lib(sprite.o):
    CODE              Offs=001C79  Size=000074  Align=00001  Fill=0000
    RODATA            Offs=0000B0  Size=000000  Align=00001  Fill=0000
    BSS               Offs=000288  Size=000221  Align=00001  Fill=0000
    DATA              Offs=000000  Size=000000  Align=00001  Fill=0000
    ZEROPAGE          Offs=00002E  Size=000000  Align=00001  Fill=0000
    NULL              Offs=000000  Size=000000  Align=00001  Fill=0000


Segment list:
-------------
Name                   Start     End    Size  Align
----------------------------------------------------
DATA                  000000  000000  000000  00001
NULL                  000000  000000  000000  00001
ZEROPAGE              000000  00002D  00002E  00001
BSS                   000200  0006A8  0004A9  00001
ROMINFO               00FFB0  00FFDF  000030  00001
VECTORS               00FFE4  00FFFF  00001C  00001
STARTUP               808000  808046  000047  00001
CODE                  808047  809D33  001CED  00001
RODATA                809D34  809DE3  0000B0  00001
BANK1                 818000  81F60E  00760F  00001
BANK2                 828000  82F0A3  0070A4  00001
BANK3                 838000  83FFFF  008000  00001
BANK4                 848000  84EA9F  006AA0  00001
BANK7                 878000  87B378  003379  00001


Exports list by name:
---------------------
EnemyArrayAnimAddress     0002E9  LA    EnemyArrayAnimFrameCounter 00035A  LA    
EnemyArrayAnimFrameIndex  00033E  LA    EnemyArrayFlag            000377  LA    
EnemyArrayOAMSlotOffset   000305  LA    EnemyArrayOffsetFramecounter 00035B  LA    
EnemyArrayXOffset         000321 RLA    EnemyArrayYOffset         00033D RLA    
EnemyCurrentArrayIndexByte 00000F  LZ    EnemyCurrentArrayIndexWord 000011  LZ    
EnemyCurrentXOffset       000014  LZ    EnemyCurrentYOffset       000013  LZ    
EnemyTempXOffsetHigh      0002E8  LA    OAMDataUpdated            809D26 RLA    
SPC700_Driver             878000  LA    SPC700_Driver_Size        809DDA  LA    
Song_Bank_Table           809DDE  LA    Song_Dst_Pointer          809DDC  LA    
Song_Offset_Table         809DE0  LA    Song_Size_Table           809DE2  LA    
_IRQHandler               8084A1 RLA    _NMIHandler               8084CE RLA    
__ROMINFO_FILEOFFS__      007FB0  EA    __ROMINFO_LAST__          00FFE0  LA    
__ROMINFO_SIZE__          000034  EA    __ROMINFO_START__         00FFB0  LA    
__STARTUP__               000001 REA    __VECTORS_FILEOFFS__      007FE4  EA    
__VECTORS_LAST__          010000  LA    __VECTORS_SIZE__          00001C  EA    
__VECTORS_START__         00FFE4  LA    _checkForGameStart        808410  EA    
_checkForTitleScreen      808233  EA    _gameStart                808417  EA    
_main                     808047 RLA    _preInit                  8084D5 RLA    
addEnemy                  8091CD RLA    addEvent                  809AE2 RLA    
animEnemy                 8093F2  LA    animHero                  808C59  LA    
animInProgress            000002  LZ    clearEnemy                809252  LA    
clearHeroSprite           808B90  LA    clearOAM                  809CC0 RLA    
copyOAM                   809CEF RLA    doUpdateScore             0002CE  LA    
enemyFallAnimAddress      81F48C  LA    enemyFallYOffset          81F450  LA    
enemyGrabFall             80962B  LA    enemyStrategyGrab         8096C6 RLA    
enemyStrategyInit         8096BB RLA    energyPlayer              0002D9 RLA    
eventsTable               0003F3  LA    fallHero                  808FA2  LA    
findEmptySlotEnemy        809230 RLA    getEventCounter           809B7B RLA    
grabbingFall1             81F58D  LA    grabbingGrab              81F5E3  LA    
grabbingHitHighFall       81F5F1  LA    grabbingHitLowFall        81F605  LA    
grabbingHitMidFall        81F5FB  LA    grabbingShakeFall         81F5E7  LA    
grabbingWalk              81F5C9  LA    grabbingWalk1             81F494  LA    
grabbingWalk2             81F4A9  LA    gss_channels              000028  LZ    
gss_channelsVolume        000029  LZ    gss_init                  8097D0 RLA    
gss_pauseTrack            80989C  LA    gss_playSfx               80984D  LA    
gss_playTrack             8097FC RLA    gss_resumeTrack           8098AF  LA    
gss_setChannelsVolume     809917  LA    gss_setGlobalVolume       8098F8  LA    
gss_setMono               8098E5  LA    gss_setStereo             8098D2 RLA    
gss_sfxChannel            00002A  LZ    gss_sfxNumber             00002B  LZ    
gss_sfxPan                00002D  LZ    gss_sfxVolume             00002C  LZ    
gss_stopAll               8098C2  LA    gss_stopTrack             80988C  LA    
gss_trackNumber           000025  LZ    gss_volume                000026  LZ    
gss_volumeSpeed           000027  LZ    heroAnimInterruptCounter  000005  LZ    
heroDownKick2             82ED2C  LA    heroDownPunch1            82ED4D  LA    
heroDownPunch3            82ED86  LA    heroFlag                  00000C RLZ    
heroHitOffset             000009 RLZ    heroHitType               00000B RLZ    
heroHitZone               00000A RLZ    heroStandKick2            82EDC7  LA    
heroTransferAddr          0002E6  LA    heroXOffset               000007 RLZ    
highByte                  81F420  LA    hitAdd                    809708 RLA    
hitInit                   8096F3 RLA    hitProcess                80979D RLA    
hitRemove                 809784  LA    initEnemySprite           80903C RLA    
initEvents                809AB6 RLA    initHeroSprite            808B21 RLA    
initLevel                 8085AC RLA    initPad                   809B87 RLA    
initScore                 80880F RLA    initSnes                  8099C3 RLA    
livesCounter              0002DD RLA    oamData                   000488 RLA    
padFirstPushData1         000478  LA    padFirstPushDataHigh1     000479  LA    
padFirstPushDataLow1      000478 RLA    padPushData1              000476 RLA    
padPushData2              00047C  LA    padPushData3              000480  LA    
padPushData4              000484  LA    padPushDataHigh1          000477  LA    
padPushDataHigh2          00047D  LA    padPushDataHigh3          000480  LA    
padPushDataHigh4          000484  LA    padPushDataLow1           000476 RLA    
padPushDataLow2           00047C  LA    padPushDataLow3           000481  LA    
padPushDataLow4           000485  LA    padReleaseData1           00047A  LA    
padReleaseData2           00047E  LA    padReleaseData3           000482  LA    
padReleaseData4           000486  LA    padReleaseDataHigh1       00047B  LA    
padReleaseDataHigh2       00047F  LA    padReleaseDataHigh3       000482  LA    
padReleaseDataHigh4       000486  LA    padReleaseDataLow1        00047A RLA    
padReleaseDataLow2        00047E  LA    padReleaseDataLow3        000483  LA    
padReleaseDataLow4        000487  LA    processEvents             809B11 RLA    
reactEnemy                809456 RLA    reactEnemyGrab            809499  LA    
reactHero                 808DA3 RLA    readPad1                  809BC8 RLA    
readPad2                  809C06  LA    readPad3                  809C44  LA    
readPad4                  809C82  LA    removeEvent               809B64 RLA    
scoreEvent                808A90  LA    scoreMapData              00020E  LA    
scorePlayer1              0002D0  LA    scrollDirection           00020B RLA    
scrollLevel               8086A3 RLA    scrollValue               000209  LA    
setEnemyOAM               80927C  LA    setEnergyPlayer           80899F RLA    
setHeroOAM                808BB1  LA    setLiveCounter            808A6B RLA    
setMirrorSpriteMode       808D91  LA    setNormalSpriteMode       808D9A  LA    
setShakingFlag            809017  LA    spc_command               80999D  LA    
spc_load_data             809936  LA    splashScreen              8084EC  LA    
spriteCounter             0002E1 RLA    timeCounter               0002DB  LA    
transferHeroSpriteDataEvent 808D3E RLA    updateEnergyPlayer        808992 RLA    
updateScorePlayer1        808915 RLA    updateScorePlayer2        808944  LA    
updateScoreTop            808973  LA    updateTime                808A36 RLA    
writeNumberToScoreMap     808AD8  LA    


Exports list by value:
----------------------
__STARTUP__               000001 REA    animInProgress            000002  LZ    
heroAnimInterruptCounter  000005  LZ    heroXOffset               000007 RLZ    
heroHitOffset             000009 RLZ    heroHitZone               00000A RLZ    
heroHitType               00000B RLZ    heroFlag                  00000C RLZ    
EnemyCurrentArrayIndexByte 00000F  LZ    EnemyCurrentArrayIndexWord 000011  LZ    
EnemyCurrentYOffset       000013  LZ    EnemyCurrentXOffset       000014  LZ    
__VECTORS_SIZE__          00001C  EA    gss_trackNumber           000025  LZ    
gss_volume                000026  LZ    gss_volumeSpeed           000027  LZ    
gss_channels              000028  LZ    gss_channelsVolume        000029  LZ    
gss_sfxChannel            00002A  LZ    gss_sfxNumber             00002B  LZ    
gss_sfxVolume             00002C  LZ    gss_sfxPan                00002D  LZ    
__ROMINFO_SIZE__          000034  EA    scrollValue               000209  LA    
scrollDirection           00020B RLA    scoreMapData              00020E  LA    
doUpdateScore             0002CE  LA    scorePlayer1              0002D0  LA    
energyPlayer              0002D9 RLA    timeCounter               0002DB  LA    
livesCounter              0002DD RLA    spriteCounter             0002E1 RLA    
heroTransferAddr          0002E6  LA    EnemyTempXOffsetHigh      0002E8  LA    
EnemyArrayAnimAddress     0002E9  LA    EnemyArrayOAMSlotOffset   000305  LA    
EnemyArrayXOffset         000321 RLA    EnemyArrayYOffset         00033D RLA    
EnemyArrayAnimFrameIndex  00033E  LA    EnemyArrayAnimFrameCounter 00035A  LA    
EnemyArrayOffsetFramecounter 00035B  LA    EnemyArrayFlag            000377  LA    
eventsTable               0003F3  LA    padPushDataLow1           000476 RLA    
padPushData1              000476 RLA    padPushDataHigh1          000477  LA    
padFirstPushDataLow1      000478 RLA    padFirstPushData1         000478  LA    
padFirstPushDataHigh1     000479  LA    padReleaseDataLow1        00047A RLA    
padReleaseData1           00047A  LA    padReleaseDataHigh1       00047B  LA    
padPushData2              00047C  LA    padPushDataLow2           00047C  LA    
padPushDataHigh2          00047D  LA    padReleaseData2           00047E  LA    
padReleaseDataLow2        00047E  LA    padReleaseDataHigh2       00047F  LA    
padPushDataHigh3          000480  LA    padPushData3              000480  LA    
padPushDataLow3           000481  LA    padReleaseDataHigh3       000482  LA    
padReleaseData3           000482  LA    padReleaseDataLow3        000483  LA    
padPushData4              000484  LA    padPushDataHigh4          000484  LA    
padPushDataLow4           000485  LA    padReleaseData4           000486  LA    
padReleaseDataHigh4       000486  LA    padReleaseDataLow4        000487  LA    
oamData                   000488 RLA    __ROMINFO_FILEOFFS__      007FB0  EA    
__VECTORS_FILEOFFS__      007FE4  EA    __ROMINFO_START__         00FFB0  LA    
__ROMINFO_LAST__          00FFE0  LA    __VECTORS_START__         00FFE4  LA    
__VECTORS_LAST__          010000  LA    _main                     808047 RLA    
_checkForTitleScreen      808233  EA    _checkForGameStart        808410  EA    
_gameStart                808417  EA    _IRQHandler               8084A1 RLA    
_NMIHandler               8084CE RLA    _preInit                  8084D5 RLA    
splashScreen              8084EC  LA    initLevel                 8085AC RLA    
scrollLevel               8086A3 RLA    initScore                 80880F RLA    
updateScorePlayer1        808915 RLA    updateScorePlayer2        808944  LA    
updateScoreTop            808973  LA    updateEnergyPlayer        808992 RLA    
setEnergyPlayer           80899F RLA    updateTime                808A36 RLA    
setLiveCounter            808A6B RLA    scoreEvent                808A90  LA    
writeNumberToScoreMap     808AD8  LA    initHeroSprite            808B21 RLA    
clearHeroSprite           808B90  LA    setHeroOAM                808BB1  LA    
animHero                  808C59  LA    transferHeroSpriteDataEvent 808D3E RLA    
setMirrorSpriteMode       808D91  LA    setNormalSpriteMode       808D9A  LA    
reactHero                 808DA3 RLA    fallHero                  808FA2  LA    
setShakingFlag            809017  LA    initEnemySprite           80903C RLA    
addEnemy                  8091CD RLA    findEmptySlotEnemy        809230 RLA    
clearEnemy                809252  LA    setEnemyOAM               80927C  LA    
animEnemy                 8093F2  LA    reactEnemy                809456 RLA    
reactEnemyGrab            809499  LA    enemyGrabFall             80962B  LA    
enemyStrategyInit         8096BB RLA    enemyStrategyGrab         8096C6 RLA    
hitInit                   8096F3 RLA    hitAdd                    809708 RLA    
hitRemove                 809784  LA    hitProcess                80979D RLA    
gss_init                  8097D0 RLA    gss_playTrack             8097FC RLA    
gss_playSfx               80984D  LA    gss_stopTrack             80988C  LA    
gss_pauseTrack            80989C  LA    gss_resumeTrack           8098AF  LA    
gss_stopAll               8098C2  LA    gss_setStereo             8098D2 RLA    
gss_setMono               8098E5  LA    gss_setGlobalVolume       8098F8  LA    
gss_setChannelsVolume     809917  LA    spc_load_data             809936  LA    
spc_command               80999D  LA    initSnes                  8099C3 RLA    
initEvents                809AB6 RLA    addEvent                  809AE2 RLA    
processEvents             809B11 RLA    removeEvent               809B64 RLA    
getEventCounter           809B7B RLA    initPad                   809B87 RLA    
readPad1                  809BC8 RLA    readPad2                  809C06  LA    
readPad3                  809C44  LA    readPad4                  809C82  LA    
clearOAM                  809CC0 RLA    copyOAM                   809CEF RLA    
OAMDataUpdated            809D26 RLA    SPC700_Driver_Size        809DDA  LA    
Song_Dst_Pointer          809DDC  LA    Song_Bank_Table           809DDE  LA    
Song_Offset_Table         809DE0  LA    Song_Size_Table           809DE2  LA    
highByte                  81F420  LA    enemyFallYOffset          81F450  LA    
enemyFallAnimAddress      81F48C  LA    grabbingWalk1             81F494  LA    
grabbingWalk2             81F4A9  LA    grabbingFall1             81F58D  LA    
grabbingWalk              81F5C9  LA    grabbingGrab              81F5E3  LA    
grabbingShakeFall         81F5E7  LA    grabbingHitHighFall       81F5F1  LA    
grabbingHitMidFall        81F5FB  LA    grabbingHitLowFall        81F605  LA    
heroDownKick2             82ED2C  LA    heroDownPunch1            82ED4D  LA    
heroDownPunch3            82ED86  LA    heroStandKick2            82EDC7  LA    
SPC700_Driver             878000  LA    


Imports list:
-------------
EnemyArrayAnimAddress (enemy.o):
EnemyArrayAnimFrameCounter (enemy.o):
EnemyArrayAnimFrameIndex (enemy.o):
EnemyArrayFlag (enemy.o):
EnemyArrayOAMSlotOffset (enemy.o):
EnemyArrayOffsetFramecounter (enemy.o):
EnemyArrayXOffset (enemy.o):
    hit.o                     includes/enemy.inc(9)
EnemyArrayYOffset (enemy.o):
    hit.o                     includes/enemy.inc(10)
EnemyCurrentArrayIndexByte (enemy.o):
EnemyCurrentArrayIndexWord (enemy.o):
EnemyCurrentXOffset (enemy.o):
EnemyCurrentYOffset (enemy.o):
EnemyTempXOffsetHigh (enemy.o):
OAMDataUpdated (sprite.o):
    hit.o                     ../../Tools/cc65-sfclib/include/snes-sprite.inc(3)
    enemy.o                   ../../Tools/cc65-sfclib/include/snes-sprite.inc(3)
    hero.o                    ../../Tools/cc65-sfclib/include/snes-sprite.inc(3)
SPC700_Driver (snesgss.o):
SPC700_Driver_Size (snesgss.o):
Song_Bank_Table (snesgss.o):
Song_Dst_Pointer (snesgss.o):
Song_Offset_Table (snesgss.o):
Song_Size_Table (snesgss.o):
_IRQHandler (main.o):
    crt0.o                    src/crt0.asm(13)
_NMIHandler (main.o):
    crt0.o                    src/crt0.asm(13)
__ROMINFO_FILEOFFS__ ([linker generated]):
__ROMINFO_LAST__ ([linker generated]):
__ROMINFO_SIZE__ ([linker generated]):
__ROMINFO_START__ ([linker generated]):
__STARTUP__ (crt0.o):
    main.o                    main.asm(24)
__VECTORS_FILEOFFS__ ([linker generated]):
__VECTORS_LAST__ ([linker generated]):
__VECTORS_SIZE__ ([linker generated]):
__VECTORS_START__ ([linker generated]):
_checkForGameStart (main.o):
_checkForTitleScreen (main.o):
_gameStart (main.o):
_main (main.o):
    crt0.o                    src/crt0.asm(11)
_preInit (main.o):
    crt0.o                    src/crt0.asm(12)
addEnemy (enemy.o):
    enemyStrategy.o           includes/enemy.inc(7)
addEvent (event.o):
    score.o                   ../../Tools/cc65-sfclib/include/snes-event.inc(2)
    level.o                   ../../Tools/cc65-sfclib/include/snes-event.inc(2)
    main.o                    ../../Tools/cc65-sfclib/include/snes-event.inc(2)
animEnemy (enemy.o):
animHero (hero.o):
animInProgress (hero.o):
clearEnemy (enemy.o):
clearHeroSprite (hero.o):
clearOAM (sprite.o):
    hero.o                    ../../Tools/cc65-sfclib/include/snes-sprite.inc(1)
copyOAM (sprite.o):
    main.o                    ../../Tools/cc65-sfclib/include/snes-sprite.inc(2)
doUpdateScore (score.o):
enemyFallAnimAddress (enemy.o):
enemyFallYOffset (enemy.o):
enemyGrabFall (enemy.o):
enemyStrategyGrab (enemyStrategy.o):
    main.o                    includes/enemyStrategy.inc(6)
enemyStrategyInit (enemyStrategy.o):
    main.o                    includes/enemyStrategy.inc(5)
energyPlayer (score.o):
    hero.o                    includes/score.inc(4)
eventsTable (event.o):
fallHero (hero.o):
findEmptySlotEnemy (enemy.o):
    enemyStrategy.o           includes/enemy.inc(8)
getEventCounter (event.o):
    score.o                   ../../Tools/cc65-sfclib/include/snes-event.inc(5)
grabbingFall1 (enemy.o):
grabbingGrab (enemy.o):
grabbingHitHighFall (enemy.o):
grabbingHitLowFall (enemy.o):
grabbingHitMidFall (enemy.o):
grabbingShakeFall (enemy.o):
grabbingWalk (enemy.o):
grabbingWalk1 (enemy.o):
grabbingWalk2 (enemy.o):
gss_channels (snesgss.o):
gss_channelsVolume (snesgss.o):
gss_init (snesgss.o):
    main.o                    includes/snesgss.inc(1)
gss_pauseTrack (snesgss.o):
gss_playSfx (snesgss.o):
gss_playTrack (snesgss.o):
    main.o                    includes/snesgss.inc(3)
gss_resumeTrack (snesgss.o):
gss_setChannelsVolume (snesgss.o):
gss_setGlobalVolume (snesgss.o):
gss_setMono (snesgss.o):
gss_setStereo (snesgss.o):
    main.o                    includes/snesgss.inc(8)
gss_sfxChannel (snesgss.o):
gss_sfxNumber (snesgss.o):
gss_sfxPan (snesgss.o):
gss_sfxVolume (snesgss.o):
gss_stopAll (snesgss.o):
gss_stopTrack (snesgss.o):
gss_trackNumber (snesgss.o):
gss_volume (snesgss.o):
gss_volumeSpeed (snesgss.o):
heroAnimInterruptCounter (hero.o):
heroDownKick2 (hero.o):
heroDownPunch1 (hero.o):
heroDownPunch3 (hero.o):
heroFlag (hero.o):
    enemy.o                   includes/hero.inc(7)
heroHitOffset (hero.o):
    enemy.o                   includes/hero.inc(8)
heroHitType (hero.o):
    hit.o                     includes/hero.inc(10)
heroHitZone (hero.o):
    enemy.o                   includes/hero.inc(9)
heroStandKick2 (hero.o):
heroTransferAddr (hero.o):
heroXOffset (hero.o):
    enemy.o                   includes/hero.inc(6)
highByte (enemy.o):
hitAdd (hit.o):
    enemy.o                   includes/hit.inc(2)
hitInit (hit.o):
    main.o                    includes/hit.inc(1)
hitProcess (hit.o):
    main.o                    includes/hit.inc(3)
hitRemove (hit.o):
initEnemySprite (enemy.o):
    main.o                    includes/enemy.inc(5)
initEvents (event.o):
    main.o                    ../../Tools/cc65-sfclib/include/snes-event.inc(1)
initHeroSprite (hero.o):
    main.o                    includes/hero.inc(3)
initLevel (level.o):
    main.o                    includes/level.inc(1)
initPad (pad.o):
    main.o                    ../../Tools/cc65-sfclib/include/snes-pad.inc(1)
initScore (score.o):
    main.o                    includes/score.inc(1)
initSnes (init.o):
    crt0.o                    src/crt0.asm(15)
livesCounter (score.o):
    hero.o                    includes/score.inc(7)
oamData (sprite.o):
    hit.o                     ../../Tools/cc65-sfclib/include/snes-sprite.inc(5)
    enemy.o                   ../../Tools/cc65-sfclib/include/snes-sprite.inc(5)
    hero.o                    ../../Tools/cc65-sfclib/include/snes-sprite.inc(5)
padFirstPushData1 (pad.o):
padFirstPushDataHigh1 (pad.o):
padFirstPushDataLow1 (pad.o):
    hero.o                    ../../Tools/cc65-sfclib/include/snes-pad.inc(9)
padPushData1 (pad.o):
    main.o                    ../../Tools/cc65-sfclib/include/snes-pad.inc(4)
padPushData2 (pad.o):
padPushData3 (pad.o):
padPushData4 (pad.o):
padPushDataHigh1 (pad.o):
padPushDataHigh2 (pad.o):
padPushDataHigh3 (pad.o):
padPushDataHigh4 (pad.o):
padPushDataLow1 (pad.o):
    hero.o                    ../../Tools/cc65-sfclib/include/snes-pad.inc(9)
padPushDataLow2 (pad.o):
padPushDataLow3 (pad.o):
padPushDataLow4 (pad.o):
padReleaseData1 (pad.o):
padReleaseData2 (pad.o):
padReleaseData3 (pad.o):
padReleaseData4 (pad.o):
padReleaseDataHigh1 (pad.o):
padReleaseDataHigh2 (pad.o):
padReleaseDataHigh3 (pad.o):
padReleaseDataHigh4 (pad.o):
padReleaseDataLow1 (pad.o):
    hero.o                    ../../Tools/cc65-sfclib/include/snes-pad.inc(9)
padReleaseDataLow2 (pad.o):
padReleaseDataLow3 (pad.o):
padReleaseDataLow4 (pad.o):
processEvents (event.o):
    main.o                    ../../Tools/cc65-sfclib/include/snes-event.inc(4)
reactEnemy (enemy.o):
    main.o                    includes/enemy.inc(6)
reactEnemyGrab (enemy.o):
reactHero (hero.o):
    main.o                    includes/hero.inc(5)
readPad1 (pad.o):
    main.o                    ../../Tools/cc65-sfclib/include/snes-pad.inc(2)
readPad2 (pad.o):
readPad3 (pad.o):
readPad4 (pad.o):
removeEvent (event.o):
    main.o                    ../../Tools/cc65-sfclib/include/snes-event.inc(3)
scoreEvent (score.o):
scoreMapData (score.o):
scorePlayer1 (score.o):
scrollDirection (level.o):
    enemy.o                   includes/level.inc(5)
    hero.o                    includes/level.inc(5)
scrollLevel (level.o):
    hero.o                    includes/level.inc(2)
scrollValue (level.o):
setEnemyOAM (enemy.o):
setEnergyPlayer (score.o):
    enemy.o                   includes/score.inc(5)
setHeroOAM (hero.o):
setLiveCounter (score.o):
    hero.o                    includes/score.inc(6)
setMirrorSpriteMode (hero.o):
setNormalSpriteMode (hero.o):
setShakingFlag (hero.o):
spc_command (snesgss.o):
spc_load_data (snesgss.o):
splashScreen (main.o):
spriteCounter (hero.o):
    enemy.o                   enemy.asm(26)
timeCounter (score.o):
transferHeroSpriteDataEvent (hero.o):
    main.o                    includes/hero.inc(4)
updateEnergyPlayer (score.o):
    enemy.o                   includes/score.inc(3)
updateScorePlayer1 (score.o):
    hit.o                     includes/score.inc(8)
updateScorePlayer2 (score.o):
updateScoreTop (score.o):
updateTime (score.o):
    main.o                    includes/score.inc(2)
writeNumberToScoreMap (score.o):

