Modules list:
-------------
main.o:
    CODE              Offs=000000  Size=0003B9  Align=00001  Fill=0000
    RODATA            Offs=000000  Size=000000  Align=00001  Fill=0000
    BSS               Offs=000000  Size=000005  Align=00001  Fill=0000
    DATA              Offs=000000  Size=000000  Align=00001  Fill=0000
    ZEROPAGE          Offs=000000  Size=000000  Align=00001  Fill=0000
    NULL              Offs=000000  Size=000000  Align=00001  Fill=0000
    BANK1             Offs=000000  Size=0041A0  Align=00001  Fill=0000
level.o:
    CODE              Offs=0003B9  Size=00025D  Align=00001  Fill=0000
    RODATA            Offs=000000  Size=000082  Align=00001  Fill=0000
    BSS               Offs=000005  Size=000009  Align=00001  Fill=0000
    DATA              Offs=000000  Size=000000  Align=00001  Fill=0000
    ZEROPAGE          Offs=000000  Size=000000  Align=00001  Fill=0000
    NULL              Offs=000000  Size=000000  Align=00001  Fill=0000
    BANK4             Offs=000000  Size=0054A0  Align=00001  Fill=0000
score.o:
    CODE              Offs=000616  Size=0002F4  Align=00001  Fill=0000
    RODATA            Offs=000082  Size=000000  Align=00001  Fill=0000
    BSS               Offs=00000E  Size=0000D3  Align=00001  Fill=0000
    DATA              Offs=000000  Size=000000  Align=00001  Fill=0000
    ZEROPAGE          Offs=000000  Size=000000  Align=00001  Fill=0000
    NULL              Offs=000000  Size=000000  Align=00001  Fill=0000
    BANK4             Offs=0054A0  Size=000EC0  Align=00001  Fill=0000
hero.o:
    CODE              Offs=00090A  Size=0003F5  Align=00001  Fill=0000
    RODATA            Offs=000082  Size=000000  Align=00001  Fill=0000
    BSS               Offs=0000E1  Size=000007  Align=00001  Fill=0000
    DATA              Offs=000000  Size=000000  Align=00001  Fill=0000
    ZEROPAGE          Offs=000000  Size=000008  Align=00001  Fill=0000
    NULL              Offs=000000  Size=000000  Align=00001  Fill=0000
    BANK2             Offs=000000  Size=006FFA  Align=00001  Fill=0000
enemy.o:
    CODE              Offs=000CFF  Size=000548  Align=00001  Fill=0000
    RODATA            Offs=000082  Size=00001A  Align=00001  Fill=0000
    BSS               Offs=0000E8  Size=000083  Align=00001  Fill=0000
    DATA              Offs=000000  Size=000000  Align=00001  Fill=0000
    ZEROPAGE          Offs=000008  Size=000006  Align=00001  Fill=0000
    NULL              Offs=000000  Size=000000  Align=00001  Fill=0000
    BANK1             Offs=0041A0  Size=0000F6  Align=00001  Fill=0000
    BANK3             Offs=000000  Size=008000  Align=00001  Fill=0000
../../Tools/cc65-sfclib/bin/sfc.lib(crt0.o):
    CODE              Offs=001247  Size=000000  Align=00001  Fill=0000
    RODATA            Offs=00009C  Size=000000  Align=00001  Fill=0000
    BSS               Offs=00016B  Size=000000  Align=00001  Fill=0000
    DATA              Offs=000000  Size=000000  Align=00001  Fill=0000
    ZEROPAGE          Offs=00000E  Size=000000  Align=00001  Fill=0000
    NULL              Offs=000000  Size=000000  Align=00001  Fill=0000
    STARTUP           Offs=000000  Size=000039  Align=00001  Fill=0000
    ROMINFO           Offs=000000  Size=000030  Align=00001  Fill=0000
    VECTORS           Offs=000000  Size=00001C  Align=00001  Fill=0000
../../Tools/cc65-sfclib/bin/sfc.lib(init.o):
    CODE              Offs=001247  Size=0000F3  Align=00001  Fill=0000
    RODATA            Offs=00009C  Size=000000  Align=00001  Fill=0000
    BSS               Offs=00016B  Size=000000  Align=00001  Fill=0000
    DATA              Offs=000000  Size=000000  Align=00001  Fill=0000
    ZEROPAGE          Offs=00000E  Size=000000  Align=00001  Fill=0000
    NULL              Offs=000000  Size=000000  Align=00001  Fill=0000
../../Tools/cc65-sfclib/bin/sfc.lib(event.o):
    CODE              Offs=00133A  Size=0000CE  Align=00001  Fill=0000
    RODATA            Offs=00009C  Size=000000  Align=00001  Fill=0000
    BSS               Offs=00016B  Size=000083  Align=00001  Fill=0000
    DATA              Offs=000000  Size=000000  Align=00001  Fill=0000
    ZEROPAGE          Offs=00000E  Size=000000  Align=00001  Fill=0000
    NULL              Offs=000000  Size=000000  Align=00001  Fill=0000
../../Tools/cc65-sfclib/bin/sfc.lib(pad.o):
    CODE              Offs=001408  Size=000136  Align=00001  Fill=0000
    RODATA            Offs=00009C  Size=000000  Align=00001  Fill=0000
    BSS               Offs=0001EE  Size=000012  Align=00001  Fill=0000
    DATA              Offs=000000  Size=000000  Align=00001  Fill=0000
    ZEROPAGE          Offs=00000E  Size=000000  Align=00001  Fill=0000
    NULL              Offs=000000  Size=000000  Align=00001  Fill=0000
../../Tools/cc65-sfclib/bin/sfc.lib(sprite.o):
    CODE              Offs=00153E  Size=000074  Align=00001  Fill=0000
    RODATA            Offs=00009C  Size=000000  Align=00001  Fill=0000
    BSS               Offs=000200  Size=000221  Align=00001  Fill=0000
    DATA              Offs=000000  Size=000000  Align=00001  Fill=0000
    ZEROPAGE          Offs=00000E  Size=000000  Align=00001  Fill=0000
    NULL              Offs=000000  Size=000000  Align=00001  Fill=0000


Segment list:
-------------
Name                   Start     End    Size  Align
----------------------------------------------------
DATA                  000000  000000  000000  00001
NULL                  000000  000000  000000  00001
ZEROPAGE              000000  00000D  00000E  00001
BSS                   000200  000620  000421  00001
STARTUP               008000  008038  000039  00001
CODE                  008039  0095EA  0015B2  00001
RODATA                0095EB  009686  00009C  00001
ROMINFO               00FFB0  00FFDF  000030  00001
VECTORS               00FFE4  00FFFF  00001C  00001
BANK1                 018000  01C295  004296  00001
BANK2                 028000  02EFF9  006FFA  00001
BANK3                 038000  03FFFF  008000  00001
BANK4                 048000  04E35F  006360  00001


Exports list by name:
---------------------
EnemyArrayAnimAddress     0002E9  LA    EnemyArrayAnimFrameCounter 000310  LA    
EnemyArrayAnimFrameIndex  000303  LA    EnemyArrayAnimJumpFramecounter 00031D  LA    
EnemyArrayFlag            00035E  LA    EnemyArrayOAMSlotOffset   000344  LA    
EnemyArrayXOffset         00032A  LA    EnemyCurrentArrayIndexByte 00000A  LZ    
EnemyCurrentArrayIndexWord 00000C  LZ    EnemyTempXOffsetHigh      0002E8  LA    
OAMDataUpdated            0095DD RLA    _IRQHandler               00836D RLA    
_NMIHandler               00836E RLA    __ROMINFO_FILEOFFS__      007FB0  EA    
__ROMINFO_LAST__          00FFE0  LA    __ROMINFO_SIZE__          000034  EA    
__ROMINFO_START__         00FFB0  LA    __STARTUP__               000001 REA    
__VECTORS_FILEOFFS__      007FE4  EA    __VECTORS_LAST__          010000  LA    
__VECTORS_SIZE__          00001C  EA    __VECTORS_START__         00FFE4  LA    
_main                     008039 RLA    _preInit                  008375 RLA    
addEnemy                  008E85  LA    addEvent                  00939F RLA    
animEnemy                 009087  LA    clearEnemy                008EE4  LA    
clearOAM                  009577  LA    copyOAM                   0095A6 RLA    
doUpdateScore             0002CE  LA    enemyGrabFall             00926A  LA    
energyPlayer              0002D9  LA    eventsTable               00036B  LA    
getEventCounter           009435 RLA    grabbingWalk              01C278  LA    
grabbingWalk1             01C1D0  LA    grabbingWalk2             01C1E5  LA    
hdmaInitGame              008F29 RLA    hdmaInitTitle             008F08  LA    
heroFlag                  000007 RLZ    heroXOffset               000004 RLZ    
highByte                  01C1C0  LA    initEnemySprite           008D38 RLA    
initEvents                009373 RLA    initHeroSprite            008943 RLA    
initLevel                 0083F2 RLA    initPad                   009441 RLA    
initScore                 00864F RLA    initSnes                  009280 RLA    
oamData                   000400 RLA    padFirstPushData1         0003F0  LA    
padFirstPushDataHigh1     0003F1  LA    padFirstPushDataLow1      0003F0 RLA    
padPushData1              0003EE RLA    padPushData2              0003F4  LA    
padPushData3              0003F8  LA    padPushData4              0003FC  LA    
padPushDataHigh1          0003EF  LA    padPushDataHigh2          0003F5  LA    
padPushDataHigh3          0003F8  LA    padPushDataHigh4          0003FC  LA    
padPushDataLow1           0003EE RLA    padPushDataLow2           0003F4  LA    
padPushDataLow3           0003F9  LA    padPushDataLow4           0003FD  LA    
padReleaseData1           0003F2  LA    padReleaseData2           0003F6  LA    
padReleaseData3           0003FA  LA    padReleaseData4           0003FE  LA    
padReleaseDataHigh1       0003F3  LA    padReleaseDataHigh2       0003F7  LA    
padReleaseDataHigh3       0003FA  LA    padReleaseDataHigh4       0003FE  LA    
padReleaseDataLow1        0003F2 RLA    padReleaseDataLow2        0003F6  LA    
padReleaseDataLow3        0003FB  LA    padReleaseDataLow4        0003FF  LA    
processEvents             0093CE RLA    reactEnemy                0090FC RLA    
reactEnemyGrab            009140  LA    reactHero                 008B72 RLA    
readPad1                  00947F RLA    readPad2                  0094BD  LA    
readPad3                  0094FB  LA    readPad4                  009539  LA    
removeEvent               00941E  LA    scoreEvent                0088B2  LA    
scoreMapData              00020E  LA    scorePlayer1              0002D0  LA    
scrollDirection           00020B RLA    scrollLevel               0084E9 RLA    
scrollValue               000209  LA    setEnemyOAM               008F4A  LA    
setEnergyPlayer           0087DF RLA    setMirrorSpriteMode       008B60  LA    
setNormalSpriteMode       008B69  LA    setShakingFlag            008D13  LA    
splashScreen              00838C  LA    spriteCounter             0002E1 RLA    
timeCounter               0002DB  LA    transferHeroSpriteDataEvent 008B0D RLA    
updateEnergyPlayer        0087D2 RLA    updateScorePlayer1        008755  LA    
updateScoreTop            0087B3  LA    updateTime                008876 RLA    
writeNumberToScoreMap     0088FA  LA    


Exports list by value:
----------------------
__STARTUP__               000001 REA    heroXOffset               000004 RLZ    
heroFlag                  000007 RLZ    EnemyCurrentArrayIndexByte 00000A  LZ    
EnemyCurrentArrayIndexWord 00000C  LZ    __VECTORS_SIZE__          00001C  EA    
__ROMINFO_SIZE__          000034  EA    scrollValue               000209  LA    
scrollDirection           00020B RLA    scoreMapData              00020E  LA    
doUpdateScore             0002CE  LA    scorePlayer1              0002D0  LA    
energyPlayer              0002D9  LA    timeCounter               0002DB  LA    
spriteCounter             0002E1 RLA    EnemyTempXOffsetHigh      0002E8  LA    
EnemyArrayAnimAddress     0002E9  LA    EnemyArrayAnimFrameIndex  000303  LA    
EnemyArrayAnimFrameCounter 000310  LA    EnemyArrayAnimJumpFramecounter 00031D  LA    
EnemyArrayXOffset         00032A  LA    EnemyArrayOAMSlotOffset   000344  LA    
EnemyArrayFlag            00035E  LA    eventsTable               00036B  LA    
padPushDataLow1           0003EE RLA    padPushData1              0003EE RLA    
padPushDataHigh1          0003EF  LA    padFirstPushData1         0003F0  LA    
padFirstPushDataLow1      0003F0 RLA    padFirstPushDataHigh1     0003F1  LA    
padReleaseDataLow1        0003F2 RLA    padReleaseData1           0003F2  LA    
padReleaseDataHigh1       0003F3  LA    padPushDataLow2           0003F4  LA    
padPushData2              0003F4  LA    padPushDataHigh2          0003F5  LA    
padReleaseData2           0003F6  LA    padReleaseDataLow2        0003F6  LA    
padReleaseDataHigh2       0003F7  LA    padPushDataHigh3          0003F8  LA    
padPushData3              0003F8  LA    padPushDataLow3           0003F9  LA    
padReleaseData3           0003FA  LA    padReleaseDataHigh3       0003FA  LA    
padReleaseDataLow3        0003FB  LA    padPushDataHigh4          0003FC  LA    
padPushData4              0003FC  LA    padPushDataLow4           0003FD  LA    
padReleaseData4           0003FE  LA    padReleaseDataHigh4       0003FE  LA    
padReleaseDataLow4        0003FF  LA    oamData                   000400 RLA    
__ROMINFO_FILEOFFS__      007FB0  EA    __VECTORS_FILEOFFS__      007FE4  EA    
_main                     008039 RLA    _IRQHandler               00836D RLA    
_NMIHandler               00836E RLA    _preInit                  008375 RLA    
splashScreen              00838C  LA    initLevel                 0083F2 RLA    
scrollLevel               0084E9 RLA    initScore                 00864F RLA    
updateScorePlayer1        008755  LA    updateScoreTop            0087B3  LA    
updateEnergyPlayer        0087D2 RLA    setEnergyPlayer           0087DF RLA    
updateTime                008876 RLA    scoreEvent                0088B2  LA    
writeNumberToScoreMap     0088FA  LA    initHeroSprite            008943 RLA    
transferHeroSpriteDataEvent 008B0D RLA    setMirrorSpriteMode       008B60  LA    
setNormalSpriteMode       008B69  LA    reactHero                 008B72 RLA    
setShakingFlag            008D13  LA    initEnemySprite           008D38 RLA    
addEnemy                  008E85  LA    clearEnemy                008EE4  LA    
hdmaInitTitle             008F08  LA    hdmaInitGame              008F29 RLA    
setEnemyOAM               008F4A  LA    animEnemy                 009087  LA    
reactEnemy                0090FC RLA    reactEnemyGrab            009140  LA    
enemyGrabFall             00926A  LA    initSnes                  009280 RLA    
initEvents                009373 RLA    addEvent                  00939F RLA    
processEvents             0093CE RLA    removeEvent               00941E  LA    
getEventCounter           009435 RLA    initPad                   009441 RLA    
readPad1                  00947F RLA    readPad2                  0094BD  LA    
readPad3                  0094FB  LA    readPad4                  009539  LA    
clearOAM                  009577  LA    copyOAM                   0095A6 RLA    
OAMDataUpdated            0095DD RLA    __ROMINFO_START__         00FFB0  LA    
__ROMINFO_LAST__          00FFE0  LA    __VECTORS_START__         00FFE4  LA    
__VECTORS_LAST__          010000  LA    highByte                  01C1C0  LA    
grabbingWalk1             01C1D0  LA    grabbingWalk2             01C1E5  LA    
grabbingWalk              01C278  LA    


Imports list:
-------------
EnemyArrayAnimAddress (enemy.o):
EnemyArrayAnimFrameCounter (enemy.o):
EnemyArrayAnimFrameIndex (enemy.o):
EnemyArrayAnimJumpFramecounter (enemy.o):
EnemyArrayFlag (enemy.o):
EnemyArrayOAMSlotOffset (enemy.o):
EnemyArrayXOffset (enemy.o):
EnemyCurrentArrayIndexByte (enemy.o):
EnemyCurrentArrayIndexWord (enemy.o):
EnemyTempXOffsetHigh (enemy.o):
OAMDataUpdated (sprite.o):
    enemy.o                   ../../Tools/cc65-sfclib/include/snes-sprite.inc(3)
    hero.o                    ../../Tools/cc65-sfclib/include/snes-sprite.inc(3)
_IRQHandler (main.o):
    crt0.o                    src/crt0.asm(13)
_NMIHandler (main.o):
    crt0.o                    src/crt0.asm(13)
__ROMINFO_FILEOFFS__ ([linker generated]):
__ROMINFO_LAST__ ([linker generated]):
__ROMINFO_SIZE__ ([linker generated]):
__ROMINFO_START__ ([linker generated]):
__STARTUP__ (crt0.o):
    main.o                    main.asm(21)
__VECTORS_FILEOFFS__ ([linker generated]):
__VECTORS_LAST__ ([linker generated]):
__VECTORS_SIZE__ ([linker generated]):
__VECTORS_START__ ([linker generated]):
_main (main.o):
    crt0.o                    src/crt0.asm(11)
_preInit (main.o):
    crt0.o                    src/crt0.asm(12)
addEnemy (enemy.o):
addEvent (event.o):
    score.o                   ../../Tools/cc65-sfclib/include/snes-event.inc(2)
    level.o                   ../../Tools/cc65-sfclib/include/snes-event.inc(2)
    main.o                    ../../Tools/cc65-sfclib/include/snes-event.inc(2)
animEnemy (enemy.o):
clearEnemy (enemy.o):
clearOAM (sprite.o):
copyOAM (sprite.o):
    main.o                    ../../Tools/cc65-sfclib/include/snes-sprite.inc(2)
doUpdateScore (score.o):
enemyGrabFall (enemy.o):
energyPlayer (score.o):
eventsTable (event.o):
getEventCounter (event.o):
    score.o                   ../../Tools/cc65-sfclib/include/snes-event.inc(5)
grabbingWalk (enemy.o):
grabbingWalk1 (enemy.o):
grabbingWalk2 (enemy.o):
hdmaInitGame (enemy.o):
    main.o                    includes/enemy.inc(9)
hdmaInitTitle (enemy.o):
heroFlag (hero.o):
    enemy.o                   includes/hero.inc(7)
heroXOffset (hero.o):
    enemy.o                   includes/hero.inc(6)
highByte (enemy.o):
initEnemySprite (enemy.o):
    main.o                    includes/enemy.inc(5)
initEvents (event.o):
    main.o                    ../../Tools/cc65-sfclib/include/snes-event.inc(1)
initHeroSprite (hero.o):
    main.o                    includes/hero.inc(3)
initLevel (level.o):
    main.o                    includes/level.inc(1)
initPad (pad.o):
    main.o                    ../../Tools/cc65-sfclib/include/snes-pad.inc(1)
initScore (score.o):
    main.o                    includes/score.inc(1)
initSnes (init.o):
    crt0.o                    src/crt0.asm(15)
oamData (sprite.o):
    enemy.o                   ../../Tools/cc65-sfclib/include/snes-sprite.inc(5)
    hero.o                    ../../Tools/cc65-sfclib/include/snes-sprite.inc(5)
padFirstPushData1 (pad.o):
padFirstPushDataHigh1 (pad.o):
padFirstPushDataLow1 (pad.o):
    hero.o                    ../../Tools/cc65-sfclib/include/snes-pad.inc(9)
padPushData1 (pad.o):
    main.o                    ../../Tools/cc65-sfclib/include/snes-pad.inc(4)
padPushData2 (pad.o):
padPushData3 (pad.o):
padPushData4 (pad.o):
padPushDataHigh1 (pad.o):
padPushDataHigh2 (pad.o):
padPushDataHigh3 (pad.o):
padPushDataHigh4 (pad.o):
padPushDataLow1 (pad.o):
    hero.o                    ../../Tools/cc65-sfclib/include/snes-pad.inc(9)
padPushDataLow2 (pad.o):
padPushDataLow3 (pad.o):
padPushDataLow4 (pad.o):
padReleaseData1 (pad.o):
padReleaseData2 (pad.o):
padReleaseData3 (pad.o):
padReleaseData4 (pad.o):
padReleaseDataHigh1 (pad.o):
padReleaseDataHigh2 (pad.o):
padReleaseDataHigh3 (pad.o):
padReleaseDataHigh4 (pad.o):
padReleaseDataLow1 (pad.o):
    hero.o                    ../../Tools/cc65-sfclib/include/snes-pad.inc(9)
padReleaseDataLow2 (pad.o):
padReleaseDataLow3 (pad.o):
padReleaseDataLow4 (pad.o):
processEvents (event.o):
    main.o                    ../../Tools/cc65-sfclib/include/snes-event.inc(4)
reactEnemy (enemy.o):
    main.o                    includes/enemy.inc(6)
reactEnemyGrab (enemy.o):
reactHero (hero.o):
    main.o                    includes/hero.inc(5)
readPad1 (pad.o):
    main.o                    ../../Tools/cc65-sfclib/include/snes-pad.inc(2)
readPad2 (pad.o):
readPad3 (pad.o):
readPad4 (pad.o):
removeEvent (event.o):
scoreEvent (score.o):
scoreMapData (score.o):
scorePlayer1 (score.o):
scrollDirection (level.o):
    hero.o                    includes/level.inc(5)
scrollLevel (level.o):
    hero.o                    includes/level.inc(2)
scrollValue (level.o):
setEnemyOAM (enemy.o):
setEnergyPlayer (score.o):
    enemy.o                   includes/score.inc(4)
setMirrorSpriteMode (hero.o):
setNormalSpriteMode (hero.o):
setShakingFlag (hero.o):
splashScreen (main.o):
spriteCounter (hero.o):
    enemy.o                   enemy.asm(23)
timeCounter (score.o):
transferHeroSpriteDataEvent (hero.o):
    main.o                    includes/hero.inc(4)
updateEnergyPlayer (score.o):
    enemy.o                   includes/score.inc(3)
updateScorePlayer1 (score.o):
updateScoreTop (score.o):
updateTime (score.o):
    main.o                    includes/score.inc(2)
writeNumberToScoreMap (score.o):

