Modules list:
-------------
main.o:
    CODE              Offs=000000  Size=0003BD  Align=00001  Fill=0000
    RODATA            Offs=000000  Size=000000  Align=00001  Fill=0000
    BSS               Offs=000000  Size=000005  Align=00001  Fill=0000
    DATA              Offs=000000  Size=000000  Align=00001  Fill=0000
    ZEROPAGE          Offs=000000  Size=000000  Align=00001  Fill=0000
    NULL              Offs=000000  Size=000000  Align=00001  Fill=0000
    BANK1             Offs=000000  Size=0041A0  Align=00001  Fill=0000
level.o:
    CODE              Offs=0003BD  Size=00025D  Align=00001  Fill=0000
    RODATA            Offs=000000  Size=000082  Align=00001  Fill=0000
    BSS               Offs=000005  Size=000009  Align=00001  Fill=0000
    DATA              Offs=000000  Size=000000  Align=00001  Fill=0000
    ZEROPAGE          Offs=000000  Size=000000  Align=00001  Fill=0000
    NULL              Offs=000000  Size=000000  Align=00001  Fill=0000
    BANK4             Offs=000000  Size=0054A0  Align=00001  Fill=0000
score.o:
    CODE              Offs=00061A  Size=0002F4  Align=00001  Fill=0000
    RODATA            Offs=000082  Size=000000  Align=00001  Fill=0000
    BSS               Offs=00000E  Size=0000D3  Align=00001  Fill=0000
    DATA              Offs=000000  Size=000000  Align=00001  Fill=0000
    ZEROPAGE          Offs=000000  Size=000000  Align=00001  Fill=0000
    NULL              Offs=000000  Size=000000  Align=00001  Fill=0000
    BANK4             Offs=0054A0  Size=000EC0  Align=00001  Fill=0000
hero.o:
    CODE              Offs=00090E  Size=0003F8  Align=00001  Fill=0000
    RODATA            Offs=000082  Size=000000  Align=00001  Fill=0000
    BSS               Offs=0000E1  Size=000007  Align=00001  Fill=0000
    DATA              Offs=000000  Size=000000  Align=00001  Fill=0000
    ZEROPAGE          Offs=000000  Size=000008  Align=00001  Fill=0000
    NULL              Offs=000000  Size=000000  Align=00001  Fill=0000
    BANK2             Offs=000000  Size=006FFA  Align=00001  Fill=0000
enemy.o:
    CODE              Offs=000D06  Size=000615  Align=00001  Fill=0000
    RODATA            Offs=000082  Size=00001A  Align=00001  Fill=0000
    BSS               Offs=0000E8  Size=000090  Align=00001  Fill=0000
    DATA              Offs=000000  Size=000000  Align=00001  Fill=0000
    ZEROPAGE          Offs=000008  Size=000008  Align=00001  Fill=0000
    NULL              Offs=000000  Size=000000  Align=00001  Fill=0000
    BANK1             Offs=0041A0  Size=0021B8  Align=00001  Fill=0000
    BANK3             Offs=000000  Size=008000  Align=00001  Fill=0000
../../Tools/cc65-sfclib/bin/sfc.lib(crt0.o):
    CODE              Offs=00131B  Size=000000  Align=00001  Fill=0000
    RODATA            Offs=00009C  Size=000000  Align=00001  Fill=0000
    BSS               Offs=000178  Size=000000  Align=00001  Fill=0000
    DATA              Offs=000000  Size=000000  Align=00001  Fill=0000
    ZEROPAGE          Offs=000010  Size=000000  Align=00001  Fill=0000
    NULL              Offs=000000  Size=000000  Align=00001  Fill=0000
    STARTUP           Offs=000000  Size=000039  Align=00001  Fill=0000
    ROMINFO           Offs=000000  Size=000030  Align=00001  Fill=0000
    VECTORS           Offs=000000  Size=00001C  Align=00001  Fill=0000
../../Tools/cc65-sfclib/bin/sfc.lib(init.o):
    CODE              Offs=00131B  Size=0000F3  Align=00001  Fill=0000
    RODATA            Offs=00009C  Size=000000  Align=00001  Fill=0000
    BSS               Offs=000178  Size=000000  Align=00001  Fill=0000
    DATA              Offs=000000  Size=000000  Align=00001  Fill=0000
    ZEROPAGE          Offs=000010  Size=000000  Align=00001  Fill=0000
    NULL              Offs=000000  Size=000000  Align=00001  Fill=0000
../../Tools/cc65-sfclib/bin/sfc.lib(event.o):
    CODE              Offs=00140E  Size=0000CE  Align=00001  Fill=0000
    RODATA            Offs=00009C  Size=000000  Align=00001  Fill=0000
    BSS               Offs=000178  Size=000083  Align=00001  Fill=0000
    DATA              Offs=000000  Size=000000  Align=00001  Fill=0000
    ZEROPAGE          Offs=000010  Size=000000  Align=00001  Fill=0000
    NULL              Offs=000000  Size=000000  Align=00001  Fill=0000
../../Tools/cc65-sfclib/bin/sfc.lib(pad.o):
    CODE              Offs=0014DC  Size=000139  Align=00001  Fill=0000
    RODATA            Offs=00009C  Size=000000  Align=00001  Fill=0000
    BSS               Offs=0001FB  Size=000012  Align=00001  Fill=0000
    DATA              Offs=000000  Size=000000  Align=00001  Fill=0000
    ZEROPAGE          Offs=000010  Size=000000  Align=00001  Fill=0000
    NULL              Offs=000000  Size=000000  Align=00001  Fill=0000
../../Tools/cc65-sfclib/bin/sfc.lib(sprite.o):
    CODE              Offs=001615  Size=000074  Align=00001  Fill=0000
    RODATA            Offs=00009C  Size=000000  Align=00001  Fill=0000
    BSS               Offs=00020D  Size=000221  Align=00001  Fill=0000
    DATA              Offs=000000  Size=000000  Align=00001  Fill=0000
    ZEROPAGE          Offs=000010  Size=000000  Align=00001  Fill=0000
    NULL              Offs=000000  Size=000000  Align=00001  Fill=0000


Segment list:
-------------
Name                   Start     End    Size  Align
----------------------------------------------------
DATA                  000000  000000  000000  00001
NULL                  000000  000000  000000  00001
ZEROPAGE              000000  00000F  000010  00001
BSS                   000200  00062D  00042E  00001
STARTUP               008000  008038  000039  00001
CODE                  008039  0096C1  001689  00001
RODATA                0096C2  00975D  00009C  00001
ROMINFO               00FFB0  00FFDF  000030  00001
VECTORS               00FFE4  00FFFF  00001C  00001
BANK1                 018000  01E357  006358  00001
BANK2                 028000  02EFF9  006FFA  00001
BANK3                 038000  03FFFF  008000  00001
BANK4                 048000  04E35F  006360  00001


Exports list by name:
---------------------
EnemyArrayAnimAddress     0002E9  LA    EnemyArrayAnimFrameCounter 000310  LA    
EnemyArrayAnimFrameIndex  000303  LA    EnemyArrayFlag            00036B  LA    
EnemyArrayOAMSlotOffset   000351  LA    EnemyArrayOffsetFramecounter 00031D  LA    
EnemyArrayXOffset         000337  LA    EnemyCurrentArrayIndexByte 00000A  LZ    
EnemyCurrentArrayIndexWord 00000C  LZ    EnemyCurrentXOffset       00000F  LZ    
EnemyCurrentYOffset       00000E  LZ    EnemyTempXOffsetHigh      0002E8  LA    
OAMDataUpdated            0096B4 RLA    _IRQHandler               008371 RLA    
_NMIHandler               008372 RLA    __ROMINFO_FILEOFFS__      007FB0  EA    
__ROMINFO_LAST__          00FFE0  LA    __ROMINFO_SIZE__          000034  EA    
__ROMINFO_START__         00FFB0  LA    __STARTUP__               000001 REA    
__VECTORS_FILEOFFS__      007FE4  EA    __VECTORS_LAST__          010000  LA    
__VECTORS_SIZE__          00001C  EA    __VECTORS_START__         00FFE4  LA    
_main                     008039 RLA    _preInit                  008379 RLA    
addEnemy                  008EC5  LA    addEvent                  009473 RLA    
animEnemy                 0090F8  LA    clearEnemy                008F28  LA    
clearOAM                  00964E RLA    copyOAM                   00967D RLA    
doUpdateScore             0002CE  LA    enemyFallYOffset          01E210  LA    
enemyGrabFall             0092D8  LA    energyPlayer              0002D9  LA    
eventsTable               000378  LA    getEventCounter           009509 RLA    
grabbingFall              01E34E  LA    grabbingFall1             01E2F4  LA    
grabbingGrab              01E34A  LA    grabbingWalk              01E330  LA    
grabbingWalk1             01E24C  LA    grabbingWalk2             01E261  LA    
hdmaInitGame              008F6D RLA    hdmaInitTitle             008F4C  LA    
heroFlag                  000007 RLZ    heroXOffset               000004 RLZ    
highByte                  01E1E0  LA    initEnemySprite           008D3F RLA    
initEvents                009447 RLA    initHeroSprite            008947 RLA    
initLevel                 0083F6 RLA    initPad                   009515 RLA    
initScore                 008653 RLA    initSnes                  009354 RLA    
oamData                   00040D RLA    padFirstPushData1         0003FD  LA    
padFirstPushDataHigh1     0003FE  LA    padFirstPushDataLow1      0003FD RLA    
padPushData1              0003FB RLA    padPushData2              000401  LA    
padPushData3              000405  LA    padPushData4              000409  LA    
padPushDataHigh1          0003FC  LA    padPushDataHigh2          000402  LA    
padPushDataHigh3          000405  LA    padPushDataHigh4          000409  LA    
padPushDataLow1           0003FB RLA    padPushDataLow2           000401  LA    
padPushDataLow3           000406  LA    padPushDataLow4           00040A  LA    
padReleaseData1           0003FF  LA    padReleaseData2           000403  LA    
padReleaseData3           000407  LA    padReleaseData4           00040B  LA    
padReleaseDataHigh1       000400  LA    padReleaseDataHigh2       000404  LA    
padReleaseDataHigh3       000407  LA    padReleaseDataHigh4       00040B  LA    
padReleaseDataLow1        0003FF RLA    padReleaseDataLow2        000403  LA    
padReleaseDataLow3        000408  LA    padReleaseDataLow4        00040C  LA    
processEvents             0094A2 RLA    reactEnemy                00916D RLA    
reactEnemyGrab            0091B1  LA    reactHero                 008B79 RLA    
readPad1                  009556 RLA    readPad2                  009594  LA    
readPad3                  0095D2  LA    readPad4                  009610  LA    
removeEvent               0094F2  LA    scoreEvent                0088B6  LA    
scoreMapData              00020E  LA    scorePlayer1              0002D0  LA    
scrollDirection           00020B RLA    scrollLevel               0084ED RLA    
scrollValue               000209  LA    setEnemyOAM               008F8E  LA    
setEnergyPlayer           0087E3 RLA    setMirrorSpriteMode       008B67  LA    
setNormalSpriteMode       008B70  LA    setShakingFlag            008D1A  LA    
splashScreen              008390  LA    spriteCounter             0002E1 RLA    
timeCounter               0002DB  LA    transferHeroSpriteDataEvent 008B14 RLA    
updateEnergyPlayer        0087D6 RLA    updateScorePlayer1        008759  LA    
updateScoreTop            0087B7  LA    updateTime                00887A RLA    
writeNumberToScoreMap     0088FE  LA    


Exports list by value:
----------------------
__STARTUP__               000001 REA    heroXOffset               000004 RLZ    
heroFlag                  000007 RLZ    EnemyCurrentArrayIndexByte 00000A  LZ    
EnemyCurrentArrayIndexWord 00000C  LZ    EnemyCurrentYOffset       00000E  LZ    
EnemyCurrentXOffset       00000F  LZ    __VECTORS_SIZE__          00001C  EA    
__ROMINFO_SIZE__          000034  EA    scrollValue               000209  LA    
scrollDirection           00020B RLA    scoreMapData              00020E  LA    
doUpdateScore             0002CE  LA    scorePlayer1              0002D0  LA    
energyPlayer              0002D9  LA    timeCounter               0002DB  LA    
spriteCounter             0002E1 RLA    EnemyTempXOffsetHigh      0002E8  LA    
EnemyArrayAnimAddress     0002E9  LA    EnemyArrayAnimFrameIndex  000303  LA    
EnemyArrayAnimFrameCounter 000310  LA    EnemyArrayOffsetFramecounter 00031D  LA    
EnemyArrayXOffset         000337  LA    EnemyArrayOAMSlotOffset   000351  LA    
EnemyArrayFlag            00036B  LA    eventsTable               000378  LA    
padPushData1              0003FB RLA    padPushDataLow1           0003FB RLA    
padPushDataHigh1          0003FC  LA    padFirstPushDataLow1      0003FD RLA    
padFirstPushData1         0003FD  LA    padFirstPushDataHigh1     0003FE  LA    
padReleaseData1           0003FF  LA    padReleaseDataLow1        0003FF RLA    
padReleaseDataHigh1       000400  LA    padPushDataLow2           000401  LA    
padPushData2              000401  LA    padPushDataHigh2          000402  LA    
padReleaseDataLow2        000403  LA    padReleaseData2           000403  LA    
padReleaseDataHigh2       000404  LA    padPushDataHigh3          000405  LA    
padPushData3              000405  LA    padPushDataLow3           000406  LA    
padReleaseDataHigh3       000407  LA    padReleaseData3           000407  LA    
padReleaseDataLow3        000408  LA    padPushData4              000409  LA    
padPushDataHigh4          000409  LA    padPushDataLow4           00040A  LA    
padReleaseDataHigh4       00040B  LA    padReleaseData4           00040B  LA    
padReleaseDataLow4        00040C  LA    oamData                   00040D RLA    
__ROMINFO_FILEOFFS__      007FB0  EA    __VECTORS_FILEOFFS__      007FE4  EA    
_main                     008039 RLA    _IRQHandler               008371 RLA    
_NMIHandler               008372 RLA    _preInit                  008379 RLA    
splashScreen              008390  LA    initLevel                 0083F6 RLA    
scrollLevel               0084ED RLA    initScore                 008653 RLA    
updateScorePlayer1        008759  LA    updateScoreTop            0087B7  LA    
updateEnergyPlayer        0087D6 RLA    setEnergyPlayer           0087E3 RLA    
updateTime                00887A RLA    scoreEvent                0088B6  LA    
writeNumberToScoreMap     0088FE  LA    initHeroSprite            008947 RLA    
transferHeroSpriteDataEvent 008B14 RLA    setMirrorSpriteMode       008B67  LA    
setNormalSpriteMode       008B70  LA    reactHero                 008B79 RLA    
setShakingFlag            008D1A  LA    initEnemySprite           008D3F RLA    
addEnemy                  008EC5  LA    clearEnemy                008F28  LA    
hdmaInitTitle             008F4C  LA    hdmaInitGame              008F6D RLA    
setEnemyOAM               008F8E  LA    animEnemy                 0090F8  LA    
reactEnemy                00916D RLA    reactEnemyGrab            0091B1  LA    
enemyGrabFall             0092D8  LA    initSnes                  009354 RLA    
initEvents                009447 RLA    addEvent                  009473 RLA    
processEvents             0094A2 RLA    removeEvent               0094F2  LA    
getEventCounter           009509 RLA    initPad                   009515 RLA    
readPad1                  009556 RLA    readPad2                  009594  LA    
readPad3                  0095D2  LA    readPad4                  009610  LA    
clearOAM                  00964E RLA    copyOAM                   00967D RLA    
OAMDataUpdated            0096B4 RLA    __ROMINFO_START__         00FFB0  LA    
__ROMINFO_LAST__          00FFE0  LA    __VECTORS_START__         00FFE4  LA    
__VECTORS_LAST__          010000  LA    highByte                  01E1E0  LA    
enemyFallYOffset          01E210  LA    grabbingWalk1             01E24C  LA    
grabbingWalk2             01E261  LA    grabbingFall1             01E2F4  LA    
grabbingWalk              01E330  LA    grabbingGrab              01E34A  LA    
grabbingFall              01E34E  LA    


Imports list:
-------------
EnemyArrayAnimAddress (enemy.o):
EnemyArrayAnimFrameCounter (enemy.o):
EnemyArrayAnimFrameIndex (enemy.o):
EnemyArrayFlag (enemy.o):
EnemyArrayOAMSlotOffset (enemy.o):
EnemyArrayOffsetFramecounter (enemy.o):
EnemyArrayXOffset (enemy.o):
EnemyCurrentArrayIndexByte (enemy.o):
EnemyCurrentArrayIndexWord (enemy.o):
EnemyCurrentXOffset (enemy.o):
EnemyCurrentYOffset (enemy.o):
EnemyTempXOffsetHigh (enemy.o):
OAMDataUpdated (sprite.o):
    enemy.o                   ../../Tools/cc65-sfclib/include/snes-sprite.inc(3)
    hero.o                    ../../Tools/cc65-sfclib/include/snes-sprite.inc(3)
_IRQHandler (main.o):
    crt0.o                    src/crt0.asm(13)
_NMIHandler (main.o):
    crt0.o                    src/crt0.asm(13)
__ROMINFO_FILEOFFS__ ([linker generated]):
__ROMINFO_LAST__ ([linker generated]):
__ROMINFO_SIZE__ ([linker generated]):
__ROMINFO_START__ ([linker generated]):
__STARTUP__ (crt0.o):
    main.o                    main.asm(21)
__VECTORS_FILEOFFS__ ([linker generated]):
__VECTORS_LAST__ ([linker generated]):
__VECTORS_SIZE__ ([linker generated]):
__VECTORS_START__ ([linker generated]):
_main (main.o):
    crt0.o                    src/crt0.asm(11)
_preInit (main.o):
    crt0.o                    src/crt0.asm(12)
addEnemy (enemy.o):
addEvent (event.o):
    score.o                   ../../Tools/cc65-sfclib/include/snes-event.inc(2)
    level.o                   ../../Tools/cc65-sfclib/include/snes-event.inc(2)
    main.o                    ../../Tools/cc65-sfclib/include/snes-event.inc(2)
animEnemy (enemy.o):
clearEnemy (enemy.o):
clearOAM (sprite.o):
    hero.o                    ../../Tools/cc65-sfclib/include/snes-sprite.inc(1)
copyOAM (sprite.o):
    main.o                    ../../Tools/cc65-sfclib/include/snes-sprite.inc(2)
doUpdateScore (score.o):
enemyFallYOffset (enemy.o):
enemyGrabFall (enemy.o):
energyPlayer (score.o):
eventsTable (event.o):
getEventCounter (event.o):
    score.o                   ../../Tools/cc65-sfclib/include/snes-event.inc(5)
grabbingFall (enemy.o):
grabbingFall1 (enemy.o):
grabbingGrab (enemy.o):
grabbingWalk (enemy.o):
grabbingWalk1 (enemy.o):
grabbingWalk2 (enemy.o):
hdmaInitGame (enemy.o):
    main.o                    includes/enemy.inc(9)
hdmaInitTitle (enemy.o):
heroFlag (hero.o):
    enemy.o                   includes/hero.inc(7)
heroXOffset (hero.o):
    enemy.o                   includes/hero.inc(6)
highByte (enemy.o):
initEnemySprite (enemy.o):
    main.o                    includes/enemy.inc(5)
initEvents (event.o):
    main.o                    ../../Tools/cc65-sfclib/include/snes-event.inc(1)
initHeroSprite (hero.o):
    main.o                    includes/hero.inc(3)
initLevel (level.o):
    main.o                    includes/level.inc(1)
initPad (pad.o):
    main.o                    ../../Tools/cc65-sfclib/include/snes-pad.inc(1)
initScore (score.o):
    main.o                    includes/score.inc(1)
initSnes (init.o):
    crt0.o                    src/crt0.asm(15)
oamData (sprite.o):
    enemy.o                   ../../Tools/cc65-sfclib/include/snes-sprite.inc(5)
    hero.o                    ../../Tools/cc65-sfclib/include/snes-sprite.inc(5)
padFirstPushData1 (pad.o):
padFirstPushDataHigh1 (pad.o):
padFirstPushDataLow1 (pad.o):
    hero.o                    ../../Tools/cc65-sfclib/include/snes-pad.inc(9)
padPushData1 (pad.o):
    main.o                    ../../Tools/cc65-sfclib/include/snes-pad.inc(4)
padPushData2 (pad.o):
padPushData3 (pad.o):
padPushData4 (pad.o):
padPushDataHigh1 (pad.o):
padPushDataHigh2 (pad.o):
padPushDataHigh3 (pad.o):
padPushDataHigh4 (pad.o):
padPushDataLow1 (pad.o):
    hero.o                    ../../Tools/cc65-sfclib/include/snes-pad.inc(9)
padPushDataLow2 (pad.o):
padPushDataLow3 (pad.o):
padPushDataLow4 (pad.o):
padReleaseData1 (pad.o):
padReleaseData2 (pad.o):
padReleaseData3 (pad.o):
padReleaseData4 (pad.o):
padReleaseDataHigh1 (pad.o):
padReleaseDataHigh2 (pad.o):
padReleaseDataHigh3 (pad.o):
padReleaseDataHigh4 (pad.o):
padReleaseDataLow1 (pad.o):
    hero.o                    ../../Tools/cc65-sfclib/include/snes-pad.inc(9)
padReleaseDataLow2 (pad.o):
padReleaseDataLow3 (pad.o):
padReleaseDataLow4 (pad.o):
processEvents (event.o):
    main.o                    ../../Tools/cc65-sfclib/include/snes-event.inc(4)
reactEnemy (enemy.o):
    main.o                    includes/enemy.inc(6)
reactEnemyGrab (enemy.o):
reactHero (hero.o):
    main.o                    includes/hero.inc(5)
readPad1 (pad.o):
    main.o                    ../../Tools/cc65-sfclib/include/snes-pad.inc(2)
readPad2 (pad.o):
readPad3 (pad.o):
readPad4 (pad.o):
removeEvent (event.o):
scoreEvent (score.o):
scoreMapData (score.o):
scorePlayer1 (score.o):
scrollDirection (level.o):
    hero.o                    includes/level.inc(5)
scrollLevel (level.o):
    hero.o                    includes/level.inc(2)
scrollValue (level.o):
setEnemyOAM (enemy.o):
setEnergyPlayer (score.o):
    enemy.o                   includes/score.inc(4)
setMirrorSpriteMode (hero.o):
setNormalSpriteMode (hero.o):
setShakingFlag (hero.o):
splashScreen (main.o):
spriteCounter (hero.o):
    enemy.o                   enemy.asm(23)
timeCounter (score.o):
transferHeroSpriteDataEvent (hero.o):
    main.o                    includes/hero.inc(4)
updateEnergyPlayer (score.o):
    enemy.o                   includes/score.inc(3)
updateScorePlayer1 (score.o):
updateScoreTop (score.o):
updateTime (score.o):
    main.o                    includes/score.inc(2)
writeNumberToScoreMap (score.o):

